Sep 12 04:08:17 localhost sshd[10633]: Invalid user hs from 121.5.111.231 port 34222
Sep 12 04:08:17 localhost sshd[10633]: Received disconnect from 121.5.111.231 port 34222:11: Bye Bye [preauth]
Sep 12 04:08:17 localhost sshd[10633]: Disconnected from invalid user hs 121.5.111.231 port 34222 [preauth]
Sep 12 04:08:17 localhost sshd[10614]: error: PAM: Authentication failure for illegal user ftpuser from 116.98.160.162
Sep 12 04:08:17 localhost sshd[10614]: Failed keyboard-interactive/pam for invalid user ftpuser from 116.98.160.162 port 32922 ssh2
Sep 12 04:08:17 localhost sshd[10614]: Connection closed by invalid user ftpuser 116.98.160.162 port 32922 [preauth]
Sep 12 04:08:18 localhost sshd[10626]: error: PAM: Authentication failure for root from 116.110.159.254
Sep 12 04:08:18 localhost sshd[10628]: error: PAM: Authentication failure for root from 116.98.160.162
Sep 12 04:08:18 localhost sshd[10626]: Connection closed by authenticating user root 116.110.159.254 port 60188 [preauth]
Sep 12 04:08:18 localhost sshd[10628]: Connection closed by authenticating user root 116.98.160.162 port 43824 [preauth]
Sep 12 04:08:18 localhost sshd[10635]: error: PAM: Authentication failure for root from 116.110.159.254
Sep 12 04:08:18 localhost sshd[10635]: Connection closed by authenticating user root 116.110.159.254 port 44804 [preauth]
Sep 12 04:08:22 localhost sshd[10640]: Invalid user test from 116.98.160.162 port 39266
Sep 12 04:08:22 localhost sshd[10640]: Postponed keyboard-interactive for invalid user test from 116.98.160.162 port 39266 ssh2 [preauth]
Sep 12 04:08:22 localhost sshd[10642]: pam_unix(sshd:auth): check pass; user unknown
Sep 12 04:08:22 localhost sshd[10642]: pam_unix(sshd:auth): authentication failure; logname= uid=0 euid=0 tty=ssh ruser= rhost=116.98.160.162 
Sep 12 04:08:24 localhost sshd[10640]: error: PAM: Authentication failure for illegal user test from 116.98.160.162
Sep 12 04:08:24 localhost sshd[10640]: Failed keyboard-interactive/pam for invalid user test from 116.98.160.162 port 39266 ssh2
Sep 12 04:08:24 localhost sshd[10640]: Connection closed by invalid user test 116.98.160.162 port 39266 [preauth]
Sep 12 04:08:35 localhost sshd[10651]: Invalid user admin from 116.98.160.162 port 44284
Sep 12 04:08:35 localhost sshd[10651]: Postponed keyboard-interactive for invalid user admin from 116.98.160.162 port 44284 ssh2 [preauth]
Sep 12 04:08:35 localhost sshd[10653]: pam_unix(sshd:auth): check pass; user unknown
Sep 12 04:08:35 localhost sshd[10653]: pam_unix(sshd:auth): authentication failure; logname= uid=0 euid=0 tty=ssh ruser= rhost=116.98.160.162 
Sep 12 04:08:37 localhost sshd[10651]: error: PAM: Authentication failure for illegal user admin from 116.98.160.162
Sep 12 04:08:37 localhost sshd[10651]: Failed keyboard-interactive/pam for invalid user admin from 116.98.160.162 port 44284 ssh2
Sep 12 04:08:37 localhost sshd[10651]: Connection closed by invalid user admin 116.98.160.162 port 44284 [preauth]
Sep 12 04:08:41 localhost sshd[10654]: Invalid user service from 116.110.106.208 port 39396
Sep 12 04:08:41 localhost sshd[10654]: Postponed keyboard-interactive for invalid user service from 116.110.106.208 port 39396 ssh2 [preauth]
Sep 12 04:08:44 localhost sshd[10658]: pam_unix(sshd:auth): check pass; user unknown
Sep 12 04:08:44 localhost sshd[10658]: pam_unix(sshd:auth): authentication failure; logname= uid=0 euid=0 tty=ssh ruser= rhost=116.110.106.208 
Sep 12 04:08:44 localhost sshd[10659]: Invalid user one from 116.110.159.254 port 34428
Sep 12 04:08:44 localhost sshd[10659]: Postponed keyboard-interactive for invalid user one from 116.110.159.254 port 34428 ssh2 [preauth]
Sep 12 04:08:44 localhost sshd[10661]: pam_unix(sshd:auth): check pass; user unknown
Sep 12 04:08:44 localhost sshd[10661]: pam_unix(sshd:auth): authentication failure; logname= uid=0 euid=0 tty=ssh ruser= rhost=116.110.159.254 
Sep 12 04:08:45 localhost sshd[10662]: Invalid user system from 116.98.160.162 port 38852
Sep 12 04:08:45 localhost sshd[10662]: Postponed keyboard-interactive for invalid user system from 116.98.160.162 port 38852 ssh2 [preauth]
Sep 12 04:08:45 localhost sshd[10664]: pam_unix(sshd:auth): check pass; user unknown
Sep 12 04:08:45 localhost sshd[10664]: pam_unix(sshd:auth): authentication failure; logname= uid=0 euid=0 tty=ssh ruser= rhost=116.98.160.162 
Sep 12 04:08:46 localhost sshd[10665]: Invalid user admin from 116.98.160.162 port 44940
Sep 12 04:08:46 localhost sshd[10665]: Postponed keyboard-interactive for invalid user admin from 116.98.160.162 port 44940 ssh2 [preauth]
Sep 12 04:08:46 localhost sshd[10667]: pam_unix(sshd:auth): check pass; user unknown
Sep 12 04:08:46 localhost sshd[10667]: pam_unix(sshd:auth): authentication failure; logname= uid=0 euid=0 tty=ssh ruser= rhost=116.98.160.162 
Sep 12 04:08:46 localhost sshd[10659]: error: PAM: Authentication failure for illegal user one from 116.110.159.254
Sep 12 04:08:46 localhost sshd[10659]: Failed keyboard-interactive/pam for invalid user one from 116.110.159.254 port 34428 ssh2
Sep 12 04:08:46 localhost sshd[10654]: error: PAM: Authentication failure for illegal user service from 116.110.106.208
Sep 12 04:08:46 localhost sshd[10654]: Failed keyboard-interactive/pam for invalid user service from 116.110.106.208 port 39396 ssh2
Sep 12 04:08:46 localhost sshd[10654]: Connection closed by invalid user service 116.110.106.208 port 39396 [preauth]
Sep 12 04:08:46 localhost sshd[10659]: Connection closed by invalid user one 116.110.159.254 port 34428 [preauth]
Sep 12 04:08:48 localhost sshd[10665]: error: PAM: Authentication failure for illegal user admin from 116.98.160.162
Sep 12 04:08:48 localhost sshd[10665]: Failed keyboard-interactive/pam for invalid user admin from 116.98.160.162 port 44940 ssh2
Sep 12 04:08:48 localhost sshd[10668]: Invalid user guest from 116.110.159.254 port 40156
Sep 12 04:08:48 localhost sshd[10665]: Connection closed by invalid user admin 116.98.160.162 port 44940 [preauth]
Sep 12 04:08:48 localhost sshd[10668]: Postponed keyboard-interactive for invalid user guest from 116.110.159.254 port 40156 ssh2 [preauth]
Sep 12 04:08:48 localhost sshd[10662]: error: PAM: Authentication failure for illegal user system from 116.98.160.162
Sep 12 04:08:48 localhost sshd[10662]: Failed keyboard-interactive/pam for invalid user system from 116.98.160.162 port 38852 ssh2
Sep 12 04:08:48 localhost sshd[10670]: pam_unix(sshd:auth): check pass; user unknown
Sep 12 04:08:48 localhost sshd[10670]: pam_unix(sshd:auth): authentication failure; logname= uid=0 euid=0 tty=ssh ruser= rhost=116.110.159.254 
Sep 12 04:08:48 localhost sshd[10662]: Connection closed by invalid user system 116.98.160.162 port 38852 [preauth]
Sep 12 04:08:50 localhost sshd[10668]: error: PAM: Authentication failure for illegal user guest from 116.110.159.254
Sep 12 04:08:50 localhost sshd[10668]: Failed keyboard-interactive/pam for invalid user guest from 116.110.159.254 port 40156 ssh2
Sep 12 04:08:50 localhost sshd[10668]: Connection closed by invalid user guest 116.110.159.254 port 40156 [preauth]
Sep 12 04:08:53 localhost sshd[10674]: Invalid user admin from 116.98.160.162 port 56542
Sep 12 04:08:53 localhost sshd[10674]: Postponed keyboard-interactive for invalid user admin from 116.98.160.162 port 56542 ssh2 [preauth]
Sep 12 04:08:53 localhost sshd[10676]: pam_unix(sshd:auth): check pass; user unknown
Sep 12 04:08:53 localhost sshd[10676]: pam_unix(sshd:auth): authentication failure; logname= uid=0 euid=0 tty=ssh ruser= rhost=116.98.160.162 
Sep 12 04:08:53 localhost sshd[10677]: Invalid user PlcmSpIp from 116.110.159.254 port 38854
Sep 12 04:08:53 localhost sshd[10677]: Postponed keyboard-interactive for invalid user PlcmSpIp from 116.110.159.254 port 38854 ssh2 [preauth]
Sep 12 04:08:53 localhost sshd[10679]: pam_unix(sshd:auth): check pass; user unknown
Sep 12 04:08:53 localhost sshd[10679]: pam_unix(sshd:auth): authentication failure; logname= uid=0 euid=0 tty=ssh ruser= rhost=116.110.159.254 
Sep 12 04:08:55 localhost sshd[10674]: error: PAM: Authentication failure for illegal user admin from 116.98.160.162
Sep 12 04:08:55 localhost sshd[10674]: Failed keyboard-interactive/pam for invalid user admin from 116.98.160.162 port 56542 ssh2
Sep 12 04:08:55 localhost sshd[10674]: Connection closed by invalid user admin 116.98.160.162 port 56542 [preauth]
Sep 12 04:08:55 localhost sshd[10677]: error: PAM: Authentication failure for illegal user PlcmSpIp from 116.110.159.254
Sep 12 04:08:55 localhost sshd[10677]: Failed keyboard-interactive/pam for invalid user PlcmSpIp from 116.110.159.254 port 38854 ssh2
Sep 12 04:08:56 localhost sshd[10677]: Connection closed by invalid user PlcmSpIp 116.110.159.254 port 38854 [preauth]
Sep 12 04:09:01 localhost CRON[10721]: pam_unix(cron:session): session opened for user root by (uid=0)
Sep 12 04:09:01 localhost CRON[10721]: pam_unix(cron:session): session closed for user root
Sep 12 04:09:09 localhost sshd[10784]: pam_unix(sshd:auth): authentication failure; logname= uid=0 euid=0 tty=ssh ruser= rhost=116.98.160.162  user=root
Sep 12 04:09:10 localhost sshd[10785]: Invalid user shutdown from 116.98.160.162 port 50162
Sep 12 04:09:10 localhost sshd[10785]: Postponed keyboard-interactive for invalid user shutdown from 116.98.160.162 port 50162 ssh2 [preauth]
Sep 12 04:09:10 localhost sshd[10787]: pam_unix(sshd:auth): check pass; user unknown
Sep 12 04:09:10 localhost sshd[10787]: pam_unix(sshd:auth): authentication failure; logname= uid=0 euid=0 tty=ssh ruser= rhost=116.98.160.162 
Sep 12 04:09:12 localhost sshd[10782]: error: PAM: Authentication failure for root from 116.98.160.162
Sep 12 04:09:12 localhost sshd[10782]: Connection closed by authenticating user root 116.98.160.162 port 37218 [preauth]
Sep 12 04:09:12 localhost sshd[10785]: error: PAM: Authentication failure for illegal user shutdown from 116.98.160.162
Sep 12 04:09:12 localhost sshd[10785]: Failed keyboard-interactive/pam for invalid user shutdown from 116.98.160.162 port 50162 ssh2
Sep 12 04:09:12 localhost sshd[10785]: Connection closed by invalid user shutdown 116.98.160.162 port 50162 [preauth]
Sep 12 04:09:19 localhost sshd[10796]: Invalid user admin from 116.110.106.208 port 56524
Sep 12 04:09:19 localhost sshd[10796]: Postponed keyboard-interactive for invalid user admin from 116.110.106.208 port 56524 ssh2 [preauth]
Sep 12 04:09:19 localhost sshd[10798]: pam_unix(sshd:auth): check pass; user unknown
Sep 12 04:09:19 localhost sshd[10798]: pam_unix(sshd:auth): authentication failure; logname= uid=0 euid=0 tty=ssh ruser= rhost=116.110.106.208 
Sep 12 04:09:19 localhost sshd[10799]: Invalid user ftpuser from 116.110.159.254 port 42598
Sep 12 04:09:19 localhost sshd[10799]: Postponed keyboard-interactive for invalid user ftpuser from 116.110.159.254 port 42598 ssh2 [preauth]
Sep 12 04:09:19 localhost sshd[10801]: pam_unix(sshd:auth): check pass; user unknown
Sep 12 04:09:19 localhost sshd[10801]: pam_unix(sshd:auth): authentication failure; logname= uid=0 euid=0 tty=ssh ruser= rhost=116.110.159.254 
Sep 12 04:09:21 localhost sshd[10796]: error: PAM: Authentication failure for illegal user admin from 116.110.106.208
Sep 12 04:09:21 localhost sshd[10796]: Failed keyboard-interactive/pam for invalid user admin from 116.110.106.208 port 56524 ssh2
Sep 12 04:09:21 localhost sshd[10796]: Connection closed by invalid user admin 116.110.106.208 port 56524 [preauth]
Sep 12 04:09:22 localhost sshd[10799]: error: PAM: Authentication failure for illegal user ftpuser from 116.110.159.254
Sep 12 04:09:22 localhost sshd[10799]: Failed keyboard-interactive/pam for invalid user ftpuser from 116.110.159.254 port 42598 ssh2
Sep 12 04:09:22 localhost sshd[10799]: Connection closed by invalid user ftpuser 116.110.159.254 port 42598 [preauth]
Sep 12 04:09:28 localhost sshd[10806]: Invalid user support from 116.98.160.162 port 53378
Sep 12 04:09:28 localhost sshd[10806]: Postponed keyboard-interactive for invalid user support from 116.98.160.162 port 53378 ssh2 [preauth]
Sep 12 04:09:29 localhost sshd[10808]: pam_unix(sshd:auth): check pass; user unknown
Sep 12 04:09:29 localhost sshd[10808]: pam_unix(sshd:auth): authentication failure; logname= uid=0 euid=0 tty=ssh ruser= rhost=116.98.160.162 
Sep 12 04:09:30 localhost sshd[10809]: Invalid user mailman from 116.110.159.254 port 49694
Sep 12 04:09:30 localhost sshd[10809]: Postponed keyboard-interactive for invalid user mailman from 116.110.159.254 port 49694 ssh2 [preauth]
Sep 12 04:09:30 localhost sshd[10811]: pam_unix(sshd:auth): check pass; user unknown
Sep 12 04:09:30 localhost sshd[10811]: pam_unix(sshd:auth): authentication failure; logname= uid=0 euid=0 tty=ssh ruser= rhost=116.110.159.254 
Sep 12 04:09:30 localhost sshd[10806]: error: PAM: Authentication failure for illegal user support from 116.98.160.162
Sep 12 04:09:30 localhost sshd[10806]: Failed keyboard-interactive/pam for invalid user support from 116.98.160.162 port 53378 ssh2
Sep 12 04:09:31 localhost sshd[10806]: Connection closed by invalid user support 116.98.160.162 port 53378 [preauth]
Sep 12 04:09:32 localhost sshd[10809]: error: PAM: Authentication failure for illegal user mailman from 116.110.159.254
Sep 12 04:09:32 localhost sshd[10809]: Failed keyboard-interactive/pam for invalid user mailman from 116.110.159.254 port 49694 ssh2
Sep 12 04:09:32 localhost sshd[10809]: Connection closed by invalid user mailman 116.110.159.254 port 49694 [preauth]
Sep 12 04:09:33 localhost sshd[10804]: Received disconnect from 218.92.0.205 port 46124:11:  [preauth]
Sep 12 04:09:33 localhost sshd[10804]: Disconnected from 218.92.0.205 port 46124 [preauth]
Sep 12 04:09:35 localhost sshd[10820]: Invalid user music from 116.110.159.254 port 46864
Sep 12 04:09:35 localhost sshd[10820]: Postponed keyboard-interactive for invalid user music from 116.110.159.254 port 46864 ssh2 [preauth]
Sep 12 04:09:35 localhost sshd[10822]: pam_unix(sshd:auth): check pass; user unknown
Sep 12 04:09:35 localhost sshd[10822]: pam_unix(sshd:auth): authentication failure; logname= uid=0 euid=0 tty=ssh ruser= rhost=116.110.159.254 
Sep 12 04:09:37 localhost sshd[10823]: Invalid user RPM from 116.98.160.162 port 59106
Sep 12 04:09:37 localhost sshd[10823]: Postponed keyboard-interactive for invalid user RPM from 116.98.160.162 port 59106 ssh2 [preauth]
Sep 12 04:09:37 localhost sshd[10825]: pam_unix(sshd:auth): check pass; user unknown
Sep 12 04:09:37 localhost sshd[10825]: pam_unix(sshd:auth): authentication failure; logname= uid=0 euid=0 tty=ssh ruser= rhost=116.98.160.162 
Sep 12 04:09:37 localhost sshd[10820]: error: PAM: Authentication failure for illegal user music from 116.110.159.254
Sep 12 04:09:37 localhost sshd[10820]: Failed keyboard-interactive/pam for invalid user music from 116.110.159.254 port 46864 ssh2
Sep 12 04:09:37 localhost sshd[10820]: Connection closed by invalid user music 116.110.159.254 port 46864 [preauth]
Sep 12 04:09:39 localhost sshd[10823]: error: PAM: Authentication failure for illegal user RPM from 116.98.160.162
Sep 12 04:09:39 localhost sshd[10823]: Failed keyboard-interactive/pam for invalid user RPM from 116.98.160.162 port 59106 ssh2
Sep 12 04:09:39 localhost sshd[10823]: Connection closed by invalid user RPM 116.98.160.162 port 59106 [preauth]
Sep 12 04:09:42 localhost sshd[10832]: pam_unix(sshd:auth): authentication failure; logname= uid=0 euid=0 tty=ssh ruser= rhost=116.98.160.162  user=root
Sep 12 04:09:44 localhost sshd[10830]: error: PAM: Authentication failure for root from 116.98.160.162
Sep 12 04:09:44 localhost sshd[10830]: Connection closed by authenticating user root 116.98.160.162 port 51514 [preauth]
Sep 12 04:09:53 localhost sshd[10836]: Invalid user jason from 116.98.160.162 port 47868
Sep 12 04:09:53 localhost sshd[10836]: Postponed keyboard-interactive for invalid user jason from 116.98.160.162 port 47868 ssh2 [preauth]
Sep 12 04:09:54 localhost sshd[10838]: pam_unix(sshd:auth): check pass; user unknown
Sep 12 04:09:54 localhost sshd[10838]: pam_unix(sshd:auth): authentication failure; logname= uid=0 euid=0 tty=ssh ruser= rhost=116.98.160.162 
Sep 12 04:09:55 localhost sshd[10836]: error: PAM: Authentication failure for illegal user jason from 116.98.160.162
Sep 12 04:09:55 localhost sshd[10836]: Failed keyboard-interactive/pam for invalid user jason from 116.98.160.162 port 47868 ssh2
Sep 12 04:09:55 localhost sshd[10836]: Connection closed by invalid user jason 116.98.160.162 port 47868 [preauth]
Sep 12 04:10:44 localhost sshd[10906]: pam_unix(sshd:auth): authentication failure; logname= uid=0 euid=0 tty=ssh ruser= rhost=218.92.0.205  user=root
Sep 12 04:10:47 localhost sshd[10902]: error: PAM: Authentication failure for root from 218.92.0.205
Sep 12 04:10:48 localhost sshd[10909]: pam_unix(sshd:auth): authentication failure; logname= uid=0 euid=0 tty=ssh ruser= rhost=221.131.165.23  user=root
Sep 12 04:10:49 localhost sshd[10910]: pam_unix(sshd:auth): authentication failure; logname= uid=0 euid=0 tty=ssh ruser= rhost=218.92.0.205  user=root
Sep 12 04:10:50 localhost sshd[10907]: error: PAM: Authentication failure for root from 221.131.165.23
Sep 12 04:10:51 localhost sshd[10911]: pam_unix(sshd:auth): authentication failure; logname= uid=0 euid=0 tty=ssh ruser= rhost=221.131.165.23  user=root
Sep 12 04:10:51 localhost sshd[10902]: error: PAM: Authentication failure for root from 218.92.0.205
Sep 12 04:10:52 localhost sshd[10912]: pam_unix(sshd:auth): authentication failure; logname= uid=0 euid=0 tty=ssh ruser= rhost=218.92.0.205  user=root
Sep 12 04:10:53 localhost sshd[10907]: error: PAM: Authentication failure for root from 221.131.165.23
Sep 12 04:10:53 localhost sshd[10915]: pam_unix(sshd:auth): authentication failure; logname= uid=0 euid=0 tty=ssh ruser= rhost=221.131.165.23  user=root
Sep 12 04:10:54 localhost sshd[10902]: error: PAM: Authentication failure for root from 218.92.0.205
Sep 12 04:10:54 localhost sshd[10902]: Received disconnect from 218.92.0.205 port 20234:11:  [preauth]
Sep 12 04:10:54 localhost sshd[10902]: Disconnected from authenticating user root 218.92.0.205 port 20234 [preauth]
Sep 12 04:10:55 localhost sshd[10907]: error: PAM: Authentication failure for root from 221.131.165.23
Sep 12 04:10:55 localhost sshd[10907]: Received disconnect from 221.131.165.23 port 45633:11:  [preauth]
Sep 12 04:10:55 localhost sshd[10907]: Disconnected from authenticating user root 221.131.165.23 port 45633 [preauth]
Sep 12 04:10:56 localhost sshd[10924]: pam_unix(sshd:auth): authentication failure; logname= uid=0 euid=0 tty=ssh ruser= rhost=221.131.165.23  user=root
Sep 12 04:10:59 localhost sshd[10922]: error: PAM: Authentication failure for root from 221.131.165.23
Sep 12 04:10:59 localhost sshd[10960]: pam_unix(sshd:auth): authentication failure; logname= uid=0 euid=0 tty=ssh ruser= rhost=221.131.165.23  user=root
Sep 12 04:11:00 localhost sshd[10922]: error: PAM: Authentication failure for root from 221.131.165.23
Sep 12 04:11:01 localhost sshd[10963]: pam_unix(sshd:auth): authentication failure; logname= uid=0 euid=0 tty=ssh ruser= rhost=221.131.165.23  user=root
Sep 12 04:11:02 localhost sshd[10922]: error: PAM: Authentication failure for root from 221.131.165.23
Sep 12 04:11:02 localhost sshd[10922]: Received disconnect from 221.131.165.23 port 47100:11:  [preauth]
Sep 12 04:11:02 localhost sshd[10922]: Disconnected from authenticating user root 221.131.165.23 port 47100 [preauth]
Sep 12 04:11:03 localhost sshd[10969]: pam_unix(sshd:auth): authentication failure; logname= uid=0 euid=0 tty=ssh ruser= rhost=221.131.165.23  user=root
Sep 12 04:11:06 localhost sshd[10967]: error: PAM: Authentication failure for root from 221.131.165.23
Sep 12 04:11:06 localhost sshd[10970]: pam_unix(sshd:auth): authentication failure; logname= uid=0 euid=0 tty=ssh ruser= rhost=221.131.165.23  user=root
Sep 12 04:11:08 localhost sshd[10967]: error: PAM: Authentication failure for root from 221.131.165.23
Sep 12 04:11:08 localhost sshd[10971]: pam_unix(sshd:auth): authentication failure; logname= uid=0 euid=0 tty=ssh ruser= rhost=221.131.165.23  user=root
Sep 12 04:11:10 localhost sshd[10967]: error: PAM: Authentication failure for root from 221.131.165.23
Sep 12 04:11:10 localhost sshd[10967]: Received disconnect from 221.131.165.23 port 40887:11:  [preauth]
Sep 12 04:11:10 localhost sshd[10967]: Disconnected from authenticating user root 221.131.165.23 port 40887 [preauth]
Sep 12 04:11:11 localhost sshd[10974]: pam_unix(sshd:auth): authentication failure; logname= uid=0 euid=0 tty=ssh ruser= rhost=221.131.165.23  user=root
Sep 12 04:11:13 localhost sshd[10972]: error: PAM: Authentication failure for root from 221.131.165.23
Sep 12 04:11:13 localhost sshd[10977]: pam_unix(sshd:auth): authentication failure; logname= uid=0 euid=0 tty=ssh ruser= rhost=221.131.165.23  user=root
Sep 12 04:11:15 localhost sshd[10972]: error: PAM: Authentication failure for root from 221.131.165.23
Sep 12 04:11:15 localhost sshd[10984]: pam_unix(sshd:auth): authentication failure; logname= uid=0 euid=0 tty=ssh ruser= rhost=221.131.165.23  user=root
Sep 12 04:11:17 localhost sshd[10972]: error: PAM: Authentication failure for root from 221.131.165.23
Sep 12 04:11:17 localhost sshd[10972]: Received disconnect from 221.131.165.23 port 39442:11:  [preauth]
Sep 12 04:11:17 localhost sshd[10972]: Disconnected from authenticating user root 221.131.165.23 port 39442 [preauth]
Sep 12 04:11:28 localhost sshd[10989]: pam_unix(sshd:auth): authentication failure; logname= uid=0 euid=0 tty=ssh ruser= rhost=221.131.165.23  user=root
Sep 12 04:11:29 localhost sshd[10987]: error: PAM: Authentication failure for root from 221.131.165.23
Sep 12 04:11:30 localhost sshd[10990]: pam_unix(sshd:auth): authentication failure; logname= uid=0 euid=0 tty=ssh ruser= rhost=221.131.165.23  user=root
Sep 12 04:11:32 localhost sshd[10987]: error: PAM: Authentication failure for root from 221.131.165.23
Sep 12 04:11:32 localhost sshd[10993]: pam_unix(sshd:auth): authentication failure; logname= uid=0 euid=0 tty=ssh ruser= rhost=221.131.165.23  user=root
Sep 12 04:11:33 localhost sshd[10925]: Connection closed by 27.69.248.53 port 54434 [preauth]
Sep 12 04:11:34 localhost sshd[10987]: error: PAM: Authentication failure for root from 221.131.165.23
Sep 12 04:11:34 localhost sshd[10987]: Received disconnect from 221.131.165.23 port 40964:11:  [preauth]
Sep 12 04:11:34 localhost sshd[10987]: Disconnected from authenticating user root 221.131.165.23 port 40964 [preauth]
Sep 12 04:11:35 localhost sshd[11002]: pam_unix(sshd:auth): authentication failure; logname= uid=0 euid=0 tty=ssh ruser= rhost=221.131.165.23  user=root
Sep 12 04:11:37 localhost sshd[11000]: error: PAM: Authentication failure for root from 221.131.165.23
Sep 12 04:11:37 localhost sshd[11003]: pam_unix(sshd:auth): authentication failure; logname= uid=0 euid=0 tty=ssh ruser= rhost=221.131.165.23  user=root
Sep 12 04:11:39 localhost sshd[11000]: error: PAM: Authentication failure for root from 221.131.165.23
Sep 12 04:11:39 localhost sshd[11004]: pam_unix(sshd:auth): authentication failure; logname= uid=0 euid=0 tty=ssh ruser= rhost=221.131.165.23  user=root
Sep 12 04:11:41 localhost sshd[11000]: error: PAM: Authentication failure for root from 221.131.165.23
Sep 12 04:11:41 localhost sshd[11000]: Received disconnect from 221.131.165.23 port 27995:11:  [preauth]
Sep 12 04:11:41 localhost sshd[11000]: Disconnected from authenticating user root 221.131.165.23 port 27995 [preauth]
Sep 12 04:14:23 localhost sshd[11279]: Invalid user admin from 116.110.159.254 port 48658
Sep 12 04:14:23 localhost sshd[11279]: Postponed keyboard-interactive for invalid user admin from 116.110.159.254 port 48658 ssh2 [preauth]
Sep 12 04:14:23 localhost sshd[11281]: pam_unix(sshd:auth): check pass; user unknown
Sep 12 04:14:23 localhost sshd[11281]: pam_unix(sshd:auth): authentication failure; logname= uid=0 euid=0 tty=ssh ruser= rhost=116.110.159.254 
Sep 12 04:14:26 localhost sshd[11279]: error: PAM: Authentication failure for illegal user admin from 116.110.159.254
Sep 12 04:14:26 localhost sshd[11279]: Failed keyboard-interactive/pam for invalid user admin from 116.110.159.254 port 48658 ssh2
Sep 12 04:14:26 localhost sshd[11279]: Connection closed by invalid user admin 116.110.159.254 port 48658 [preauth]
Sep 12 04:14:27 localhost sshd[11282]: Invalid user admin from 116.110.159.254 port 33786
Sep 12 04:14:27 localhost sshd[11282]: Postponed keyboard-interactive for invalid user admin from 116.110.159.254 port 33786 ssh2 [preauth]
Sep 12 04:14:27 localhost sshd[11284]: pam_unix(sshd:auth): check pass; user unknown
Sep 12 04:14:27 localhost sshd[11284]: pam_unix(sshd:auth): authentication failure; logname= uid=0 euid=0 tty=ssh ruser= rhost=116.110.159.254 
Sep 12 04:14:29 localhost sshd[11282]: error: PAM: Authentication failure for illegal user admin from 116.110.159.254
Sep 12 04:14:29 localhost sshd[11282]: Failed keyboard-interactive/pam for invalid user admin from 116.110.159.254 port 33786 ssh2
Sep 12 04:14:29 localhost sshd[11282]: Connection closed by invalid user admin 116.110.159.254 port 33786 [preauth]
Sep 12 04:15:01 localhost CRON[11312]: pam_unix(cron:session): session opened for user root by (uid=0)
Sep 12 04:15:01 localhost CRON[11312]: pam_unix(cron:session): session closed for user root
Sep 12 04:17:01 localhost CRON[11455]: pam_unix(cron:session): session opened for user root by (uid=0)
Sep 12 04:17:01 localhost CRON[11455]: pam_unix(cron:session): session closed for user root
Sep 12 04:17:12 localhost sshd[11497]: pam_unix(sshd:auth): authentication failure; logname= uid=0 euid=0 tty=ssh ruser= rhost=218.92.0.205  user=root
Sep 12 04:17:15 localhost sshd[11495]: error: PAM: Authentication failure for root from 218.92.0.205
Sep 12 04:17:15 localhost sshd[11506]: pam_unix(sshd:auth): authentication failure; logname= uid=0 euid=0 tty=ssh ruser= rhost=218.92.0.205  user=root
Sep 12 04:17:16 localhost sshd[11495]: error: PAM: Authentication failure for root from 218.92.0.205
Sep 12 04:17:18 localhost sshd[11507]: pam_unix(sshd:auth): authentication failure; logname= uid=0 euid=0 tty=ssh ruser= rhost=218.92.0.205  user=root
Sep 12 04:17:20 localhost sshd[11495]: error: PAM: Authentication failure for root from 218.92.0.205
Sep 12 04:17:20 localhost sshd[11495]: Received disconnect from 218.92.0.205 port 26953:11:  [preauth]
Sep 12 04:17:20 localhost sshd[11495]: Disconnected from authenticating user root 218.92.0.205 port 26953 [preauth]
Sep 12 04:17:41 localhost sshd[11518]: Invalid user 1234 from 171.227.210.168 port 51514
Sep 12 04:17:41 localhost sshd[11518]: Postponed keyboard-interactive for invalid user 1234 from 171.227.210.168 port 51514 ssh2 [preauth]
Sep 12 04:17:41 localhost sshd[11520]: pam_unix(sshd:auth): check pass; user unknown
Sep 12 04:17:41 localhost sshd[11520]: pam_unix(sshd:auth): authentication failure; logname= uid=0 euid=0 tty=ssh ruser= rhost=171.227.210.168 
Sep 12 04:17:43 localhost sshd[11518]: error: PAM: Authentication failure for illegal user 1234 from 171.227.210.168
Sep 12 04:17:43 localhost sshd[11518]: Failed keyboard-interactive/pam for invalid user 1234 from 171.227.210.168 port 51514 ssh2
Sep 12 04:17:43 localhost sshd[11518]: Connection closed by invalid user 1234 171.227.210.168 port 51514 [preauth]
Sep 12 04:19:21 localhost sshd[11643]: pam_unix(sshd:auth): authentication failure; logname= uid=0 euid=0 tty=ssh ruser= rhost=221.181.185.159  user=root
Sep 12 04:19:23 localhost sshd[11641]: error: PAM: Authentication failure for root from 221.181.185.159
Sep 12 04:19:23 localhost sshd[11646]: pam_unix(sshd:auth): authentication failure; logname= uid=0 euid=0 tty=ssh ruser= rhost=221.181.185.159  user=root
Sep 12 04:19:25 localhost sshd[11641]: error: PAM: Authentication failure for root from 221.181.185.159
Sep 12 04:19:26 localhost sshd[11647]: pam_unix(sshd:auth): authentication failure; logname= uid=0 euid=0 tty=ssh ruser= rhost=221.181.185.159  user=root
Sep 12 04:19:28 localhost sshd[11641]: error: PAM: Authentication failure for root from 221.181.185.159
Sep 12 04:19:28 localhost sshd[11641]: Received disconnect from 221.181.185.159 port 26147:11:  [preauth]
Sep 12 04:19:28 localhost sshd[11641]: Disconnected from authenticating user root 221.181.185.159 port 26147 [preauth]
Sep 12 04:19:30 localhost sshd[11650]: pam_unix(sshd:auth): authentication failure; logname= uid=0 euid=0 tty=ssh ruser= rhost=221.181.185.159  user=root
Sep 12 04:19:32 localhost sshd[11648]: error: PAM: Authentication failure for root from 221.181.185.159
Sep 12 04:19:32 localhost sshd[11653]: pam_unix(sshd:auth): authentication failure; logname= uid=0 euid=0 tty=ssh ruser= rhost=221.181.185.159  user=root
Sep 12 04:19:34 localhost sshd[11648]: error: PAM: Authentication failure for root from 221.181.185.159
Sep 12 04:19:34 localhost sshd[11660]: pam_unix(sshd:auth): authentication failure; logname= uid=0 euid=0 tty=ssh ruser= rhost=221.181.185.159  user=root
Sep 12 04:19:36 localhost sshd[11648]: error: PAM: Authentication failure for root from 221.181.185.159
Sep 12 04:19:36 localhost sshd[11648]: Received disconnect from 221.181.185.159 port 42910:11:  [preauth]
Sep 12 04:19:36 localhost sshd[11648]: Disconnected from authenticating user root 221.181.185.159 port 42910 [preauth]
Sep 12 04:19:38 localhost sshd[11663]: pam_unix(sshd:auth): authentication failure; logname= uid=0 euid=0 tty=ssh ruser= rhost=221.181.185.159  user=root
Sep 12 04:19:40 localhost sshd[11661]: error: PAM: Authentication failure for root from 221.181.185.159
Sep 12 04:19:41 localhost sshd[11664]: pam_unix(sshd:auth): authentication failure; logname= uid=0 euid=0 tty=ssh ruser= rhost=221.181.185.159  user=root
Sep 12 04:19:43 localhost sshd[11661]: error: PAM: Authentication failure for root from 221.181.185.159
Sep 12 04:19:43 localhost sshd[11667]: pam_unix(sshd:auth): authentication failure; logname= uid=0 euid=0 tty=ssh ruser= rhost=221.181.185.159  user=root
Sep 12 04:19:45 localhost sshd[11661]: error: PAM: Authentication failure for root from 221.181.185.159
Sep 12 04:19:46 localhost sshd[11661]: Received disconnect from 221.181.185.159 port 51329:11:  [preauth]
Sep 12 04:19:46 localhost sshd[11661]: Disconnected from authenticating user root 221.181.185.159 port 51329 [preauth]
Sep 12 04:19:47 localhost sshd[11670]: pam_unix(sshd:auth): authentication failure; logname= uid=0 euid=0 tty=ssh ruser= rhost=221.181.185.159  user=root
Sep 12 04:19:49 localhost sshd[11668]: error: PAM: Authentication failure for root from 221.181.185.159
Sep 12 04:19:50 localhost sshd[11671]: pam_unix(sshd:auth): authentication failure; logname= uid=0 euid=0 tty=ssh ruser= rhost=221.181.185.159  user=root
Sep 12 04:19:52 localhost sshd[11668]: error: PAM: Authentication failure for root from 221.181.185.159
Sep 12 04:19:52 localhost sshd[11674]: pam_unix(sshd:auth): authentication failure; logname= uid=0 euid=0 tty=ssh ruser= rhost=221.181.185.159  user=root
Sep 12 04:19:54 localhost sshd[11668]: error: PAM: Authentication failure for root from 221.181.185.159
Sep 12 04:19:54 localhost sshd[11668]: Received disconnect from 221.181.185.159 port 57572:11:  [preauth]
Sep 12 04:19:54 localhost sshd[11668]: Disconnected from authenticating user root 221.181.185.159 port 57572 [preauth]
Sep 12 04:19:55 localhost sshd[11683]: pam_unix(sshd:auth): authentication failure; logname= uid=0 euid=0 tty=ssh ruser= rhost=221.181.185.159  user=root
Sep 12 04:19:57 localhost sshd[11681]: error: PAM: Authentication failure for root from 221.181.185.159
Sep 12 04:19:58 localhost sshd[11684]: pam_unix(sshd:auth): authentication failure; logname= uid=0 euid=0 tty=ssh ruser= rhost=221.181.185.159  user=root
Sep 12 04:20:00 localhost sshd[11681]: error: PAM: Authentication failure for root from 221.181.185.159
Sep 12 04:20:00 localhost sshd[11685]: pam_unix(sshd:auth): authentication failure; logname= uid=0 euid=0 tty=ssh ruser= rhost=221.181.185.159  user=root
Sep 12 04:20:02 localhost sshd[11681]: error: PAM: Authentication failure for root from 221.181.185.159
Sep 12 04:20:02 localhost sshd[11681]: Received disconnect from 221.181.185.159 port 63439:11:  [preauth]
Sep 12 04:20:02 localhost sshd[11681]: Disconnected from authenticating user root 221.181.185.159 port 63439 [preauth]
Sep 12 04:20:03 localhost sshd[11691]: pam_unix(sshd:auth): authentication failure; logname= uid=0 euid=0 tty=ssh ruser= rhost=221.181.185.159  user=root
Sep 12 04:20:05 localhost sshd[11689]: error: PAM: Authentication failure for root from 221.181.185.159
Sep 12 04:20:05 localhost sshd[11692]: pam_unix(sshd:auth): authentication failure; logname= uid=0 euid=0 tty=ssh ruser= rhost=221.181.185.159  user=root
Sep 12 04:20:07 localhost sshd[11689]: error: PAM: Authentication failure for root from 221.181.185.159
Sep 12 04:20:08 localhost sshd[11728]: pam_unix(sshd:auth): authentication failure; logname= uid=0 euid=0 tty=ssh ruser= rhost=221.181.185.159  user=root
Sep 12 04:20:09 localhost sshd[11689]: error: PAM: Authentication failure for root from 221.181.185.159
Sep 12 04:20:09 localhost sshd[11689]: Received disconnect from 221.181.185.159 port 62860:11:  [preauth]
Sep 12 04:20:09 localhost sshd[11689]: Disconnected from authenticating user root 221.181.185.159 port 62860 [preauth]
Sep 12 04:20:29 localhost sshd[11741]: pam_unix(sshd:auth): authentication failure; logname= uid=0 euid=0 tty=ssh ruser= rhost=218.92.0.205  user=root
Sep 12 04:20:31 localhost sshd[11739]: error: PAM: Authentication failure for root from 218.92.0.205
Sep 12 04:20:31 localhost sshd[11742]: pam_unix(sshd:auth): authentication failure; logname= uid=0 euid=0 tty=ssh ruser= rhost=218.92.0.205  user=root
Sep 12 04:20:33 localhost sshd[11739]: error: PAM: Authentication failure for root from 218.92.0.205
Sep 12 04:20:33 localhost sshd[11745]: pam_unix(sshd:auth): authentication failure; logname= uid=0 euid=0 tty=ssh ruser= rhost=218.92.0.205  user=root
Sep 12 04:20:35 localhost sshd[11739]: error: PAM: Authentication failure for root from 218.92.0.205
Sep 12 04:20:36 localhost sshd[11739]: Received disconnect from 218.92.0.205 port 58137:11:  [preauth]
Sep 12 04:20:36 localhost sshd[11739]: Disconnected from authenticating user root 218.92.0.205 port 58137 [preauth]
Sep 12 04:20:40 localhost sshd[11752]: Invalid user user from 116.98.160.162 port 55652
Sep 12 04:20:40 localhost sshd[11752]: Postponed keyboard-interactive for invalid user user from 116.98.160.162 port 55652 ssh2 [preauth]
Sep 12 04:20:40 localhost sshd[11754]: pam_unix(sshd:auth): check pass; user unknown
Sep 12 04:20:40 localhost sshd[11754]: pam_unix(sshd:auth): authentication failure; logname= uid=0 euid=0 tty=ssh ruser= rhost=116.98.160.162 
Sep 12 04:20:42 localhost sshd[11752]: error: PAM: Authentication failure for illegal user user from 116.98.160.162
Sep 12 04:20:42 localhost sshd[11752]: Failed keyboard-interactive/pam for invalid user user from 116.98.160.162 port 55652 ssh2
Sep 12 04:20:43 localhost sshd[11752]: Connection closed by invalid user user 116.98.160.162 port 55652 [preauth]
Sep 12 04:21:29 localhost sshd[11814]: Did not receive identification string from 199.195.249.28 port 47378
Sep 12 04:21:32 localhost sshd[11817]: pam_unix(sshd:auth): authentication failure; logname= uid=0 euid=0 tty=ssh ruser= rhost=218.92.0.205  user=root
Sep 12 04:21:34 localhost sshd[11812]: error: PAM: Authentication failure for root from 218.92.0.205
Sep 12 04:21:34 localhost sshd[11824]: pam_unix(sshd:auth): authentication failure; logname= uid=0 euid=0 tty=ssh ruser= rhost=218.92.0.205  user=root
Sep 12 04:21:36 localhost sshd[11812]: error: PAM: Authentication failure for root from 218.92.0.205
Sep 12 04:21:36 localhost sshd[11825]: pam_unix(sshd:auth): authentication failure; logname= uid=0 euid=0 tty=ssh ruser= rhost=218.92.0.205  user=root
Sep 12 04:21:39 localhost sshd[11812]: error: PAM: Authentication failure for root from 218.92.0.205
Sep 12 04:21:39 localhost sshd[11812]: Received disconnect from 218.92.0.205 port 14090:11:  [preauth]
Sep 12 04:21:39 localhost sshd[11812]: Disconnected from authenticating user root 218.92.0.205 port 14090 [preauth]
Sep 12 04:22:33 localhost sshd[11884]: Invalid user pi from 78.198.56.121 port 35874
Sep 12 04:22:33 localhost sshd[11883]: Invalid user pi from 78.198.56.121 port 35868
Sep 12 04:22:33 localhost sshd[11883]: Connection closed by invalid user pi 78.198.56.121 port 35868 [preauth]
Sep 12 04:22:33 localhost sshd[11884]: Connection closed by invalid user pi 78.198.56.121 port 35874 [preauth]
Sep 12 04:23:24 localhost sshd[11953]: Invalid user username from 116.110.159.254 port 44198
Sep 12 04:23:25 localhost sshd[11953]: Postponed keyboard-interactive for invalid user username from 116.110.159.254 port 44198 ssh2 [preauth]
Sep 12 04:23:25 localhost sshd[11955]: pam_unix(sshd:auth): check pass; user unknown
Sep 12 04:23:25 localhost sshd[11955]: pam_unix(sshd:auth): authentication failure; logname= uid=0 euid=0 tty=ssh ruser= rhost=116.110.159.254 
Sep 12 04:23:27 localhost sshd[11953]: error: PAM: Authentication failure for illegal user username from 116.110.159.254
Sep 12 04:23:27 localhost sshd[11953]: Failed keyboard-interactive/pam for invalid user username from 116.110.159.254 port 44198 ssh2
Sep 12 04:23:28 localhost sshd[11953]: Connection closed by invalid user username 116.110.159.254 port 44198 [preauth]
Sep 12 04:23:51 localhost sshd[11964]: Received disconnect from 218.92.0.205 port 24640:11:  [preauth]
Sep 12 04:23:51 localhost sshd[11964]: Disconnected from 218.92.0.205 port 24640 [preauth]
Sep 12 04:24:16 localhost sshd[12021]: Invalid user user1 from 171.227.210.168 port 48166
Sep 12 04:24:16 localhost sshd[12021]: Postponed keyboard-interactive for invalid user user1 from 171.227.210.168 port 48166 ssh2 [preauth]
Sep 12 04:24:16 localhost sshd[12023]: pam_unix(sshd:auth): check pass; user unknown
Sep 12 04:24:16 localhost sshd[12023]: pam_unix(sshd:auth): authentication failure; logname= uid=0 euid=0 tty=ssh ruser= rhost=171.227.210.168 
Sep 12 04:24:18 localhost sshd[12021]: error: PAM: Authentication failure for illegal user user1 from 171.227.210.168
Sep 12 04:24:18 localhost sshd[12021]: Failed keyboard-interactive/pam for invalid user user1 from 171.227.210.168 port 48166 ssh2
Sep 12 04:24:18 localhost sshd[12021]: Connection closed by invalid user user1 171.227.210.168 port 48166 [preauth]
Sep 12 04:24:53 localhost sshd[12040]: pam_unix(sshd:auth): authentication failure; logname= uid=0 euid=0 tty=ssh ruser= rhost=218.92.0.205  user=root
Sep 12 04:24:54 localhost sshd[12036]: error: PAM: Authentication failure for root from 218.92.0.205
Sep 12 04:24:55 localhost sshd[12047]: pam_unix(sshd:auth): authentication failure; logname= uid=0 euid=0 tty=ssh ruser= rhost=218.92.0.205  user=root
Sep 12 04:24:57 localhost sshd[12036]: error: PAM: Authentication failure for root from 218.92.0.205
Sep 12 04:24:57 localhost sshd[12048]: pam_unix(sshd:auth): authentication failure; logname= uid=0 euid=0 tty=ssh ruser= rhost=218.92.0.205  user=root
Sep 12 04:24:59 localhost sshd[12036]: error: PAM: Authentication failure for root from 218.92.0.205
Sep 12 04:24:59 localhost sshd[12036]: Received disconnect from 218.92.0.205 port 58459:11:  [preauth]
Sep 12 04:24:59 localhost sshd[12036]: Disconnected from authenticating user root 218.92.0.205 port 58459 [preauth]
Sep 12 04:25:01 localhost CRON[12049]: pam_unix(cron:session): session opened for user root by (uid=0)
Sep 12 04:25:01 localhost CRON[12049]: pam_unix(cron:session): session closed for user root
Sep 12 04:25:02 localhost sshd[12052]: Did not receive identification string from 107.189.12.214 port 34180
Sep 12 04:25:41 localhost sshd[12109]: Invalid user upload from 116.110.159.254 port 56210
Sep 12 04:25:41 localhost sshd[12109]: Postponed keyboard-interactive for invalid user upload from 116.110.159.254 port 56210 ssh2 [preauth]
Sep 12 04:25:41 localhost sshd[12111]: pam_unix(sshd:auth): check pass; user unknown
Sep 12 04:25:41 localhost sshd[12111]: pam_unix(sshd:auth): authentication failure; logname= uid=0 euid=0 tty=ssh ruser= rhost=116.110.159.254 
Sep 12 04:25:43 localhost sshd[12109]: error: PAM: Authentication failure for illegal user upload from 116.110.159.254
Sep 12 04:25:43 localhost sshd[12109]: Failed keyboard-interactive/pam for invalid user upload from 116.110.159.254 port 56210 ssh2
Sep 12 04:25:43 localhost sshd[12109]: Connection closed by invalid user upload 116.110.159.254 port 56210 [preauth]
Sep 12 04:25:56 localhost sshd[12124]: pam_unix(sshd:auth): authentication failure; logname= uid=0 euid=0 tty=ssh ruser= rhost=218.92.0.205  user=root
Sep 12 04:25:58 localhost sshd[12122]: error: PAM: Authentication failure for root from 218.92.0.205
Sep 12 04:25:58 localhost sshd[12125]: pam_unix(sshd:auth): authentication failure; logname= uid=0 euid=0 tty=ssh ruser= rhost=218.92.0.205  user=root
Sep 12 04:26:00 localhost sshd[12122]: error: PAM: Authentication failure for root from 218.92.0.205
Sep 12 04:26:00 localhost sshd[12126]: pam_unix(sshd:auth): authentication failure; logname= uid=0 euid=0 tty=ssh ruser= rhost=218.92.0.205  user=root
Sep 12 04:26:02 localhost sshd[12122]: error: PAM: Authentication failure for root from 218.92.0.205
Sep 12 04:26:02 localhost sshd[12122]: Received disconnect from 218.92.0.205 port 50424:11:  [preauth]
Sep 12 04:26:02 localhost sshd[12122]: Disconnected from authenticating user root 218.92.0.205 port 50424 [preauth]
Sep 12 04:26:48 localhost sshd[12184]: Invalid user support from 222.223.32.228 port 38703
Sep 12 04:26:48 localhost sshd[12184]: Received disconnect from 222.223.32.228 port 38703:11: Bye Bye [preauth]
Sep 12 04:26:48 localhost sshd[12184]: Disconnected from invalid user support 222.223.32.228 port 38703 [preauth]
Sep 12 04:27:11 localhost sshd[12198]: pam_unix(sshd:auth): authentication failure; logname= uid=0 euid=0 tty=ssh ruser= rhost=222.187.232.60  user=root
Sep 12 04:27:13 localhost sshd[12196]: error: PAM: Authentication failure for root from 222.187.232.60
Sep 12 04:27:14 localhost sshd[12201]: pam_unix(sshd:auth): authentication failure; logname= uid=0 euid=0 tty=ssh ruser= rhost=222.187.232.60  user=root
Sep 12 04:27:16 localhost sshd[12196]: error: PAM: Authentication failure for root from 222.187.232.60
Sep 12 04:27:18 localhost sshd[12243]: pam_unix(sshd:auth): authentication failure; logname= uid=0 euid=0 tty=ssh ruser= rhost=222.187.232.60  user=root
Sep 12 04:27:20 localhost sshd[12196]: error: PAM: Authentication failure for root from 222.187.232.60
Sep 12 04:27:20 localhost sshd[12196]: Received disconnect from 222.187.232.60 port 60300:11:  [preauth]
Sep 12 04:27:20 localhost sshd[12196]: Disconnected from authenticating user root 222.187.232.60 port 60300 [preauth]
Sep 12 04:27:21 localhost sshd[12244]: Received disconnect from 107.189.12.214 port 51874:11: Bye Bye [preauth]
Sep 12 04:27:21 localhost sshd[12244]: Disconnected from authenticating user root 107.189.12.214 port 51874 [preauth]
Sep 12 04:27:23 localhost sshd[12248]: Received disconnect from 107.189.12.214 port 53930:11: Bye Bye [preauth]
Sep 12 04:27:23 localhost sshd[12248]: Disconnected from authenticating user root 107.189.12.214 port 53930 [preauth]
Sep 12 04:27:24 localhost sshd[12252]: Invalid user admin from 107.189.12.214 port 55838
Sep 12 04:27:25 localhost sshd[12252]: Received disconnect from 107.189.12.214 port 55838:11: Bye Bye [preauth]
Sep 12 04:27:25 localhost sshd[12252]: Disconnected from invalid user admin 107.189.12.214 port 55838 [preauth]
Sep 12 04:27:26 localhost sshd[12254]: Invalid user admin from 107.189.12.214 port 57668
Sep 12 04:27:27 localhost sshd[12254]: Received disconnect from 107.189.12.214 port 57668:11: Bye Bye [preauth]
Sep 12 04:27:27 localhost sshd[12254]: Disconnected from invalid user admin 107.189.12.214 port 57668 [preauth]
Sep 12 04:27:29 localhost sshd[12256]: Received disconnect from 107.189.12.214 port 59554:11: Bye Bye [preauth]
Sep 12 04:27:29 localhost sshd[12256]: Disconnected from authenticating user root 107.189.12.214 port 59554 [preauth]
Sep 12 04:27:29 localhost sshd[12260]: pam_unix(sshd:auth): authentication failure; logname= uid=0 euid=0 tty=ssh ruser= rhost=222.187.232.60  user=root
Sep 12 04:27:31 localhost sshd[12258]: Received disconnect from 107.189.12.214 port 33304:11: Bye Bye [preauth]
Sep 12 04:27:31 localhost sshd[12258]: Disconnected from authenticating user root 107.189.12.214 port 33304 [preauth]
Sep 12 04:27:31 localhost sshd[12246]: error: PAM: Authentication failure for root from 222.187.232.60
Sep 12 04:27:32 localhost sshd[12263]: pam_unix(sshd:auth): authentication failure; logname= uid=0 euid=0 tty=ssh ruser= rhost=222.187.232.60  user=root
Sep 12 04:27:32 localhost sshd[12261]: Invalid user a1234 from 107.189.12.214 port 35312
Sep 12 04:27:33 localhost sshd[12261]: Received disconnect from 107.189.12.214 port 35312:11: Bye Bye [preauth]
Sep 12 04:27:33 localhost sshd[12261]: Disconnected from invalid user a1234 107.189.12.214 port 35312 [preauth]
Sep 12 04:27:34 localhost sshd[12246]: error: PAM: Authentication failure for root from 222.187.232.60
Sep 12 04:27:35 localhost sshd[12274]: pam_unix(sshd:auth): authentication failure; logname= uid=0 euid=0 tty=ssh ruser= rhost=222.187.232.60  user=root
Sep 12 04:27:37 localhost sshd[12246]: error: PAM: Authentication failure for root from 222.187.232.60
Sep 12 04:27:37 localhost sshd[12266]: Received disconnect from 107.189.12.214 port 37242:11: Bye Bye [preauth]
Sep 12 04:27:37 localhost sshd[12266]: Disconnected from authenticating user ubuntu 107.189.12.214 port 37242 [preauth]
Sep 12 04:27:38 localhost sshd[12246]: Received disconnect from 222.187.232.60 port 46830:11:  [preauth]
Sep 12 04:27:38 localhost sshd[12246]: Disconnected from authenticating user root 222.187.232.60 port 46830 [preauth]
Sep 12 04:27:39 localhost sshd[12275]: Invalid user odoo12 from 107.189.12.214 port 40240
Sep 12 04:27:39 localhost sshd[12275]: Received disconnect from 107.189.12.214 port 40240:11: Bye Bye [preauth]
Sep 12 04:27:39 localhost sshd[12275]: Disconnected from invalid user odoo12 107.189.12.214 port 40240 [preauth]
Sep 12 04:27:41 localhost sshd[12281]: pam_unix(sshd:auth): authentication failure; logname= uid=0 euid=0 tty=ssh ruser= rhost=222.187.232.60  user=root
Sep 12 04:27:41 localhost sshd[12279]: Invalid user mcserver from 107.189.12.214 port 41992
Sep 12 04:27:41 localhost sshd[12279]: Received disconnect from 107.189.12.214 port 41992:11: Bye Bye [preauth]
Sep 12 04:27:41 localhost sshd[12279]: Disconnected from invalid user mcserver 107.189.12.214 port 41992 [preauth]
Sep 12 04:27:43 localhost sshd[12277]: error: PAM: Authentication failure for root from 222.187.232.60
Sep 12 04:27:43 localhost sshd[12282]: Invalid user test from 107.189.12.214 port 44432
Sep 12 04:27:43 localhost sshd[12286]: pam_unix(sshd:auth): authentication failure; logname= uid=0 euid=0 tty=ssh ruser= rhost=222.187.232.60  user=root
Sep 12 04:27:43 localhost sshd[12282]: Received disconnect from 107.189.12.214 port 44432:11: Bye Bye [preauth]
Sep 12 04:27:43 localhost sshd[12282]: Disconnected from invalid user test 107.189.12.214 port 44432 [preauth]
Sep 12 04:27:45 localhost sshd[12287]: Received disconnect from 107.189.12.214 port 46438:11: Bye Bye [preauth]
Sep 12 04:27:45 localhost sshd[12287]: Disconnected from authenticating user root 107.189.12.214 port 46438 [preauth]
Sep 12 04:27:46 localhost sshd[12277]: error: PAM: Authentication failure for root from 222.187.232.60
Sep 12 04:27:46 localhost sshd[12291]: pam_unix(sshd:auth): authentication failure; logname= uid=0 euid=0 tty=ssh ruser= rhost=222.187.232.60  user=root
Sep 12 04:27:47 localhost sshd[12289]: Invalid user oracle from 107.189.12.214 port 48600
Sep 12 04:27:47 localhost sshd[12289]: Received disconnect from 107.189.12.214 port 48600:11: Bye Bye [preauth]
Sep 12 04:27:47 localhost sshd[12289]: Disconnected from invalid user oracle 107.189.12.214 port 48600 [preauth]
Sep 12 04:27:48 localhost sshd[12277]: error: PAM: Authentication failure for root from 222.187.232.60
Sep 12 04:27:48 localhost sshd[12277]: Received disconnect from 222.187.232.60 port 17987:11:  [preauth]
Sep 12 04:27:48 localhost sshd[12277]: Disconnected from authenticating user root 222.187.232.60 port 17987 [preauth]
Sep 12 04:27:49 localhost sshd[12292]: Received disconnect from 107.189.12.214 port 50806:11: Bye Bye [preauth]
Sep 12 04:27:49 localhost sshd[12292]: Disconnected from authenticating user postgres 107.189.12.214 port 50806 [preauth]
Sep 12 04:27:50 localhost sshd[12298]: pam_unix(sshd:auth): authentication failure; logname= uid=0 euid=0 tty=ssh ruser= rhost=222.187.232.60  user=root
Sep 12 04:27:51 localhost sshd[12296]: Invalid user tracerlab from 107.189.12.214 port 52704
Sep 12 04:27:51 localhost sshd[12296]: Received disconnect from 107.189.12.214 port 52704:11: Bye Bye [preauth]
Sep 12 04:27:51 localhost sshd[12296]: Disconnected from invalid user tracerlab 107.189.12.214 port 52704 [preauth]
Sep 12 04:27:52 localhost sshd[12294]: error: PAM: Authentication failure for root from 222.187.232.60
Sep 12 04:27:52 localhost sshd[12301]: pam_unix(sshd:auth): authentication failure; logname= uid=0 euid=0 tty=ssh ruser= rhost=222.187.232.60  user=root
Sep 12 04:27:53 localhost sshd[12299]: Invalid user tracerlab from 107.189.12.214 port 54652
Sep 12 04:27:53 localhost sshd[12299]: Received disconnect from 107.189.12.214 port 54652:11: Bye Bye [preauth]
Sep 12 04:27:53 localhost sshd[12299]: Disconnected from invalid user tracerlab 107.189.12.214 port 54652 [preauth]
Sep 12 04:27:54 localhost sshd[12294]: error: PAM: Authentication failure for root from 222.187.232.60
Sep 12 04:27:54 localhost sshd[12312]: pam_unix(sshd:auth): authentication failure; logname= uid=0 euid=0 tty=ssh ruser= rhost=222.187.232.60  user=root
