Jan 23 13:13:07 localhost postfix/smtpd[20319]: disconnect from mailrelay.umin.ac.jp[130.69.92.23] ehlo=1 mail=1 rcpt=0/1 data=0/1 rset=1 quit=1 commands=4/6
Jan 23 13:13:07 localhost postfix/trivial-rewrite[20270]: warning: do not list domain lamc.la in BOTH mydestination and virtual_alias_domains
Jan 23 13:13:07 localhost postfix/trivial-rewrite[20270]: warning: do not list domain lamc.la in BOTH mydestination and virtual_alias_domains
Jan 23 13:13:07 localhost postfix/smtpd[20332]: NOQUEUE: reject: RCPT from mailrelay.umin.ac.jp[130.69.92.23]: 550 5.1.1 <suac+bncBCC7XN6N3YMBBMFGWWHQMGQER7SEXCQ@lamc.la>: Recipient address rejected: User unknown in local recipient table; from=<> to=<suac+bncBCC7XN6N3YMBBMFGWWHQMGQER7SEXCQ@lamc.la> proto=ESMTP helo=<mailrelay.umin.ac.jp>
Jan 23 13:13:07 localhost postfix/smtpd[20322]: NOQUEUE: reject: RCPT from iport.material.tohoku.ac.jp[130.34.64.12]: 550 5.1.1 <suac+bncBCC7XN6N3YMBBMFGWWHQMGQER7SEXCQ@lamc.la>: Recipient address rejected: User unknown in local recipient table; from=<> to=<suac+bncBCC7XN6N3YMBBMFGWWHQMGQER7SEXCQ@lamc.la> proto=ESMTP helo=<iport.material.tohoku.ac.jp>
Jan 23 13:13:07 localhost postfix/smtpd[20214]: NOQUEUE: reject: RCPT from gw0.mx.kanazawa-u.ac.jp[133.28.17.30]: 550 5.1.1 <suac+bncBCC7XN6N3YMBBMFGWWHQMGQER7SEXCQ@lamc.la>: Recipient address rejected: User unknown in local recipient table; from=<> to=<suac+bncBCC7XN6N3YMBBMFGWWHQMGQER7SEXCQ@lamc.la> proto=ESMTP helo=<gateway.mx.kanazawa-u.ac.jp>
Jan 23 13:13:07 localhost postfix/smtpd[20311]: NOQUEUE: reject: RCPT from mailrelay.umin.ac.jp[130.69.92.23]: 550 5.1.1 <suac+bncBCC7XN6N3YMBBMFGWWHQMGQER7SEXCQ@lamc.la>: Recipient address rejected: User unknown in local recipient table; from=<> to=<suac+bncBCC7XN6N3YMBBMFGWWHQMGQER7SEXCQ@lamc.la> proto=ESMTP helo=<mailrelay.umin.ac.jp>
Jan 23 13:13:07 localhost postfix/trivial-rewrite[20270]: warning: do not list domain lamc.la in BOTH mydestination and virtual_alias_domains
Jan 23 13:13:07 localhost postfix/smtpd[20308]: NOQUEUE: reject: RCPT from smtp16.cstnet.cn[159.226.251.16]: 550 5.1.1 <suac+bncbcc7xn6n3ymbbmfgwwhqmgqer7sexcq@lamc.la>: Recipient address rejected: User unknown in local recipient table; from=<> to=<suac+bncbcc7xn6n3ymbbmfgwwhqmgqer7sexcq@lamc.la> proto=ESMTP helo=<cstnet.cn>
Jan 23 13:13:07 localhost postfix/trivial-rewrite[20270]: warning: do not list domain lamc.la in BOTH mydestination and virtual_alias_domains
Jan 23 13:13:07 localhost postfix/smtpd[20333]: NOQUEUE: reject: RCPT from cc-ext.ccc.osaka-u.ac.jp[133.1.138.214]: 550 5.1.1 <suac+bncBCC7XN6N3YMBBMFGWWHQMGQER7SEXCQ@lamc.la>: Recipient address rejected: User unknown in local recipient table; from=<> to=<suac+bncBCC7XN6N3YMBBMFGWWHQMGQER7SEXCQ@lamc.la> proto=SMTP helo=<cc.mail.osaka-u.ac.jp>
Jan 23 13:13:07 localhost postfix/smtpd[20272]: connect from gw1.mhs.iimc.kyoto-u.ac.jp[133.3.247.42]
Jan 23 13:13:07 localhost postfix/smtpd[20272]: lost connection after CONNECT from gw1.mhs.iimc.kyoto-u.ac.jp[133.3.247.42]
Jan 23 13:13:07 localhost postfix/smtpd[20272]: disconnect from gw1.mhs.iimc.kyoto-u.ac.jp[133.3.247.42] commands=0/0
Jan 23 13:13:07 localhost postfix/smtpd[20272]: connect from mailrelay.umin.ac.jp[130.69.92.23]
Jan 23 13:13:07 localhost postfix/smtpd[20336]: connect from ioutemea2.hes.trendmicro.eu[52.58.62.202]
Jan 23 13:13:07 localhost postfix/smtpd[20336]: lost connection after CONNECT from ioutemea2.hes.trendmicro.eu[52.58.62.202]
Jan 23 13:13:07 localhost postfix/smtpd[20336]: disconnect from ioutemea2.hes.trendmicro.eu[52.58.62.202] commands=0/0
Jan 23 13:13:07 localhost postfix/smtpd[20336]: connect from ioutemea3.hes.trendmicro.eu[52.58.62.203]
Jan 23 13:13:07 localhost postfix/smtpd[20336]: lost connection after CONNECT from ioutemea3.hes.trendmicro.eu[52.58.62.203]
Jan 23 13:13:07 localhost postfix/smtpd[20336]: disconnect from ioutemea3.hes.trendmicro.eu[52.58.62.203] commands=0/0
Jan 23 13:13:07 localhost postfix/smtpd[20336]: connect from ioutemea4.hes.trendmicro.eu[52.58.62.204]
Jan 23 13:13:07 localhost postfix/smtpd[20336]: lost connection after CONNECT from ioutemea4.hes.trendmicro.eu[52.58.62.204]
Jan 23 13:13:07 localhost postfix/smtpd[20336]: disconnect from ioutemea4.hes.trendmicro.eu[52.58.62.204] commands=0/0
Jan 23 13:13:07 localhost postfix/smtpd[20336]: connect from ioutemea1.hes.trendmicro.eu[52.58.62.201]
Jan 23 13:13:07 localhost postfix/smtpd[20336]: lost connection after CONNECT from ioutemea1.hes.trendmicro.eu[52.58.62.201]
Jan 23 13:13:07 localhost postfix/smtpd[20336]: disconnect from ioutemea1.hes.trendmicro.eu[52.58.62.201] commands=0/0
Jan 23 13:13:07 localhost postfix/smtpd[20324]: connect from vmta01.cc.u-tokai.ac.jp[150.7.250.201]
Jan 23 13:13:07 localhost postfix/smtpd[20333]: disconnect from cc-ext.ccc.osaka-u.ac.jp[133.1.138.214] helo=1 mail=1 rcpt=0/1 quit=1 commands=3/4
Jan 23 13:13:07 localhost postfix/smtpd[20336]: connect from ioutemea7.hes.trendmicro.eu[52.58.62.223]
Jan 23 13:13:07 localhost postfix/smtpd[20327]: connect from pixy-gw.netlab.cs.tsukuba.ac.jp[130.158.233.98]
Jan 23 13:13:07 localhost postfix/trivial-rewrite[20270]: warning: do not list domain lamc.la in BOTH mydestination and virtual_alias_domains
Jan 23 13:13:07 localhost postfix/smtpd[20333]: connect from ioutemea5.hes.trendmicro.eu[52.58.62.221]
Jan 23 13:13:07 localhost postfix/smtpd[20318]: NOQUEUE: reject: RCPT from gw0.mx.kanazawa-u.ac.jp[133.28.17.30]: 550 5.1.1 <suac+bncBCC7XN6N3YMBBMFGWWHQMGQER7SEXCQ@lamc.la>: Recipient address rejected: User unknown in local recipient table; from=<> to=<suac+bncBCC7XN6N3YMBBMFGWWHQMGQER7SEXCQ@lamc.la> proto=ESMTP helo=<gateway.mx.kanazawa-u.ac.jp>
Jan 23 13:13:07 localhost postfix/smtpd[20214]: disconnect from gw0.mx.kanazawa-u.ac.jp[133.28.17.30] ehlo=2 starttls=1 mail=1 rcpt=0/1 data=0/1 rset=1 quit=1 commands=6/8
Jan 23 13:13:07 localhost postfix/smtpd[20332]: disconnect from mailrelay.umin.ac.jp[130.69.92.23] ehlo=1 mail=1 rcpt=0/1 data=0/1 rset=1 quit=1 commands=4/6
Jan 23 13:13:07 localhost postfix/smtpd[20214]: connect from ioutemea7.hes.trendmicro.eu[52.58.62.223]
Jan 23 13:13:07 localhost postfix/smtpd[20337]: connect from ioutemea4.hes.trendmicro.eu[52.58.62.204]
Jan 23 13:13:07 localhost postfix/trivial-rewrite[20270]: warning: do not list domain lamc.la in BOTH mydestination and virtual_alias_domains
Jan 23 13:13:07 localhost postfix/trivial-rewrite[20270]: warning: do not list domain lamc.la in BOTH mydestination and virtual_alias_domains
Jan 23 13:13:07 localhost postfix/smtpd[20335]: NOQUEUE: reject: RCPT from mailrelay.umin.ac.jp[130.69.92.23]: 550 5.1.1 <suac+bncBCC7XN6N3YMBBMFGWWHQMGQER7SEXCQ@lamc.la>: Recipient address rejected: User unknown in local recipient table; from=<> to=<suac+bncBCC7XN6N3YMBBMFGWWHQMGQER7SEXCQ@lamc.la> proto=ESMTP helo=<mailrelay.umin.ac.jp>
Jan 23 13:13:07 localhost postfix/smtpd[20317]: NOQUEUE: reject: RCPT from mail-tycjpn01hn2222.outbound.protection.outlook.com[52.100.215.222]: 550 5.1.1 <suac+bncBCC7XN6N3YMBBMFGWWHQMGQER7SEXCQ@lamc.la>: Recipient address rejected: User unknown in local recipient table; from=<> to=<suac+bncBCC7XN6N3YMBBMFGWWHQMGQER7SEXCQ@lamc.la> proto=ESMTP helo=<JPN01-TYC-obe.outbound.protection.outlook.com>
Jan 23 13:13:07 localhost postfix/smtpd[20308]: disconnect from smtp16.cstnet.cn[159.226.251.16] ehlo=1 mail=1 rcpt=0/1 quit=1 commands=3/4
Jan 23 13:13:07 localhost postfix/smtpd[20308]: connect from ioutemea7.hes.trendmicro.eu[52.58.62.223]
Jan 23 13:13:07 localhost postfix/smtpd[20311]: disconnect from mailrelay.umin.ac.jp[130.69.92.23] ehlo=1 mail=1 rcpt=0/1 data=0/1 rset=1 quit=1 commands=4/6
Jan 23 13:13:07 localhost postfix/smtpd[20311]: connect from ioutemea4.hes.trendmicro.eu[52.58.62.204]
Jan 23 13:13:07 localhost postfix/smtpd[20338]: connect from ioutemea1.hes.trendmicro.eu[52.58.62.201]
Jan 23 13:13:07 localhost postfix/smtpd[20334]: connect from www3502.sakura.ne.jp[49.212.243.12]
Jan 23 13:13:08 localhost postfix/smtpd[20339]: connect from ioutemea3.hes.trendmicro.eu[52.58.62.203]
Jan 23 13:13:08 localhost postfix/smtpd[20340]: connect from ioutemea3.hes.trendmicro.eu[52.58.62.203]
Jan 23 13:13:08 localhost postfix/smtpd[20341]: connect from ioutemea4.hes.trendmicro.eu[52.58.62.204]
Jan 23 13:13:08 localhost postfix/smtpd[20325]: NOQUEUE: reject: RCPT from gw0.mx.kanazawa-u.ac.jp[133.28.17.30]: 550 5.1.1 <suac+bncBCC7XN6N3YMBBMFGWWHQMGQER7SEXCQ@lamc.la>: Recipient address rejected: User unknown in local recipient table; from=<> to=<suac+bncBCC7XN6N3YMBBMFGWWHQMGQER7SEXCQ@lamc.la> proto=ESMTP helo=<gateway.mx.kanazawa-u.ac.jp>
Jan 23 13:13:08 localhost postfix/smtpd[20329]: connect from mailgw1.med.osaka-cu.ac.jp[114.179.36.66]
Jan 23 13:13:08 localhost postfix/smtpd[20304]: NOQUEUE: reject: RCPT from gw7.mx.kanazawa-u.ac.jp[133.28.17.37]: 550 5.1.1 <suac+bncBCC7XN6N3YMBBMFGWWHQMGQER7SEXCQ@lamc.la>: Recipient address rejected: User unknown in local recipient table; from=<> to=<suac+bncBCC7XN6N3YMBBMFGWWHQMGQER7SEXCQ@lamc.la> proto=ESMTP helo=<gateway.mx.kanazawa-u.ac.jp>
Jan 23 13:13:08 localhost postfix/smtpd[20318]: disconnect from gw0.mx.kanazawa-u.ac.jp[133.28.17.30] ehlo=2 starttls=1 mail=1 rcpt=0/1 data=0/1 rset=1 quit=1 commands=6/8
Jan 23 13:13:08 localhost postfix/smtpd[20318]: connect from ioutemea7.hes.trendmicro.eu[52.58.62.223]
Jan 23 13:13:08 localhost postfix/smtpd[20342]: connect from ioutemea1.hes.trendmicro.eu[52.58.62.201]
Jan 23 13:13:08 localhost postfix/smtpd[20317]: disconnect from mail-tycjpn01hn2222.outbound.protection.outlook.com[52.100.215.222] ehlo=2 starttls=1 mail=1 rcpt=0/1 rset=1 quit=1 commands=6/7
Jan 23 13:13:08 localhost postfix/trivial-rewrite[20270]: warning: do not list domain lamc.la in BOTH mydestination and virtual_alias_domains
Jan 23 13:13:08 localhost postfix/smtpd[20317]: connect from ioutemea5.hes.trendmicro.eu[52.58.62.221]
Jan 23 13:13:08 localhost postfix/smtpd[20335]: disconnect from mailrelay.umin.ac.jp[130.69.92.23] ehlo=1 mail=1 rcpt=0/1 data=0/1 rset=1 quit=1 commands=4/6
Jan 23 13:13:08 localhost postfix/smtpd[20335]: connect from ioutemea4.hes.trendmicro.eu[52.58.62.204]
Jan 23 13:13:08 localhost postfix/smtpd[20272]: NOQUEUE: reject: RCPT from mailrelay.umin.ac.jp[130.69.92.23]: 550 5.1.1 <suac+bncBCC7XN6N3YMBBMFGWWHQMGQER7SEXCQ@lamc.la>: Recipient address rejected: User unknown in local recipient table; from=<> to=<suac+bncBCC7XN6N3YMBBMFGWWHQMGQER7SEXCQ@lamc.la> proto=ESMTP helo=<mailrelay.umin.ac.jp>
Jan 23 13:13:08 localhost postfix/smtpd[20205]: NOQUEUE: reject: RCPT from mta-s.yamanashi.ac.jp[133.23.2.7]: 550 5.1.1 <suac+bncBCC7XN6N3YMBBMFGWWHQMGQER7SEXCQ@lamc.la>: Recipient address rejected: User unknown in local recipient table; from=<> to=<suac+bncBCC7XN6N3YMBBMFGWWHQMGQER7SEXCQ@lamc.la> proto=ESMTP helo=<mta-s.yamanashi.ac.jp>
Jan 23 13:13:08 localhost postfix/smtpd[20313]: connect from mb1x.akita-pu.ac.jp[210.137.23.13]
Jan 23 13:13:08 localhost postfix/smtpd[20313]: lost connection after CONNECT from mb1x.akita-pu.ac.jp[210.137.23.13]
Jan 23 13:13:08 localhost postfix/smtpd[20313]: disconnect from mb1x.akita-pu.ac.jp[210.137.23.13] commands=0/0
Jan 23 13:13:08 localhost postfix/smtpd[20310]: connect from mail-qk1-f195.google.com[209.85.222.195]
Jan 23 13:13:08 localhost postfix/smtpd[20265]: NOQUEUE: reject: RCPT from gw2.mx.kanazawa-u.ac.jp[133.28.17.32]: 550 5.1.1 <suac+bncBCC7XN6N3YMBBMFGWWHQMGQER7SEXCQ@lamc.la>: Recipient address rejected: User unknown in local recipient table; from=<> to=<suac+bncBCC7XN6N3YMBBMFGWWHQMGQER7SEXCQ@lamc.la> proto=ESMTP helo=<gateway.mx.kanazawa-u.ac.jp>
Jan 23 13:13:08 localhost postfix/smtpd[20325]: disconnect from gw0.mx.kanazawa-u.ac.jp[133.28.17.30] ehlo=2 starttls=1 mail=1 rcpt=0/1 data=0/1 rset=1 quit=1 commands=6/8
Jan 23 13:13:08 localhost postfix/smtpd[20205]: disconnect from mta-s.yamanashi.ac.jp[133.23.2.7] ehlo=2 starttls=1 mail=1 rcpt=0/1 data=0/1 rset=1 quit=1 commands=6/8
Jan 23 13:13:08 localhost postfix/smtpd[20309]: NOQUEUE: reject: RCPT from mr5.it.soas.ac.uk[212.219.139.56]: 550 5.1.1 <suac+bncBCC7XN6N3YMBBMFGWWHQMGQER7SEXCQ@lamc.la>: Recipient address rejected: User unknown in local recipient table; from=<> to=<suac+bncBCC7XN6N3YMBBMFGWWHQMGQER7SEXCQ@lamc.la> proto=ESMTP helo=<mr5.it.soas.ac.uk>
Jan 23 13:13:08 localhost postfix/smtpd[20304]: disconnect from gw7.mx.kanazawa-u.ac.jp[133.28.17.37] ehlo=2 starttls=1 mail=1 rcpt=0/1 data=0/1 rset=1 quit=1 commands=6/8
Jan 23 13:13:08 localhost postfix/trivial-rewrite[20270]: warning: do not list domain lamc.la in BOTH mydestination and virtual_alias_domains
Jan 23 13:13:08 localhost postfix/smtpd[20272]: disconnect from mailrelay.umin.ac.jp[130.69.92.23] ehlo=1 mail=1 rcpt=0/1 data=0/1 rset=1 quit=1 commands=4/6
Jan 23 13:13:08 localhost postfix/smtpd[20329]: NOQUEUE: reject: RCPT from mailgw1.med.osaka-cu.ac.jp[114.179.36.66]: 550 5.1.1 <suac+bncBCC7XN6N3YMBBMFGWWHQMGQER7SEXCQ@lamc.la>: Recipient address rejected: User unknown in local recipient table; from=<> to=<suac+bncBCC7XN6N3YMBBMFGWWHQMGQER7SEXCQ@lamc.la> proto=ESMTP helo=<mailgw1.med.osaka-cu.ac.jp>
Jan 23 13:13:08 localhost postfix/trivial-rewrite[20270]: warning: do not list domain lamc.la in BOTH mydestination and virtual_alias_domains
Jan 23 13:13:08 localhost postfix/smtpd[20324]: NOQUEUE: reject: RCPT from vmta01.cc.u-tokai.ac.jp[150.7.250.201]: 550 5.1.1 <suac+bncBCC7XN6N3YMBBMFGWWHQMGQER7SEXCQ@lamc.la>: Recipient address rejected: User unknown in local recipient table; from=<> to=<suac+bncBCC7XN6N3YMBBMFGWWHQMGQER7SEXCQ@lamc.la> proto=ESMTP helo=<vmta01.cc.u-tokai.ac.jp>
Jan 23 13:13:08 localhost postfix/smtpd[20265]: disconnect from gw2.mx.kanazawa-u.ac.jp[133.28.17.32] ehlo=2 starttls=1 mail=1 rcpt=0/1 data=0/1 rset=1 quit=1 commands=6/8
Jan 23 13:13:08 localhost postfix/smtpd[20324]: disconnect from vmta01.cc.u-tokai.ac.jp[150.7.250.201] ehlo=2 starttls=1 mail=1 rcpt=0/1 data=0/1 rset=1 quit=1 commands=6/8
Jan 23 13:13:08 localhost postfix/trivial-rewrite[20270]: warning: do not list domain lamc.la in BOTH mydestination and virtual_alias_domains
Jan 23 13:13:08 localhost postfix/smtpd[20327]: NOQUEUE: reject: RCPT from pixy-gw.netlab.cs.tsukuba.ac.jp[130.158.233.98]: 550 5.1.1 <suac+bncBCC7XN6N3YMBBMFGWWHQMGQER7SEXCQ@lamc.la>: Recipient address rejected: User unknown in local recipient table; from=<> to=<suac+bncBCC7XN6N3YMBBMFGWWHQMGQER7SEXCQ@lamc.la> proto=ESMTP helo=<pixy.netlab.cs.tsukuba.ac.jp>
Jan 23 13:13:08 localhost postfix/smtpd[20329]: disconnect from mailgw1.med.osaka-cu.ac.jp[114.179.36.66] ehlo=1 mail=1 rcpt=0/1 data=0/1 rset=1 quit=1 commands=4/6
Jan 23 13:13:08 localhost postfix/trivial-rewrite[20270]: warning: do not list domain lamc.la in BOTH mydestination and virtual_alias_domains
Jan 23 13:13:08 localhost postfix/smtpd[20334]: NOQUEUE: reject: RCPT from www3502.sakura.ne.jp[49.212.243.12]: 550 5.1.1 <suac+bncBCC7XN6N3YMBBMFGWWHQMGQER7SEXCQ@lamc.la>: Recipient address rejected: User unknown in local recipient table; from=<> to=<suac+bncBCC7XN6N3YMBBMFGWWHQMGQER7SEXCQ@lamc.la> proto=ESMTP helo=<www3502.sakura.ne.jp>
Jan 23 13:13:08 localhost postfix/smtpd[20313]: connect from ioutemea7.hes.trendmicro.eu[52.58.62.223]
Jan 23 13:13:08 localhost postfix/smtpd[20272]: connect from ioutemea5.hes.trendmicro.eu[52.58.62.221]
Jan 23 13:13:08 localhost postfix/smtpd[20272]: lost connection after CONNECT from ioutemea5.hes.trendmicro.eu[52.58.62.221]
Jan 23 13:13:08 localhost postfix/smtpd[20272]: disconnect from ioutemea5.hes.trendmicro.eu[52.58.62.221] commands=0/0
Jan 23 13:13:08 localhost postfix/smtpd[20325]: connect from ioutemea3.hes.trendmicro.eu[52.58.62.203]
Jan 23 13:13:08 localhost postfix/smtpd[20304]: connect from ioutemea4.hes.trendmicro.eu[52.58.62.204]
Jan 23 13:13:08 localhost postfix/smtpd[20334]: disconnect from www3502.sakura.ne.jp[49.212.243.12] ehlo=2 starttls=1 mail=1 rcpt=0/1 data=0/1 rset=1 quit=1 commands=6/8
Jan 23 13:13:08 localhost postfix/smtpd[20195]: NOQUEUE: reject: RCPT from mail-db3eur04hn0224.outbound.protection.outlook.com[52.100.17.224]: 550 5.1.1 <suac+bncBCC7XN6N3YMBBMFGWWHQMGQER7SEXCQ@lamc.la>: Recipient address rejected: User unknown in local recipient table; from=<> to=<suac+bncBCC7XN6N3YMBBMFGWWHQMGQER7SEXCQ@lamc.la> proto=ESMTP helo=<EUR04-DB3-obe.outbound.protection.outlook.com>
Jan 23 13:13:08 localhost postfix/smtpd[20309]: disconnect from mr5.it.soas.ac.uk[212.219.139.56] ehlo=1 mail=1 rcpt=0/1 data=0/1 quit=1 commands=3/5
Jan 23 13:13:08 localhost postfix/smtpd[20327]: disconnect from pixy-gw.netlab.cs.tsukuba.ac.jp[130.158.233.98] ehlo=2 starttls=1 mail=1 rcpt=0/1 data=0/1 rset=1 quit=1 commands=6/8
Jan 23 13:13:08 localhost postfix/trivial-rewrite[20270]: warning: do not list domain lamc.la in BOTH mydestination and virtual_alias_domains
Jan 23 13:13:08 localhost postfix/smtpd[20267]: NOQUEUE: reject: RCPT from mail-qk1-f193.google.com[209.85.222.193]: 550 5.1.1 <suac+bncBCC7XN6N3YMBBMFGWWHQMGQER7SEXCQ@lamc.la>: Recipient address rejected: User unknown in local recipient table; from=<> to=<suac+bncBCC7XN6N3YMBBMFGWWHQMGQER7SEXCQ@lamc.la> proto=ESMTP helo=<mail-qk1-f193.google.com>
Jan 23 13:13:08 localhost postfix/smtpd[20265]: connect from ioutemea1.hes.trendmicro.eu[52.58.62.201]
Jan 23 13:13:08 localhost postfix/smtpd[20205]: connect from ioutemea5.hes.trendmicro.eu[52.58.62.221]
Jan 23 13:13:08 localhost postfix/smtpd[20272]: connect from ioutemea7.hes.trendmicro.eu[52.58.62.223]
Jan 23 13:13:08 localhost postfix/smtpd[20309]: connect from ioutemea1.hes.trendmicro.eu[52.58.62.201]
Jan 23 13:13:08 localhost postfix/smtpd[20329]: connect from ioutemea5.hes.trendmicro.eu[52.58.62.221]
Jan 23 13:13:08 localhost postfix/smtpd[20329]: lost connection after CONNECT from ioutemea5.hes.trendmicro.eu[52.58.62.221]
Jan 23 13:13:08 localhost postfix/smtpd[20329]: disconnect from ioutemea5.hes.trendmicro.eu[52.58.62.221] commands=0/0
Jan 23 13:13:08 localhost postfix/smtpd[20324]: connect from ioutemea7.hes.trendmicro.eu[52.58.62.223]
Jan 23 13:13:08 localhost postfix/smtpd[20195]: disconnect from mail-db3eur04hn0224.outbound.protection.outlook.com[52.100.17.224] ehlo=2 starttls=1 mail=1 rcpt=0/1 quit=1 commands=5/6
Jan 23 13:13:08 localhost postfix/trivial-rewrite[20270]: warning: do not list domain lamc.la in BOTH mydestination and virtual_alias_domains
Jan 23 13:13:08 localhost postfix/smtpd[20315]: NOQUEUE: reject: RCPT from mail-qt1-f193.google.com[209.85.160.193]: 550 5.1.1 <suac+bncBCC7XN6N3YMBBMFGWWHQMGQER7SEXCQ@lamc.la>: Recipient address rejected: User unknown in local recipient table; from=<> to=<suac+bncBCC7XN6N3YMBBMFGWWHQMGQER7SEXCQ@lamc.la> proto=ESMTP helo=<mail-qt1-f193.google.com>
Jan 23 13:13:08 localhost postfix/trivial-rewrite[20270]: warning: do not list domain lamc.la in BOTH mydestination and virtual_alias_domains
Jan 23 13:13:08 localhost postfix/smtpd[20320]: NOQUEUE: reject: RCPT from mail-qv1-f66.google.com[209.85.219.66]: 550 5.1.1 <suac+bncBCC7XN6N3YMBBMFGWWHQMGQER7SEXCQ@lamc.la>: Recipient address rejected: User unknown in local recipient table; from=<> to=<suac+bncBCC7XN6N3YMBBMFGWWHQMGQER7SEXCQ@lamc.la> proto=ESMTP helo=<mail-qv1-f66.google.com>
Jan 23 13:13:08 localhost postfix/smtpd[20268]: NOQUEUE: reject: RCPT from mail-qk1-f196.google.com[209.85.222.196]: 550 5.1.1 <suac+bncBCC7XN6N3YMBBMFGWWHQMGQER7SEXCQ@lamc.la>: Recipient address rejected: User unknown in local recipient table; from=<> to=<suac+bncBCC7XN6N3YMBBMFGWWHQMGQER7SEXCQ@lamc.la> proto=ESMTP helo=<mail-qk1-f196.google.com>
Jan 23 13:13:08 localhost postfix/smtpd[20209]: connect from bounce4a.electric.net[192.162.216.160]
Jan 23 13:13:08 localhost postfix/trivial-rewrite[20270]: warning: do not list domain lamc.la in BOTH mydestination and virtual_alias_domains
Jan 23 13:13:08 localhost postfix/smtpd[20292]: NOQUEUE: reject: RCPT from mail-lo2gbr01hn2242.outbound.protection.outlook.com[52.100.179.242]: 550 5.1.1 <suac+bncBCC7XN6N3YMBBMFGWWHQMGQER7SEXCQ@lamc.la>: Recipient address rejected: User unknown in local recipient table; from=<> to=<suac+bncBCC7XN6N3YMBBMFGWWHQMGQER7SEXCQ@lamc.la> proto=ESMTP helo=<GBR01-LO2-obe.outbound.protection.outlook.com>
Jan 23 13:13:08 localhost postfix/smtpd[20329]: connect from ioutemea3.hes.trendmicro.eu[52.58.62.203]
Jan 23 13:13:08 localhost postfix/trivial-rewrite[20270]: warning: do not list domain lamc.la in BOTH mydestination and virtual_alias_domains
Jan 23 13:13:08 localhost postfix/smtpd[20202]: lost connection after RSET from mx1.center.tottori-u.ac.jp[160.15.14.7]
Jan 23 13:13:08 localhost postfix/smtpd[20202]: disconnect from mx1.center.tottori-u.ac.jp[160.15.14.7] ehlo=1 mail=1 rcpt=0/1 data=0/1 rset=1 commands=3/5
Jan 23 13:13:08 localhost postfix/smtpd[20330]: NOQUEUE: reject: RCPT from mail-qk1-f195.google.com[209.85.222.195]: 550 5.1.1 <suac+bncBCC7XN6N3YMBBMFGWWHQMGQER7SEXCQ@lamc.la>: Recipient address rejected: User unknown in local recipient table; from=<> to=<suac+bncBCC7XN6N3YMBBMFGWWHQMGQER7SEXCQ@lamc.la> proto=ESMTP helo=<mail-qk1-f195.google.com>
Jan 23 13:13:08 localhost postfix/smtpd[20195]: connect from ioutemea2.hes.trendmicro.eu[52.58.62.202]
Jan 23 13:13:08 localhost postfix/trivial-rewrite[20270]: warning: do not list domain lamc.la in BOTH mydestination and virtual_alias_domains
Jan 23 13:13:08 localhost postfix/smtpd[20326]: NOQUEUE: reject: RCPT from mail-qt1-f195.google.com[209.85.160.195]: 550 5.1.1 <suac+bncBCC7XN6N3YMBBMFGWWHQMGQER7SEXCQ@lamc.la>: Recipient address rejected: User unknown in local recipient table; from=<> to=<suac+bncBCC7XN6N3YMBBMFGWWHQMGQER7SEXCQ@lamc.la> proto=ESMTP helo=<mail-qt1-f195.google.com>
Jan 23 13:13:09 localhost postfix/smtpd[20267]: disconnect from mail-qk1-f193.google.com[209.85.222.193] ehlo=2 starttls=1 mail=1 rcpt=0/1 bdat=0/1 quit=1 commands=5/7
Jan 23 13:13:09 localhost postfix/smtpd[20202]: connect from ioutemea3.hes.trendmicro.eu[52.58.62.203]
Jan 23 13:13:09 localhost postfix/smtpd[20206]: NOQUEUE: reject: RCPT from mail-am6eur05hn2248.outbound.protection.outlook.com[52.100.174.248]: 550 5.1.1 <suac+bncBCC7XN6N3YMBBMFGWWHQMGQER7SEXCQ@lamc.la>: Recipient address rejected: User unknown in local recipient table; from=<> to=<suac+bncBCC7XN6N3YMBBMFGWWHQMGQER7SEXCQ@lamc.la> proto=ESMTP helo=<EUR05-AM6-obe.outbound.protection.outlook.com>
Jan 23 13:13:09 localhost postfix/trivial-rewrite[20270]: warning: do not list domain lamc.la in BOTH mydestination and virtual_alias_domains
Jan 23 13:13:09 localhost postfix/smtpd[20343]: connect from ssv0.keio.ac.jp[180.12.167.153]
Jan 23 13:13:09 localhost postfix/smtpd[20314]: NOQUEUE: reject: RCPT from mail-cwlgbr01hn2222.outbound.protection.outlook.com[52.100.178.222]: 550 5.1.1 <suac+bncBCC7XN6N3YMBBMFGWWHQMGQER7SEXCQ@lamc.la>: Recipient address rejected: User unknown in local recipient table; from=<> to=<suac+bncBCC7XN6N3YMBBMFGWWHQMGQER7SEXCQ@lamc.la> proto=ESMTP helo=<GBR01-CWL-obe.outbound.protection.outlook.com>
Jan 23 13:13:09 localhost postfix/smtpd[20292]: disconnect from mail-lo2gbr01hn2242.outbound.protection.outlook.com[52.100.179.242] ehlo=2 starttls=1 mail=1 rcpt=0/1 rset=1 quit=1 commands=6/7
Jan 23 13:13:09 localhost postfix/smtpd[20312]: NOQUEUE: reject: RCPT from mail-db5eur01hn2229.outbound.protection.outlook.com[52.100.6.229]: 550 5.1.1 <suac+bncBCC7XN6N3YMBBMFGWWHQMGQER7SEXCQ@lamc.la>: Recipient address rejected: User unknown in local recipient table; from=<> to=<suac+bncBCC7XN6N3YMBBMFGWWHQMGQER7SEXCQ@lamc.la> proto=ESMTP helo=<EUR01-DB5-obe.outbound.protection.outlook.com>
Jan 23 13:13:09 localhost postfix/smtpd[20267]: connect from ioutemea2.hes.trendmicro.eu[52.58.62.202]
Jan 23 13:13:09 localhost postfix/smtpd[20267]: lost connection after CONNECT from ioutemea2.hes.trendmicro.eu[52.58.62.202]
Jan 23 13:13:09 localhost postfix/smtpd[20267]: disconnect from ioutemea2.hes.trendmicro.eu[52.58.62.202] commands=0/0
Jan 23 13:13:09 localhost postfix/smtpd[20310]: NOQUEUE: reject: RCPT from mail-qk1-f195.google.com[209.85.222.195]: 550 5.1.1 <suac+bncBCC7XN6N3YMBBMFGWWHQMGQER7SEXCQ@lamc.la>: Recipient address rejected: User unknown in local recipient table; from=<> to=<suac+bncBCC7XN6N3YMBBMFGWWHQMGQER7SEXCQ@lamc.la> proto=ESMTP helo=<mail-qk1-f195.google.com>
Jan 23 13:13:09 localhost postfix/smtpd[20244]: lost connection after RSET from unknown[163.130.201.131]
Jan 23 13:13:09 localhost postfix/smtpd[20244]: disconnect from unknown[163.130.201.131] ehlo=1 mail=1 rcpt=0/1 data=0/1 rset=1 commands=3/5
Jan 23 13:13:09 localhost postfix/smtpd[20123]: lost connection after RSET from unknown[163.130.201.131]
Jan 23 13:13:09 localhost postfix/smtpd[20123]: disconnect from unknown[163.130.201.131] ehlo=1 mail=1 rcpt=0/1 data=0/1 rset=1 commands=3/5
Jan 23 13:13:09 localhost postfix/smtpd[20315]: disconnect from mail-qt1-f193.google.com[209.85.160.193] ehlo=2 starttls=1 mail=1 rcpt=0/1 bdat=0/1 quit=1 commands=5/7
Jan 23 13:13:09 localhost postfix/smtpd[20278]: lost connection after RSET from mailgw.kobe-u.ac.jp[133.30.30.67]
Jan 23 13:13:09 localhost postfix/smtpd[20278]: disconnect from mailgw.kobe-u.ac.jp[133.30.30.67] ehlo=1 mail=1 rcpt=0/1 data=0/1 rset=1 commands=3/5
Jan 23 13:13:09 localhost postfix/smtpd[20334]: connect from ioutemea4.hes.trendmicro.eu[52.58.62.204]
Jan 23 13:13:09 localhost postfix/smtpd[20314]: disconnect from mail-cwlgbr01hn2222.outbound.protection.outlook.com[52.100.178.222] ehlo=2 starttls=1 mail=1 rcpt=0/1 quit=1 commands=5/6
Jan 23 13:13:09 localhost postfix/smtpd[20332]: connect from mx0b-00602c01.pphosted.com[205.220.174.65]
Jan 23 13:13:09 localhost postfix/smtpd[20200]: NOQUEUE: reject: RCPT from tranquility.mcc.ac.uk[130.88.200.145]: 550 5.1.1 <suac+bncBCC7XN6N3YMBBMFGWWHQMGQER7SEXCQ@lamc.la>: Recipient address rejected: User unknown in local recipient table; from=<> to=<suac+bncBCC7XN6N3YMBBMFGWWHQMGQER7SEXCQ@lamc.la> proto=ESMTP helo=<tranquility.mcc.ac.uk>
Jan 23 13:13:09 localhost postfix/smtpd[20206]: disconnect from mail-am6eur05hn2248.outbound.protection.outlook.com[52.100.174.248] ehlo=2 starttls=1 mail=1 rcpt=0/1 rset=1 quit=1 commands=6/7
Jan 23 13:13:09 localhost postfix/smtpd[20320]: disconnect from mail-qv1-f66.google.com[209.85.219.66] ehlo=2 starttls=1 mail=1 rcpt=0/1 bdat=0/1 quit=1 commands=5/7
Jan 23 13:13:09 localhost postfix/smtpd[20268]: disconnect from mail-qk1-f196.google.com[209.85.222.196] ehlo=2 starttls=1 mail=1 rcpt=0/1 bdat=0/1 quit=1 commands=5/7
Jan 23 13:13:09 localhost postfix/smtpd[20323]: connect from cc-mg1.worc.ac.uk[194.83.248.233]
Jan 23 13:13:09 localhost postfix/smtpd[20323]: lost connection after CONNECT from cc-mg1.worc.ac.uk[194.83.248.233]
Jan 23 13:13:09 localhost postfix/smtpd[20323]: disconnect from cc-mg1.worc.ac.uk[194.83.248.233] commands=0/0
Jan 23 13:13:09 localhost postfix/smtpd[20123]: connect from ioutemea3.hes.trendmicro.eu[52.58.62.203]
Jan 23 13:13:09 localhost postfix/trivial-rewrite[20270]: warning: do not list domain lamc.la in BOTH mydestination and virtual_alias_domains
Jan 23 13:13:09 localhost postfix/smtpd[20343]: NOQUEUE: reject: RCPT from ssv0.keio.ac.jp[180.12.167.153]: 550 5.1.1 <suac+bncBCC7XN6N3YMBBMFGWWHQMGQER7SEXCQ@lamc.la>: Recipient address rejected: User unknown in local recipient table; from=<> to=<suac+bncBCC7XN6N3YMBBMFGWWHQMGQER7SEXCQ@lamc.la> proto=ESMTP helo=<ssv0.keio.ac.jp>
Jan 23 13:13:09 localhost postfix/trivial-rewrite[20270]: warning: do not list domain lamc.la in BOTH mydestination and virtual_alias_domains
Jan 23 13:13:09 localhost postfix/smtpd[20328]: NOQUEUE: reject: RCPT from tranquility.mcc.ac.uk[130.88.200.145]: 550 5.1.1 <suac+bncBCC7XN6N3YMBBMFGWWHQMGQER7SEXCQ@lamc.la>: Recipient address rejected: User unknown in local recipient table; from=<> to=<suac+bncBCC7XN6N3YMBBMFGWWHQMGQER7SEXCQ@lamc.la> proto=ESMTP helo=<tranquility.mcc.ac.uk>
Jan 23 13:13:09 localhost postfix/smtpd[20343]: disconnect from ssv0.keio.ac.jp[180.12.167.153] ehlo=2 starttls=1 mail=1 rcpt=0/1 quit=1 commands=5/6
Jan 23 13:13:09 localhost postfix/smtpd[20312]: disconnect from mail-db5eur01hn2229.outbound.protection.outlook.com[52.100.6.229] ehlo=2 starttls=1 mail=1 rcpt=0/1 rset=1 quit=1 commands=6/7
Jan 23 13:13:09 localhost postfix/smtpd[20330]: disconnect from mail-qk1-f195.google.com[209.85.222.195] ehlo=2 starttls=1 mail=1 rcpt=0/1 bdat=0/1 quit=1 commands=5/7
Jan 23 13:13:09 localhost postfix/smtpd[20244]: connect from ssv0.keio.ac.jp[180.12.167.153]
Jan 23 13:13:09 localhost postfix/smtpd[20326]: disconnect from mail-qt1-f195.google.com[209.85.160.195] ehlo=2 starttls=1 mail=1 rcpt=0/1 bdat=0/1 quit=1 commands=5/7
Jan 23 13:13:09 localhost postfix/smtpd[20294]: NOQUEUE: reject: RCPT from clarity.mcc.ac.uk[130.88.200.144]: 550 5.1.1 <suac+bncBCC7XN6N3YMBBMFGWWHQMGQER7SEXCQ@lamc.la>: Recipient address rejected: User unknown in local recipient table; from=<> to=<suac+bncBCC7XN6N3YMBBMFGWWHQMGQER7SEXCQ@lamc.la> proto=ESMTP helo=<clarity.mcc.ac.uk>
Jan 23 13:13:09 localhost postfix/smtpd[20311]: NOQUEUE: reject: RCPT from ioutemea4.hes.trendmicro.eu[52.58.62.204]: 550 5.1.1 <suac+bncBCC7XN6N3YMBBMFGWWHQMGQER7SEXCQ@lamc.la>: Recipient address rejected: User unknown in local recipient table; from=<> to=<suac+bncBCC7XN6N3YMBBMFGWWHQMGQER7SEXCQ@lamc.la> proto=ESMTP helo=<ioutemea4.hes.trendmicro.eu>
Jan 23 13:13:09 localhost postfix/smtpd[20267]: connect from ioutemea3.hes.trendmicro.eu[52.58.62.203]
Jan 23 13:13:09 localhost postfix/trivial-rewrite[20270]: warning: do not list domain lamc.la in BOTH mydestination and virtual_alias_domains
Jan 23 13:13:09 localhost postfix/smtpd[20278]: connect from ioutemea7.hes.trendmicro.eu[52.58.62.223]
Jan 23 13:13:09 localhost postfix/smtpd[20336]: NOQUEUE: reject: RCPT from ioutemea7.hes.trendmicro.eu[52.58.62.223]: 550 5.1.1 <suac+bncBCC7XN6N3YMBBMFGWWHQMGQER7SEXCQ@lamc.la>: Recipient address rejected: User unknown in local recipient table; from=<> to=<suac+bncBCC7XN6N3YMBBMFGWWHQMGQER7SEXCQ@lamc.la> proto=ESMTP helo=<ioutemea7.hes.trendmicro.eu>
Jan 23 13:13:09 localhost postfix/smtpd[20315]: connect from ioutemea2.hes.trendmicro.eu[52.58.62.202]
Jan 23 13:13:09 localhost postfix/smtpd[20320]: connect from ioutemea3.hes.trendmicro.eu[52.58.62.203]
Jan 23 13:13:09 localhost postfix/smtpd[20314]: connect from ioutemea5.hes.trendmicro.eu[52.58.62.221]
Jan 23 13:13:09 localhost postfix/smtpd[20214]: NOQUEUE: reject: RCPT from ioutemea7.hes.trendmicro.eu[52.58.62.223]: 550 5.1.1 <suac+bncBCC7XN6N3YMBBMFGWWHQMGQER7SEXCQ@lamc.la>: Recipient address rejected: User unknown in local recipient table; from=<> to=<suac+bncBCC7XN6N3YMBBMFGWWHQMGQER7SEXCQ@lamc.la> proto=ESMTP helo=<ioutemea7.hes.trendmicro.eu>
Jan 23 13:13:09 localhost postfix/smtpd[20200]: disconnect from tranquility.mcc.ac.uk[130.88.200.145] ehlo=2 starttls=1 mail=1 rcpt=0/1 bdat=0/1 quit=1 commands=5/7
Jan 23 13:13:09 localhost postfix/trivial-rewrite[20270]: warning: do not list domain lamc.la in BOTH mydestination and virtual_alias_domains
Jan 23 13:13:09 localhost postfix/smtpd[20337]: NOQUEUE: reject: RCPT from ioutemea4.hes.trendmicro.eu[52.58.62.204]: 550 5.1.1 <suac+bncBCC7XN6N3YMBBMFGWWHQMGQER7SEXCQ@lamc.la>: Recipient address rejected: User unknown in local recipient table; from=<> to=<suac+bncBCC7XN6N3YMBBMFGWWHQMGQER7SEXCQ@lamc.la> proto=ESMTP helo=<ioutemea4.hes.trendmicro.eu>
Jan 23 13:13:09 localhost postfix/smtpd[20333]: NOQUEUE: reject: RCPT from ioutemea5.hes.trendmicro.eu[52.58.62.221]: 550 5.1.1 <suac+bncBCC7XN6N3YMBBMFGWWHQMGQER7SEXCQ@lamc.la>: Recipient address rejected: User unknown in local recipient table; from=<> to=<suac+bncBCC7XN6N3YMBBMFGWWHQMGQER7SEXCQ@lamc.la> proto=ESMTP helo=<ioutemea5.hes.trendmicro.eu>
Jan 23 13:13:09 localhost postfix/smtpd[20335]: NOQUEUE: reject: RCPT from ioutemea4.hes.trendmicro.eu[52.58.62.204]: 550 5.1.1 <suac+bncBCC7XN6N3YMBBMFGWWHQMGQER7SEXCQ@lamc.la>: Recipient address rejected: User unknown in local recipient table; from=<> to=<suac+bncBCC7XN6N3YMBBMFGWWHQMGQER7SEXCQ@lamc.la> proto=ESMTP helo=<ioutemea4.hes.trendmicro.eu>
Jan 23 13:13:09 localhost postfix/smtpd[20308]: NOQUEUE: reject: RCPT from ioutemea7.hes.trendmicro.eu[52.58.62.223]: 550 5.1.1 <suac+bncBCC7XN6N3YMBBMFGWWHQMGQER7SEXCQ@lamc.la>: Recipient address rejected: User unknown in local recipient table; from=<> to=<suac+bncBCC7XN6N3YMBBMFGWWHQMGQER7SEXCQ@lamc.la> proto=ESMTP helo=<ioutemea7.hes.trendmicro.eu>
Jan 23 13:13:09 localhost postfix/trivial-rewrite[20270]: warning: do not list domain lamc.la in BOTH mydestination and virtual_alias_domains
Jan 23 13:13:09 localhost postfix/smtpd[20338]: NOQUEUE: reject: RCPT from ioutemea1.hes.trendmicro.eu[52.58.62.201]: 550 5.1.1 <suac+bncBCC7XN6N3YMBBMFGWWHQMGQER7SEXCQ@lamc.la>: Recipient address rejected: User unknown in local recipient table; from=<> to=<suac+bncBCC7XN6N3YMBBMFGWWHQMGQER7SEXCQ@lamc.la> proto=ESMTP helo=<ioutemea1.hes.trendmicro.eu>
Jan 23 13:13:09 localhost postfix/trivial-rewrite[20270]: warning: do not list domain lamc.la in BOTH mydestination and virtual_alias_domains
Jan 23 13:13:09 localhost postfix/smtpd[20340]: NOQUEUE: reject: RCPT from ioutemea3.hes.trendmicro.eu[52.58.62.203]: 550 5.1.1 <suac+bncBCC7XN6N3YMBBMFGWWHQMGQER7SEXCQ@lamc.la>: Recipient address rejected: User unknown in local recipient table; from=<> to=<suac+bncBCC7XN6N3YMBBMFGWWHQMGQER7SEXCQ@lamc.la> proto=ESMTP helo=<ioutemea3.hes.trendmicro.eu>
Jan 23 13:13:09 localhost postfix/trivial-rewrite[20270]: warning: do not list domain lamc.la in BOTH mydestination and virtual_alias_domains
Jan 23 13:13:09 localhost postfix/smtpd[20339]: NOQUEUE: reject: RCPT from ioutemea3.hes.trendmicro.eu[52.58.62.203]: 550 5.1.1 <suac+bncBCC7XN6N3YMBBMFGWWHQMGQER7SEXCQ@lamc.la>: Recipient address rejected: User unknown in local recipient table; from=<> to=<suac+bncBCC7XN6N3YMBBMFGWWHQMGQER7SEXCQ@lamc.la> proto=ESMTP helo=<ioutemea3.hes.trendmicro.eu>
Jan 23 13:13:09 localhost postfix/smtpd[20330]: connect from ioutemea2.hes.trendmicro.eu[52.58.62.202]
Jan 23 13:13:09 localhost postfix/smtpd[20328]: disconnect from tranquility.mcc.ac.uk[130.88.200.145] ehlo=2 starttls=1 mail=1 rcpt=0/1 bdat=0/1 quit=1 commands=5/7
Jan 23 13:13:09 localhost postfix/smtpd[20326]: connect from ioutemea7.hes.trendmicro.eu[52.58.62.223]
Jan 23 13:13:09 localhost postfix/smtpd[20318]: NOQUEUE: reject: RCPT from ioutemea7.hes.trendmicro.eu[52.58.62.223]: 550 5.1.1 <suac+bncBCC7XN6N3YMBBMFGWWHQMGQER7SEXCQ@lamc.la>: Recipient address rejected: User unknown in local recipient table; from=<> to=<suac+bncBCC7XN6N3YMBBMFGWWHQMGQER7SEXCQ@lamc.la> proto=ESMTP helo=<ioutemea7.hes.trendmicro.eu>
Jan 23 13:13:09 localhost postfix/trivial-rewrite[20270]: warning: do not list domain lamc.la in BOTH mydestination and virtual_alias_domains
Jan 23 13:13:09 localhost postfix/trivial-rewrite[20270]: warning: do not list domain lamc.la in BOTH mydestination and virtual_alias_domains
Jan 23 13:13:09 localhost postfix/smtpd[20341]: NOQUEUE: reject: RCPT from ioutemea4.hes.trendmicro.eu[52.58.62.204]: 550 5.1.1 <suac+bncBCC7XN6N3YMBBMFGWWHQMGQER7SEXCQ@lamc.la>: Recipient address rejected: User unknown in local recipient table; from=<> to=<suac+bncBCC7XN6N3YMBBMFGWWHQMGQER7SEXCQ@lamc.la> proto=ESMTP helo=<ioutemea4.hes.trendmicro.eu>
Jan 23 13:13:09 localhost postfix/smtpd[20342]: NOQUEUE: reject: RCPT from ioutemea1.hes.trendmicro.eu[52.58.62.201]: 550 5.1.1 <suac+bncBCC7XN6N3YMBBMFGWWHQMGQER7SEXCQ@lamc.la>: Recipient address rejected: User unknown in local recipient table; from=<> to=<suac+bncBCC7XN6N3YMBBMFGWWHQMGQER7SEXCQ@lamc.la> proto=ESMTP helo=<ioutemea1.hes.trendmicro.eu>
Jan 23 13:13:09 localhost postfix/smtpd[20244]: NOQUEUE: reject: RCPT from ssv0.keio.ac.jp[180.12.167.153]: 550 5.1.1 <suac+bncBCC7XN6N3YMBBMFGWWHQMGQER7SEXCQ@lamc.la>: Recipient address rejected: User unknown in local recipient table; from=<> to=<suac+bncBCC7XN6N3YMBBMFGWWHQMGQER7SEXCQ@lamc.la> proto=ESMTP helo=<ssv0.keio.ac.jp>
Jan 23 13:13:09 localhost postfix/smtpd[20317]: NOQUEUE: reject: RCPT from ioutemea5.hes.trendmicro.eu[52.58.62.221]: 550 5.1.1 <suac+bncBCC7XN6N3YMBBMFGWWHQMGQER7SEXCQ@lamc.la>: Recipient address rejected: User unknown in local recipient table; from=<> to=<suac+bncBCC7XN6N3YMBBMFGWWHQMGQER7SEXCQ@lamc.la> proto=ESMTP helo=<ioutemea5.hes.trendmicro.eu>
Jan 23 13:13:09 localhost postfix/smtpd[20310]: disconnect from mail-qk1-f195.google.com[209.85.222.195] ehlo=2 starttls=1 mail=1 rcpt=0/1 bdat=0/1 quit=1 commands=5/7
Jan 23 13:13:09 localhost postfix/smtpd[20244]: disconnect from ssv0.keio.ac.jp[180.12.167.153] ehlo=2 starttls=1 mail=1 rcpt=0/1 quit=1 commands=5/6
Jan 23 13:13:09 localhost postfix/smtpd[20294]: disconnect from clarity.mcc.ac.uk[130.88.200.144] ehlo=2 starttls=1 mail=1 rcpt=0/1 bdat=0/1 quit=1 commands=5/7
Jan 23 13:13:09 localhost postfix/smtpd[20311]: disconnect from ioutemea4.hes.trendmicro.eu[52.58.62.204] ehlo=2 starttls=1 mail=1 rcpt=0/1 data=0/1 rset=1 quit=1 commands=6/8
Jan 23 13:13:09 localhost postfix/smtpd[20336]: disconnect from ioutemea7.hes.trendmicro.eu[52.58.62.223] ehlo=2 starttls=1 mail=1 rcpt=0/1 data=0/1 rset=1 quit=1 commands=6/8
Jan 23 13:13:09 localhost postfix/smtpd[20313]: NOQUEUE: reject: RCPT from ioutemea7.hes.trendmicro.eu[52.58.62.223]: 550 5.1.1 <suac+bncBCC7XN6N3YMBBMFGWWHQMGQER7SEXCQ@lamc.la>: Recipient address rejected: User unknown in local recipient table; from=<> to=<suac+bncBCC7XN6N3YMBBMFGWWHQMGQER7SEXCQ@lamc.la> proto=ESMTP helo=<ioutemea7.hes.trendmicro.eu>
Jan 23 13:13:09 localhost postfix/smtpd[20214]: disconnect from ioutemea7.hes.trendmicro.eu[52.58.62.223] ehlo=2 starttls=1 mail=1 rcpt=0/1 data=0/1 rset=1 quit=1 commands=6/8
Jan 23 13:13:09 localhost postfix/smtpd[20337]: disconnect from ioutemea4.hes.trendmicro.eu[52.58.62.204] ehlo=2 starttls=1 mail=1 rcpt=0/1 data=0/1 rset=1 quit=1 commands=6/8
Jan 23 13:13:09 localhost postfix/smtpd[20331]: lost connection after RSET from gumx.gifu-u.ac.jp[133.66.1.10]
Jan 23 13:13:09 localhost postfix/smtpd[20331]: disconnect from gumx.gifu-u.ac.jp[133.66.1.10] ehlo=1 mail=1 rcpt=0/1 data=0/1 rset=1 commands=3/5
Jan 23 13:13:09 localhost postfix/smtpd[20333]: disconnect from ioutemea5.hes.trendmicro.eu[52.58.62.221] ehlo=2 starttls=1 mail=1 rcpt=0/1 data=0/1 rset=1 quit=1 commands=6/8
Jan 23 13:13:09 localhost postfix/smtpd[20335]: disconnect from ioutemea4.hes.trendmicro.eu[52.58.62.204] ehlo=2 starttls=1 mail=1 rcpt=0/1 data=0/1 rset=1 quit=1 commands=6/8
Jan 23 13:13:09 localhost postfix/smtpd[20321]: lost connection after RSET from dms-a02.ipc.shizuoka.ac.jp[133.70.128.239]
Jan 23 13:13:09 localhost postfix/smtpd[20321]: disconnect from dms-a02.ipc.shizuoka.ac.jp[133.70.128.239] ehlo=1 mail=1 rcpt=0/1 data=0/1 rset=1 commands=3/5
Jan 23 13:13:09 localhost postfix/smtpd[20308]: disconnect from ioutemea7.hes.trendmicro.eu[52.58.62.223] ehlo=2 starttls=1 mail=1 rcpt=0/1 data=0/1 rset=1 quit=1 commands=6/8
Jan 23 13:13:09 localhost postfix/smtpd[20340]: disconnect from ioutemea3.hes.trendmicro.eu[52.58.62.203] ehlo=2 starttls=1 mail=1 rcpt=0/1 data=0/1 rset=1 quit=1 commands=6/8
Jan 23 13:13:09 localhost postfix/smtpd[20338]: disconnect from ioutemea1.hes.trendmicro.eu[52.58.62.201] ehlo=2 starttls=1 mail=1 rcpt=0/1 data=0/1 rset=1 quit=1 commands=6/8
Jan 23 13:13:10 localhost postfix/smtpd[20339]: disconnect from ioutemea3.hes.trendmicro.eu[52.58.62.203] ehlo=2 starttls=1 mail=1 rcpt=0/1 data=0/1 rset=1 quit=1 commands=6/8
Jan 23 13:13:10 localhost postfix/smtpd[20318]: disconnect from ioutemea7.hes.trendmicro.eu[52.58.62.223] ehlo=2 starttls=1 mail=1 rcpt=0/1 data=0/1 rset=1 quit=1 commands=6/8
Jan 23 13:13:10 localhost postfix/smtpd[20342]: disconnect from ioutemea1.hes.trendmicro.eu[52.58.62.201] ehlo=2 starttls=1 mail=1 rcpt=0/1 data=0/1 rset=1 quit=1 commands=6/8
Jan 23 13:13:10 localhost postfix/smtpd[20341]: disconnect from ioutemea4.hes.trendmicro.eu[52.58.62.204] ehlo=2 starttls=1 mail=1 rcpt=0/1 data=0/1 rset=1 quit=1 commands=6/8
Jan 23 13:13:10 localhost postfix/smtpd[20325]: NOQUEUE: reject: RCPT from ioutemea3.hes.trendmicro.eu[52.58.62.203]: 550 5.1.1 <suac+bncBCC7XN6N3YMBBMFGWWHQMGQER7SEXCQ@lamc.la>: Recipient address rejected: User unknown in local recipient table; from=<> to=<suac+bncBCC7XN6N3YMBBMFGWWHQMGQER7SEXCQ@lamc.la> proto=ESMTP helo=<ioutemea3.hes.trendmicro.eu>
Jan 23 13:13:10 localhost postfix/smtpd[20304]: NOQUEUE: reject: RCPT from ioutemea4.hes.trendmicro.eu[52.58.62.204]: 550 5.1.1 <suac+bncBCC7XN6N3YMBBMFGWWHQMGQER7SEXCQ@lamc.la>: Recipient address rejected: User unknown in local recipient table; from=<> to=<suac+bncBCC7XN6N3YMBBMFGWWHQMGQER7SEXCQ@lamc.la> proto=ESMTP helo=<ioutemea4.hes.trendmicro.eu>
Jan 23 13:13:10 localhost postfix/smtpd[20317]: disconnect from ioutemea5.hes.trendmicro.eu[52.58.62.221] ehlo=2 starttls=1 mail=1 rcpt=0/1 data=0/1 rset=1 quit=1 commands=6/8
Jan 23 13:13:10 localhost postfix/smtpd[20323]: connect from ioutemea7.hes.trendmicro.eu[52.58.62.223]
Jan 23 13:13:10 localhost postfix/smtpd[20268]: connect from ioutemea4.hes.trendmicro.eu[52.58.62.204]
Jan 23 13:13:10 localhost postfix/smtpd[20265]: NOQUEUE: reject: RCPT from ioutemea1.hes.trendmicro.eu[52.58.62.201]: 550 5.1.1 <suac+bncBCC7XN6N3YMBBMFGWWHQMGQER7SEXCQ@lamc.la>: Recipient address rejected: User unknown in local recipient table; from=<> to=<suac+bncBCC7XN6N3YMBBMFGWWHQMGQER7SEXCQ@lamc.la> proto=ESMTP helo=<ioutemea1.hes.trendmicro.eu>
Jan 23 13:13:10 localhost postfix/smtpd[20316]: connect from as104.med.tohoku.ac.jp[130.34.173.81]
Jan 23 13:13:10 localhost postfix/smtpd[20205]: NOQUEUE: reject: RCPT from ioutemea5.hes.trendmicro.eu[52.58.62.221]: 550 5.1.1 <suac+bncBCC7XN6N3YMBBMFGWWHQMGQER7SEXCQ@lamc.la>: Recipient address rejected: User unknown in local recipient table; from=<> to=<suac+bncBCC7XN6N3YMBBMFGWWHQMGQER7SEXCQ@lamc.la> proto=ESMTP helo=<ioutemea5.hes.trendmicro.eu>
Jan 23 13:13:10 localhost postfix/smtpd[20313]: disconnect from ioutemea7.hes.trendmicro.eu[52.58.62.223] ehlo=2 starttls=1 mail=1 rcpt=0/1 data=0/1 rset=1 quit=1 commands=6/8
Jan 23 13:13:10 localhost postfix/smtpd[20343]: connect from ioutemea2.hes.trendmicro.eu[52.58.62.202]
Jan 23 13:13:10 localhost postfix/smtpd[20316]: NOQUEUE: reject: RCPT from as104.med.tohoku.ac.jp[130.34.173.81]: 550 5.1.1 <suac+bncBCC7XN6N3YMBBMFGWWHQMGQER7SEXCQ@lamc.la>: Recipient address rejected: User unknown in local recipient table; from=<> to=<suac+bncBCC7XN6N3YMBBMFGWWHQMGQER7SEXCQ@lamc.la> proto=SMTP helo=<as104.med.tohoku.ac.jp>
Jan 23 13:13:10 localhost postfix/smtpd[20309]: NOQUEUE: reject: RCPT from ioutemea1.hes.trendmicro.eu[52.58.62.201]: 550 5.1.1 <suac+bncBCC7XN6N3YMBBMFGWWHQMGQER7SEXCQ@lamc.la>: Recipient address rejected: User unknown in local recipient table; from=<> to=<suac+bncBCC7XN6N3YMBBMFGWWHQMGQER7SEXCQ@lamc.la> proto=ESMTP helo=<ioutemea1.hes.trendmicro.eu>
Jan 23 13:13:10 localhost postfix/smtpd[20324]: NOQUEUE: reject: RCPT from ioutemea7.hes.trendmicro.eu[52.58.62.223]: 550 5.1.1 <suac+bncBCC7XN6N3YMBBMFGWWHQMGQER7SEXCQ@lamc.la>: Recipient address rejected: User unknown in local recipient table; from=<> to=<suac+bncBCC7XN6N3YMBBMFGWWHQMGQER7SEXCQ@lamc.la> proto=ESMTP helo=<ioutemea7.hes.trendmicro.eu>
Jan 23 13:13:10 localhost postfix/smtpd[20272]: NOQUEUE: reject: RCPT from ioutemea7.hes.trendmicro.eu[52.58.62.223]: 550 5.1.1 <suac+bncBCC7XN6N3YMBBMFGWWHQMGQER7SEXCQ@lamc.la>: Recipient address rejected: User unknown in local recipient table; from=<> to=<suac+bncBCC7XN6N3YMBBMFGWWHQMGQER7SEXCQ@lamc.la> proto=ESMTP helo=<ioutemea7.hes.trendmicro.eu>
Jan 23 13:13:10 localhost postfix/smtpd[20325]: disconnect from ioutemea3.hes.trendmicro.eu[52.58.62.203] ehlo=2 starttls=1 mail=1 rcpt=0/1 data=0/1 rset=1 quit=1 commands=6/8
Jan 23 13:13:10 localhost postfix/smtpd[20316]: disconnect from as104.med.tohoku.ac.jp[130.34.173.81] helo=1 mail=1 rcpt=0/1 rset=1 quit=1 commands=4/5
Jan 23 13:13:10 localhost postfix/smtpd[20304]: disconnect from ioutemea4.hes.trendmicro.eu[52.58.62.204] ehlo=2 starttls=1 mail=1 rcpt=0/1 data=0/1 rset=1 quit=1 commands=6/8
Jan 23 13:13:10 localhost postfix/smtpd[20265]: disconnect from ioutemea1.hes.trendmicro.eu[52.58.62.201] ehlo=2 starttls=1 mail=1 rcpt=0/1 data=0/1 rset=1 quit=1 commands=6/8
Jan 23 13:13:10 localhost postfix/smtpd[20209]: NOQUEUE: reject: RCPT from bounce4a.electric.net[192.162.216.160]: 550 5.1.1 <suac+bncBCC7XN6N3YMBBMFGWWHQMGQER7SEXCQ@lamc.la>: Recipient address rejected: User unknown in local recipient table; from=<> to=<suac+bncBCC7XN6N3YMBBMFGWWHQMGQER7SEXCQ@lamc.la> proto=ESMTP helo=<bounce4a.electric.net>
Jan 23 13:13:10 localhost postfix/smtpd[20292]: connect from ioutemea4.hes.trendmicro.eu[52.58.62.204]
Jan 23 13:13:10 localhost postfix/smtpd[20205]: disconnect from ioutemea5.hes.trendmicro.eu[52.58.62.221] ehlo=2 starttls=1 mail=1 rcpt=0/1 data=0/1 rset=1 quit=1 commands=6/8
Jan 23 13:13:10 localhost postfix/smtpd[20338]: connect from ioutemea7.hes.trendmicro.eu[52.58.62.223]
Jan 23 13:13:10 localhost postfix/smtpd[20200]: connect from ioutemea7.hes.trendmicro.eu[52.58.62.223]
Jan 23 13:13:10 localhost postfix/smtpd[20318]: connect from ioutemea4.hes.trendmicro.eu[52.58.62.204]
Jan 23 13:13:10 localhost postfix/smtpd[20340]: connect from ioutemea5.hes.trendmicro.eu[52.58.62.221]
Jan 23 13:13:10 localhost postfix/smtpd[20339]: connect from ioutemea3.hes.trendmicro.eu[52.58.62.203]
Jan 23 13:13:10 localhost postfix/smtpd[20336]: connect from ioutemea4.hes.trendmicro.eu[52.58.62.204]
Jan 23 13:13:10 localhost postfix/smtpd[20342]: connect from ioutemea3.hes.trendmicro.eu[52.58.62.203]
Jan 23 13:13:10 localhost postfix/smtpd[20309]: disconnect from ioutemea1.hes.trendmicro.eu[52.58.62.201] ehlo=2 starttls=1 mail=1 rcpt=0/1 data=0/1 rset=1 quit=1 commands=6/8
Jan 23 13:13:10 localhost postfix/smtpd[20294]: connect from ioutemea1.hes.trendmicro.eu[52.58.62.201]
Jan 23 13:13:10 localhost postfix/smtpd[20214]: connect from ioutemea7.hes.trendmicro.eu[52.58.62.223]
Jan 23 13:13:10 localhost postfix/smtpd[20244]: connect from ioutemea3.hes.trendmicro.eu[52.58.62.203]
Jan 23 13:13:10 localhost postfix/smtpd[20324]: disconnect from ioutemea7.hes.trendmicro.eu[52.58.62.223] ehlo=2 starttls=1 mail=1 rcpt=0/1 data=0/1 rset=1 quit=1 commands=6/8
Jan 23 13:13:10 localhost postfix/smtpd[20333]: connect from ioutemea3.hes.trendmicro.eu[52.58.62.203]
Jan 23 13:13:10 localhost postfix/smtpd[20335]: connect from ioutemea1.hes.trendmicro.eu[52.58.62.201]
Jan 23 13:13:10 localhost postfix/smtpd[20311]: connect from ioutemea4.hes.trendmicro.eu[52.58.62.204]
Jan 23 13:13:10 localhost postfix/smtpd[20272]: disconnect from ioutemea7.hes.trendmicro.eu[52.58.62.223] ehlo=2 starttls=1 mail=1 rcpt=0/1 data=0/1 rset=1 quit=1 commands=6/8
Jan 23 13:13:10 localhost postfix/smtpd[20313]: connect from ioutemea7.hes.trendmicro.eu[52.58.62.223]
Jan 23 13:13:10 localhost postfix/smtpd[20329]: NOQUEUE: reject: RCPT from ioutemea3.hes.trendmicro.eu[52.58.62.203]: 550 5.1.1 <suac+bncBCC7XN6N3YMBBMFGWWHQMGQER7SEXCQ@lamc.la>: Recipient address rejected: User unknown in local recipient table; from=<> to=<suac+bncBCC7XN6N3YMBBMFGWWHQMGQER7SEXCQ@lamc.la> proto=ESMTP helo=<ioutemea3.hes.trendmicro.eu>
Jan 23 13:13:10 localhost postfix/smtpd[20312]: connect from ioutemea5.hes.trendmicro.eu[52.58.62.221]
Jan 23 13:13:10 localhost postfix/smtpd[20337]: connect from ioutemea4.hes.trendmicro.eu[52.58.62.204]
Jan 23 13:13:10 localhost postfix/smtpd[20195]: NOQUEUE: reject: RCPT from ioutemea2.hes.trendmicro.eu[52.58.62.202]: 550 5.1.1 <suac+bncBCC7XN6N3YMBBMFGWWHQMGQER7SEXCQ@lamc.la>: Recipient address rejected: User unknown in local recipient table; from=<> to=<suac+bncBCC7XN6N3YMBBMFGWWHQMGQER7SEXCQ@lamc.la> proto=ESMTP helo=<ioutemea2.hes.trendmicro.eu>
Jan 23 13:13:10 localhost postfix/smtpd[20205]: connect from ioutemea1.hes.trendmicro.eu[52.58.62.201]
Jan 23 13:13:10 localhost postfix/smtpd[20328]: connect from ioutemea7.hes.trendmicro.eu[52.58.62.223]
Jan 23 13:13:10 localhost postfix/smtpd[20332]: NOQUEUE: reject: RCPT from mx0b-00602c01.pphosted.com[205.220.174.65]: 550 5.1.1 <suac+bncBCC7XN6N3YMBBMFGWWHQMGQER7SEXCQ@lamc.la>: Recipient address rejected: User unknown in local recipient table; from=<> to=<suac+bncBCC7XN6N3YMBBMFGWWHQMGQER7SEXCQ@lamc.la> proto=ESMTP helo=<mx0b-00602c01.pphosted.com>
Jan 23 13:13:10 localhost postfix/smtpd[20265]: connect from ioutemea7.hes.trendmicro.eu[52.58.62.223]
Jan 23 13:13:10 localhost postfix/smtpd[20331]: connect from ioutemea7.hes.trendmicro.eu[52.58.62.223]
Jan 23 13:13:10 localhost postfix/smtpd[20202]: NOQUEUE: reject: RCPT from ioutemea3.hes.trendmicro.eu[52.58.62.203]: 550 5.1.1 <suac+bncBCC7XN6N3YMBBMFGWWHQMGQER7SEXCQ@lamc.la>: Recipient address rejected: User unknown in local recipient table; from=<> to=<suac+bncBCC7XN6N3YMBBMFGWWHQMGQER7SEXCQ@lamc.la> proto=ESMTP helo=<ioutemea3.hes.trendmicro.eu>
Jan 23 13:13:10 localhost postfix/smtpd[20327]: connect from lmr2.uibk.ac.at[138.232.1.143]
Jan 23 13:13:10 localhost postfix/smtpd[20317]: connect from cap.iwate-med.ac.jp[202.244.192.65]
Jan 23 13:13:10 localhost postfix/smtpd[20329]: disconnect from ioutemea3.hes.trendmicro.eu[52.58.62.203] ehlo=2 starttls=1 mail=1 rcpt=0/1 data=0/1 rset=1 quit=1 commands=6/8
Jan 23 13:13:10 localhost postfix/smtpd[20206]: connect from ioutemea3.hes.trendmicro.eu[52.58.62.203]
Jan 23 13:13:10 localhost postfix/smtpd[20308]: connect from ioutemea7.hes.trendmicro.eu[52.58.62.223]
Jan 23 13:13:10 localhost postfix/smtpd[20308]: lost connection after CONNECT from ioutemea7.hes.trendmicro.eu[52.58.62.223]
Jan 23 13:13:10 localhost postfix/smtpd[20308]: disconnect from ioutemea7.hes.trendmicro.eu[52.58.62.223] commands=0/0
Jan 23 13:13:10 localhost postfix/smtpd[20324]: connect from ioutemea4.hes.trendmicro.eu[52.58.62.204]
Jan 23 13:13:10 localhost postfix/smtpd[20325]: connect from ioutemea1.hes.trendmicro.eu[52.58.62.201]
Jan 23 13:13:10 localhost postfix/smtpd[20341]: connect from ioutemea5.hes.trendmicro.eu[52.58.62.221]
