Jan 23 13:10:24 localhost postfix/smtpd[20195]: NOQUEUE: reject: RCPT from mg2.wits.ac.za[146.141.14.32]: 550 5.1.1 <suac+bncBCC7XN6N3YMBBMFGWWHQMGQER7SEXCQ@lamc.la>: Recipient address rejected: User unknown in local recipient table; from=<> to=<suac+bncBCC7XN6N3YMBBMFGWWHQMGQER7SEXCQ@lamc.la> proto=ESMTP helo=<mg2.wits.ac.za>
Jan 23 13:10:25 localhost postfix/smtpd[20202]: disconnect from mail-lo2gbr01hn2216.outbound.protection.outlook.com[52.100.179.216] ehlo=2 starttls=1 mail=1 rcpt=0/1 quit=1 commands=5/6
Jan 23 13:10:25 localhost postfix/smtpd[20202]: connect from mx33.noc.fujita-hu.ac.jp[202.236.169.33]
Jan 23 13:10:25 localhost postfix/smtpd[20206]: NOQUEUE: reject: RCPT from mail-lo2gbr01hn2200.outbound.protection.outlook.com[52.100.179.200]: 550 5.1.1 <suac+bncBCC7XN6N3YMBBMFGWWHQMGQER7SEXCQ@lamc.la>: Recipient address rejected: User unknown in local recipient table; from=<> to=<suac+bncBCC7XN6N3YMBBMFGWWHQMGQER7SEXCQ@lamc.la> proto=ESMTP helo=<GBR01-LO2-obe.outbound.protection.outlook.com>
Jan 23 13:10:26 localhost postfix/smtpd[20213]: NOQUEUE: reject: RCPT from mail-cwlgbr01hn2240.outbound.protection.outlook.com[52.100.178.240]: 550 5.1.1 <suac+bncBCC7XN6N3YMBBMFGWWHQMGQER7SEXCQ@lamc.la>: Recipient address rejected: User unknown in local recipient table; from=<> to=<suac+bncBCC7XN6N3YMBBMFGWWHQMGQER7SEXCQ@lamc.la> proto=ESMTP helo=<GBR01-CWL-obe.outbound.protection.outlook.com>
Jan 23 13:10:28 localhost postfix/smtpd[20205]: NOQUEUE: reject: RCPT from mx2.qub.ac.uk[143.117.16.73]: 550 5.1.1 <suac+bncBCC7XN6N3YMBBMFGWWHQMGQER7SEXCQ@lamc.la>: Recipient address rejected: User unknown in local recipient table; from=<> to=<suac+bncBCC7XN6N3YMBBMFGWWHQMGQER7SEXCQ@lamc.la> proto=ESMTP helo=<mx2.qub.ac.uk>
Jan 23 13:10:33 localhost postfix/smtpd[20123]: NOQUEUE: reject: RCPT from mcrmail01.ex.ac.uk[144.173.2.186]: 550 5.1.1 <suac+bncbcc7xn6n3ymbbmfgwwhqmgqer7sexcq@lamc.la>: Recipient address rejected: User unknown in local recipient table; from=<> to=<suac+bncbcc7xn6n3ymbbmfgwwhqmgqer7sexcq@lamc.la> proto=ESMTP helo=<mcrmail01.ex.ac.uk>
Jan 23 13:10:41 localhost postfix/smtpd[20206]: disconnect from mail-lo2gbr01hn2200.outbound.protection.outlook.com[52.100.179.200] ehlo=2 starttls=1 mail=1 rcpt=0/1 quit=1 commands=5/6
Jan 23 13:10:43 localhost postfix/smtpd[20213]: disconnect from mail-cwlgbr01hn2240.outbound.protection.outlook.com[52.100.178.240] ehlo=2 starttls=1 mail=1 rcpt=0/1 rset=1 quit=1 commands=6/7
Jan 23 13:11:05 localhost postfix/smtpd[20209]: NOQUEUE: reject: RCPT from unknown[163.130.201.131]: 550 5.1.1 <suac+bncBCC7XN6N3YMBBMFGWWHQMGQER7SEXCQ@lamc.la>: Recipient address rejected: User unknown in local recipient table; from=<> to=<suac+bncBCC7XN6N3YMBBMFGWWHQMGQER7SEXCQ@lamc.la> proto=ESMTP helo=<int-relay.sapmed.ac.jp>
Jan 23 13:11:30 localhost postfix/smtpd[20123]: disconnect from mcrmail01.ex.ac.uk[144.173.2.186] ehlo=2 starttls=1 mail=1 rcpt=0/1 quit=1 commands=5/6
Jan 23 13:11:41 localhost postfix/smtpd[20123]: connect from mailgate-ib2.hines.hokudai.ac.jp[133.87.1.185]
Jan 23 13:11:49 localhost postfix/smtpd[20206]: connect from gw4.mx.kanazawa-u.ac.jp[133.28.17.34]
Jan 23 13:11:56 localhost postfix/smtpd[20209]: disconnect from unknown[163.130.201.131] ehlo=1 mail=1 rcpt=0/1 data=0/1 rset=1 quit=1 commands=4/6
Jan 23 13:12:01 localhost postfix/smtpd[20213]: connect from gw3.mx.kanazawa-u.ac.jp[133.28.17.33]
Jan 23 13:12:14 localhost postfix/smtpd[20209]: connect from gw3.mx.kanazawa-u.ac.jp[133.28.17.33]
Jan 23 13:12:26 localhost postfix/smtpd[20205]: disconnect from mx2.qub.ac.uk[143.117.16.73] ehlo=2 starttls=1 mail=1 rcpt=0/1 bdat=0/1 quit=1 commands=5/7
Jan 23 13:12:54 localhost postfix/smtpd[20205]: connect from mail-lo2gbr01hn2223.outbound.protection.outlook.com[52.100.179.223]
Jan 23 13:13:06 localhost postfix/smtpd[20207]: NOQUEUE: reject: RCPT from smtp1.hines.hokudai.ac.jp[133.87.1.176]: 550 5.1.1 <suac+bncBCC7XN6N3YMBBMFGWWHQMGQER7SEXCQ@lamc.la>: Recipient address rejected: User unknown in local recipient table; from=<> to=<suac+bncBCC7XN6N3YMBBMFGWWHQMGQER7SEXCQ@lamc.la> proto=ESMTP helo=<smtp1.hines.hokudai.ac.jp>
Jan 23 13:13:06 localhost postfix/smtpd[20200]: NOQUEUE: reject: RCPT from rcrmail01.ex.ac.uk[144.173.2.187]: 550 5.1.1 <suac+bncbcc7xn6n3ymbbmfgwwhqmgqer7sexcq@lamc.la>: Recipient address rejected: User unknown in local recipient table; from=<> to=<suac+bncbcc7xn6n3ymbbmfgwwhqmgqer7sexcq@lamc.la> proto=ESMTP helo=<rcrmail01.ex.ac.uk>
Jan 23 13:13:06 localhost postfix/smtpd[20195]: NOQUEUE: reject: RCPT from mg2.wits.ac.za[146.141.14.32]: 550 5.1.1 <suac+bncBCC7XN6N3YMBBMFGWWHQMGQER7SEXCQ@lamc.la>: Recipient address rejected: User unknown in local recipient table; from=<> to=<suac+bncBCC7XN6N3YMBBMFGWWHQMGQER7SEXCQ@lamc.la> proto=ESMTP helo=<mg2.wits.ac.za>
Jan 23 13:13:06 localhost postfix/smtpd[20207]: disconnect from smtp1.hines.hokudai.ac.jp[133.87.1.176] ehlo=1 mail=1 rcpt=0/1 data=0/1 rset=1 quit=1 commands=4/6
Jan 23 13:13:06 localhost postfix/smtpd[20123]: NOQUEUE: reject: RCPT from mailgate-ib2.hines.hokudai.ac.jp[133.87.1.185]: 550 5.1.1 <suac+bncBCC7XN6N3YMBBMFGWWHQMGQER7SEXCQ@lamc.la>: Recipient address rejected: User unknown in local recipient table; from=<> to=<suac+bncBCC7XN6N3YMBBMFGWWHQMGQER7SEXCQ@lamc.la> proto=ESMTP helo=<mailgate-ib2.hines.hokudai.ac.jp>
Jan 23 13:13:06 localhost postfix/smtpd[20200]: disconnect from rcrmail01.ex.ac.uk[144.173.2.187] ehlo=2 starttls=1 mail=1 rcpt=0/1 quit=1 commands=5/6
Jan 23 13:13:06 localhost postfix/smtpd[20200]: connect from mcrmail01.ex.ac.uk[144.173.2.186]
Jan 23 13:13:06 localhost postfix/smtpd[20207]: connect from rcrmail01.ex.ac.uk[144.173.2.187]
Jan 23 13:13:06 localhost postfix/smtpd[20123]: disconnect from mailgate-ib2.hines.hokudai.ac.jp[133.87.1.185] ehlo=1 mail=1 rcpt=0/1 data=0/1 rset=1 quit=1 commands=4/6
Jan 23 13:13:06 localhost postfix/smtpd[20123]: connect from mail-lo2gbr01hn2224.outbound.protection.outlook.com[52.100.179.224]
Jan 23 13:13:06 localhost postfix/smtpd[20202]: NOQUEUE: reject: RCPT from mx33.noc.fujita-hu.ac.jp[202.236.169.33]: 550 5.1.1 <suac+bncBCC7XN6N3YMBBMFGWWHQMGQER7SEXCQ@lamc.la>: Recipient address rejected: User unknown in local recipient table; from=<> to=<suac+bncBCC7XN6N3YMBBMFGWWHQMGQER7SEXCQ@lamc.la> proto=ESMTP helo=<mx33.noc.fujita-hu.ac.jp>
Jan 23 13:13:06 localhost postfix/smtpd[20202]: disconnect from mx33.noc.fujita-hu.ac.jp[202.236.169.33] ehlo=2 starttls=1 mail=1 rcpt=0/1 data=0/1 rset=1 quit=1 commands=6/8
Jan 23 13:13:06 localhost postfix/smtpd[20202]: connect from mailgate-ib3.hines.hokudai.ac.jp[133.87.1.186]
Jan 23 13:13:06 localhost postfix/smtpd[20206]: NOQUEUE: reject: RCPT from gw4.mx.kanazawa-u.ac.jp[133.28.17.34]: 550 5.1.1 <suac+bncBCC7XN6N3YMBBMFGWWHQMGQER7SEXCQ@lamc.la>: Recipient address rejected: User unknown in local recipient table; from=<> to=<suac+bncBCC7XN6N3YMBBMFGWWHQMGQER7SEXCQ@lamc.la> proto=ESMTP helo=<gateway.mx.kanazawa-u.ac.jp>
Jan 23 13:13:06 localhost postfix/smtpd[20206]: disconnect from gw4.mx.kanazawa-u.ac.jp[133.28.17.34] ehlo=2 starttls=1 mail=1 rcpt=0/1 data=0/1 rset=1 quit=1 commands=6/8
Jan 23 13:13:06 localhost postfix/smtpd[20206]: connect from mail.sums.ac.ir[176.123.65.2]
Jan 23 13:13:06 localhost postfix/smtpd[20206]: lost connection after CONNECT from mail.sums.ac.ir[176.123.65.2]
Jan 23 13:13:06 localhost postfix/smtpd[20206]: disconnect from mail.sums.ac.ir[176.123.65.2] commands=0/0
Jan 23 13:13:06 localhost postfix/smtpd[20206]: connect from gw2.mx.kanazawa-u.ac.jp[133.28.17.32]
Jan 23 13:13:06 localhost postfix/anvil[20138]: statistics: max connection rate 27/60s for (smtp:144.173.2.186) at Jan 23 13:09:10
Jan 23 13:13:06 localhost postfix/anvil[20138]: statistics: max connection count 5 for (smtp:144.173.2.186) at Jan 23 13:09:04
Jan 23 13:13:06 localhost postfix/anvil[20138]: statistics: max cache size 48 at Jan 23 13:09:21
Jan 23 13:13:06 localhost postfix/smtpd[20213]: NOQUEUE: reject: RCPT from gw3.mx.kanazawa-u.ac.jp[133.28.17.33]: 550 5.1.1 <suac+bncBCC7XN6N3YMBBMFGWWHQMGQER7SEXCQ@lamc.la>: Recipient address rejected: User unknown in local recipient table; from=<> to=<suac+bncBCC7XN6N3YMBBMFGWWHQMGQER7SEXCQ@lamc.la> proto=ESMTP helo=<gateway.mx.kanazawa-u.ac.jp>
Jan 23 13:13:06 localhost postfix/smtpd[20209]: NOQUEUE: reject: RCPT from gw3.mx.kanazawa-u.ac.jp[133.28.17.33]: 550 5.1.1 <suac+bncBCC7XN6N3YMBBMFGWWHQMGQER7SEXCQ@lamc.la>: Recipient address rejected: User unknown in local recipient table; from=<> to=<suac+bncBCC7XN6N3YMBBMFGWWHQMGQER7SEXCQ@lamc.la> proto=ESMTP helo=<gateway.mx.kanazawa-u.ac.jp>
Jan 23 13:13:06 localhost postfix/smtpd[20195]: NOQUEUE: reject: RCPT from mg2.wits.ac.za[146.141.14.32]: 550 5.1.1 <suac+bncBCC7XN6N3YMBBMFGWWHQMGQER7SEXCQ@lamc.la>: Recipient address rejected: User unknown in local recipient table; from=<> to=<suac+bncBCC7XN6N3YMBBMFGWWHQMGQER7SEXCQ@lamc.la> proto=ESMTP helo=<mg2.wits.ac.za>
Jan 23 13:13:06 localhost postfix/smtpd[20213]: disconnect from gw3.mx.kanazawa-u.ac.jp[133.28.17.33] ehlo=2 starttls=1 mail=1 rcpt=0/1 data=0/1 rset=1 quit=1 commands=6/8
Jan 23 13:13:06 localhost postfix/smtpd[20209]: disconnect from gw3.mx.kanazawa-u.ac.jp[133.28.17.33] ehlo=2 starttls=1 mail=1 rcpt=0/1 data=0/1 rset=1 quit=1 commands=6/8
Jan 23 13:13:06 localhost postfix/smtpd[20213]: connect from artemis.shiga-med.ac.jp[202.19.144.107]
Jan 23 13:13:06 localhost postfix/smtpd[20209]: connect from mailgate-ib4.hines.hokudai.ac.jp[133.87.1.187]
Jan 23 13:13:06 localhost postfix/smtpd[20123]: NOQUEUE: reject: RCPT from mail-lo2gbr01hn2224.outbound.protection.outlook.com[52.100.179.224]: 550 5.1.1 <suac+bncBCC7XN6N3YMBBMFGWWHQMGQER7SEXCQ@lamc.la>: Recipient address rejected: User unknown in local recipient table; from=<> to=<suac+bncBCC7XN6N3YMBBMFGWWHQMGQER7SEXCQ@lamc.la> proto=ESMTP helo=<GBR01-LO2-obe.outbound.protection.outlook.com>
Jan 23 13:13:06 localhost postfix/smtpd[20123]: disconnect from mail-lo2gbr01hn2224.outbound.protection.outlook.com[52.100.179.224] ehlo=2 starttls=1 mail=1 rcpt=0/1 quit=1 commands=5/6
Jan 23 13:13:06 localhost postfix/smtpd[20123]: connect from mail-qk1-f196.google.com[209.85.222.196]
Jan 23 13:13:06 localhost postfix/smtpd[20195]: NOQUEUE: reject: RCPT from mg2.wits.ac.za[146.141.14.32]: 550 5.1.1 <suac+bncBCC7XN6N3YMBBMFGWWHQMGQER7SEXCQ@lamc.la>: Recipient address rejected: User unknown in local recipient table; from=<> to=<suac+bncBCC7XN6N3YMBBMFGWWHQMGQER7SEXCQ@lamc.la> proto=ESMTP helo=<mg2.wits.ac.za>
Jan 23 13:13:06 localhost postfix/smtpd[20195]: disconnect from mg2.wits.ac.za[146.141.14.32] ehlo=1 mail=4 rcpt=0/4 rset=4 quit=1 commands=10/14
Jan 23 13:13:06 localhost postfix/smtpd[20195]: connect from ioutemea7.hes.trendmicro.eu[52.58.62.223]
Jan 23 13:13:06 localhost postfix/smtpd[20195]: lost connection after CONNECT from ioutemea7.hes.trendmicro.eu[52.58.62.223]
Jan 23 13:13:06 localhost postfix/smtpd[20195]: disconnect from ioutemea7.hes.trendmicro.eu[52.58.62.223] commands=0/0
Jan 23 13:13:06 localhost postfix/smtpd[20195]: connect from mailrelay.umin.ac.jp[130.69.92.23]
Jan 23 13:13:06 localhost postfix/smtpd[20200]: NOQUEUE: reject: RCPT from mcrmail01.ex.ac.uk[144.173.2.186]: 550 5.1.1 <suac+bncbcc7xn6n3ymbbmfgwwhqmgqer7sexcq@lamc.la>: Recipient address rejected: User unknown in local recipient table; from=<> to=<suac+bncbcc7xn6n3ymbbmfgwwhqmgqer7sexcq@lamc.la> proto=ESMTP helo=<mcrmail01.ex.ac.uk>
Jan 23 13:13:06 localhost postfix/smtpd[20200]: lost connection after RCPT from mcrmail01.ex.ac.uk[144.173.2.186]
Jan 23 13:13:06 localhost postfix/smtpd[20200]: disconnect from mcrmail01.ex.ac.uk[144.173.2.186] ehlo=2 starttls=1 mail=1 rcpt=0/1 commands=4/5
Jan 23 13:13:06 localhost postfix/smtpd[20200]: connect from ioutemea7.hes.trendmicro.eu[52.58.62.223]
Jan 23 13:13:06 localhost postfix/smtpd[20200]: lost connection after CONNECT from ioutemea7.hes.trendmicro.eu[52.58.62.223]
Jan 23 13:13:06 localhost postfix/smtpd[20200]: disconnect from ioutemea7.hes.trendmicro.eu[52.58.62.223] commands=0/0
Jan 23 13:13:06 localhost postfix/smtpd[20200]: connect from f18msmtp-i01.cii.u-fukui.ac.jp[133.7.127.156]
Jan 23 13:13:06 localhost postfix/smtpd[20213]: NOQUEUE: reject: RCPT from artemis.shiga-med.ac.jp[202.19.144.107]: 550 5.1.1 <suac+bncBCC7XN6N3YMBBMFGWWHQMGQER7SEXCQ@lamc.la>: Recipient address rejected: User unknown in local recipient table; from=<> to=<suac+bncBCC7XN6N3YMBBMFGWWHQMGQER7SEXCQ@lamc.la> proto=ESMTP helo=<artemis.shiga-med.ac.jp>
Jan 23 13:13:06 localhost postfix/smtpd[20205]: NOQUEUE: reject: RCPT from mail-lo2gbr01hn2223.outbound.protection.outlook.com[52.100.179.223]: 550 5.1.1 <suac+bncBCC7XN6N3YMBBMFGWWHQMGQER7SEXCQ@lamc.la>: Recipient address rejected: User unknown in local recipient table; from=<> to=<suac+bncBCC7XN6N3YMBBMFGWWHQMGQER7SEXCQ@lamc.la> proto=ESMTP helo=<GBR01-LO2-obe.outbound.protection.outlook.com>
Jan 23 13:13:06 localhost postfix/smtpd[20207]: NOQUEUE: reject: RCPT from rcrmail01.ex.ac.uk[144.173.2.187]: 550 5.1.1 <suac+bncbcc7xn6n3ymbbmfgwwhqmgqer7sexcq@lamc.la>: Recipient address rejected: User unknown in local recipient table; from=<> to=<suac+bncbcc7xn6n3ymbbmfgwwhqmgqer7sexcq@lamc.la> proto=ESMTP helo=<rcrmail01.ex.ac.uk>
Jan 23 13:13:06 localhost postfix/smtpd[20202]: NOQUEUE: reject: RCPT from mailgate-ib3.hines.hokudai.ac.jp[133.87.1.186]: 550 5.1.1 <suac+bncBCC7XN6N3YMBBMFGWWHQMGQER7SEXCQ@lamc.la>: Recipient address rejected: User unknown in local recipient table; from=<> to=<suac+bncBCC7XN6N3YMBBMFGWWHQMGQER7SEXCQ@lamc.la> proto=ESMTP helo=<mailgate-ib3.hines.hokudai.ac.jp>
Jan 23 13:13:06 localhost postfix/smtpd[20195]: NOQUEUE: reject: RCPT from mailrelay.umin.ac.jp[130.69.92.23]: 550 5.1.1 <suac+bncBCC7XN6N3YMBBMFGWWHQMGQER7SEXCQ@lamc.la>: Recipient address rejected: User unknown in local recipient table; from=<> to=<suac+bncBCC7XN6N3YMBBMFGWWHQMGQER7SEXCQ@lamc.la> proto=ESMTP helo=<mailrelay.umin.ac.jp>
Jan 23 13:13:07 localhost postfix/smtpd[20207]: lost connection after RCPT from rcrmail01.ex.ac.uk[144.173.2.187]
Jan 23 13:13:07 localhost postfix/smtpd[20206]: NOQUEUE: reject: RCPT from gw2.mx.kanazawa-u.ac.jp[133.28.17.32]: 550 5.1.1 <suac+bncBCC7XN6N3YMBBMFGWWHQMGQER7SEXCQ@lamc.la>: Recipient address rejected: User unknown in local recipient table; from=<> to=<suac+bncBCC7XN6N3YMBBMFGWWHQMGQER7SEXCQ@lamc.la> proto=ESMTP helo=<gateway.mx.kanazawa-u.ac.jp>
Jan 23 13:13:07 localhost postfix/smtpd[20209]: NOQUEUE: reject: RCPT from mailgate-ib4.hines.hokudai.ac.jp[133.87.1.187]: 550 5.1.1 <suac+bncBCC7XN6N3YMBBMFGWWHQMGQER7SEXCQ@lamc.la>: Recipient address rejected: User unknown in local recipient table; from=<> to=<suac+bncBCC7XN6N3YMBBMFGWWHQMGQER7SEXCQ@lamc.la> proto=ESMTP helo=<mailgate-ib4.hines.hokudai.ac.jp>
Jan 23 13:13:07 localhost postfix/smtpd[20123]: NOQUEUE: reject: RCPT from mail-qk1-f196.google.com[209.85.222.196]: 550 5.1.1 <suac+bncBCC7XN6N3YMBBMFGWWHQMGQER7SEXCQ@lamc.la>: Recipient address rejected: User unknown in local recipient table; from=<> to=<suac+bncBCC7XN6N3YMBBMFGWWHQMGQER7SEXCQ@lamc.la> proto=ESMTP helo=<mail-qk1-f196.google.com>
Jan 23 13:13:07 localhost postfix/smtpd[20207]: disconnect from rcrmail01.ex.ac.uk[144.173.2.187] ehlo=2 starttls=1 mail=1 rcpt=0/1 commands=4/5
Jan 23 13:13:07 localhost postfix/smtpd[20200]: NOQUEUE: reject: RCPT from f18msmtp-i01.cii.u-fukui.ac.jp[133.7.127.156]: 550 5.1.1 <suac+bncBCC7XN6N3YMBBMFGWWHQMGQER7SEXCQ@lamc.la>: Recipient address rejected: User unknown in local recipient table; from=<> to=<suac+bncBCC7XN6N3YMBBMFGWWHQMGQER7SEXCQ@lamc.la> proto=ESMTP helo=<f18msmtp-i01.cii.u-fukui.ac.jp>
Jan 23 13:13:07 localhost postfix/smtpd[20213]: NOQUEUE: reject: RCPT from artemis.shiga-med.ac.jp[202.19.144.107]: 550 5.1.1 <suac+bncBCC7XN6N3YMBBMFGWWHQMGQER7SEXCQ@lamc.la>: Recipient address rejected: User unknown in local recipient table; from=<> to=<suac+bncBCC7XN6N3YMBBMFGWWHQMGQER7SEXCQ@lamc.la> proto=ESMTP helo=<artemis.shiga-med.ac.jp>
Jan 23 13:13:07 localhost postfix/smtpd[20202]: disconnect from mailgate-ib3.hines.hokudai.ac.jp[133.87.1.186] ehlo=1 mail=1 rcpt=0/1 data=0/1 rset=1 quit=1 commands=4/6
Jan 23 13:13:07 localhost postfix/smtpd[20202]: connect from mx1.center.tottori-u.ac.jp[160.15.14.7]
Jan 23 13:13:07 localhost postfix/smtpd[20200]: disconnect from f18msmtp-i01.cii.u-fukui.ac.jp[133.7.127.156] ehlo=1 mail=1 rcpt=0/1 data=0/1 rset=1 quit=1 commands=4/6
Jan 23 13:13:07 localhost postfix/smtpd[20195]: disconnect from mailrelay.umin.ac.jp[130.69.92.23] ehlo=1 mail=1 rcpt=0/1 data=0/1 rset=1 quit=1 commands=4/6
Jan 23 13:13:07 localhost postfix/smtpd[20209]: disconnect from mailgate-ib4.hines.hokudai.ac.jp[133.87.1.187] ehlo=1 mail=1 rcpt=0/1 data=0/1 rset=1 quit=1 commands=4/6
Jan 23 13:13:07 localhost postfix/smtpd[20207]: connect from antispam.kopo.ac.kr[112.76.2.28]
Jan 23 13:13:07 localhost postfix/smtpd[20209]: connect from mailrelay.umin.ac.jp[130.69.92.23]
Jan 23 13:13:07 localhost postfix/smtpd[20202]: NOQUEUE: reject: RCPT from mx1.center.tottori-u.ac.jp[160.15.14.7]: 550 5.1.1 <suac+bncBCC7XN6N3YMBBMFGWWHQMGQER7SEXCQ@lamc.la>: Recipient address rejected: User unknown in local recipient table; from=<> to=<suac+bncBCC7XN6N3YMBBMFGWWHQMGQER7SEXCQ@lamc.la> proto=ESMTP helo=<mx1.tottori-u.ac.jp>
Jan 23 13:13:07 localhost postfix/smtpd[20206]: disconnect from gw2.mx.kanazawa-u.ac.jp[133.28.17.32] ehlo=2 starttls=1 mail=1 rcpt=0/1 data=0/1 rset=1 quit=1 commands=6/8
Jan 23 13:13:07 localhost postfix/smtpd[20205]: disconnect from mail-lo2gbr01hn2223.outbound.protection.outlook.com[52.100.179.223] ehlo=2 starttls=1 mail=1 rcpt=0/1 rset=1 quit=1 commands=6/7
Jan 23 13:13:07 localhost postfix/smtpd[20209]: NOQUEUE: reject: RCPT from mailrelay.umin.ac.jp[130.69.92.23]: 550 5.1.1 <suac+bncBCC7XN6N3YMBBMFGWWHQMGQER7SEXCQ@lamc.la>: Recipient address rejected: User unknown in local recipient table; from=<> to=<suac+bncBCC7XN6N3YMBBMFGWWHQMGQER7SEXCQ@lamc.la> proto=ESMTP helo=<mailrelay.umin.ac.jp>
Jan 23 13:13:07 localhost postfix/smtpd[20200]: connect from mxsc-23.srv.nagoya-u.ac.jp[133.6.1.20]
Jan 23 13:13:07 localhost postfix/smtpd[20244]: connect from ioutemea5.hes.trendmicro.eu[52.58.62.221]
Jan 23 13:13:07 localhost postfix/smtpd[20244]: lost connection after CONNECT from ioutemea5.hes.trendmicro.eu[52.58.62.221]
Jan 23 13:13:07 localhost postfix/smtpd[20244]: disconnect from ioutemea5.hes.trendmicro.eu[52.58.62.221] commands=0/0
Jan 23 13:13:07 localhost postfix/smtpd[20244]: warning: hostname SAINS.sapmed.ac.jp does not resolve to address 163.130.201.131: Name or service not known
Jan 23 13:13:07 localhost postfix/smtpd[20244]: connect from unknown[163.130.201.131]
Jan 23 13:13:07 localhost postfix/smtpd[20195]: connect from mail-db3eur04hn0224.outbound.protection.outlook.com[52.100.17.224]
Jan 23 13:13:07 localhost postfix/smtpd[20209]: disconnect from mailrelay.umin.ac.jp[130.69.92.23] ehlo=1 mail=1 rcpt=0/1 data=0/1 rset=1 quit=1 commands=4/6
Jan 23 13:13:07 localhost postfix/smtpd[20123]: disconnect from mail-qk1-f196.google.com[209.85.222.196] ehlo=2 starttls=1 mail=1 rcpt=0/1 bdat=0/1 quit=1 commands=5/7
Jan 23 13:13:07 localhost postfix/smtpd[20123]: warning: hostname SAINS.sapmed.ac.jp does not resolve to address 163.130.201.131: Name or service not known
Jan 23 13:13:07 localhost postfix/smtpd[20123]: connect from unknown[163.130.201.131]
Jan 23 13:13:07 localhost postfix/smtpd[20265]: connect from post.tokyo-med.ac.jp[210.137.139.195]
Jan 23 13:13:07 localhost postfix/smtpd[20200]: NOQUEUE: reject: RCPT from mxsc-23.srv.nagoya-u.ac.jp[133.6.1.20]: 550 5.1.1 <suac+bncBCC7XN6N3YMBBMFGWWHQMGQER7SEXCQ@lamc.la>: Recipient address rejected: User unknown in local recipient table; from=<> to=<suac+bncBCC7XN6N3YMBBMFGWWHQMGQER7SEXCQ@lamc.la> proto=ESMTP helo=<mxsc-23.srv.nagoya-u.ac.jp>
Jan 23 13:13:07 localhost postfix/smtpd[20267]: connect from ioutemea2.hes.trendmicro.eu[52.58.62.202]
Jan 23 13:13:07 localhost postfix/smtpd[20267]: lost connection after CONNECT from ioutemea2.hes.trendmicro.eu[52.58.62.202]
Jan 23 13:13:07 localhost postfix/smtpd[20267]: disconnect from ioutemea2.hes.trendmicro.eu[52.58.62.202] commands=0/0
Jan 23 13:13:07 localhost postfix/smtpd[20200]: disconnect from mxsc-23.srv.nagoya-u.ac.jp[133.6.1.20] ehlo=1 mail=1 rcpt=0/1 data=0/1 rset=1 quit=1 commands=4/6
Jan 23 13:13:07 localhost postfix/smtpd[20214]: connect from gw1.mx.kanazawa-u.ac.jp[133.28.17.31]
Jan 23 13:13:07 localhost postfix/smtpd[20206]: connect from mail-tycjpn01hn2243.outbound.protection.outlook.com[52.100.215.243]
Jan 23 13:13:07 localhost postfix/smtpd[20123]: NOQUEUE: reject: RCPT from unknown[163.130.201.131]: 550 5.1.1 <suac+bncBCC7XN6N3YMBBMFGWWHQMGQER7SEXCQ@lamc.la>: Recipient address rejected: User unknown in local recipient table; from=<> to=<suac+bncBCC7XN6N3YMBBMFGWWHQMGQER7SEXCQ@lamc.la> proto=ESMTP helo=<int-relay.sapmed.ac.jp>
Jan 23 13:13:07 localhost postfix/trivial-rewrite[20270]: warning: do not list domain lamc.la in BOTH mydestination and virtual_alias_domains
Jan 23 13:13:07 localhost postfix/trivial-rewrite[20270]: warning: do not list domain lamc.la in BOTH mydestination and virtual_alias_domains
Jan 23 13:13:07 localhost postfix/smtpd[20244]: NOQUEUE: reject: RCPT from unknown[163.130.201.131]: 550 5.1.1 <suac+bncBCC7XN6N3YMBBMFGWWHQMGQER7SEXCQ@lamc.la>: Recipient address rejected: User unknown in local recipient table; from=<> to=<suac+bncBCC7XN6N3YMBBMFGWWHQMGQER7SEXCQ@lamc.la> proto=ESMTP helo=<int-relay.sapmed.ac.jp>
Jan 23 13:13:07 localhost postfix/smtpd[20265]: NOQUEUE: reject: RCPT from post.tokyo-med.ac.jp[210.137.139.195]: 550 5.1.1 <suac+bncBCC7XN6N3YMBBMFGWWHQMGQER7SEXCQ@lamc.la>: Recipient address rejected: User unknown in local recipient table; from=<> to=<suac+bncBCC7XN6N3YMBBMFGWWHQMGQER7SEXCQ@lamc.la> proto=ESMTP helo=<atago.tokyo-med.ac.jp>
Jan 23 13:13:07 localhost postfix/smtpd[20209]: connect from gw1.mx.kanazawa-u.ac.jp[133.28.17.31]
Jan 23 13:13:07 localhost postfix/smtpd[20265]: disconnect from post.tokyo-med.ac.jp[210.137.139.195] ehlo=1 mail=1 rcpt=0/1 data=0/1 rset=1 quit=1 commands=4/6
Jan 23 13:13:07 localhost postfix/smtpd[20267]: connect from mail-qk1-f193.google.com[209.85.222.193]
Jan 23 13:13:07 localhost postfix/smtpd[20278]: connect from ioutemea7.hes.trendmicro.eu[52.58.62.223]
Jan 23 13:13:07 localhost postfix/smtpd[20278]: lost connection after CONNECT from ioutemea7.hes.trendmicro.eu[52.58.62.223]
Jan 23 13:13:07 localhost postfix/smtpd[20278]: disconnect from ioutemea7.hes.trendmicro.eu[52.58.62.223] commands=0/0
Jan 23 13:13:07 localhost postfix/smtpd[20278]: connect from ioutemea3.hes.trendmicro.eu[52.58.62.203]
Jan 23 13:13:07 localhost postfix/smtpd[20278]: lost connection after CONNECT from ioutemea3.hes.trendmicro.eu[52.58.62.203]
Jan 23 13:13:07 localhost postfix/smtpd[20278]: disconnect from ioutemea3.hes.trendmicro.eu[52.58.62.203] commands=0/0
Jan 23 13:13:07 localhost postfix/smtpd[20278]: connect from mailgw.kobe-u.ac.jp[133.30.30.67]
Jan 23 13:13:07 localhost postfix/smtpd[20205]: connect from amugw32.aichi-med-u.ac.jp[192.218.116.33]
Jan 23 13:13:07 localhost postfix/smtpd[20294]: connect from mailgw.kobe-u.ac.jp[133.30.30.67]
Jan 23 13:13:07 localhost postfix/smtpd[20304]: connect from cc-ext.ccc.osaka-u.ac.jp[133.1.138.214]
Jan 23 13:13:07 localhost postfix/trivial-rewrite[20270]: warning: do not list domain lamc.la in BOTH mydestination and virtual_alias_domains
Jan 23 13:13:07 localhost postfix/smtpd[20206]: NOQUEUE: reject: RCPT from mail-tycjpn01hn2243.outbound.protection.outlook.com[52.100.215.243]: 550 5.1.1 <suac+bncBCC7XN6N3YMBBMFGWWHQMGQER7SEXCQ@lamc.la>: Recipient address rejected: User unknown in local recipient table; from=<> to=<suac+bncBCC7XN6N3YMBBMFGWWHQMGQER7SEXCQ@lamc.la> proto=ESMTP helo=<JPN01-TYC-obe.outbound.protection.outlook.com>
Jan 23 13:13:07 localhost postfix/smtpd[20278]: NOQUEUE: reject: RCPT from mailgw.kobe-u.ac.jp[133.30.30.67]: 550 5.1.1 <suac+bncBCC7XN6N3YMBBMFGWWHQMGQER7SEXCQ@lamc.la>: Recipient address rejected: User unknown in local recipient table; from=<> to=<suac+bncBCC7XN6N3YMBBMFGWWHQMGQER7SEXCQ@lamc.la> proto=ESMTP helo=<mailgw.kobe-u.ac.jp>
Jan 23 13:13:07 localhost postfix/smtpd[20308]: connect from ioutemea1.hes.trendmicro.eu[52.58.62.201]
Jan 23 13:13:07 localhost postfix/smtpd[20205]: NOQUEUE: reject: RCPT from amugw32.aichi-med-u.ac.jp[192.218.116.33]: 550 5.1.1 <suac+bncBCC7XN6N3YMBBMFGWWHQMGQER7SEXCQ@lamc.la>: Recipient address rejected: User unknown in local recipient table; from=<> to=<suac+bncBCC7XN6N3YMBBMFGWWHQMGQER7SEXCQ@lamc.la> proto=ESMTP helo=<amugw32.aichi-med-u.ac.jp>
Jan 23 13:13:07 localhost postfix/smtpd[20308]: lost connection after CONNECT from ioutemea1.hes.trendmicro.eu[52.58.62.201]
Jan 23 13:13:07 localhost postfix/smtpd[20308]: disconnect from ioutemea1.hes.trendmicro.eu[52.58.62.201] commands=0/0
Jan 23 13:13:07 localhost postfix/smtpd[20308]: connect from gw4.mx.kanazawa-u.ac.jp[133.28.17.34]
Jan 23 13:13:07 localhost postfix/smtpd[20310]: connect from ioutemea7.hes.trendmicro.eu[52.58.62.223]
Jan 23 13:13:07 localhost postfix/smtpd[20310]: lost connection after CONNECT from ioutemea7.hes.trendmicro.eu[52.58.62.223]
Jan 23 13:13:07 localhost postfix/smtpd[20310]: disconnect from ioutemea7.hes.trendmicro.eu[52.58.62.223] commands=0/0
Jan 23 13:13:07 localhost postfix/smtpd[20310]: connect from ioutemea7.hes.trendmicro.eu[52.58.62.223]
Jan 23 13:13:07 localhost postfix/smtpd[20310]: lost connection after CONNECT from ioutemea7.hes.trendmicro.eu[52.58.62.223]
Jan 23 13:13:07 localhost postfix/smtpd[20310]: disconnect from ioutemea7.hes.trendmicro.eu[52.58.62.223] commands=0/0
Jan 23 13:13:07 localhost postfix/smtpd[20310]: connect from ioutemea5.hes.trendmicro.eu[52.58.62.221]
Jan 23 13:13:07 localhost postfix/smtpd[20310]: lost connection after CONNECT from ioutemea5.hes.trendmicro.eu[52.58.62.221]
Jan 23 13:13:07 localhost postfix/smtpd[20310]: disconnect from ioutemea5.hes.trendmicro.eu[52.58.62.221] commands=0/0
Jan 23 13:13:07 localhost postfix/smtpd[20310]: connect from mailrelay.umin.ac.jp[130.69.92.23]
Jan 23 13:13:07 localhost postfix/smtpd[20268]: connect from mail-tycjpn01hn2206.outbound.protection.outlook.com[52.100.215.206]
Jan 23 13:13:07 localhost postfix/smtpd[20205]: disconnect from amugw32.aichi-med-u.ac.jp[192.218.116.33] ehlo=1 mail=1 rcpt=0/1 data=0/1 rset=1 quit=1 commands=4/6
Jan 23 13:13:07 localhost postfix/smtpd[20205]: connect from ioutemea1.hes.trendmicro.eu[52.58.62.201]
Jan 23 13:13:07 localhost postfix/smtpd[20205]: lost connection after CONNECT from ioutemea1.hes.trendmicro.eu[52.58.62.201]
Jan 23 13:13:07 localhost postfix/smtpd[20205]: disconnect from ioutemea1.hes.trendmicro.eu[52.58.62.201] commands=0/0
Jan 23 13:13:07 localhost postfix/smtpd[20205]: connect from ioutemea2.hes.trendmicro.eu[52.58.62.202]
Jan 23 13:13:07 localhost postfix/smtpd[20205]: lost connection after CONNECT from ioutemea2.hes.trendmicro.eu[52.58.62.202]
Jan 23 13:13:07 localhost postfix/smtpd[20205]: disconnect from ioutemea2.hes.trendmicro.eu[52.58.62.202] commands=0/0
Jan 23 13:13:07 localhost postfix/smtpd[20205]: connect from ioutemea2.hes.trendmicro.eu[52.58.62.202]
Jan 23 13:13:07 localhost postfix/smtpd[20205]: lost connection after CONNECT from ioutemea2.hes.trendmicro.eu[52.58.62.202]
Jan 23 13:13:07 localhost postfix/smtpd[20205]: disconnect from ioutemea2.hes.trendmicro.eu[52.58.62.202] commands=0/0
Jan 23 13:13:07 localhost postfix/smtpd[20311]: connect from gw5.mx.kanazawa-u.ac.jp[133.28.17.35]
Jan 23 13:13:07 localhost postfix/trivial-rewrite[20270]: warning: do not list domain lamc.la in BOTH mydestination and virtual_alias_domains
Jan 23 13:13:07 localhost postfix/trivial-rewrite[20270]: warning: do not list domain lamc.la in BOTH mydestination and virtual_alias_domains
Jan 23 13:13:07 localhost postfix/smtpd[20214]: NOQUEUE: reject: RCPT from gw1.mx.kanazawa-u.ac.jp[133.28.17.31]: 550 5.1.1 <suac+bncBCC7XN6N3YMBBMFGWWHQMGQER7SEXCQ@lamc.la>: Recipient address rejected: User unknown in local recipient table; from=<> to=<suac+bncBCC7XN6N3YMBBMFGWWHQMGQER7SEXCQ@lamc.la> proto=ESMTP helo=<gateway.mx.kanazawa-u.ac.jp>
Jan 23 13:13:07 localhost postfix/smtpd[20294]: NOQUEUE: reject: RCPT from mailgw.kobe-u.ac.jp[133.30.30.67]: 550 5.1.1 <suac+bncBCC7XN6N3YMBBMFGWWHQMGQER7SEXCQ@lamc.la>: Recipient address rejected: User unknown in local recipient table; from=<> to=<suac+bncBCC7XN6N3YMBBMFGWWHQMGQER7SEXCQ@lamc.la> proto=ESMTP helo=<mailgw.kobe-u.ac.jp>
Jan 23 13:13:07 localhost postfix/smtpd[20312]: connect from mx-g1.center.tottori-u.ac.jp[160.15.14.8]
Jan 23 13:13:07 localhost postfix/smtpd[20206]: disconnect from mail-tycjpn01hn2243.outbound.protection.outlook.com[52.100.215.243] ehlo=2 starttls=1 mail=1 rcpt=0/1 quit=1 commands=5/6
Jan 23 13:13:07 localhost postfix/trivial-rewrite[20270]: warning: do not list domain lamc.la in BOTH mydestination and virtual_alias_domains
Jan 23 13:13:07 localhost postfix/smtpd[20304]: NOQUEUE: reject: RCPT from cc-ext.ccc.osaka-u.ac.jp[133.1.138.214]: 550 5.1.1 <suac+bncBCC7XN6N3YMBBMFGWWHQMGQER7SEXCQ@lamc.la>: Recipient address rejected: User unknown in local recipient table; from=<> to=<suac+bncBCC7XN6N3YMBBMFGWWHQMGQER7SEXCQ@lamc.la> proto=SMTP helo=<cc.mail.osaka-u.ac.jp>
Jan 23 13:13:07 localhost postfix/smtpd[20313]: connect from cc-ext.ccc.osaka-u.ac.jp[133.1.138.214]
Jan 23 13:13:07 localhost postfix/smtpd[20309]: connect from mail-gw.kawasaki-m.ac.jp[202.244.205.90]
Jan 23 13:13:07 localhost postfix/smtpd[20294]: disconnect from mailgw.kobe-u.ac.jp[133.30.30.67] ehlo=1 mail=1 rcpt=0/1 data=0/1 rset=1 quit=1 commands=4/6
Jan 23 13:13:07 localhost postfix/smtpd[20304]: disconnect from cc-ext.ccc.osaka-u.ac.jp[133.1.138.214] helo=1 mail=1 rcpt=0/1 quit=1 commands=3/4
Jan 23 13:13:07 localhost postfix/smtpd[20304]: connect from ioutemea4.hes.trendmicro.eu[52.58.62.204]
Jan 23 13:13:07 localhost postfix/smtpd[20304]: lost connection after CONNECT from ioutemea4.hes.trendmicro.eu[52.58.62.204]
Jan 23 13:13:07 localhost postfix/smtpd[20304]: disconnect from ioutemea4.hes.trendmicro.eu[52.58.62.204] commands=0/0
Jan 23 13:13:07 localhost postfix/smtpd[20304]: connect from gumx.gifu-u.ac.jp[133.66.1.10]
Jan 23 13:13:07 localhost postfix/trivial-rewrite[20270]: warning: do not list domain lamc.la in BOTH mydestination and virtual_alias_domains
Jan 23 13:13:07 localhost postfix/smtpd[20310]: NOQUEUE: reject: RCPT from mailrelay.umin.ac.jp[130.69.92.23]: 550 5.1.1 <suac+bncBCC7XN6N3YMBBMFGWWHQMGQER7SEXCQ@lamc.la>: Recipient address rejected: User unknown in local recipient table; from=<> to=<suac+bncBCC7XN6N3YMBBMFGWWHQMGQER7SEXCQ@lamc.la> proto=ESMTP helo=<mailrelay.umin.ac.jp>
Jan 23 13:13:07 localhost postfix/smtpd[20214]: disconnect from gw1.mx.kanazawa-u.ac.jp[133.28.17.31] ehlo=2 starttls=1 mail=1 rcpt=0/1 data=0/1 rset=1 quit=1 commands=6/8
Jan 23 13:13:07 localhost postfix/smtpd[20209]: NOQUEUE: reject: RCPT from gw1.mx.kanazawa-u.ac.jp[133.28.17.31]: 550 5.1.1 <suac+bncBCC7XN6N3YMBBMFGWWHQMGQER7SEXCQ@lamc.la>: Recipient address rejected: User unknown in local recipient table; from=<> to=<suac+bncBCC7XN6N3YMBBMFGWWHQMGQER7SEXCQ@lamc.la> proto=ESMTP helo=<gateway.mx.kanazawa-u.ac.jp>
Jan 23 13:13:07 localhost postfix/smtpd[20316]: connect from mailgate-ib3.hines.hokudai.ac.jp[133.87.1.186]
Jan 23 13:13:07 localhost postfix/trivial-rewrite[20270]: warning: do not list domain lamc.la in BOTH mydestination and virtual_alias_domains
Jan 23 13:13:07 localhost postfix/smtpd[20312]: NOQUEUE: reject: RCPT from mx-g1.center.tottori-u.ac.jp[160.15.14.8]: 550 5.1.1 <suac+bncBCC7XN6N3YMBBMFGWWHQMGQER7SEXCQ@lamc.la>: Recipient address rejected: User unknown in local recipient table; from=<> to=<suac+bncBCC7XN6N3YMBBMFGWWHQMGQER7SEXCQ@lamc.la> proto=ESMTP helo=<mx-g1.tottori-u.ac.jp>
Jan 23 13:13:07 localhost postfix/trivial-rewrite[20270]: warning: do not list domain lamc.la in BOTH mydestination and virtual_alias_domains
Jan 23 13:13:07 localhost postfix/smtpd[20309]: NOQUEUE: reject: RCPT from mail-gw.kawasaki-m.ac.jp[202.244.205.90]: 550 5.1.1 <suac+bncBCC7XN6N3YMBBMFGWWHQMGQER7SEXCQ@lamc.la>: Recipient address rejected: User unknown in local recipient table; from=<> to=<suac+bncBCC7XN6N3YMBBMFGWWHQMGQER7SEXCQ@lamc.la> proto=ESMTP helo=<mail.kawasaki-m.ac.jp>
Jan 23 13:13:07 localhost postfix/smtpd[20304]: NOQUEUE: reject: RCPT from gumx.gifu-u.ac.jp[133.66.1.10]: 550 5.1.1 <suac+bncBCC7XN6N3YMBBMFGWWHQMGQER7SEXCQ@lamc.la>: Recipient address rejected: User unknown in local recipient table; from=<> to=<suac+bncBCC7XN6N3YMBBMFGWWHQMGQER7SEXCQ@lamc.la> proto=ESMTP helo=<gumx.gifu-u.ac.jp>
Jan 23 13:13:07 localhost postfix/smtpd[20312]: disconnect from mx-g1.center.tottori-u.ac.jp[160.15.14.8] ehlo=1 mail=1 rcpt=0/1 data=0/1 rset=1 quit=1 commands=4/6
Jan 23 13:13:07 localhost postfix/smtpd[20319]: warning: hostname SAINS.sapmed.ac.jp does not resolve to address 163.130.201.131: Name or service not known
Jan 23 13:13:07 localhost postfix/smtpd[20319]: connect from unknown[163.130.201.131]
Jan 23 13:13:07 localhost postfix/smtpd[20315]: connect from mail-qt1-f193.google.com[209.85.160.193]
Jan 23 13:13:07 localhost postfix/trivial-rewrite[20270]: warning: do not list domain lamc.la in BOTH mydestination and virtual_alias_domains
Jan 23 13:13:07 localhost postfix/smtpd[20313]: NOQUEUE: reject: RCPT from cc-ext.ccc.osaka-u.ac.jp[133.1.138.214]: 550 5.1.1 <suac+bncBCC7XN6N3YMBBMFGWWHQMGQER7SEXCQ@lamc.la>: Recipient address rejected: User unknown in local recipient table; from=<> to=<suac+bncBCC7XN6N3YMBBMFGWWHQMGQER7SEXCQ@lamc.la> proto=SMTP helo=<cc.mail.osaka-u.ac.jp>
Jan 23 13:13:07 localhost postfix/smtpd[20310]: disconnect from mailrelay.umin.ac.jp[130.69.92.23] ehlo=1 mail=1 rcpt=0/1 data=0/1 rset=1 quit=1 commands=4/6
Jan 23 13:13:07 localhost postfix/smtpd[20309]: disconnect from mail-gw.kawasaki-m.ac.jp[202.244.205.90] ehlo=1 mail=1 rcpt=0/1 data=0/1 rset=1 quit=1 commands=4/6
Jan 23 13:13:07 localhost postfix/smtpd[20309]: connect from ioutemea2.hes.trendmicro.eu[52.58.62.202]
Jan 23 13:13:07 localhost postfix/smtpd[20309]: lost connection after CONNECT from ioutemea2.hes.trendmicro.eu[52.58.62.202]
Jan 23 13:13:07 localhost postfix/smtpd[20309]: disconnect from ioutemea2.hes.trendmicro.eu[52.58.62.202] commands=0/0
Jan 23 13:13:07 localhost postfix/smtpd[20309]: connect from mr5.it.soas.ac.uk[212.219.139.56]
Jan 23 13:13:07 localhost postfix/smtpd[20321]: connect from smtp2.hines.hokudai.ac.jp[133.87.1.177]
Jan 23 13:13:07 localhost postfix/smtpd[20209]: disconnect from gw1.mx.kanazawa-u.ac.jp[133.28.17.31] ehlo=2 starttls=1 mail=1 rcpt=0/1 data=0/1 rset=1 quit=1 commands=6/8
Jan 23 13:13:07 localhost postfix/smtpd[20304]: disconnect from gumx.gifu-u.ac.jp[133.66.1.10] ehlo=1 mail=1 rcpt=0/1 data=0/1 rset=1 quit=1 commands=4/6
Jan 23 13:13:07 localhost postfix/smtpd[20292]: connect from mail-lo2gbr01hn2242.outbound.protection.outlook.com[52.100.179.242]
Jan 23 13:13:07 localhost postfix/trivial-rewrite[20270]: warning: do not list domain lamc.la in BOTH mydestination and virtual_alias_domains
Jan 23 13:13:07 localhost postfix/smtpd[20308]: NOQUEUE: reject: RCPT from gw4.mx.kanazawa-u.ac.jp[133.28.17.34]: 550 5.1.1 <suac+bncBCC7XN6N3YMBBMFGWWHQMGQER7SEXCQ@lamc.la>: Recipient address rejected: User unknown in local recipient table; from=<> to=<suac+bncBCC7XN6N3YMBBMFGWWHQMGQER7SEXCQ@lamc.la> proto=ESMTP helo=<gateway.mx.kanazawa-u.ac.jp>
Jan 23 13:13:07 localhost postfix/trivial-rewrite[20270]: warning: do not list domain lamc.la in BOTH mydestination and virtual_alias_domains
Jan 23 13:13:07 localhost postfix/trivial-rewrite[20270]: warning: do not list domain lamc.la in BOTH mydestination and virtual_alias_domains
Jan 23 13:13:07 localhost postfix/smtpd[20205]: connect from f18bsmtp-i02.cii.u-fukui.ac.jp[133.7.126.154]
Jan 23 13:13:07 localhost postfix/smtpd[20268]: NOQUEUE: reject: RCPT from mail-tycjpn01hn2206.outbound.protection.outlook.com[52.100.215.206]: 550 5.1.1 <suac+bncBCC7XN6N3YMBBMFGWWHQMGQER7SEXCQ@lamc.la>: Recipient address rejected: User unknown in local recipient table; from=<> to=<suac+bncBCC7XN6N3YMBBMFGWWHQMGQER7SEXCQ@lamc.la> proto=ESMTP helo=<JPN01-TYC-obe.outbound.protection.outlook.com>
Jan 23 13:13:07 localhost postfix/smtpd[20316]: NOQUEUE: reject: RCPT from mailgate-ib3.hines.hokudai.ac.jp[133.87.1.186]: 550 5.1.1 <suac+bncBCC7XN6N3YMBBMFGWWHQMGQER7SEXCQ@lamc.la>: Recipient address rejected: User unknown in local recipient table; from=<> to=<suac+bncBCC7XN6N3YMBBMFGWWHQMGQER7SEXCQ@lamc.la> proto=ESMTP helo=<mailgate-ib3.hines.hokudai.ac.jp>
Jan 23 13:13:07 localhost postfix/smtpd[20322]: connect from ioutemea2.hes.trendmicro.eu[52.58.62.202]
Jan 23 13:13:07 localhost postfix/smtpd[20322]: lost connection after CONNECT from ioutemea2.hes.trendmicro.eu[52.58.62.202]
Jan 23 13:13:07 localhost postfix/smtpd[20322]: disconnect from ioutemea2.hes.trendmicro.eu[52.58.62.202] commands=0/0
Jan 23 13:13:07 localhost postfix/smtpd[20322]: connect from iport.material.tohoku.ac.jp[130.34.64.12]
Jan 23 13:13:07 localhost postfix/smtpd[20313]: disconnect from cc-ext.ccc.osaka-u.ac.jp[133.1.138.214] helo=1 mail=1 rcpt=0/1 quit=1 commands=3/4
Jan 23 13:13:07 localhost postfix/smtpd[20313]: connect from ioutemea1.hes.trendmicro.eu[52.58.62.201]
Jan 23 13:13:07 localhost postfix/smtpd[20313]: lost connection after CONNECT from ioutemea1.hes.trendmicro.eu[52.58.62.201]
Jan 23 13:13:07 localhost postfix/smtpd[20313]: disconnect from ioutemea1.hes.trendmicro.eu[52.58.62.201] commands=0/0
Jan 23 13:13:07 localhost postfix/smtpd[20313]: connect from ioutemea1.hes.trendmicro.eu[52.58.62.201]
Jan 23 13:13:07 localhost postfix/smtpd[20313]: lost connection after CONNECT from ioutemea1.hes.trendmicro.eu[52.58.62.201]
Jan 23 13:13:07 localhost postfix/smtpd[20313]: disconnect from ioutemea1.hes.trendmicro.eu[52.58.62.201] commands=0/0
Jan 23 13:13:07 localhost postfix/smtpd[20313]: connect from mailgate-ib1.hines.hokudai.ac.jp[133.87.1.184]
Jan 23 13:13:07 localhost postfix/smtpd[20323]: connect from mailgw.kobe-u.ac.jp[133.30.30.67]
Jan 23 13:13:07 localhost postfix/trivial-rewrite[20270]: warning: do not list domain lamc.la in BOTH mydestination and virtual_alias_domains
Jan 23 13:13:07 localhost postfix/smtpd[20319]: NOQUEUE: reject: RCPT from unknown[163.130.201.131]: 550 5.1.1 <suac+bncBCC7XN6N3YMBBMFGWWHQMGQER7SEXCQ@lamc.la>: Recipient address rejected: User unknown in local recipient table; from=<> to=<suac+bncBCC7XN6N3YMBBMFGWWHQMGQER7SEXCQ@lamc.la> proto=ESMTP helo=<int-relay.sapmed.ac.jp>
Jan 23 13:13:07 localhost postfix/smtpd[20214]: connect from gw0.mx.kanazawa-u.ac.jp[133.28.17.30]
Jan 23 13:13:07 localhost postfix/smtpd[20318]: connect from gw0.mx.kanazawa-u.ac.jp[133.28.17.30]
Jan 23 13:13:07 localhost postfix/smtpd[20320]: connect from mail-qv1-f66.google.com[209.85.219.66]
Jan 23 13:13:07 localhost postfix/smtpd[20265]: connect from mgate.wakayama-u.ac.jp[133.42.52.25]
Jan 23 13:13:07 localhost postfix/smtpd[20200]: connect from tranquility.mcc.ac.uk[130.88.200.145]
Jan 23 13:13:07 localhost postfix/smtpd[20325]: connect from f18msmtp-i01.cii.u-fukui.ac.jp[133.7.127.156]
Jan 23 13:13:07 localhost postfix/smtpd[20316]: disconnect from mailgate-ib3.hines.hokudai.ac.jp[133.87.1.186] ehlo=1 mail=1 rcpt=0/1 data=0/1 rset=1 quit=1 commands=4/6
Jan 23 13:13:07 localhost postfix/smtpd[20308]: disconnect from gw4.mx.kanazawa-u.ac.jp[133.28.17.34] ehlo=2 starttls=1 mail=1 rcpt=0/1 data=0/1 rset=1 quit=1 commands=6/8
Jan 23 13:13:07 localhost postfix/smtpd[20308]: connect from ioutemea1.hes.trendmicro.eu[52.58.62.201]
Jan 23 13:13:07 localhost postfix/smtpd[20308]: lost connection after CONNECT from ioutemea1.hes.trendmicro.eu[52.58.62.201]
Jan 23 13:13:07 localhost postfix/smtpd[20308]: disconnect from ioutemea1.hes.trendmicro.eu[52.58.62.201] commands=0/0
Jan 23 13:13:07 localhost postfix/smtpd[20308]: connect from smtp16.cstnet.cn[159.226.251.16]
Jan 23 13:13:07 localhost postfix/trivial-rewrite[20270]: warning: do not list domain lamc.la in BOTH mydestination and virtual_alias_domains
Jan 23 13:13:07 localhost postfix/smtpd[20321]: NOQUEUE: reject: RCPT from smtp2.hines.hokudai.ac.jp[133.87.1.177]: 550 5.1.1 <suac+bncBCC7XN6N3YMBBMFGWWHQMGQER7SEXCQ@lamc.la>: Recipient address rejected: User unknown in local recipient table; from=<> to=<suac+bncBCC7XN6N3YMBBMFGWWHQMGQER7SEXCQ@lamc.la> proto=ESMTP helo=<smtp2.hines.hokudai.ac.jp>
Jan 23 13:13:07 localhost postfix/smtpd[20268]: disconnect from mail-tycjpn01hn2206.outbound.protection.outlook.com[52.100.215.206] ehlo=2 starttls=1 mail=1 rcpt=0/1 quit=1 commands=5/6
Jan 23 13:13:07 localhost postfix/smtpd[20205]: NOQUEUE: reject: RCPT from f18bsmtp-i02.cii.u-fukui.ac.jp[133.7.126.154]: 550 5.1.1 <suac+bncBCC7XN6N3YMBBMFGWWHQMGQER7SEXCQ@lamc.la>: Recipient address rejected: User unknown in local recipient table; from=<> to=<suac+bncBCC7XN6N3YMBBMFGWWHQMGQER7SEXCQ@lamc.la> proto=ESMTP helo=<f18bsmtp-i02.cii.u-fukui.ac.jp>
Jan 23 13:13:07 localhost postfix/smtpd[20319]: disconnect from unknown[163.130.201.131] ehlo=1 mail=1 rcpt=0/1 data=0/1 rset=1 quit=1 commands=4/6
Jan 23 13:13:07 localhost postfix/smtpd[20268]: connect from ioutemea3.hes.trendmicro.eu[52.58.62.203]
Jan 23 13:13:07 localhost postfix/smtpd[20268]: lost connection after CONNECT from ioutemea3.hes.trendmicro.eu[52.58.62.203]
Jan 23 13:13:07 localhost postfix/smtpd[20319]: connect from mailrelay.umin.ac.jp[130.69.92.23]
Jan 23 13:13:07 localhost postfix/smtpd[20268]: disconnect from ioutemea3.hes.trendmicro.eu[52.58.62.203] commands=0/0
Jan 23 13:13:07 localhost postfix/trivial-rewrite[20270]: warning: do not list domain lamc.la in BOTH mydestination and virtual_alias_domains
Jan 23 13:13:07 localhost postfix/smtpd[20323]: NOQUEUE: reject: RCPT from mailgw.kobe-u.ac.jp[133.30.30.67]: 550 5.1.1 <suac+bncBCC7XN6N3YMBBMFGWWHQMGQER7SEXCQ@lamc.la>: Recipient address rejected: User unknown in local recipient table; from=<> to=<suac+bncBCC7XN6N3YMBBMFGWWHQMGQER7SEXCQ@lamc.la> proto=ESMTP helo=<mailgw.kobe-u.ac.jp>
Jan 23 13:13:07 localhost postfix/smtpd[20268]: connect from mail-qk1-f196.google.com[209.85.222.196]
Jan 23 13:13:07 localhost postfix/trivial-rewrite[20270]: warning: do not list domain lamc.la in BOTH mydestination and virtual_alias_domains
Jan 23 13:13:07 localhost postfix/smtpd[20313]: NOQUEUE: reject: RCPT from mailgate-ib1.hines.hokudai.ac.jp[133.87.1.184]: 550 5.1.1 <suac+bncBCC7XN6N3YMBBMFGWWHQMGQER7SEXCQ@lamc.la>: Recipient address rejected: User unknown in local recipient table; from=<> to=<suac+bncBCC7XN6N3YMBBMFGWWHQMGQER7SEXCQ@lamc.la> proto=ESMTP helo=<mailgate-ib1.hines.hokudai.ac.jp>
Jan 23 13:13:07 localhost postfix/smtpd[20311]: NOQUEUE: reject: RCPT from gw5.mx.kanazawa-u.ac.jp[133.28.17.35]: 550 5.1.1 <suac+bncBCC7XN6N3YMBBMFGWWHQMGQER7SEXCQ@lamc.la>: Recipient address rejected: User unknown in local recipient table; from=<> to=<suac+bncBCC7XN6N3YMBBMFGWWHQMGQER7SEXCQ@lamc.la> proto=ESMTP helo=<gateway.mx.kanazawa-u.ac.jp>
Jan 23 13:13:07 localhost postfix/smtpd[20304]: connect from gw7.mx.kanazawa-u.ac.jp[133.28.17.37]
Jan 23 13:13:07 localhost postfix/smtpd[20328]: connect from tranquility.mcc.ac.uk[130.88.200.145]
Jan 23 13:13:07 localhost postfix/smtpd[20323]: disconnect from mailgw.kobe-u.ac.jp[133.30.30.67] ehlo=1 mail=1 rcpt=0/1 data=0/1 rset=1 quit=1 commands=4/6
Jan 23 13:13:07 localhost postfix/smtpd[20265]: NOQUEUE: reject: RCPT from mgate.wakayama-u.ac.jp[133.42.52.25]: 550 5.1.1 <suac+bncBCC7XN6N3YMBBMFGWWHQMGQER7SEXCQ@lamc.la>: Recipient address rejected: User unknown in local recipient table; from=<> to=<suac+bncBCC7XN6N3YMBBMFGWWHQMGQER7SEXCQ@lamc.la> proto=ESMTP helo=<mgate.wakayama-u.ac.jp>
Jan 23 13:13:07 localhost postfix/smtpd[20323]: connect from mailgw.kobe-u.ac.jp[133.30.30.67]
Jan 23 13:13:07 localhost postfix/smtpd[20294]: connect from clarity.mcc.ac.uk[130.88.200.144]
Jan 23 13:13:07 localhost postfix/smtpd[20205]: disconnect from f18bsmtp-i02.cii.u-fukui.ac.jp[133.7.126.154] ehlo=1 mail=1 rcpt=0/1 data=0/1 rset=1 quit=1 commands=4/6
Jan 23 13:13:07 localhost postfix/smtpd[20205]: connect from sasuke.econ.hc.keio.ac.jp[131.113.239.24]
Jan 23 13:13:07 localhost postfix/smtpd[20317]: connect from mail-tycjpn01hn2222.outbound.protection.outlook.com[52.100.215.222]
Jan 23 13:13:07 localhost postfix/smtpd[20321]: disconnect from smtp2.hines.hokudai.ac.jp[133.87.1.177] ehlo=1 mail=1 rcpt=0/1 data=0/1 rset=1 quit=1 commands=4/6
Jan 23 13:13:07 localhost postfix/smtpd[20321]: connect from dms-a02.ipc.shizuoka.ac.jp[133.70.128.239]
Jan 23 13:13:07 localhost postfix/trivial-rewrite[20270]: warning: do not list domain lamc.la in BOTH mydestination and virtual_alias_domains
Jan 23 13:13:07 localhost postfix/smtpd[20206]: connect from mail-am6eur05hn2248.outbound.protection.outlook.com[52.100.174.248]
Jan 23 13:13:07 localhost postfix/smtpd[20325]: NOQUEUE: reject: RCPT from f18msmtp-i01.cii.u-fukui.ac.jp[133.7.127.156]: 550 5.1.1 <suac+bncBCC7XN6N3YMBBMFGWWHQMGQER7SEXCQ@lamc.la>: Recipient address rejected: User unknown in local recipient table; from=<> to=<suac+bncBCC7XN6N3YMBBMFGWWHQMGQER7SEXCQ@lamc.la> proto=ESMTP helo=<f18msmtp-i01.cii.u-fukui.ac.jp>
Jan 23 13:13:07 localhost postfix/smtpd[20330]: connect from mail-qk1-f195.google.com[209.85.222.195]
Jan 23 13:13:07 localhost postfix/smtpd[20326]: connect from mail-qt1-f195.google.com[209.85.160.195]
Jan 23 13:13:07 localhost postfix/smtpd[20314]: connect from mail-cwlgbr01hn2222.outbound.protection.outlook.com[52.100.178.222]
Jan 23 13:13:07 localhost postfix/smtpd[20265]: disconnect from mgate.wakayama-u.ac.jp[133.42.52.25] ehlo=1 mail=1 rcpt=0/1 data=0/1 rset=1 quit=1 commands=4/6
Jan 23 13:13:07 localhost postfix/smtpd[20313]: disconnect from mailgate-ib1.hines.hokudai.ac.jp[133.87.1.184] ehlo=1 mail=1 rcpt=0/1 data=0/1 rset=1 quit=1 commands=4/6
Jan 23 13:13:07 localhost postfix/smtpd[20265]: connect from gw2.mx.kanazawa-u.ac.jp[133.28.17.32]
Jan 23 13:13:07 localhost postfix/smtpd[20331]: connect from gumx.gifu-u.ac.jp[133.66.1.10]
Jan 23 13:13:07 localhost postfix/smtpd[20332]: connect from mailrelay.umin.ac.jp[130.69.92.23]
Jan 23 13:13:07 localhost postfix/smtpd[20311]: disconnect from gw5.mx.kanazawa-u.ac.jp[133.28.17.35] ehlo=2 starttls=1 mail=1 rcpt=0/1 data=0/1 rset=1 quit=1 commands=6/8
Jan 23 13:13:07 localhost postfix/smtpd[20311]: connect from mailrelay.umin.ac.jp[130.69.92.23]
Jan 23 13:13:07 localhost postfix/smtpd[20319]: NOQUEUE: reject: RCPT from mailrelay.umin.ac.jp[130.69.92.23]: 550 5.1.1 <suac+bncBCC7XN6N3YMBBMFGWWHQMGQER7SEXCQ@lamc.la>: Recipient address rejected: User unknown in local recipient table; from=<> to=<suac+bncBCC7XN6N3YMBBMFGWWHQMGQER7SEXCQ@lamc.la> proto=ESMTP helo=<mailrelay.umin.ac.jp>
Jan 23 13:13:07 localhost postfix/smtpd[20325]: disconnect from f18msmtp-i01.cii.u-fukui.ac.jp[133.7.127.156] ehlo=1 mail=1 rcpt=0/1 data=0/1 rset=1 quit=1 commands=4/6
Jan 23 13:13:07 localhost postfix/smtpd[20325]: connect from gw0.mx.kanazawa-u.ac.jp[133.28.17.30]
Jan 23 13:13:07 localhost postfix/smtpd[20333]: connect from cc-ext.ccc.osaka-u.ac.jp[133.1.138.214]
Jan 23 13:13:07 localhost postfix/smtpd[20312]: connect from mail-db5eur01hn2229.outbound.protection.outlook.com[52.100.6.229]
Jan 23 13:13:07 localhost postfix/smtpd[20205]: NOQUEUE: reject: RCPT from sasuke.econ.hc.keio.ac.jp[131.113.239.24]: 550 5.1.1 <suac+bncBCC7XN6N3YMBBMFGWWHQMGQER7SEXCQ@lamc.la>: Recipient address rejected: User unknown in local recipient table; from=<> to=<suac+bncBCC7XN6N3YMBBMFGWWHQMGQER7SEXCQ@lamc.la> proto=ESMTP helo=<sasuke.econ.hc.keio.ac.jp>
Jan 23 13:13:07 localhost postfix/smtpd[20323]: NOQUEUE: reject: RCPT from mailgw.kobe-u.ac.jp[133.30.30.67]: 550 5.1.1 <suac+bncBCC7XN6N3YMBBMFGWWHQMGQER7SEXCQ@lamc.la>: Recipient address rejected: User unknown in local recipient table; from=<> to=<suac+bncBCC7XN6N3YMBBMFGWWHQMGQER7SEXCQ@lamc.la> proto=ESMTP helo=<mailgw.kobe-u.ac.jp>
Jan 23 13:13:07 localhost postfix/smtpd[20334]: connect from ioutemea4.hes.trendmicro.eu[52.58.62.204]
Jan 23 13:13:07 localhost postfix/smtpd[20334]: lost connection after CONNECT from ioutemea4.hes.trendmicro.eu[52.58.62.204]
Jan 23 13:13:07 localhost postfix/smtpd[20334]: disconnect from ioutemea4.hes.trendmicro.eu[52.58.62.204] commands=0/0
Jan 23 13:13:07 localhost postfix/trivial-rewrite[20270]: warning: do not list domain lamc.la in BOTH mydestination and virtual_alias_domains
Jan 23 13:13:07 localhost postfix/smtpd[20323]: disconnect from mailgw.kobe-u.ac.jp[133.30.30.67] ehlo=1 mail=1 rcpt=0/1 data=0/1 rset=1 quit=1 commands=4/6
Jan 23 13:13:07 localhost postfix/smtpd[20205]: disconnect from sasuke.econ.hc.keio.ac.jp[131.113.239.24] ehlo=1 mail=1 rcpt=0/1 data=0/1 rset=1 quit=1 commands=4/6
Jan 23 13:13:07 localhost postfix/smtpd[20331]: NOQUEUE: reject: RCPT from gumx.gifu-u.ac.jp[133.66.1.10]: 550 5.1.1 <suac+bncBCC7XN6N3YMBBMFGWWHQMGQER7SEXCQ@lamc.la>: Recipient address rejected: User unknown in local recipient table; from=<> to=<suac+bncBCC7XN6N3YMBBMFGWWHQMGQER7SEXCQ@lamc.la> proto=ESMTP helo=<gumx.gifu-u.ac.jp>
Jan 23 13:13:07 localhost postfix/smtpd[20205]: connect from mta-s.yamanashi.ac.jp[133.23.2.7]
Jan 23 13:13:07 localhost postfix/smtpd[20335]: connect from ioutemea7.hes.trendmicro.eu[52.58.62.223]
Jan 23 13:13:07 localhost postfix/smtpd[20335]: lost connection after CONNECT from ioutemea7.hes.trendmicro.eu[52.58.62.223]
Jan 23 13:13:07 localhost postfix/smtpd[20335]: disconnect from ioutemea7.hes.trendmicro.eu[52.58.62.223] commands=0/0
Jan 23 13:13:07 localhost postfix/smtpd[20321]: NOQUEUE: reject: RCPT from dms-a02.ipc.shizuoka.ac.jp[133.70.128.239]: 550 5.1.1 <suac+bncBCC7XN6N3YMBBMFGWWHQMGQER7SEXCQ@lamc.la>: Recipient address rejected: User unknown in local recipient table; from=<> to=<suac+bncBCC7XN6N3YMBBMFGWWHQMGQER7SEXCQ@lamc.la> proto=ESMTP helo=<dms-a02.ipc.shizuoka.ac.jp>
Jan 23 13:13:07 localhost postfix/smtpd[20335]: connect from mailrelay.umin.ac.jp[130.69.92.23]
