Jan 23 13:13:18 localhost postfix/smtpd[20339]: connect from mail-db8eur05hn2236.outbound.protection.outlook.com[52.100.20.236]
Jan 23 13:13:18 localhost postfix/smtpd[20319]: disconnect from unknown[219.166.9.245] ehlo=2 starttls=1 mail=1 rcpt=0/1 data=0/1 rset=1 quit=1 commands=6/8
Jan 23 13:13:18 localhost postfix/smtpd[20327]: disconnect from ioutemea5.hes.trendmicro.eu[52.58.62.221] ehlo=2 starttls=1 mail=1 rcpt=0/1 data=0/1 rset=1 quit=1 commands=6/8
Jan 23 13:13:18 localhost postfix/smtpd[20334]: disconnect from ioutemea5.hes.trendmicro.eu[52.58.62.221] ehlo=2 starttls=1 mail=1 rcpt=0/1 data=0/1 rset=1 quit=1 commands=6/8
Jan 23 13:13:18 localhost postfix/smtpd[20336]: connect from ioutemea1.hes.trendmicro.eu[52.58.62.201]
Jan 23 13:13:18 localhost postfix/smtpd[20344]: NOQUEUE: reject: RCPT from mx0b-00602c01.pphosted.com[205.220.174.65]: 550 5.1.1 <suac+bncBCC7XN6N3YMBBMFGWWHQMGQER7SEXCQ@lamc.la>: Recipient address rejected: User unknown in local recipient table; from=<> to=<suac+bncBCC7XN6N3YMBBMFGWWHQMGQER7SEXCQ@lamc.la> proto=ESMTP helo=<mx0b-00602c01.pphosted.com>
Jan 23 13:13:18 localhost postfix/smtpd[20332]: disconnect from ioutemea2.hes.trendmicro.eu[52.58.62.202] ehlo=2 starttls=1 mail=1 rcpt=0/1 data=0/1 rset=1 quit=1 commands=6/8
Jan 23 13:13:18 localhost postfix/smtpd[20278]: disconnect from ioutemea4.hes.trendmicro.eu[52.58.62.204] ehlo=2 starttls=1 mail=1 rcpt=0/1 data=0/1 rset=1 quit=1 commands=6/8
Jan 23 13:13:18 localhost postfix/smtpd[20304]: disconnect from ioutemea2.hes.trendmicro.eu[52.58.62.202] ehlo=2 starttls=1 mail=1 rcpt=0/1 data=0/1 rset=1 quit=1 commands=6/8
Jan 23 13:13:18 localhost postfix/smtpd[20267]: disconnect from ioutemea2.hes.trendmicro.eu[52.58.62.202] ehlo=2 starttls=1 mail=1 rcpt=0/1 data=0/1 rset=1 quit=1 commands=6/8
Jan 23 13:13:18 localhost postfix/smtpd[20321]: NOQUEUE: reject: RCPT from ioutemea3.hes.trendmicro.eu[52.58.62.203]: 550 5.1.1 <suac+bncBCC7XN6N3YMBBMFGWWHQMGQER7SEXCQ@lamc.la>: Recipient address rejected: User unknown in local recipient table; from=<> to=<suac+bncBCC7XN6N3YMBBMFGWWHQMGQER7SEXCQ@lamc.la> proto=ESMTP helo=<ioutemea3.hes.trendmicro.eu>
Jan 23 13:13:18 localhost postfix/smtpd[20315]: NOQUEUE: reject: RCPT from ioutemea7.hes.trendmicro.eu[52.58.62.223]: 550 5.1.1 <suac+bncBCC7XN6N3YMBBMFGWWHQMGQER7SEXCQ@lamc.la>: Recipient address rejected: User unknown in local recipient table; from=<> to=<suac+bncBCC7XN6N3YMBBMFGWWHQMGQER7SEXCQ@lamc.la> proto=ESMTP helo=<ioutemea7.hes.trendmicro.eu>
Jan 23 13:13:18 localhost postfix/smtpd[20123]: disconnect from ioutemea2.hes.trendmicro.eu[52.58.62.202] ehlo=2 starttls=1 mail=1 rcpt=0/1 data=0/1 rset=1 quit=1 commands=6/8
Jan 23 13:13:18 localhost postfix/smtpd[20317]: NOQUEUE: reject: RCPT from ioutemea2.hes.trendmicro.eu[52.58.62.202]: 550 5.1.1 <suac+bncBCC7XN6N3YMBBMFGWWHQMGQER7SEXCQ@lamc.la>: Recipient address rejected: User unknown in local recipient table; from=<> to=<suac+bncBCC7XN6N3YMBBMFGWWHQMGQER7SEXCQ@lamc.la> proto=ESMTP helo=<ioutemea2.hes.trendmicro.eu>
Jan 23 13:13:18 localhost postfix/smtpd[20205]: connect from ioutemea1.hes.trendmicro.eu[52.58.62.201]
Jan 23 13:13:18 localhost postfix/smtpd[20321]: disconnect from ioutemea3.hes.trendmicro.eu[52.58.62.203] ehlo=2 starttls=1 mail=1 rcpt=0/1 data=0/1 rset=1 quit=1 commands=6/8
Jan 23 13:13:18 localhost postfix/smtpd[20344]: disconnect from mx0b-00602c01.pphosted.com[205.220.174.65] ehlo=2 starttls=1 mail=1 rcpt=0/1 data=0/1 rset=1 quit=1 commands=6/8
Jan 23 13:13:18 localhost postfix/smtpd[20315]: disconnect from ioutemea7.hes.trendmicro.eu[52.58.62.223] ehlo=2 starttls=1 mail=1 rcpt=0/1 data=0/1 rset=1 quit=1 commands=6/8
Jan 23 13:13:18 localhost postfix/smtpd[20343]: NOQUEUE: reject: RCPT from ioutemea2.hes.trendmicro.eu[52.58.62.202]: 550 5.1.1 <suac+bncBCC7XN6N3YMBBMFGWWHQMGQER7SEXCQ@lamc.la>: Recipient address rejected: User unknown in local recipient table; from=<> to=<suac+bncBCC7XN6N3YMBBMFGWWHQMGQER7SEXCQ@lamc.la> proto=ESMTP helo=<ioutemea2.hes.trendmicro.eu>
Jan 23 13:13:18 localhost postfix/smtpd[20323]: NOQUEUE: reject: RCPT from ioutemea2.hes.trendmicro.eu[52.58.62.202]: 550 5.1.1 <suac+bncBCC7XN6N3YMBBMFGWWHQMGQER7SEXCQ@lamc.la>: Recipient address rejected: User unknown in local recipient table; from=<> to=<suac+bncBCC7XN6N3YMBBMFGWWHQMGQER7SEXCQ@lamc.la> proto=ESMTP helo=<ioutemea2.hes.trendmicro.eu>
Jan 23 13:13:18 localhost postfix/smtpd[20329]: NOQUEUE: reject: RCPT from ioutemea2.hes.trendmicro.eu[52.58.62.202]: 550 5.1.1 <suac+bncBCC7XN6N3YMBBMFGWWHQMGQER7SEXCQ@lamc.la>: Recipient address rejected: User unknown in local recipient table; from=<> to=<suac+bncBCC7XN6N3YMBBMFGWWHQMGQER7SEXCQ@lamc.la> proto=ESMTP helo=<ioutemea2.hes.trendmicro.eu>
Jan 23 13:13:18 localhost postfix/smtpd[20330]: NOQUEUE: reject: RCPT from ioutemea4.hes.trendmicro.eu[52.58.62.204]: 550 5.1.1 <suac+bncBCC7XN6N3YMBBMFGWWHQMGQER7SEXCQ@lamc.la>: Recipient address rejected: User unknown in local recipient table; from=<> to=<suac+bncBCC7XN6N3YMBBMFGWWHQMGQER7SEXCQ@lamc.la> proto=ESMTP helo=<ioutemea4.hes.trendmicro.eu>
Jan 23 13:13:18 localhost postfix/smtpd[20292]: NOQUEUE: reject: RCPT from ioutemea2.hes.trendmicro.eu[52.58.62.202]: 550 5.1.1 <suac+bncBCC7XN6N3YMBBMFGWWHQMGQER7SEXCQ@lamc.la>: Recipient address rejected: User unknown in local recipient table; from=<> to=<suac+bncBCC7XN6N3YMBBMFGWWHQMGQER7SEXCQ@lamc.la> proto=ESMTP helo=<ioutemea2.hes.trendmicro.eu>
Jan 23 13:13:18 localhost postfix/smtpd[20328]: connect from ioutemea2.hes.trendmicro.eu[52.58.62.202]
Jan 23 13:13:18 localhost postfix/smtpd[20214]: connect from ioutemea2.hes.trendmicro.eu[52.58.62.202]
Jan 23 13:13:18 localhost postfix/smtpd[20317]: disconnect from ioutemea2.hes.trendmicro.eu[52.58.62.202] ehlo=2 starttls=1 mail=1 rcpt=0/1 data=0/1 rset=1 quit=1 commands=6/8
Jan 23 13:13:18 localhost postfix/smtpd[20337]: connect from ioutemea2.hes.trendmicro.eu[52.58.62.202]
Jan 23 13:13:18 localhost postfix/smtpd[20341]: NOQUEUE: reject: RCPT from ioutemea5.hes.trendmicro.eu[52.58.62.221]: 550 5.1.1 <suac+bncBCC7XN6N3YMBBMFGWWHQMGQER7SEXCQ@lamc.la>: Recipient address rejected: User unknown in local recipient table; from=<> to=<suac+bncBCC7XN6N3YMBBMFGWWHQMGQER7SEXCQ@lamc.la> proto=ESMTP helo=<ioutemea5.hes.trendmicro.eu>
Jan 23 13:13:18 localhost postfix/smtpd[20268]: NOQUEUE: reject: RCPT from ioutemea2.hes.trendmicro.eu[52.58.62.202]: 550 5.1.1 <suac+bncBCC7XN6N3YMBBMFGWWHQMGQER7SEXCQ@lamc.la>: Recipient address rejected: User unknown in local recipient table; from=<> to=<suac+bncBCC7XN6N3YMBBMFGWWHQMGQER7SEXCQ@lamc.la> proto=ESMTP helo=<ioutemea2.hes.trendmicro.eu>
Jan 23 13:13:18 localhost postfix/smtpd[20338]: NOQUEUE: reject: RCPT from ioutemea1.hes.trendmicro.eu[52.58.62.201]: 550 5.1.1 <suac+bncBCC7XN6N3YMBBMFGWWHQMGQER7SEXCQ@lamc.la>: Recipient address rejected: User unknown in local recipient table; from=<> to=<suac+bncBCC7XN6N3YMBBMFGWWHQMGQER7SEXCQ@lamc.la> proto=ESMTP helo=<ioutemea1.hes.trendmicro.eu>
Jan 23 13:13:19 localhost postfix/smtpd[20320]: NOQUEUE: reject: RCPT from ioutemea5.hes.trendmicro.eu[52.58.62.221]: 550 5.1.1 <suac+bncBCC7XN6N3YMBBMFGWWHQMGQER7SEXCQ@lamc.la>: Recipient address rejected: User unknown in local recipient table; from=<> to=<suac+bncBCC7XN6N3YMBBMFGWWHQMGQER7SEXCQ@lamc.la> proto=ESMTP helo=<ioutemea5.hes.trendmicro.eu>
Jan 23 13:13:19 localhost postfix/smtpd[20343]: disconnect from ioutemea2.hes.trendmicro.eu[52.58.62.202] ehlo=2 starttls=1 mail=1 rcpt=0/1 data=0/1 rset=1 quit=1 commands=6/8
Jan 23 13:13:19 localhost postfix/smtpd[20267]: connect from ioutemea2.hes.trendmicro.eu[52.58.62.202]
Jan 23 13:13:19 localhost postfix/smtpd[20323]: disconnect from ioutemea2.hes.trendmicro.eu[52.58.62.202] ehlo=2 starttls=1 mail=1 rcpt=0/1 data=0/1 rset=1 quit=1 commands=6/8
Jan 23 13:13:19 localhost postfix/smtpd[20329]: disconnect from ioutemea2.hes.trendmicro.eu[52.58.62.202] ehlo=2 starttls=1 mail=1 rcpt=0/1 data=0/1 rset=1 quit=1 commands=6/8
Jan 23 13:13:19 localhost postfix/smtpd[20318]: NOQUEUE: reject: RCPT from ioutemea2.hes.trendmicro.eu[52.58.62.202]: 550 5.1.1 <suac+bncBCC7XN6N3YMBBMFGWWHQMGQER7SEXCQ@lamc.la>: Recipient address rejected: User unknown in local recipient table; from=<> to=<suac+bncBCC7XN6N3YMBBMFGWWHQMGQER7SEXCQ@lamc.la> proto=ESMTP helo=<ioutemea2.hes.trendmicro.eu>
Jan 23 13:13:19 localhost postfix/smtpd[20330]: disconnect from ioutemea4.hes.trendmicro.eu[52.58.62.204] ehlo=2 starttls=1 mail=1 rcpt=0/1 data=0/1 rset=1 quit=1 commands=6/8
Jan 23 13:13:19 localhost postfix/smtpd[20213]: NOQUEUE: reject: RCPT from ioutemea2.hes.trendmicro.eu[52.58.62.202]: 550 5.1.1 <suac+bncBCC7XN6N3YMBBMFGWWHQMGQER7SEXCQ@lamc.la>: Recipient address rejected: User unknown in local recipient table; from=<> to=<suac+bncBCC7XN6N3YMBBMFGWWHQMGQER7SEXCQ@lamc.la> proto=ESMTP helo=<ioutemea2.hes.trendmicro.eu>
Jan 23 13:13:19 localhost postfix/smtpd[20292]: disconnect from ioutemea2.hes.trendmicro.eu[52.58.62.202] ehlo=2 starttls=1 mail=1 rcpt=0/1 data=0/1 rset=1 quit=1 commands=6/8
Jan 23 13:13:19 localhost postfix/smtpd[20341]: disconnect from ioutemea5.hes.trendmicro.eu[52.58.62.221] ehlo=2 starttls=1 mail=1 rcpt=0/1 data=0/1 rset=1 quit=1 commands=6/8
Jan 23 13:13:19 localhost postfix/smtpd[20268]: disconnect from ioutemea2.hes.trendmicro.eu[52.58.62.202] ehlo=2 starttls=1 mail=1 rcpt=0/1 data=0/1 rset=1 quit=1 commands=6/8
Jan 23 13:13:19 localhost postfix/smtpd[20338]: disconnect from ioutemea1.hes.trendmicro.eu[52.58.62.201] ehlo=2 starttls=1 mail=1 rcpt=0/1 data=0/1 rset=1 quit=1 commands=6/8
Jan 23 13:13:19 localhost postfix/smtpd[20320]: disconnect from ioutemea5.hes.trendmicro.eu[52.58.62.221] ehlo=2 starttls=1 mail=1 rcpt=0/1 data=0/1 rset=1 quit=1 commands=6/8
Jan 23 13:13:19 localhost postfix/smtpd[20202]: NOQUEUE: reject: RCPT from ioutemea4.hes.trendmicro.eu[52.58.62.204]: 550 5.1.1 <suac+bncBCC7XN6N3YMBBMFGWWHQMGQER7SEXCQ@lamc.la>: Recipient address rejected: User unknown in local recipient table; from=<> to=<suac+bncBCC7XN6N3YMBBMFGWWHQMGQER7SEXCQ@lamc.la> proto=ESMTP helo=<ioutemea4.hes.trendmicro.eu>
Jan 23 13:13:19 localhost postfix/smtpd[20310]: NOQUEUE: reject: RCPT from ioutemea2.hes.trendmicro.eu[52.58.62.202]: 550 5.1.1 <suac+bncBCC7XN6N3YMBBMFGWWHQMGQER7SEXCQ@lamc.la>: Recipient address rejected: User unknown in local recipient table; from=<> to=<suac+bncBCC7XN6N3YMBBMFGWWHQMGQER7SEXCQ@lamc.la> proto=ESMTP helo=<ioutemea2.hes.trendmicro.eu>
Jan 23 13:13:19 localhost postfix/smtpd[20318]: disconnect from ioutemea2.hes.trendmicro.eu[52.58.62.202] ehlo=2 starttls=1 mail=1 rcpt=0/1 data=0/1 rset=1 quit=1 commands=6/8
Jan 23 13:13:19 localhost postfix/smtpd[20200]: NOQUEUE: reject: RCPT from ioutemea2.hes.trendmicro.eu[52.58.62.202]: 550 5.1.1 <suac+bncBCC7XN6N3YMBBMFGWWHQMGQER7SEXCQ@lamc.la>: Recipient address rejected: User unknown in local recipient table; from=<> to=<suac+bncBCC7XN6N3YMBBMFGWWHQMGQER7SEXCQ@lamc.la> proto=ESMTP helo=<ioutemea2.hes.trendmicro.eu>
Jan 23 13:13:19 localhost postfix/smtpd[20213]: disconnect from ioutemea2.hes.trendmicro.eu[52.58.62.202] ehlo=2 starttls=1 mail=1 rcpt=0/1 data=0/1 rset=1 quit=1 commands=6/8
Jan 23 13:13:19 localhost postfix/smtpd[20278]: connect from ioutemea2.hes.trendmicro.eu[52.58.62.202]
Jan 23 13:13:19 localhost postfix/smtpd[20339]: NOQUEUE: reject: RCPT from mail-db8eur05hn2236.outbound.protection.outlook.com[52.100.20.236]: 550 5.1.1 <suac+bncBCC7XN6N3YMBBMFGWWHQMGQER7SEXCQ@lamc.la>: Recipient address rejected: User unknown in local recipient table; from=<> to=<suac+bncBCC7XN6N3YMBBMFGWWHQMGQER7SEXCQ@lamc.la> proto=ESMTP helo=<EUR05-DB8-obe.outbound.protection.outlook.com>
Jan 23 13:13:19 localhost postfix/smtpd[20311]: NOQUEUE: reject: RCPT from ioutemea3.hes.trendmicro.eu[52.58.62.203]: 550 5.1.1 <suac+bncBCC7XN6N3YMBBMFGWWHQMGQER7SEXCQ@lamc.la>: Recipient address rejected: User unknown in local recipient table; from=<> to=<suac+bncBCC7XN6N3YMBBMFGWWHQMGQER7SEXCQ@lamc.la> proto=ESMTP helo=<ioutemea3.hes.trendmicro.eu>
Jan 23 13:13:19 localhost postfix/smtpd[20322]: connect from ioutemea2.hes.trendmicro.eu[52.58.62.202]
Jan 23 13:13:19 localhost postfix/smtpd[20321]: connect from ioutemea2.hes.trendmicro.eu[52.58.62.202]
Jan 23 13:13:19 localhost postfix/smtpd[20202]: disconnect from ioutemea4.hes.trendmicro.eu[52.58.62.204] ehlo=2 starttls=1 mail=1 rcpt=0/1 data=0/1 rset=1 quit=1 commands=6/8
Jan 23 13:13:19 localhost postfix/smtpd[20310]: disconnect from ioutemea2.hes.trendmicro.eu[52.58.62.202] ehlo=2 starttls=1 mail=1 rcpt=0/1 data=0/1 rset=1 quit=1 commands=6/8
Jan 23 13:13:19 localhost postfix/smtpd[20338]: connect from ioutemea2.hes.trendmicro.eu[52.58.62.202]
Jan 23 13:13:19 localhost postfix/smtpd[20200]: disconnect from ioutemea2.hes.trendmicro.eu[52.58.62.202] ehlo=2 starttls=1 mail=1 rcpt=0/1 data=0/1 rset=1 quit=1 commands=6/8
Jan 23 13:13:19 localhost postfix/smtpd[20335]: NOQUEUE: reject: RCPT from ioutemea2.hes.trendmicro.eu[52.58.62.202]: 550 5.1.1 <suac+bncBCC7XN6N3YMBBMFGWWHQMGQER7SEXCQ@lamc.la>: Recipient address rejected: User unknown in local recipient table; from=<> to=<suac+bncBCC7XN6N3YMBBMFGWWHQMGQER7SEXCQ@lamc.la> proto=ESMTP helo=<ioutemea2.hes.trendmicro.eu>
Jan 23 13:13:19 localhost postfix/smtpd[20333]: NOQUEUE: reject: RCPT from ioutemea2.hes.trendmicro.eu[52.58.62.202]: 550 5.1.1 <suac+bncBCC7XN6N3YMBBMFGWWHQMGQER7SEXCQ@lamc.la>: Recipient address rejected: User unknown in local recipient table; from=<> to=<suac+bncBCC7XN6N3YMBBMFGWWHQMGQER7SEXCQ@lamc.la> proto=ESMTP helo=<ioutemea2.hes.trendmicro.eu>
Jan 23 13:13:19 localhost postfix/smtpd[20339]: disconnect from mail-db8eur05hn2236.outbound.protection.outlook.com[52.100.20.236] ehlo=2 starttls=1 mail=1 rcpt=0/1 quit=1 commands=5/6
Jan 23 13:13:19 localhost postfix/smtpd[20311]: disconnect from ioutemea3.hes.trendmicro.eu[52.58.62.203] ehlo=2 starttls=1 mail=1 rcpt=0/1 data=0/1 rset=1 quit=1 commands=6/8
Jan 23 13:13:19 localhost postfix/smtpd[20330]: connect from ioutemea7.hes.trendmicro.eu[52.58.62.223]
Jan 23 13:13:19 localhost postfix/smtpd[20330]: lost connection after CONNECT from ioutemea7.hes.trendmicro.eu[52.58.62.223]
Jan 23 13:13:19 localhost postfix/smtpd[20330]: disconnect from ioutemea7.hes.trendmicro.eu[52.58.62.223] commands=0/0
Jan 23 13:13:19 localhost postfix/smtpd[20123]: connect from ioutemea2.hes.trendmicro.eu[52.58.62.202]
Jan 23 13:13:19 localhost postfix/smtpd[20123]: lost connection after CONNECT from ioutemea2.hes.trendmicro.eu[52.58.62.202]
Jan 23 13:13:19 localhost postfix/smtpd[20123]: disconnect from ioutemea2.hes.trendmicro.eu[52.58.62.202] commands=0/0
Jan 23 13:13:19 localhost postfix/smtpd[20272]: connect from ioutemea2.hes.trendmicro.eu[52.58.62.202]
Jan 23 13:13:19 localhost postfix/smtpd[20272]: lost connection after CONNECT from ioutemea2.hes.trendmicro.eu[52.58.62.202]
Jan 23 13:13:19 localhost postfix/smtpd[20272]: disconnect from ioutemea2.hes.trendmicro.eu[52.58.62.202] commands=0/0
Jan 23 13:13:19 localhost postfix/smtpd[20343]: connect from ioutemea3.hes.trendmicro.eu[52.58.62.203]
Jan 23 13:13:19 localhost postfix/smtpd[20343]: lost connection after CONNECT from ioutemea3.hes.trendmicro.eu[52.58.62.203]
Jan 23 13:13:19 localhost postfix/smtpd[20343]: disconnect from ioutemea3.hes.trendmicro.eu[52.58.62.203] commands=0/0
Jan 23 13:13:19 localhost postfix/smtpd[20332]: connect from ioutemea2.hes.trendmicro.eu[52.58.62.202]
Jan 23 13:13:19 localhost postfix/smtpd[20332]: lost connection after CONNECT from ioutemea2.hes.trendmicro.eu[52.58.62.202]
Jan 23 13:13:19 localhost postfix/smtpd[20332]: disconnect from ioutemea2.hes.trendmicro.eu[52.58.62.202] commands=0/0
Jan 23 13:13:19 localhost postfix/smtpd[20341]: connect from ioutemea2.hes.trendmicro.eu[52.58.62.202]
Jan 23 13:13:19 localhost postfix/smtpd[20341]: lost connection after CONNECT from ioutemea2.hes.trendmicro.eu[52.58.62.202]
Jan 23 13:13:19 localhost postfix/smtpd[20341]: disconnect from ioutemea2.hes.trendmicro.eu[52.58.62.202] commands=0/0
Jan 23 13:13:19 localhost postfix/smtpd[20340]: connect from ioutemea7.hes.trendmicro.eu[52.58.62.223]
Jan 23 13:13:20 localhost postfix/smtpd[20209]: connect from ioutemea1.hes.trendmicro.eu[52.58.62.201]
Jan 23 13:13:20 localhost postfix/smtpd[20335]: disconnect from ioutemea2.hes.trendmicro.eu[52.58.62.202] ehlo=2 starttls=1 mail=1 rcpt=0/1 data=0/1 rset=1 quit=1 commands=6/8
Jan 23 13:13:20 localhost postfix/smtpd[20336]: NOQUEUE: reject: RCPT from ioutemea1.hes.trendmicro.eu[52.58.62.201]: 550 5.1.1 <suac+bncBCC7XN6N3YMBBMFGWWHQMGQER7SEXCQ@lamc.la>: Recipient address rejected: User unknown in local recipient table; from=<> to=<suac+bncBCC7XN6N3YMBBMFGWWHQMGQER7SEXCQ@lamc.la> proto=ESMTP helo=<ioutemea1.hes.trendmicro.eu>
Jan 23 13:13:20 localhost postfix/smtpd[20333]: disconnect from ioutemea2.hes.trendmicro.eu[52.58.62.202] ehlo=2 starttls=1 mail=1 rcpt=0/1 data=0/1 rset=1 quit=1 commands=6/8
Jan 23 13:13:20 localhost postfix/smtpd[20316]: connect from ioutemea7.hes.trendmicro.eu[52.58.62.223]
Jan 23 13:13:20 localhost postfix/smtpd[20320]: connect from ioutemea2.hes.trendmicro.eu[52.58.62.202]
Jan 23 13:13:20 localhost postfix/smtpd[20324]: connect from ioutemea3.hes.trendmicro.eu[52.58.62.203]
Jan 23 13:13:20 localhost postfix/smtpd[20265]: connect from ioutemea2.hes.trendmicro.eu[52.58.62.202]
Jan 23 13:13:20 localhost postfix/smtpd[20336]: disconnect from ioutemea1.hes.trendmicro.eu[52.58.62.201] ehlo=2 starttls=1 mail=1 rcpt=0/1 data=0/1 rset=1 quit=1 commands=6/8
Jan 23 13:13:20 localhost postfix/smtpd[20205]: NOQUEUE: reject: RCPT from ioutemea1.hes.trendmicro.eu[52.58.62.201]: 550 5.1.1 <suac+bncBCC7XN6N3YMBBMFGWWHQMGQER7SEXCQ@lamc.la>: Recipient address rejected: User unknown in local recipient table; from=<> to=<suac+bncBCC7XN6N3YMBBMFGWWHQMGQER7SEXCQ@lamc.la> proto=ESMTP helo=<ioutemea1.hes.trendmicro.eu>
Jan 23 13:13:20 localhost postfix/smtpd[20214]: NOQUEUE: reject: RCPT from ioutemea2.hes.trendmicro.eu[52.58.62.202]: 550 5.1.1 <suac+bncBCC7XN6N3YMBBMFGWWHQMGQER7SEXCQ@lamc.la>: Recipient address rejected: User unknown in local recipient table; from=<> to=<suac+bncBCC7XN6N3YMBBMFGWWHQMGQER7SEXCQ@lamc.la> proto=ESMTP helo=<ioutemea2.hes.trendmicro.eu>
Jan 23 13:13:20 localhost postfix/smtpd[20328]: NOQUEUE: reject: RCPT from ioutemea2.hes.trendmicro.eu[52.58.62.202]: 550 5.1.1 <suac+bncBCC7XN6N3YMBBMFGWWHQMGQER7SEXCQ@lamc.la>: Recipient address rejected: User unknown in local recipient table; from=<> to=<suac+bncBCC7XN6N3YMBBMFGWWHQMGQER7SEXCQ@lamc.la> proto=ESMTP helo=<ioutemea2.hes.trendmicro.eu>
Jan 23 13:13:20 localhost postfix/smtpd[20323]: connect from ioutemea1.hes.trendmicro.eu[52.58.62.201]
Jan 23 13:13:20 localhost postfix/smtpd[20337]: NOQUEUE: reject: RCPT from ioutemea2.hes.trendmicro.eu[52.58.62.202]: 550 5.1.1 <suac+bncBCC7XN6N3YMBBMFGWWHQMGQER7SEXCQ@lamc.la>: Recipient address rejected: User unknown in local recipient table; from=<> to=<suac+bncBCC7XN6N3YMBBMFGWWHQMGQER7SEXCQ@lamc.la> proto=ESMTP helo=<ioutemea2.hes.trendmicro.eu>
Jan 23 13:13:20 localhost postfix/smtpd[20205]: disconnect from ioutemea1.hes.trendmicro.eu[52.58.62.201] ehlo=2 starttls=1 mail=1 rcpt=0/1 data=0/1 rset=1 quit=1 commands=6/8
Jan 23 13:13:20 localhost postfix/smtpd[20267]: NOQUEUE: reject: RCPT from ioutemea2.hes.trendmicro.eu[52.58.62.202]: 550 5.1.1 <suac+bncBCC7XN6N3YMBBMFGWWHQMGQER7SEXCQ@lamc.la>: Recipient address rejected: User unknown in local recipient table; from=<> to=<suac+bncBCC7XN6N3YMBBMFGWWHQMGQER7SEXCQ@lamc.la> proto=ESMTP helo=<ioutemea2.hes.trendmicro.eu>
Jan 23 13:13:20 localhost postfix/smtpd[20214]: disconnect from ioutemea2.hes.trendmicro.eu[52.58.62.202] ehlo=2 starttls=1 mail=1 rcpt=0/1 data=0/1 rset=1 quit=1 commands=6/8
Jan 23 13:13:20 localhost postfix/smtpd[20328]: disconnect from ioutemea2.hes.trendmicro.eu[52.58.62.202] ehlo=2 starttls=1 mail=1 rcpt=0/1 data=0/1 rset=1 quit=1 commands=6/8
Jan 23 13:13:20 localhost postfix/smtpd[20337]: disconnect from ioutemea2.hes.trendmicro.eu[52.58.62.202] ehlo=2 starttls=1 mail=1 rcpt=0/1 data=0/1 rset=1 quit=1 commands=6/8
Jan 23 13:13:21 localhost postfix/smtpd[20267]: disconnect from ioutemea2.hes.trendmicro.eu[52.58.62.202] ehlo=2 starttls=1 mail=1 rcpt=0/1 data=0/1 rset=1 quit=1 commands=6/8
Jan 23 13:13:21 localhost postfix/smtpd[20304]: connect from mail-cwlgbr01hn2236.outbound.protection.outlook.com[52.100.178.236]
Jan 23 13:13:21 localhost postfix/smtpd[20278]: NOQUEUE: reject: RCPT from ioutemea2.hes.trendmicro.eu[52.58.62.202]: 550 5.1.1 <suac+bncBCC7XN6N3YMBBMFGWWHQMGQER7SEXCQ@lamc.la>: Recipient address rejected: User unknown in local recipient table; from=<> to=<suac+bncBCC7XN6N3YMBBMFGWWHQMGQER7SEXCQ@lamc.la> proto=ESMTP helo=<ioutemea2.hes.trendmicro.eu>
Jan 23 13:13:21 localhost postfix/smtpd[20322]: NOQUEUE: reject: RCPT from ioutemea2.hes.trendmicro.eu[52.58.62.202]: 550 5.1.1 <suac+bncBCC7XN6N3YMBBMFGWWHQMGQER7SEXCQ@lamc.la>: Recipient address rejected: User unknown in local recipient table; from=<> to=<suac+bncBCC7XN6N3YMBBMFGWWHQMGQER7SEXCQ@lamc.la> proto=ESMTP helo=<ioutemea2.hes.trendmicro.eu>
Jan 23 13:13:21 localhost postfix/smtpd[20321]: NOQUEUE: reject: RCPT from ioutemea2.hes.trendmicro.eu[52.58.62.202]: 550 5.1.1 <suac+bncBCC7XN6N3YMBBMFGWWHQMGQER7SEXCQ@lamc.la>: Recipient address rejected: User unknown in local recipient table; from=<> to=<suac+bncBCC7XN6N3YMBBMFGWWHQMGQER7SEXCQ@lamc.la> proto=ESMTP helo=<ioutemea2.hes.trendmicro.eu>
Jan 23 13:13:21 localhost postfix/smtpd[20338]: NOQUEUE: reject: RCPT from ioutemea2.hes.trendmicro.eu[52.58.62.202]: 550 5.1.1 <suac+bncBCC7XN6N3YMBBMFGWWHQMGQER7SEXCQ@lamc.la>: Recipient address rejected: User unknown in local recipient table; from=<> to=<suac+bncBCC7XN6N3YMBBMFGWWHQMGQER7SEXCQ@lamc.la> proto=ESMTP helo=<ioutemea2.hes.trendmicro.eu>
Jan 23 13:13:21 localhost postfix/smtpd[20278]: disconnect from ioutemea2.hes.trendmicro.eu[52.58.62.202] ehlo=2 starttls=1 mail=1 rcpt=0/1 data=0/1 rset=1 quit=1 commands=6/8
Jan 23 13:13:21 localhost postfix/smtpd[20322]: disconnect from ioutemea2.hes.trendmicro.eu[52.58.62.202] ehlo=2 starttls=1 mail=1 rcpt=0/1 data=0/1 rset=1 quit=1 commands=6/8
Jan 23 13:13:21 localhost postfix/smtpd[20321]: disconnect from ioutemea2.hes.trendmicro.eu[52.58.62.202] ehlo=2 starttls=1 mail=1 rcpt=0/1 data=0/1 rset=1 quit=1 commands=6/8
Jan 23 13:13:21 localhost postfix/smtpd[20340]: NOQUEUE: reject: RCPT from ioutemea7.hes.trendmicro.eu[52.58.62.223]: 550 5.1.1 <suac+bncBCC7XN6N3YMBBMFGWWHQMGQER7SEXCQ@lamc.la>: Recipient address rejected: User unknown in local recipient table; from=<> to=<suac+bncBCC7XN6N3YMBBMFGWWHQMGQER7SEXCQ@lamc.la> proto=ESMTP helo=<ioutemea7.hes.trendmicro.eu>
Jan 23 13:13:21 localhost postfix/smtpd[20338]: disconnect from ioutemea2.hes.trendmicro.eu[52.58.62.202] ehlo=2 starttls=1 mail=1 rcpt=0/1 data=0/1 rset=1 quit=1 commands=6/8
Jan 23 13:13:21 localhost postfix/smtpd[20325]: connect from ioutemea3.hes.trendmicro.eu[52.58.62.203]
Jan 23 13:13:21 localhost postfix/smtpd[20209]: NOQUEUE: reject: RCPT from ioutemea1.hes.trendmicro.eu[52.58.62.201]: 550 5.1.1 <suac+bncBCC7XN6N3YMBBMFGWWHQMGQER7SEXCQ@lamc.la>: Recipient address rejected: User unknown in local recipient table; from=<> to=<suac+bncBCC7XN6N3YMBBMFGWWHQMGQER7SEXCQ@lamc.la> proto=ESMTP helo=<ioutemea1.hes.trendmicro.eu>
Jan 23 13:13:21 localhost postfix/smtpd[20316]: NOQUEUE: reject: RCPT from ioutemea7.hes.trendmicro.eu[52.58.62.223]: 550 5.1.1 <suac+bncBCC7XN6N3YMBBMFGWWHQMGQER7SEXCQ@lamc.la>: Recipient address rejected: User unknown in local recipient table; from=<> to=<suac+bncBCC7XN6N3YMBBMFGWWHQMGQER7SEXCQ@lamc.la> proto=ESMTP helo=<ioutemea7.hes.trendmicro.eu>
Jan 23 13:13:21 localhost postfix/smtpd[20324]: NOQUEUE: reject: RCPT from ioutemea3.hes.trendmicro.eu[52.58.62.203]: 550 5.1.1 <suac+bncBCC7XN6N3YMBBMFGWWHQMGQER7SEXCQ@lamc.la>: Recipient address rejected: User unknown in local recipient table; from=<> to=<suac+bncBCC7XN6N3YMBBMFGWWHQMGQER7SEXCQ@lamc.la> proto=ESMTP helo=<ioutemea3.hes.trendmicro.eu>
Jan 23 13:13:21 localhost postfix/smtpd[20320]: NOQUEUE: reject: RCPT from ioutemea2.hes.trendmicro.eu[52.58.62.202]: 550 5.1.1 <suac+bncBCC7XN6N3YMBBMFGWWHQMGQER7SEXCQ@lamc.la>: Recipient address rejected: User unknown in local recipient table; from=<> to=<suac+bncBCC7XN6N3YMBBMFGWWHQMGQER7SEXCQ@lamc.la> proto=ESMTP helo=<ioutemea2.hes.trendmicro.eu>
Jan 23 13:13:21 localhost postfix/smtpd[20265]: NOQUEUE: reject: RCPT from ioutemea2.hes.trendmicro.eu[52.58.62.202]: 550 5.1.1 <suac+bncBCC7XN6N3YMBBMFGWWHQMGQER7SEXCQ@lamc.la>: Recipient address rejected: User unknown in local recipient table; from=<> to=<suac+bncBCC7XN6N3YMBBMFGWWHQMGQER7SEXCQ@lamc.la> proto=ESMTP helo=<ioutemea2.hes.trendmicro.eu>
Jan 23 13:13:21 localhost postfix/smtpd[20340]: disconnect from ioutemea7.hes.trendmicro.eu[52.58.62.223] ehlo=2 starttls=1 mail=1 rcpt=0/1 data=0/1 rset=1 quit=1 commands=6/8
Jan 23 13:13:22 localhost postfix/smtpd[20209]: disconnect from ioutemea1.hes.trendmicro.eu[52.58.62.201] ehlo=2 starttls=1 mail=1 rcpt=0/1 data=0/1 rset=1 quit=1 commands=6/8
Jan 23 13:13:22 localhost postfix/smtpd[20316]: disconnect from ioutemea7.hes.trendmicro.eu[52.58.62.223] ehlo=2 starttls=1 mail=1 rcpt=0/1 data=0/1 rset=1 quit=1 commands=6/8
Jan 23 13:13:22 localhost postfix/smtpd[20324]: disconnect from ioutemea3.hes.trendmicro.eu[52.58.62.203] ehlo=2 starttls=1 mail=1 rcpt=0/1 data=0/1 rset=1 quit=1 commands=6/8
Jan 23 13:13:22 localhost postfix/smtpd[20320]: disconnect from ioutemea2.hes.trendmicro.eu[52.58.62.202] ehlo=2 starttls=1 mail=1 rcpt=0/1 data=0/1 rset=1 quit=1 commands=6/8
Jan 23 13:13:22 localhost postfix/smtpd[20265]: disconnect from ioutemea2.hes.trendmicro.eu[52.58.62.202] ehlo=2 starttls=1 mail=1 rcpt=0/1 data=0/1 rset=1 quit=1 commands=6/8
Jan 23 13:13:22 localhost postfix/smtpd[20323]: NOQUEUE: reject: RCPT from ioutemea1.hes.trendmicro.eu[52.58.62.201]: 550 5.1.1 <suac+bncBCC7XN6N3YMBBMFGWWHQMGQER7SEXCQ@lamc.la>: Recipient address rejected: User unknown in local recipient table; from=<> to=<suac+bncBCC7XN6N3YMBBMFGWWHQMGQER7SEXCQ@lamc.la> proto=ESMTP helo=<ioutemea1.hes.trendmicro.eu>
Jan 23 13:13:22 localhost postfix/smtpd[20294]: connect from ppsw-43.csi.cam.ac.uk[131.111.8.143]
Jan 23 13:13:22 localhost postfix/smtpd[20304]: NOQUEUE: reject: RCPT from mail-cwlgbr01hn2236.outbound.protection.outlook.com[52.100.178.236]: 550 5.1.1 <suac+bncBCC7XN6N3YMBBMFGWWHQMGQER7SEXCQ@lamc.la>: Recipient address rejected: User unknown in local recipient table; from=<> to=<suac+bncBCC7XN6N3YMBBMFGWWHQMGQER7SEXCQ@lamc.la> proto=ESMTP helo=<GBR01-CWL-obe.outbound.protection.outlook.com>
Jan 23 13:13:22 localhost postfix/smtpd[20331]: connect from ppsw-43.csi.cam.ac.uk[131.111.8.143]
Jan 23 13:13:22 localhost postfix/smtpd[20323]: disconnect from ioutemea1.hes.trendmicro.eu[52.58.62.201] ehlo=2 starttls=1 mail=1 rcpt=0/1 data=0/1 rset=1 quit=1 commands=6/8
Jan 23 13:13:22 localhost postfix/smtpd[20304]: disconnect from mail-cwlgbr01hn2236.outbound.protection.outlook.com[52.100.178.236] ehlo=2 starttls=1 mail=1 rcpt=0/1 quit=1 commands=5/6
Jan 23 13:13:23 localhost postfix/smtpd[20325]: NOQUEUE: reject: RCPT from ioutemea3.hes.trendmicro.eu[52.58.62.203]: 550 5.1.1 <suac+bncBCC7XN6N3YMBBMFGWWHQMGQER7SEXCQ@lamc.la>: Recipient address rejected: User unknown in local recipient table; from=<> to=<suac+bncBCC7XN6N3YMBBMFGWWHQMGQER7SEXCQ@lamc.la> proto=ESMTP helo=<ioutemea3.hes.trendmicro.eu>
Jan 23 13:13:23 localhost postfix/smtpd[20325]: disconnect from ioutemea3.hes.trendmicro.eu[52.58.62.203] ehlo=2 starttls=1 mail=1 rcpt=0/1 data=0/1 rset=1 quit=1 commands=6/8
Jan 23 13:13:23 localhost postfix/smtpd[20294]: NOQUEUE: reject: RCPT from ppsw-43.csi.cam.ac.uk[131.111.8.143]: 550 5.1.1 <suac+bncBCC7XN6N3YMBBMFGWWHQMGQER7SEXCQ@lamc.la>: Recipient address rejected: User unknown in local recipient table; from=<> to=<suac+bncBCC7XN6N3YMBBMFGWWHQMGQER7SEXCQ@lamc.la> proto=ESMTP helo=<ppsw-43.csi.cam.ac.uk>
Jan 23 13:13:24 localhost postfix/smtpd[20331]: NOQUEUE: reject: RCPT from ppsw-43.csi.cam.ac.uk[131.111.8.143]: 550 5.1.1 <suac+bncBCC7XN6N3YMBBMFGWWHQMGQER7SEXCQ@lamc.la>: Recipient address rejected: User unknown in local recipient table; from=<> to=<suac+bncBCC7XN6N3YMBBMFGWWHQMGQER7SEXCQ@lamc.la> proto=ESMTP helo=<ppsw-43.csi.cam.ac.uk>
Jan 23 13:13:24 localhost postfix/smtpd[20294]: disconnect from ppsw-43.csi.cam.ac.uk[131.111.8.143] ehlo=2 starttls=1 mail=1 rcpt=0/1 bdat=0/1 quit=1 commands=5/7
Jan 23 13:13:24 localhost postfix/smtpd[20327]: connect from ppsw-32.csi.cam.ac.uk[131.111.8.132]
Jan 23 13:13:24 localhost postfix/smtpd[20331]: disconnect from ppsw-43.csi.cam.ac.uk[131.111.8.143] ehlo=2 starttls=1 mail=1 rcpt=0/1 bdat=0/1 quit=1 commands=5/7
Jan 23 13:13:25 localhost postfix/smtpd[20335]: connect from mx0a-00602c01.pphosted.com[205.220.162.67]
Jan 23 13:13:25 localhost postfix/smtpd[20311]: connect from mail-cwlgbr01hn2214.outbound.protection.outlook.com[52.100.178.214]
Jan 23 13:13:26 localhost postfix/smtpd[20327]: NOQUEUE: reject: RCPT from ppsw-32.csi.cam.ac.uk[131.111.8.132]: 550 5.1.1 <suac+bncBCC7XN6N3YMBBMFGWWHQMGQER7SEXCQ@lamc.la>: Recipient address rejected: User unknown in local recipient table; from=<> to=<suac+bncBCC7XN6N3YMBBMFGWWHQMGQER7SEXCQ@lamc.la> proto=ESMTP helo=<ppsw-32.csi.cam.ac.uk>
Jan 23 13:13:26 localhost postfix/smtpd[20327]: disconnect from ppsw-32.csi.cam.ac.uk[131.111.8.132] ehlo=2 starttls=1 mail=1 rcpt=0/1 bdat=0/1 quit=1 commands=5/7
Jan 23 13:13:26 localhost postfix/smtpd[20335]: NOQUEUE: reject: RCPT from mx0a-00602c01.pphosted.com[205.220.162.67]: 550 5.1.1 <suac+bncBCC7XN6N3YMBBMFGWWHQMGQER7SEXCQ@lamc.la>: Recipient address rejected: User unknown in local recipient table; from=<> to=<suac+bncBCC7XN6N3YMBBMFGWWHQMGQER7SEXCQ@lamc.la> proto=ESMTP helo=<mx0a-00602c01.pphosted.com>
Jan 23 13:13:26 localhost postfix/smtpd[20310]: connect from probity.mcc.ac.uk[130.88.200.94]
Jan 23 13:13:26 localhost postfix/smtpd[20334]: connect from probity.mcc.ac.uk[130.88.200.94]
Jan 23 13:13:26 localhost postfix/smtpd[20321]: connect from probity.mcc.ac.uk[130.88.200.94]
Jan 23 13:13:26 localhost postfix/smtpd[20335]: disconnect from mx0a-00602c01.pphosted.com[205.220.162.67] ehlo=2 starttls=1 mail=1 rcpt=0/1 data=0/1 rset=1 quit=1 commands=6/8
Jan 23 13:13:27 localhost postfix/smtpd[20311]: NOQUEUE: reject: RCPT from mail-cwlgbr01hn2214.outbound.protection.outlook.com[52.100.178.214]: 550 5.1.1 <suac+bncBCC7XN6N3YMBBMFGWWHQMGQER7SEXCQ@lamc.la>: Recipient address rejected: User unknown in local recipient table; from=<> to=<suac+bncBCC7XN6N3YMBBMFGWWHQMGQER7SEXCQ@lamc.la> proto=ESMTP helo=<GBR01-CWL-obe.outbound.protection.outlook.com>
Jan 23 13:13:27 localhost postfix/smtpd[20311]: disconnect from mail-cwlgbr01hn2214.outbound.protection.outlook.com[52.100.178.214] ehlo=2 starttls=1 mail=1 rcpt=0/1 quit=1 commands=5/6
Jan 23 13:13:27 localhost postfix/smtpd[20325]: connect from gw3.mx.kanazawa-u.ac.jp[133.28.17.33]
Jan 23 13:13:27 localhost postfix/smtpd[20323]: connect from mx-g1.center.tottori-u.ac.jp[160.15.14.8]
Jan 23 13:13:27 localhost postfix/smtpd[20324]: connect from mail-qv1-f66.google.com[209.85.219.66]
Jan 23 13:13:27 localhost postfix/smtpd[20332]: connect from mail-qk1-f193.google.com[209.85.222.193]
Jan 23 13:13:27 localhost postfix/smtpd[20323]: NOQUEUE: reject: RCPT from mx-g1.center.tottori-u.ac.jp[160.15.14.8]: 550 5.1.1 <suac+bncBCC7XN6N3YMBBMFGWWHQMGQER7SEXCQ@lamc.la>: Recipient address rejected: User unknown in local recipient table; from=<> to=<suac+bncBCC7XN6N3YMBBMFGWWHQMGQER7SEXCQ@lamc.la> proto=ESMTP helo=<mx-g1.tottori-u.ac.jp>
Jan 23 13:13:27 localhost postfix/smtpd[20323]: disconnect from mx-g1.center.tottori-u.ac.jp[160.15.14.8] ehlo=1 mail=1 rcpt=0/1 data=0/1 rset=1 quit=1 commands=4/6
Jan 23 13:13:27 localhost postfix/smtpd[20330]: connect from mail-lo2gbr01hn2233.outbound.protection.outlook.com[52.100.179.233]
Jan 23 13:13:27 localhost postfix/smtpd[20325]: NOQUEUE: reject: RCPT from gw3.mx.kanazawa-u.ac.jp[133.28.17.33]: 550 5.1.1 <suac+bncBCC7XN6N3YMBBMFGWWHQMGQER7SEXCQ@lamc.la>: Recipient address rejected: User unknown in local recipient table; from=<> to=<suac+bncBCC7XN6N3YMBBMFGWWHQMGQER7SEXCQ@lamc.la> proto=ESMTP helo=<gateway.mx.kanazawa-u.ac.jp>
Jan 23 13:13:27 localhost postfix/smtpd[20205]: connect from fw1.mhs.iimc.kyoto-u.ac.jp[133.3.247.44]
Jan 23 13:13:27 localhost postfix/smtpd[20325]: disconnect from gw3.mx.kanazawa-u.ac.jp[133.28.17.33] ehlo=2 starttls=1 mail=1 rcpt=0/1 data=0/1 rset=1 quit=1 commands=6/8
Jan 23 13:13:28 localhost postfix/smtpd[20205]: NOQUEUE: reject: RCPT from fw1.mhs.iimc.kyoto-u.ac.jp[133.3.247.44]: 550 5.1.1 <suac+bncBCC7XN6N3YMBBMFGWWHQMGQER7SEXCQ@lamc.la>: Recipient address rejected: User unknown in local recipient table; from=<> to=<suac+bncBCC7XN6N3YMBBMFGWWHQMGQER7SEXCQ@lamc.la> proto=ESMTP helo=<fw1.mhs.iimc.kyoto-u.ac.jp>
Jan 23 13:13:28 localhost postfix/smtpd[20205]: disconnect from fw1.mhs.iimc.kyoto-u.ac.jp[133.3.247.44] ehlo=2 starttls=1 mail=1 rcpt=0/1 data=0/1 rset=1 quit=1 commands=6/8
Jan 23 13:13:28 localhost postfix/smtpd[20278]: connect from maila.cc.kagoshima-u.ac.jp[163.209.22.142]
Jan 23 13:13:28 localhost postfix/smtpd[20310]: NOQUEUE: reject: RCPT from probity.mcc.ac.uk[130.88.200.94]: 550 5.1.1 <suac+bncBCC7XN6N3YMBBMFGWWHQMGQER7SEXCQ@lamc.la>: Recipient address rejected: User unknown in local recipient table; from=<> to=<suac+bncBCC7XN6N3YMBBMFGWWHQMGQER7SEXCQ@lamc.la> proto=ESMTP helo=<probity.mcc.ac.uk>
Jan 23 13:13:28 localhost postfix/smtpd[20334]: NOQUEUE: reject: RCPT from probity.mcc.ac.uk[130.88.200.94]: 550 5.1.1 <suac+bncBCC7XN6N3YMBBMFGWWHQMGQER7SEXCQ@lamc.la>: Recipient address rejected: User unknown in local recipient table; from=<> to=<suac+bncBCC7XN6N3YMBBMFGWWHQMGQER7SEXCQ@lamc.la> proto=ESMTP helo=<probity.mcc.ac.uk>
Jan 23 13:13:28 localhost postfix/smtpd[20278]: NOQUEUE: reject: RCPT from maila.cc.kagoshima-u.ac.jp[163.209.22.142]: 550 5.1.1 <suac+bncBCC7XN6N3YMBBMFGWWHQMGQER7SEXCQ@lamc.la>: Recipient address rejected: User unknown in local recipient table; from=<> to=<suac+bncBCC7XN6N3YMBBMFGWWHQMGQER7SEXCQ@lamc.la> proto=ESMTP helo=<maila.cc.kagoshima-u.ac.jp>
Jan 23 13:13:28 localhost postfix/smtpd[20321]: NOQUEUE: reject: RCPT from probity.mcc.ac.uk[130.88.200.94]: 550 5.1.1 <suac+bncBCC7XN6N3YMBBMFGWWHQMGQER7SEXCQ@lamc.la>: Recipient address rejected: User unknown in local recipient table; from=<> to=<suac+bncBCC7XN6N3YMBBMFGWWHQMGQER7SEXCQ@lamc.la> proto=ESMTP helo=<probity.mcc.ac.uk>
Jan 23 13:13:28 localhost postfix/smtpd[20278]: NOQUEUE: reject: RCPT from maila.cc.kagoshima-u.ac.jp[163.209.22.142]: 550 5.1.1 <suac+bncBCC7XN6N3YMBBMFGWWHQMGQER7SEXCQ@lamc.la>: Recipient address rejected: User unknown in local recipient table; from=<> to=<suac+bncBCC7XN6N3YMBBMFGWWHQMGQER7SEXCQ@lamc.la> proto=ESMTP helo=<maila.cc.kagoshima-u.ac.jp>
Jan 23 13:13:28 localhost postfix/smtpd[20310]: disconnect from probity.mcc.ac.uk[130.88.200.94] ehlo=2 starttls=1 mail=1 rcpt=0/1 bdat=0/1 quit=1 commands=5/7
Jan 23 13:13:28 localhost postfix/smtpd[20334]: disconnect from probity.mcc.ac.uk[130.88.200.94] ehlo=2 starttls=1 mail=1 rcpt=0/1 bdat=0/1 quit=1 commands=5/7
Jan 23 13:13:28 localhost postfix/smtpd[20278]: NOQUEUE: reject: RCPT from maila.cc.kagoshima-u.ac.jp[163.209.22.142]: 550 5.1.1 <suac+bncBCC7XN6N3YMBBMFGWWHQMGQER7SEXCQ@lamc.la>: Recipient address rejected: User unknown in local recipient table; from=<> to=<suac+bncBCC7XN6N3YMBBMFGWWHQMGQER7SEXCQ@lamc.la> proto=ESMTP helo=<maila.cc.kagoshima-u.ac.jp>
Jan 23 13:13:28 localhost postfix/smtpd[20327]: connect from mail-lo2gbr01hn2238.outbound.protection.outlook.com[52.100.179.238]
Jan 23 13:13:28 localhost postfix/smtpd[20321]: disconnect from probity.mcc.ac.uk[130.88.200.94] ehlo=2 starttls=1 mail=1 rcpt=0/1 bdat=0/1 quit=1 commands=5/7
Jan 23 13:13:28 localhost postfix/smtpd[20324]: NOQUEUE: reject: RCPT from mail-qv1-f66.google.com[209.85.219.66]: 550 5.1.1 <suac+bncBCC7XN6N3YMBBMFGWWHQMGQER7SEXCQ@lamc.la>: Recipient address rejected: User unknown in local recipient table; from=<> to=<suac+bncBCC7XN6N3YMBBMFGWWHQMGQER7SEXCQ@lamc.la> proto=ESMTP helo=<mail-qv1-f66.google.com>
Jan 23 13:13:28 localhost postfix/smtpd[20332]: NOQUEUE: reject: RCPT from mail-qk1-f193.google.com[209.85.222.193]: 550 5.1.1 <suac+bncBCC7XN6N3YMBBMFGWWHQMGQER7SEXCQ@lamc.la>: Recipient address rejected: User unknown in local recipient table; from=<> to=<suac+bncBCC7XN6N3YMBBMFGWWHQMGQER7SEXCQ@lamc.la> proto=ESMTP helo=<mail-qk1-f193.google.com>
Jan 23 13:13:28 localhost postfix/smtpd[20278]: NOQUEUE: reject: RCPT from maila.cc.kagoshima-u.ac.jp[163.209.22.142]: 550 5.1.1 <suac+bncBCC7XN6N3YMBBMFGWWHQMGQER7SEXCQ@lamc.la>: Recipient address rejected: User unknown in local recipient table; from=<> to=<suac+bncBCC7XN6N3YMBBMFGWWHQMGQER7SEXCQ@lamc.la> proto=ESMTP helo=<maila.cc.kagoshima-u.ac.jp>
Jan 23 13:13:28 localhost postfix/smtpd[20278]: NOQUEUE: reject: RCPT from maila.cc.kagoshima-u.ac.jp[163.209.22.142]: 550 5.1.1 <suac+bncBCC7XN6N3YMBBMFGWWHQMGQER7SEXCQ@lamc.la>: Recipient address rejected: User unknown in local recipient table; from=<> to=<suac+bncBCC7XN6N3YMBBMFGWWHQMGQER7SEXCQ@lamc.la> proto=ESMTP helo=<maila.cc.kagoshima-u.ac.jp>
Jan 23 13:13:29 localhost postfix/smtpd[20330]: NOQUEUE: reject: RCPT from mail-lo2gbr01hn2233.outbound.protection.outlook.com[52.100.179.233]: 550 5.1.1 <suac+bncBCC7XN6N3YMBBMFGWWHQMGQER7SEXCQ@lamc.la>: Recipient address rejected: User unknown in local recipient table; from=<> to=<suac+bncBCC7XN6N3YMBBMFGWWHQMGQER7SEXCQ@lamc.la> proto=ESMTP helo=<GBR01-LO2-obe.outbound.protection.outlook.com>
Jan 23 13:13:29 localhost postfix/smtpd[20322]: connect from mail-lo2gbr01hn2208.outbound.protection.outlook.com[52.100.179.208]
Jan 23 13:13:29 localhost postfix/smtpd[20278]: NOQUEUE: reject: RCPT from maila.cc.kagoshima-u.ac.jp[163.209.22.142]: 550 5.1.1 <suac+bncBCC7XN6N3YMBBMFGWWHQMGQER7SEXCQ@lamc.la>: Recipient address rejected: User unknown in local recipient table; from=<> to=<suac+bncBCC7XN6N3YMBBMFGWWHQMGQER7SEXCQ@lamc.la> proto=ESMTP helo=<maila.cc.kagoshima-u.ac.jp>
Jan 23 13:13:29 localhost postfix/smtpd[20278]: NOQUEUE: reject: RCPT from maila.cc.kagoshima-u.ac.jp[163.209.22.142]: 550 5.1.1 <suac+bncBCC7XN6N3YMBBMFGWWHQMGQER7SEXCQ@lamc.la>: Recipient address rejected: User unknown in local recipient table; from=<> to=<suac+bncBCC7XN6N3YMBBMFGWWHQMGQER7SEXCQ@lamc.la> proto=ESMTP helo=<maila.cc.kagoshima-u.ac.jp>
Jan 23 13:13:29 localhost postfix/smtpd[20330]: disconnect from mail-lo2gbr01hn2233.outbound.protection.outlook.com[52.100.179.233] ehlo=2 starttls=1 mail=1 rcpt=0/1 quit=1 commands=5/6
Jan 23 13:13:29 localhost postfix/smtpd[20324]: disconnect from mail-qv1-f66.google.com[209.85.219.66] ehlo=2 starttls=1 mail=1 rcpt=0/1 bdat=0/1 quit=1 commands=5/7
Jan 23 13:13:29 localhost postfix/smtpd[20332]: disconnect from mail-qk1-f193.google.com[209.85.222.193] ehlo=2 starttls=1 mail=1 rcpt=0/1 bdat=0/1 quit=1 commands=5/7
Jan 23 13:13:29 localhost postfix/smtpd[20278]: NOQUEUE: reject: RCPT from maila.cc.kagoshima-u.ac.jp[163.209.22.142]: 550 5.1.1 <suac+bncBCC7XN6N3YMBBMFGWWHQMGQER7SEXCQ@lamc.la>: Recipient address rejected: User unknown in local recipient table; from=<> to=<suac+bncBCC7XN6N3YMBBMFGWWHQMGQER7SEXCQ@lamc.la> proto=ESMTP helo=<maila.cc.kagoshima-u.ac.jp>
Jan 23 13:13:29 localhost postfix/smtpd[20278]: NOQUEUE: reject: RCPT from maila.cc.kagoshima-u.ac.jp[163.209.22.142]: 550 5.1.1 <suac+bncBCC7XN6N3YMBBMFGWWHQMGQER7SEXCQ@lamc.la>: Recipient address rejected: User unknown in local recipient table; from=<> to=<suac+bncBCC7XN6N3YMBBMFGWWHQMGQER7SEXCQ@lamc.la> proto=ESMTP helo=<maila.cc.kagoshima-u.ac.jp>
Jan 23 13:13:29 localhost postfix/smtpd[20278]: NOQUEUE: reject: RCPT from maila.cc.kagoshima-u.ac.jp[163.209.22.142]: 550 5.1.1 <suac+bncBCC7XN6N3YMBBMFGWWHQMGQER7SEXCQ@lamc.la>: Recipient address rejected: User unknown in local recipient table; from=<> to=<suac+bncBCC7XN6N3YMBBMFGWWHQMGQER7SEXCQ@lamc.la> proto=ESMTP helo=<maila.cc.kagoshima-u.ac.jp>
Jan 23 13:13:29 localhost postfix/smtpd[20327]: NOQUEUE: reject: RCPT from mail-lo2gbr01hn2238.outbound.protection.outlook.com[52.100.179.238]: 550 5.1.1 <suac+bncBCC7XN6N3YMBBMFGWWHQMGQER7SEXCQ@lamc.la>: Recipient address rejected: User unknown in local recipient table; from=<> to=<suac+bncBCC7XN6N3YMBBMFGWWHQMGQER7SEXCQ@lamc.la> proto=ESMTP helo=<GBR01-LO2-obe.outbound.protection.outlook.com>
Jan 23 13:13:30 localhost postfix/smtpd[20327]: disconnect from mail-lo2gbr01hn2238.outbound.protection.outlook.com[52.100.179.238] ehlo=2 starttls=1 mail=1 rcpt=0/1 quit=1 commands=5/6
Jan 23 13:13:30 localhost postfix/smtpd[20322]: NOQUEUE: reject: RCPT from mail-lo2gbr01hn2208.outbound.protection.outlook.com[52.100.179.208]: 550 5.1.1 <suac+bncBCC7XN6N3YMBBMFGWWHQMGQER7SEXCQ@lamc.la>: Recipient address rejected: User unknown in local recipient table; from=<> to=<suac+bncBCC7XN6N3YMBBMFGWWHQMGQER7SEXCQ@lamc.la> proto=ESMTP helo=<GBR01-LO2-obe.outbound.protection.outlook.com>
Jan 23 13:13:30 localhost postfix/smtpd[20322]: disconnect from mail-lo2gbr01hn2208.outbound.protection.outlook.com[52.100.179.208] ehlo=2 starttls=1 mail=1 rcpt=0/1 quit=1 commands=5/6
Jan 23 13:13:32 localhost postfix/smtpd[20338]: connect from ssv0.keio.ac.jp[180.12.167.153]
Jan 23 13:13:32 localhost postfix/smtpd[20338]: NOQUEUE: reject: RCPT from ssv0.keio.ac.jp[180.12.167.153]: 550 5.1.1 <suac+bncBCC7XN6N3YMBBMFGWWHQMGQER7SEXCQ@lamc.la>: Recipient address rejected: User unknown in local recipient table; from=<> to=<suac+bncBCC7XN6N3YMBBMFGWWHQMGQER7SEXCQ@lamc.la> proto=ESMTP helo=<ssv0.keio.ac.jp>
Jan 23 13:13:32 localhost postfix/smtpd[20338]: disconnect from ssv0.keio.ac.jp[180.12.167.153] ehlo=2 starttls=1 mail=1 rcpt=0/1 quit=1 commands=5/6
Jan 23 13:13:32 localhost postfix/smtpd[20268]: connect from mailrelay.umin.ac.jp[130.69.92.23]
Jan 23 13:13:32 localhost postfix/smtpd[20268]: NOQUEUE: reject: RCPT from mailrelay.umin.ac.jp[130.69.92.23]: 550 5.1.1 <suac+bncBCC7XN6N3YMBBMFGWWHQMGQER7SEXCQ@lamc.la>: Recipient address rejected: User unknown in local recipient table; from=<> to=<suac+bncBCC7XN6N3YMBBMFGWWHQMGQER7SEXCQ@lamc.la> proto=ESMTP helo=<mailrelay.umin.ac.jp>
Jan 23 13:13:32 localhost postfix/smtpd[20123]: connect from mail-he1eur04hn0241.outbound.protection.outlook.com[52.100.18.241]
Jan 23 13:13:32 localhost postfix/smtpd[20268]: disconnect from mailrelay.umin.ac.jp[130.69.92.23] ehlo=1 mail=1 rcpt=0/1 data=0/1 rset=1 quit=1 commands=4/6
Jan 23 13:13:33 localhost postfix/smtpd[20265]: connect from mail-tycjpn01hn2202.outbound.protection.outlook.com[52.100.215.202]
Jan 23 13:13:33 localhost postfix/smtpd[20265]: NOQUEUE: reject: RCPT from mail-tycjpn01hn2202.outbound.protection.outlook.com[52.100.215.202]: 550 5.1.1 <suac+bncBCC7XN6N3YMBBMFGWWHQMGQER7SEXCQ@lamc.la>: Recipient address rejected: User unknown in local recipient table; from=<> to=<suac+bncBCC7XN6N3YMBBMFGWWHQMGQER7SEXCQ@lamc.la> proto=ESMTP helo=<JPN01-TYC-obe.outbound.protection.outlook.com>
Jan 23 13:13:34 localhost postfix/smtpd[20265]: disconnect from mail-tycjpn01hn2202.outbound.protection.outlook.com[52.100.215.202] ehlo=2 starttls=1 mail=1 rcpt=0/1 quit=1 commands=5/6
Jan 23 13:13:34 localhost postfix/smtpd[20123]: lost connection after EHLO from mail-he1eur04hn0241.outbound.protection.outlook.com[52.100.18.241]
Jan 23 13:13:34 localhost postfix/smtpd[20123]: disconnect from mail-he1eur04hn0241.outbound.protection.outlook.com[52.100.18.241] ehlo=2 starttls=1 commands=3
Jan 23 13:13:34 localhost postfix/smtpd[20314]: connect from mailgw5.mie-u.ac.jp[133.67.1.31]
Jan 23 13:13:34 localhost postfix/trivial-rewrite[20270]: warning: do not list domain lamc.la in BOTH mydestination and virtual_alias_domains
Jan 23 13:13:34 localhost postfix/smtpd[20314]: NOQUEUE: reject: RCPT from mailgw5.mie-u.ac.jp[133.67.1.31]: 550 5.1.1 <suac+bncbcc7xn6n3ymbbmfgwwhqmgqer7sexcq@lamc.la>: Recipient address rejected: User unknown in local recipient table; from=<> to=<suac+bncbcc7xn6n3ymbbmfgwwhqmgqer7sexcq@lamc.la> proto=ESMTP helo=<mailgw3.mie-u.ac.jp>
Jan 23 13:13:34 localhost postfix/smtpd[20314]: disconnect from mailgw5.mie-u.ac.jp[133.67.1.31] ehlo=1 mail=1 rcpt=0/1 data=0/1 rset=1 quit=1 commands=4/6
Jan 23 13:13:34 localhost postfix/smtpd[20213]: connect from hosting-login.huc.hiroshima-u.ac.jp[133.242.77.200]
Jan 23 13:13:34 localhost postfix/smtpd[20330]: connect from mxsc-21.srv.nagoya-u.ac.jp[133.6.1.18]
Jan 23 13:13:34 localhost postfix/smtpd[20330]: NOQUEUE: reject: RCPT from mxsc-21.srv.nagoya-u.ac.jp[133.6.1.18]: 550 5.1.1 <suac+bncBCC7XN6N3YMBBMFGWWHQMGQER7SEXCQ@lamc.la>: Recipient address rejected: User unknown in local recipient table; from=<> to=<suac+bncBCC7XN6N3YMBBMFGWWHQMGQER7SEXCQ@lamc.la> proto=ESMTP helo=<mxsc-21.srv.nagoya-u.ac.jp>
Jan 23 13:13:34 localhost postfix/smtpd[20330]: disconnect from mxsc-21.srv.nagoya-u.ac.jp[133.6.1.18] ehlo=1 mail=1 rcpt=0/1 data=0/1 rset=1 quit=1 commands=4/6
Jan 23 13:13:35 localhost postfix/smtpd[20213]: NOQUEUE: reject: RCPT from hosting-login.huc.hiroshima-u.ac.jp[133.242.77.200]: 550 5.1.1 <suac+bncBCC7XN6N3YMBBMFGWWHQMGQER7SEXCQ@lamc.la>: Recipient address rejected: User unknown in local recipient table; from=<> to=<suac+bncBCC7XN6N3YMBBMFGWWHQMGQER7SEXCQ@lamc.la> proto=ESMTP helo=<hosting-login.huc.hiroshima-u.ac.jp>
Jan 23 13:13:35 localhost postfix/smtpd[20213]: disconnect from hosting-login.huc.hiroshima-u.ac.jp[133.242.77.200] ehlo=2 starttls=1 mail=1 rcpt=0/1 data=0/1 rset=1 quit=1 commands=6/8
Jan 23 13:13:36 localhost postfix/smtpd[20329]: connect from ppsw-43.csi.cam.ac.uk[131.111.8.143]
Jan 23 13:13:36 localhost postfix/smtpd[20278]: disconnect from maila.cc.kagoshima-u.ac.jp[163.209.22.142] ehlo=1 mail=10 rcpt=0/10 rset=10 quit=1 commands=22/32
Jan 23 13:13:37 localhost postfix/smtpd[20323]: connect from serenity.mcc.ac.uk[130.88.200.93]
Jan 23 13:13:37 localhost postfix/smtpd[20329]: NOQUEUE: reject: RCPT from ppsw-43.csi.cam.ac.uk[131.111.8.143]: 550 5.1.1 <suac+bncBCC7XN6N3YMBBMFGWWHQMGQER7SEXCQ@lamc.la>: Recipient address rejected: User unknown in local recipient table; from=<> to=<suac+bncBCC7XN6N3YMBBMFGWWHQMGQER7SEXCQ@lamc.la> proto=ESMTP helo=<ppsw-43.csi.cam.ac.uk>
Jan 23 13:13:37 localhost postfix/smtpd[20329]: disconnect from ppsw-43.csi.cam.ac.uk[131.111.8.143] ehlo=2 starttls=1 mail=1 rcpt=0/1 bdat=0/1 quit=1 commands=5/7
Jan 23 13:13:38 localhost postfix/smtpd[20333]: connect from artemis2.shiga-med.ac.jp[202.19.144.108]
Jan 23 13:13:38 localhost postfix/smtpd[20333]: NOQUEUE: reject: RCPT from artemis2.shiga-med.ac.jp[202.19.144.108]: 550 5.1.1 <suac+bncBCC7XN6N3YMBBMFGWWHQMGQER7SEXCQ@lamc.la>: Recipient address rejected: User unknown in local recipient table; from=<> to=<suac+bncBCC7XN6N3YMBBMFGWWHQMGQER7SEXCQ@lamc.la> proto=ESMTP helo=<artemis2.shiga-med.ac.jp>
Jan 23 13:13:38 localhost postfix/smtpd[20333]: NOQUEUE: reject: RCPT from artemis2.shiga-med.ac.jp[202.19.144.108]: 550 5.1.1 <suac+bncBCC7XN6N3YMBBMFGWWHQMGQER7SEXCQ@lamc.la>: Recipient address rejected: User unknown in local recipient table; from=<> to=<suac+bncBCC7XN6N3YMBBMFGWWHQMGQER7SEXCQ@lamc.la> proto=ESMTP helo=<artemis2.shiga-med.ac.jp>
Jan 23 13:13:38 localhost postfix/smtpd[20333]: NOQUEUE: reject: RCPT from artemis2.shiga-med.ac.jp[202.19.144.108]: 550 5.1.1 <suac+bncBCC7XN6N3YMBBMFGWWHQMGQER7SEXCQ@lamc.la>: Recipient address rejected: User unknown in local recipient table; from=<> to=<suac+bncBCC7XN6N3YMBBMFGWWHQMGQER7SEXCQ@lamc.la> proto=ESMTP helo=<artemis2.shiga-med.ac.jp>
Jan 23 13:13:38 localhost postfix/smtpd[20333]: NOQUEUE: reject: RCPT from artemis2.shiga-med.ac.jp[202.19.144.108]: 550 5.1.1 <suac+bncBCC7XN6N3YMBBMFGWWHQMGQER7SEXCQ@lamc.la>: Recipient address rejected: User unknown in local recipient table; from=<> to=<suac+bncBCC7XN6N3YMBBMFGWWHQMGQER7SEXCQ@lamc.la> proto=ESMTP helo=<artemis2.shiga-med.ac.jp>
Jan 23 13:13:39 localhost postfix/smtpd[20325]: connect from mailgw1.u-aizu.ac.jp[163.143.1.41]
Jan 23 13:13:39 localhost postfix/smtpd[20325]: NOQUEUE: reject: RCPT from mailgw1.u-aizu.ac.jp[163.143.1.41]: 550 5.1.1 <suac+bncBCC7XN6N3YMBBMFGWWHQMGQER7SEXCQ@lamc.la>: Recipient address rejected: User unknown in local recipient table; from=<> to=<suac+bncBCC7XN6N3YMBBMFGWWHQMGQER7SEXCQ@lamc.la> proto=ESMTP helo=<mailgw1.u-aizu.ac.jp>
Jan 23 13:13:39 localhost postfix/smtpd[20323]: NOQUEUE: reject: RCPT from serenity.mcc.ac.uk[130.88.200.93]: 550 5.1.1 <suac+bncBCC7XN6N3YMBBMFGWWHQMGQER7SEXCQ@lamc.la>: Recipient address rejected: User unknown in local recipient table; from=<> to=<suac+bncBCC7XN6N3YMBBMFGWWHQMGQER7SEXCQ@lamc.la> proto=ESMTP helo=<serenity.mcc.ac.uk>
Jan 23 13:13:39 localhost postfix/smtpd[20323]: disconnect from serenity.mcc.ac.uk[130.88.200.93] ehlo=2 starttls=1 mail=1 rcpt=0/1 bdat=0/1 quit=1 commands=5/7
Jan 23 13:13:39 localhost postfix/smtpd[20332]: connect from serenity.mcc.ac.uk[130.88.200.93]
Jan 23 13:13:39 localhost postfix/smtpd[20330]: connect from mailrelay.umin.ac.jp[130.69.92.23]
Jan 23 13:13:39 localhost postfix/smtpd[20327]: connect from mailgate-ib3.hines.hokudai.ac.jp[133.87.1.186]
Jan 23 13:13:39 localhost postfix/smtpd[20330]: NOQUEUE: reject: RCPT from mailrelay.umin.ac.jp[130.69.92.23]: 550 5.1.1 <suac+bncBCC7XN6N3YMBBMFGWWHQMGQER7SEXCQ@lamc.la>: Recipient address rejected: User unknown in local recipient table; from=<> to=<suac+bncBCC7XN6N3YMBBMFGWWHQMGQER7SEXCQ@lamc.la> proto=ESMTP helo=<mailrelay.umin.ac.jp>
Jan 23 13:13:40 localhost postfix/smtpd[20278]: connect from gw7.mx.kanazawa-u.ac.jp[133.28.17.37]
Jan 23 13:13:40 localhost postfix/smtpd[20330]: disconnect from mailrelay.umin.ac.jp[130.69.92.23] ehlo=1 mail=1 rcpt=0/1 data=0/1 rset=1 quit=1 commands=4/6
