Jan 23 13:13:40 localhost postfix/smtpd[20327]: NOQUEUE: reject: RCPT from mailgate-ib3.hines.hokudai.ac.jp[133.87.1.186]: 550 5.1.1 <suac+bncBCC7XN6N3YMBBMFGWWHQMGQER7SEXCQ@lamc.la>: Recipient address rejected: User unknown in local recipient table; from=<> to=<suac+bncBCC7XN6N3YMBBMFGWWHQMGQER7SEXCQ@lamc.la> proto=ESMTP helo=<mailgate-ib3.hines.hokudai.ac.jp>
Jan 23 13:13:40 localhost postfix/smtpd[20327]: disconnect from mailgate-ib3.hines.hokudai.ac.jp[133.87.1.186] ehlo=1 mail=1 rcpt=0/1 data=0/1 rset=1 quit=1 commands=4/6
Jan 23 13:13:40 localhost postfix/smtpd[20278]: NOQUEUE: reject: RCPT from gw7.mx.kanazawa-u.ac.jp[133.28.17.37]: 550 5.1.1 <suac+bncBCC7XN6N3YMBBMFGWWHQMGQER7SEXCQ@lamc.la>: Recipient address rejected: User unknown in local recipient table; from=<> to=<suac+bncBCC7XN6N3YMBBMFGWWHQMGQER7SEXCQ@lamc.la> proto=ESMTP helo=<gateway.mx.kanazawa-u.ac.jp>
Jan 23 13:13:40 localhost postfix/smtpd[20278]: disconnect from gw7.mx.kanazawa-u.ac.jp[133.28.17.37] ehlo=2 starttls=1 mail=1 rcpt=0/1 data=0/1 rset=1 quit=1 commands=6/8
Jan 23 13:13:40 localhost postfix/smtpd[20244]: connect from caav13c17.cais.niigata-u.ac.jp[133.35.17.139]
Jan 23 13:13:41 localhost postfix/smtpd[20244]: NOQUEUE: reject: RCPT from caav13c17.cais.niigata-u.ac.jp[133.35.17.139]: 550 5.1.1 <suac+bncBCC7XN6N3YMBBMFGWWHQMGQER7SEXCQ@lamc.la>: Recipient address rejected: User unknown in local recipient table; from=<> to=<suac+bncBCC7XN6N3YMBBMFGWWHQMGQER7SEXCQ@lamc.la> proto=ESMTP helo=<caav13c17.cais.niigata-u.ac.jp>
Jan 23 13:13:41 localhost postfix/smtpd[20244]: disconnect from caav13c17.cais.niigata-u.ac.jp[133.35.17.139] ehlo=2 starttls=1 mail=1 rcpt=0/1 data=0/1 rset=1 quit=1 commands=6/8
Jan 23 13:13:41 localhost postfix/smtpd[20332]: NOQUEUE: reject: RCPT from serenity.mcc.ac.uk[130.88.200.93]: 550 5.1.1 <suac+bncBCC7XN6N3YMBBMFGWWHQMGQER7SEXCQ@lamc.la>: Recipient address rejected: User unknown in local recipient table; from=<> to=<suac+bncBCC7XN6N3YMBBMFGWWHQMGQER7SEXCQ@lamc.la> proto=ESMTP helo=<serenity.mcc.ac.uk>
Jan 23 13:13:41 localhost postfix/smtpd[20341]: connect from smtp2.hines.hokudai.ac.jp[133.87.1.177]
Jan 23 13:13:41 localhost postfix/smtpd[20339]: connect from gw1.mx.kanazawa-u.ac.jp[133.28.17.31]
Jan 23 13:13:41 localhost postfix/smtpd[20195]: connect from lmr2.uibk.ac.at[138.232.1.143]
Jan 23 13:13:41 localhost postfix/smtpd[20341]: NOQUEUE: reject: RCPT from smtp2.hines.hokudai.ac.jp[133.87.1.177]: 550 5.1.1 <suac+bncBCC7XN6N3YMBBMFGWWHQMGQER7SEXCQ@lamc.la>: Recipient address rejected: User unknown in local recipient table; from=<> to=<suac+bncBCC7XN6N3YMBBMFGWWHQMGQER7SEXCQ@lamc.la> proto=ESMTP helo=<smtp2.hines.hokudai.ac.jp>
Jan 23 13:13:41 localhost postfix/smtpd[20332]: disconnect from serenity.mcc.ac.uk[130.88.200.93] ehlo=2 starttls=1 mail=1 rcpt=0/1 bdat=0/1 quit=1 commands=5/7
Jan 23 13:13:41 localhost postfix/smtpd[20341]: disconnect from smtp2.hines.hokudai.ac.jp[133.87.1.177] ehlo=1 mail=1 rcpt=0/1 data=0/1 rset=1 quit=1 commands=4/6
Jan 23 13:13:41 localhost postfix/smtpd[20206]: connect from mx1.center.tottori-u.ac.jp[160.15.14.7]
Jan 23 13:13:41 localhost postfix/smtpd[20206]: NOQUEUE: reject: RCPT from mx1.center.tottori-u.ac.jp[160.15.14.7]: 550 5.1.1 <suac+bncBCC7XN6N3YMBBMFGWWHQMGQER7SEXCQ@lamc.la>: Recipient address rejected: User unknown in local recipient table; from=<> to=<suac+bncBCC7XN6N3YMBBMFGWWHQMGQER7SEXCQ@lamc.la> proto=ESMTP helo=<mx1.tottori-u.ac.jp>
Jan 23 13:13:41 localhost postfix/smtpd[20304]: connect from gw5.mx.kanazawa-u.ac.jp[133.28.17.35]
Jan 23 13:13:41 localhost postfix/smtpd[20339]: NOQUEUE: reject: RCPT from gw1.mx.kanazawa-u.ac.jp[133.28.17.31]: 550 5.1.1 <suac+bncBCC7XN6N3YMBBMFGWWHQMGQER7SEXCQ@lamc.la>: Recipient address rejected: User unknown in local recipient table; from=<> to=<suac+bncBCC7XN6N3YMBBMFGWWHQMGQER7SEXCQ@lamc.la> proto=ESMTP helo=<gateway.mx.kanazawa-u.ac.jp>
Jan 23 13:13:42 localhost postfix/smtpd[20339]: disconnect from gw1.mx.kanazawa-u.ac.jp[133.28.17.31] ehlo=2 starttls=1 mail=1 rcpt=0/1 data=0/1 rset=1 quit=1 commands=6/8
Jan 23 13:13:42 localhost postfix/smtpd[20304]: NOQUEUE: reject: RCPT from gw5.mx.kanazawa-u.ac.jp[133.28.17.35]: 550 5.1.1 <suac+bncBCC7XN6N3YMBBMFGWWHQMGQER7SEXCQ@lamc.la>: Recipient address rejected: User unknown in local recipient table; from=<> to=<suac+bncBCC7XN6N3YMBBMFGWWHQMGQER7SEXCQ@lamc.la> proto=ESMTP helo=<gateway.mx.kanazawa-u.ac.jp>
Jan 23 13:13:42 localhost postfix/smtpd[20335]: connect from smtp16.cstnet.cn[159.226.251.16]
Jan 23 13:13:42 localhost postfix/smtpd[20327]: connect from smtp24.cstnet.cn[159.226.251.24]
Jan 23 13:13:42 localhost postfix/smtpd[20304]: disconnect from gw5.mx.kanazawa-u.ac.jp[133.28.17.35] ehlo=2 starttls=1 mail=1 rcpt=0/1 data=0/1 rset=1 quit=1 commands=6/8
Jan 23 13:13:42 localhost postfix/trivial-rewrite[20270]: warning: do not list domain lamc.la in BOTH mydestination and virtual_alias_domains
Jan 23 13:13:42 localhost postfix/smtpd[20335]: NOQUEUE: reject: RCPT from smtp16.cstnet.cn[159.226.251.16]: 550 5.1.1 <suac+bncbcc7xn6n3ymbbmfgwwhqmgqer7sexcq@lamc.la>: Recipient address rejected: User unknown in local recipient table; from=<> to=<suac+bncbcc7xn6n3ymbbmfgwwhqmgqer7sexcq@lamc.la> proto=ESMTP helo=<cstnet.cn>
Jan 23 13:13:42 localhost postfix/trivial-rewrite[20270]: warning: do not list domain lamc.la in BOTH mydestination and virtual_alias_domains
Jan 23 13:13:42 localhost postfix/smtpd[20327]: NOQUEUE: reject: RCPT from smtp24.cstnet.cn[159.226.251.24]: 550 5.1.1 <suac+bncbcc7xn6n3ymbbmfgwwhqmgqer7sexcq@lamc.la>: Recipient address rejected: User unknown in local recipient table; from=<> to=<suac+bncbcc7xn6n3ymbbmfgwwhqmgqer7sexcq@lamc.la> proto=ESMTP helo=<cstnet.cn>
Jan 23 13:13:42 localhost postfix/smtpd[20335]: disconnect from smtp16.cstnet.cn[159.226.251.16] ehlo=1 mail=1 rcpt=0/1 quit=1 commands=3/4
Jan 23 13:13:42 localhost postfix/smtpd[20327]: disconnect from smtp24.cstnet.cn[159.226.251.24] ehlo=1 mail=1 rcpt=0/1 quit=1 commands=3/4
Jan 23 13:13:43 localhost postfix/smtpd[20195]: NOQUEUE: reject: RCPT from lmr2.uibk.ac.at[138.232.1.143]: 550 5.1.1 <suac+bncBCC7XN6N3YMBBMFGWWHQMGQER7SEXCQ@lamc.la>: Recipient address rejected: User unknown in local recipient table; from=<> to=<suac+bncBCC7XN6N3YMBBMFGWWHQMGQER7SEXCQ@lamc.la> proto=ESMTP helo=<lmr2.uibk.ac.at>
Jan 23 13:13:43 localhost postfix/smtpd[20333]: disconnect from artemis2.shiga-med.ac.jp[202.19.144.108] ehlo=1 mail=4 rcpt=0/4 rset=4 quit=1 commands=10/14
Jan 23 13:13:43 localhost postfix/smtpd[20195]: disconnect from lmr2.uibk.ac.at[138.232.1.143] ehlo=2 starttls=1 mail=1 rcpt=0/1 data=0/1 rset=1 quit=1 commands=6/8
Jan 23 13:13:43 localhost postfix/smtpd[20328]: connect from mail-os0jpn01hn2226.outbound.protection.outlook.com[52.100.214.226]
Jan 23 13:13:43 localhost postfix/smtpd[20206]: lost connection after RSET from mx1.center.tottori-u.ac.jp[160.15.14.7]
Jan 23 13:13:43 localhost postfix/smtpd[20206]: disconnect from mx1.center.tottori-u.ac.jp[160.15.14.7] ehlo=1 mail=1 rcpt=0/1 data=0/1 rset=1 commands=3/5
Jan 23 13:13:44 localhost postfix/smtpd[20328]: lost connection after EHLO from mail-os0jpn01hn2226.outbound.protection.outlook.com[52.100.214.226]
Jan 23 13:13:44 localhost postfix/smtpd[20328]: disconnect from mail-os0jpn01hn2226.outbound.protection.outlook.com[52.100.214.226] ehlo=2 starttls=1 commands=3
Jan 23 13:13:44 localhost postfix/smtpd[20325]: disconnect from mailgw1.u-aizu.ac.jp[163.143.1.41] ehlo=1 mail=1 rcpt=0/1 rset=1 quit=1 commands=4/5
Jan 23 13:13:44 localhost postfix/smtpd[20340]: connect from probity.mcc.ac.uk[130.88.200.94]
Jan 23 13:13:44 localhost postfix/smtpd[20338]: connect from probity.mcc.ac.uk[130.88.200.94]
Jan 23 13:13:46 localhost postfix/smtpd[20340]: NOQUEUE: reject: RCPT from probity.mcc.ac.uk[130.88.200.94]: 550 5.1.1 <suac+bncBCC7XN6N3YMBBMFGWWHQMGQER7SEXCQ@lamc.la>: Recipient address rejected: User unknown in local recipient table; from=<> to=<suac+bncBCC7XN6N3YMBBMFGWWHQMGQER7SEXCQ@lamc.la> proto=ESMTP helo=<probity.mcc.ac.uk>
Jan 23 13:13:46 localhost postfix/smtpd[20200]: connect from gumx.gifu-u.ac.jp[133.66.1.10]
Jan 23 13:13:46 localhost postfix/smtpd[20340]: disconnect from probity.mcc.ac.uk[130.88.200.94] ehlo=2 starttls=1 mail=1 rcpt=0/1 bdat=0/1 quit=1 commands=5/7
Jan 23 13:13:46 localhost postfix/smtpd[20200]: NOQUEUE: reject: RCPT from gumx.gifu-u.ac.jp[133.66.1.10]: 550 5.1.1 <suac+bncBCC7XN6N3YMBBMFGWWHQMGQER7SEXCQ@lamc.la>: Recipient address rejected: User unknown in local recipient table; from=<> to=<suac+bncBCC7XN6N3YMBBMFGWWHQMGQER7SEXCQ@lamc.la> proto=ESMTP helo=<gumx.gifu-u.ac.jp>
Jan 23 13:13:46 localhost postfix/smtpd[20200]: disconnect from gumx.gifu-u.ac.jp[133.66.1.10] ehlo=1 mail=1 rcpt=0/1 data=0/1 rset=1 quit=1 commands=4/6
Jan 23 13:13:46 localhost postfix/smtpd[20338]: NOQUEUE: reject: RCPT from probity.mcc.ac.uk[130.88.200.94]: 550 5.1.1 <suac+bncBCC7XN6N3YMBBMFGWWHQMGQER7SEXCQ@lamc.la>: Recipient address rejected: User unknown in local recipient table; from=<> to=<suac+bncBCC7XN6N3YMBBMFGWWHQMGQER7SEXCQ@lamc.la> proto=ESMTP helo=<probity.mcc.ac.uk>
Jan 23 13:13:46 localhost postfix/smtpd[20343]: connect from ns2.kuhs.ac.jp[119.245.226.99]
Jan 23 13:13:46 localhost postfix/smtpd[20338]: disconnect from probity.mcc.ac.uk[130.88.200.94] ehlo=2 starttls=1 mail=1 rcpt=0/1 bdat=0/1 quit=1 commands=5/7
Jan 23 13:13:46 localhost postfix/smtpd[20343]: NOQUEUE: reject: RCPT from ns2.kuhs.ac.jp[119.245.226.99]: 550 5.1.1 <suac+bncBCC7XN6N3YMBBMFGWWHQMGQER7SEXCQ@lamc.la>: Recipient address rejected: User unknown in local recipient table; from=<> to=<suac+bncBCC7XN6N3YMBBMFGWWHQMGQER7SEXCQ@lamc.la> proto=ESMTP helo=<gvedns01.kuhs.ac.jp>
Jan 23 13:13:47 localhost postfix/smtpd[20343]: disconnect from ns2.kuhs.ac.jp[119.245.226.99] ehlo=1 mail=1 rcpt=0/1 data=0/1 rset=1 quit=1 commands=4/6
Jan 23 13:13:47 localhost postfix/smtpd[20342]: connect from mail-db3eur04hn0229.outbound.protection.outlook.com[52.100.17.229]
Jan 23 13:13:48 localhost postfix/smtpd[20337]: connect from smtp1.hines.hokudai.ac.jp[133.87.1.176]
Jan 23 13:13:48 localhost postfix/smtpd[20337]: NOQUEUE: reject: RCPT from smtp1.hines.hokudai.ac.jp[133.87.1.176]: 550 5.1.1 <suac+bncBCC7XN6N3YMBBMFGWWHQMGQER7SEXCQ@lamc.la>: Recipient address rejected: User unknown in local recipient table; from=<> to=<suac+bncBCC7XN6N3YMBBMFGWWHQMGQER7SEXCQ@lamc.la> proto=ESMTP helo=<smtp1.hines.hokudai.ac.jp>
Jan 23 13:13:48 localhost postfix/smtpd[20337]: disconnect from smtp1.hines.hokudai.ac.jp[133.87.1.176] ehlo=1 mail=1 rcpt=0/1 data=0/1 rset=1 quit=1 commands=4/6
Jan 23 13:13:48 localhost postfix/smtpd[20342]: NOQUEUE: reject: RCPT from mail-db3eur04hn0229.outbound.protection.outlook.com[52.100.17.229]: 550 5.1.1 <suac+bncBCC7XN6N3YMBBMFGWWHQMGQER7SEXCQ@lamc.la>: Recipient address rejected: User unknown in local recipient table; from=<> to=<suac+bncBCC7XN6N3YMBBMFGWWHQMGQER7SEXCQ@lamc.la> proto=ESMTP helo=<EUR04-DB3-obe.outbound.protection.outlook.com>
Jan 23 13:13:49 localhost postfix/smtpd[20342]: disconnect from mail-db3eur04hn0229.outbound.protection.outlook.com[52.100.17.229] ehlo=2 starttls=1 mail=1 rcpt=0/1 quit=1 commands=5/6
Jan 23 13:13:52 localhost postfix/smtpd[20278]: connect from mail-lo2gbr01hn2243.outbound.protection.outlook.com[52.100.179.243]
Jan 23 13:13:53 localhost postfix/smtpd[20322]: connect from unknown[219.166.9.245]
Jan 23 13:13:53 localhost postfix/smtpd[20214]: connect from mail-cy1gcc01bn2015.outbound.protection.outlook.com[52.100.19.15]
Jan 23 13:13:53 localhost postfix/smtpd[20278]: NOQUEUE: reject: RCPT from mail-lo2gbr01hn2243.outbound.protection.outlook.com[52.100.179.243]: 550 5.1.1 <suac+bncBCC7XN6N3YMBBMFGWWHQMGQER7SEXCQ@lamc.la>: Recipient address rejected: User unknown in local recipient table; from=<> to=<suac+bncBCC7XN6N3YMBBMFGWWHQMGQER7SEXCQ@lamc.la> proto=ESMTP helo=<GBR01-LO2-obe.outbound.protection.outlook.com>
Jan 23 13:13:54 localhost postfix/smtpd[20322]: NOQUEUE: reject: RCPT from unknown[219.166.9.245]: 550 5.1.1 <suac+bncBCC7XN6N3YMBBMFGWWHQMGQER7SEXCQ@lamc.la>: Recipient address rejected: User unknown in local recipient table; from=<> to=<suac+bncBCC7XN6N3YMBBMFGWWHQMGQER7SEXCQ@lamc.la> proto=ESMTP helo=<test-nat.kuins.kyoto-u.ac.jp>
Jan 23 13:13:54 localhost postfix/smtpd[20278]: disconnect from mail-lo2gbr01hn2243.outbound.protection.outlook.com[52.100.179.243] ehlo=2 starttls=1 mail=1 rcpt=0/1 quit=1 commands=5/6
Jan 23 13:13:54 localhost postfix/smtpd[20322]: disconnect from unknown[219.166.9.245] ehlo=2 starttls=1 mail=1 rcpt=0/1 data=0/1 rset=1 quit=1 commands=6/8
Jan 23 13:13:54 localhost postfix/smtpd[20313]: connect from clarity.mcc.ac.uk[130.88.200.144]
Jan 23 13:13:55 localhost postfix/smtpd[20214]: NOQUEUE: reject: RCPT from mail-cy1gcc01bn2015.outbound.protection.outlook.com[52.100.19.15]: 550 5.1.1 <suac+bncBCC7XN6N3YMBBMFGWWHQMGQER7SEXCQ@lamc.la>: Recipient address rejected: User unknown in local recipient table; from=<> to=<suac+bncBCC7XN6N3YMBBMFGWWHQMGQER7SEXCQ@lamc.la> proto=ESMTP helo=<EUR04-VI1-obe.outbound.protection.outlook.com>
Jan 23 13:13:55 localhost postfix/smtpd[20214]: disconnect from mail-cy1gcc01bn2015.outbound.protection.outlook.com[52.100.19.15] ehlo=2 starttls=1 mail=1 rcpt=0/1 quit=1 commands=5/6
Jan 23 13:13:55 localhost postfix/smtpd[20323]: connect from mailrelay.umin.ac.jp[130.69.92.23]
Jan 23 13:13:55 localhost postfix/smtpd[20310]: connect from mail-qt1-f193.google.com[209.85.160.193]
Jan 23 13:13:56 localhost postfix/smtpd[20323]: NOQUEUE: reject: RCPT from mailrelay.umin.ac.jp[130.69.92.23]: 550 5.1.1 <suac+bncBCC7XN6N3YMBBMFGWWHQMGQER7SEXCQ@lamc.la>: Recipient address rejected: User unknown in local recipient table; from=<> to=<suac+bncBCC7XN6N3YMBBMFGWWHQMGQER7SEXCQ@lamc.la> proto=ESMTP helo=<mailrelay.umin.ac.jp>
Jan 23 13:13:56 localhost postfix/smtpd[20313]: NOQUEUE: reject: RCPT from clarity.mcc.ac.uk[130.88.200.144]: 550 5.1.1 <suac+bncBCC7XN6N3YMBBMFGWWHQMGQER7SEXCQ@lamc.la>: Recipient address rejected: User unknown in local recipient table; from=<> to=<suac+bncBCC7XN6N3YMBBMFGWWHQMGQER7SEXCQ@lamc.la> proto=ESMTP helo=<clarity.mcc.ac.uk>
Jan 23 13:13:56 localhost postfix/smtpd[20323]: disconnect from mailrelay.umin.ac.jp[130.69.92.23] ehlo=1 mail=1 rcpt=0/1 data=0/1 rset=1 quit=1 commands=4/6
Jan 23 13:13:56 localhost postfix/smtpd[20313]: disconnect from clarity.mcc.ac.uk[130.88.200.144] ehlo=2 starttls=1 mail=1 rcpt=0/1 bdat=0/1 quit=1 commands=5/7
Jan 23 13:13:56 localhost postfix/smtpd[20327]: connect from mail-db3eur04hn0203.outbound.protection.outlook.com[52.100.17.203]
Jan 23 13:13:56 localhost postfix/smtpd[20213]: connect from mail-cwlgbr01hn2206.outbound.protection.outlook.com[52.100.178.206]
Jan 23 13:13:57 localhost postfix/smtpd[20310]: NOQUEUE: reject: RCPT from mail-qt1-f193.google.com[209.85.160.193]: 550 5.1.1 <suac+bncBCC7XN6N3YMBBMFGWWHQMGQER7SEXCQ@lamc.la>: Recipient address rejected: User unknown in local recipient table; from=<> to=<suac+bncBCC7XN6N3YMBBMFGWWHQMGQER7SEXCQ@lamc.la> proto=ESMTP helo=<mail-qt1-f193.google.com>
Jan 23 13:13:57 localhost postfix/smtpd[20310]: disconnect from mail-qt1-f193.google.com[209.85.160.193] ehlo=2 starttls=1 mail=1 rcpt=0/1 bdat=0/1 quit=1 commands=5/7
Jan 23 13:13:57 localhost postfix/smtpd[20294]: connect from mailrelay.umin.ac.jp[130.69.92.23]
Jan 23 13:13:57 localhost postfix/smtpd[20123]: connect from mailrelay.umin.ac.jp[130.69.92.23]
Jan 23 13:13:57 localhost postfix/smtpd[20292]: connect from gw5.mx.kanazawa-u.ac.jp[133.28.17.35]
Jan 23 13:13:57 localhost postfix/smtpd[20294]: NOQUEUE: reject: RCPT from mailrelay.umin.ac.jp[130.69.92.23]: 550 5.1.1 <suac+bncBCC7XN6N3YMBBMFGWWHQMGQER7SEXCQ@lamc.la>: Recipient address rejected: User unknown in local recipient table; from=<> to=<suac+bncBCC7XN6N3YMBBMFGWWHQMGQER7SEXCQ@lamc.la> proto=ESMTP helo=<mailrelay.umin.ac.jp>
Jan 23 13:13:58 localhost postfix/smtpd[20327]: NOQUEUE: reject: RCPT from mail-db3eur04hn0203.outbound.protection.outlook.com[52.100.17.203]: 550 5.1.1 <suac+bncBCC7XN6N3YMBBMFGWWHQMGQER7SEXCQ@lamc.la>: Recipient address rejected: User unknown in local recipient table; from=<> to=<suac+bncBCC7XN6N3YMBBMFGWWHQMGQER7SEXCQ@lamc.la> proto=ESMTP helo=<EUR04-DB3-obe.outbound.protection.outlook.com>
Jan 23 13:13:58 localhost postfix/smtpd[20123]: NOQUEUE: reject: RCPT from mailrelay.umin.ac.jp[130.69.92.23]: 550 5.1.1 <suac+bncBCC7XN6N3YMBBMFGWWHQMGQER7SEXCQ@lamc.la>: Recipient address rejected: User unknown in local recipient table; from=<> to=<suac+bncBCC7XN6N3YMBBMFGWWHQMGQER7SEXCQ@lamc.la> proto=ESMTP helo=<mailrelay.umin.ac.jp>
Jan 23 13:13:58 localhost postfix/smtpd[20294]: disconnect from mailrelay.umin.ac.jp[130.69.92.23] ehlo=1 mail=1 rcpt=0/1 data=0/1 rset=1 quit=1 commands=4/6
Jan 23 13:13:58 localhost postfix/smtpd[20123]: disconnect from mailrelay.umin.ac.jp[130.69.92.23] ehlo=1 mail=1 rcpt=0/1 data=0/1 rset=1 quit=1 commands=4/6
Jan 23 13:13:58 localhost postfix/smtpd[20292]: NOQUEUE: reject: RCPT from gw5.mx.kanazawa-u.ac.jp[133.28.17.35]: 550 5.1.1 <suac+bncBCC7XN6N3YMBBMFGWWHQMGQER7SEXCQ@lamc.la>: Recipient address rejected: User unknown in local recipient table; from=<> to=<suac+bncBCC7XN6N3YMBBMFGWWHQMGQER7SEXCQ@lamc.la> proto=ESMTP helo=<gateway.mx.kanazawa-u.ac.jp>
Jan 23 13:13:58 localhost postfix/smtpd[20213]: NOQUEUE: reject: RCPT from mail-cwlgbr01hn2206.outbound.protection.outlook.com[52.100.178.206]: 550 5.1.1 <suac+bncBCC7XN6N3YMBBMFGWWHQMGQER7SEXCQ@lamc.la>: Recipient address rejected: User unknown in local recipient table; from=<> to=<suac+bncBCC7XN6N3YMBBMFGWWHQMGQER7SEXCQ@lamc.la> proto=ESMTP helo=<GBR01-CWL-obe.outbound.protection.outlook.com>
Jan 23 13:13:58 localhost postfix/smtpd[20325]: connect from smtp16.cstnet.cn[159.226.251.16]
Jan 23 13:13:58 localhost postfix/smtpd[20292]: disconnect from gw5.mx.kanazawa-u.ac.jp[133.28.17.35] ehlo=2 starttls=1 mail=1 rcpt=0/1 data=0/1 rset=1 quit=1 commands=6/8
Jan 23 13:13:58 localhost postfix/smtpd[20327]: disconnect from mail-db3eur04hn0203.outbound.protection.outlook.com[52.100.17.203] ehlo=2 starttls=1 mail=1 rcpt=0/1 quit=1 commands=5/6
Jan 23 13:13:58 localhost postfix/trivial-rewrite[20270]: warning: do not list domain lamc.la in BOTH mydestination and virtual_alias_domains
Jan 23 13:13:58 localhost postfix/smtpd[20325]: NOQUEUE: reject: RCPT from smtp16.cstnet.cn[159.226.251.16]: 550 5.1.1 <suac+bncbcc7xn6n3ymbbmfgwwhqmgqer7sexcq@lamc.la>: Recipient address rejected: User unknown in local recipient table; from=<> to=<suac+bncbcc7xn6n3ymbbmfgwwhqmgqer7sexcq@lamc.la> proto=ESMTP helo=<cstnet.cn>
Jan 23 13:13:58 localhost postfix/smtpd[20213]: disconnect from mail-cwlgbr01hn2206.outbound.protection.outlook.com[52.100.178.206] ehlo=2 starttls=1 mail=1 rcpt=0/1 quit=1 commands=5/6
Jan 23 13:13:58 localhost postfix/smtpd[20325]: disconnect from smtp16.cstnet.cn[159.226.251.16] ehlo=1 mail=1 rcpt=0/1 quit=1 commands=3/4
Jan 23 13:13:58 localhost postfix/smtpd[20315]: connect from gw2.mx.kanazawa-u.ac.jp[133.28.17.32]
Jan 23 13:13:58 localhost postfix/smtpd[20315]: NOQUEUE: reject: RCPT from gw2.mx.kanazawa-u.ac.jp[133.28.17.32]: 550 5.1.1 <suac+bncBCC7XN6N3YMBBMFGWWHQMGQER7SEXCQ@lamc.la>: Recipient address rejected: User unknown in local recipient table; from=<> to=<suac+bncBCC7XN6N3YMBBMFGWWHQMGQER7SEXCQ@lamc.la> proto=ESMTP helo=<gateway.mx.kanazawa-u.ac.jp>
Jan 23 13:13:58 localhost postfix/smtpd[20322]: connect from mail.chembio.nagoya-u.ac.jp[133.6.101.104]
Jan 23 13:13:58 localhost postfix/smtpd[20315]: disconnect from gw2.mx.kanazawa-u.ac.jp[133.28.17.32] ehlo=2 starttls=1 mail=1 rcpt=0/1 data=0/1 rset=1 quit=1 commands=6/8
Jan 23 13:13:59 localhost postfix/smtpd[20322]: NOQUEUE: reject: RCPT from mail.chembio.nagoya-u.ac.jp[133.6.101.104]: 550 5.1.1 <suac+bncBCC7XN6N3YMBBMFGWWHQMGQER7SEXCQ@lamc.la>: Recipient address rejected: User unknown in local recipient table; from=<> to=<suac+bncBCC7XN6N3YMBBMFGWWHQMGQER7SEXCQ@lamc.la> proto=ESMTP helo=<mail.chembio.nagoya-u.ac.jp>
Jan 23 13:13:59 localhost postfix/smtpd[20322]: disconnect from mail.chembio.nagoya-u.ac.jp[133.6.101.104] ehlo=1 mail=1 rcpt=0/1 data=0/1 rset=1 quit=1 commands=4/6
Jan 23 13:13:59 localhost postfix/smtpd[20343]: connect from gw7.mx.kanazawa-u.ac.jp[133.28.17.37]
Jan 23 13:13:59 localhost postfix/smtpd[20308]: connect from mail-lo2gbr01hn2206.outbound.protection.outlook.com[52.100.179.206]
Jan 23 13:13:59 localhost postfix/smtpd[20265]: connect from mailgw.kobe-u.ac.jp[133.30.30.67]
Jan 23 13:13:59 localhost postfix/smtpd[20343]: NOQUEUE: reject: RCPT from gw7.mx.kanazawa-u.ac.jp[133.28.17.37]: 550 5.1.1 <suac+bncBCC7XN6N3YMBBMFGWWHQMGQER7SEXCQ@lamc.la>: Recipient address rejected: User unknown in local recipient table; from=<> to=<suac+bncBCC7XN6N3YMBBMFGWWHQMGQER7SEXCQ@lamc.la> proto=ESMTP helo=<gateway.mx.kanazawa-u.ac.jp>
Jan 23 13:13:59 localhost postfix/smtpd[20265]: NOQUEUE: reject: RCPT from mailgw.kobe-u.ac.jp[133.30.30.67]: 550 5.1.1 <suac+bncBCC7XN6N3YMBBMFGWWHQMGQER7SEXCQ@lamc.la>: Recipient address rejected: User unknown in local recipient table; from=<> to=<suac+bncBCC7XN6N3YMBBMFGWWHQMGQER7SEXCQ@lamc.la> proto=ESMTP helo=<mailgw.kobe-u.ac.jp>
Jan 23 13:13:59 localhost postfix/smtpd[20343]: disconnect from gw7.mx.kanazawa-u.ac.jp[133.28.17.37] ehlo=2 starttls=1 mail=1 rcpt=0/1 data=0/1 rset=1 quit=1 commands=6/8
Jan 23 13:14:00 localhost postfix/smtpd[20323]: connect from serenity.mcc.ac.uk[130.88.200.93]
Jan 23 13:14:00 localhost postfix/smtpd[20308]: lost connection after EHLO from mail-lo2gbr01hn2206.outbound.protection.outlook.com[52.100.179.206]
Jan 23 13:14:00 localhost postfix/smtpd[20308]: disconnect from mail-lo2gbr01hn2206.outbound.protection.outlook.com[52.100.179.206] ehlo=2 starttls=1 commands=3
Jan 23 13:14:00 localhost postfix/smtpd[20123]: connect from mail-qt1-f195.google.com[209.85.160.195]
Jan 23 13:14:00 localhost postfix/smtpd[20309]: connect from ppsw-43.csi.cam.ac.uk[131.111.8.143]
Jan 23 13:14:01 localhost postfix/smtpd[20324]: connect from smtp16.cstnet.cn[159.226.251.16]
Jan 23 13:14:01 localhost postfix/trivial-rewrite[20270]: warning: do not list domain lamc.la in BOTH mydestination and virtual_alias_domains
Jan 23 13:14:01 localhost postfix/smtpd[20324]: NOQUEUE: reject: RCPT from smtp16.cstnet.cn[159.226.251.16]: 550 5.1.1 <suac+bncbcc7xn6n3ymbbmfgwwhqmgqer7sexcq@lamc.la>: Recipient address rejected: User unknown in local recipient table; from=<> to=<suac+bncbcc7xn6n3ymbbmfgwwhqmgqer7sexcq@lamc.la> proto=ESMTP helo=<cstnet.cn>
Jan 23 13:14:01 localhost postfix/smtpd[20206]: connect from mail-ve1eur03hn2231.outbound.protection.outlook.com[52.100.16.231]
Jan 23 13:14:01 localhost postfix/smtpd[20324]: disconnect from smtp16.cstnet.cn[159.226.251.16] ehlo=1 mail=1 rcpt=0/1 quit=1 commands=3/4
Jan 23 13:14:01 localhost postfix/smtpd[20265]: lost connection after RSET from mailgw.kobe-u.ac.jp[133.30.30.67]
Jan 23 13:14:01 localhost postfix/smtpd[20265]: disconnect from mailgw.kobe-u.ac.jp[133.30.30.67] ehlo=1 mail=1 rcpt=0/1 data=0/1 rset=1 commands=3/5
Jan 23 13:14:01 localhost postfix/smtpd[20323]: NOQUEUE: reject: RCPT from serenity.mcc.ac.uk[130.88.200.93]: 550 5.1.1 <suac+bncBCC7XN6N3YMBBMFGWWHQMGQER7SEXCQ@lamc.la>: Recipient address rejected: User unknown in local recipient table; from=<> to=<suac+bncBCC7XN6N3YMBBMFGWWHQMGQER7SEXCQ@lamc.la> proto=ESMTP helo=<serenity.mcc.ac.uk>
Jan 23 13:14:01 localhost postfix/smtpd[20123]: NOQUEUE: reject: RCPT from mail-qt1-f195.google.com[209.85.160.195]: 550 5.1.1 <suac+bncBCC7XN6N3YMBBMFGWWHQMGQER7SEXCQ@lamc.la>: Recipient address rejected: User unknown in local recipient table; from=<> to=<suac+bncBCC7XN6N3YMBBMFGWWHQMGQER7SEXCQ@lamc.la> proto=ESMTP helo=<mail-qt1-f195.google.com>
Jan 23 13:14:02 localhost postfix/smtpd[20323]: disconnect from serenity.mcc.ac.uk[130.88.200.93] ehlo=2 starttls=1 mail=1 rcpt=0/1 bdat=0/1 quit=1 commands=5/7
Jan 23 13:14:02 localhost postfix/smtpd[20336]: connect from smtp26.cstnet.cn[159.226.251.26]
Jan 23 13:14:02 localhost postfix/smtpd[20123]: disconnect from mail-qt1-f195.google.com[209.85.160.195] ehlo=2 starttls=1 mail=1 rcpt=0/1 bdat=0/1 quit=1 commands=5/7
Jan 23 13:14:02 localhost postfix/trivial-rewrite[20270]: warning: do not list domain lamc.la in BOTH mydestination and virtual_alias_domains
Jan 23 13:14:02 localhost postfix/smtpd[20336]: NOQUEUE: reject: RCPT from smtp26.cstnet.cn[159.226.251.26]: 550 5.1.1 <suac+bncbcc7xn6n3ymbbmfgwwhqmgqer7sexcq@lamc.la>: Recipient address rejected: User unknown in local recipient table; from=<> to=<suac+bncbcc7xn6n3ymbbmfgwwhqmgqer7sexcq@lamc.la> proto=ESMTP helo=<cstnet.cn>
Jan 23 13:14:02 localhost postfix/smtpd[20309]: NOQUEUE: reject: RCPT from ppsw-43.csi.cam.ac.uk[131.111.8.143]: 550 5.1.1 <suac+bncBCC7XN6N3YMBBMFGWWHQMGQER7SEXCQ@lamc.la>: Recipient address rejected: User unknown in local recipient table; from=<> to=<suac+bncBCC7XN6N3YMBBMFGWWHQMGQER7SEXCQ@lamc.la> proto=ESMTP helo=<ppsw-43.csi.cam.ac.uk>
Jan 23 13:14:02 localhost postfix/smtpd[20336]: disconnect from smtp26.cstnet.cn[159.226.251.26] ehlo=1 mail=1 rcpt=0/1 quit=1 commands=3/4
Jan 23 13:14:02 localhost postfix/smtpd[20206]: lost connection after EHLO from mail-ve1eur03hn2231.outbound.protection.outlook.com[52.100.16.231]
Jan 23 13:14:02 localhost postfix/smtpd[20206]: disconnect from mail-ve1eur03hn2231.outbound.protection.outlook.com[52.100.16.231] ehlo=2 starttls=1 commands=3
Jan 23 13:14:02 localhost postfix/smtpd[20320]: connect from ppsw-43.csi.cam.ac.uk[131.111.8.143]
Jan 23 13:14:02 localhost postfix/smtpd[20309]: disconnect from ppsw-43.csi.cam.ac.uk[131.111.8.143] ehlo=2 starttls=1 mail=1 rcpt=0/1 bdat=0/1 quit=1 commands=5/7
Jan 23 13:14:02 localhost postfix/smtpd[20311]: connect from buaya.ui.ac.id[152.118.148.220]
Jan 23 13:14:03 localhost postfix/smtpd[20304]: connect from mxsc-22.srv.nagoya-u.ac.jp[133.6.1.19]
Jan 23 13:14:03 localhost postfix/smtpd[20304]: NOQUEUE: reject: RCPT from mxsc-22.srv.nagoya-u.ac.jp[133.6.1.19]: 550 5.1.1 <suac+bncBCC7XN6N3YMBBMFGWWHQMGQER7SEXCQ@lamc.la>: Recipient address rejected: User unknown in local recipient table; from=<> to=<suac+bncBCC7XN6N3YMBBMFGWWHQMGQER7SEXCQ@lamc.la> proto=ESMTP helo=<mxsc-22.srv.nagoya-u.ac.jp>
Jan 23 13:14:03 localhost postfix/smtpd[20304]: disconnect from mxsc-22.srv.nagoya-u.ac.jp[133.6.1.19] ehlo=1 mail=1 rcpt=0/1 data=0/1 rset=1 quit=1 commands=4/6
Jan 23 13:14:03 localhost postfix/smtpd[20294]: connect from serenity.mcc.ac.uk[130.88.200.93]
Jan 23 13:14:03 localhost postfix/smtpd[20272]: connect from mailgw1.med.osaka-cu.ac.jp[114.179.36.66]
Jan 23 13:14:03 localhost postfix/smtpd[20272]: NOQUEUE: reject: RCPT from mailgw1.med.osaka-cu.ac.jp[114.179.36.66]: 550 5.1.1 <suac+bncBCC7XN6N3YMBBMFGWWHQMGQER7SEXCQ@lamc.la>: Recipient address rejected: User unknown in local recipient table; from=<> to=<suac+bncBCC7XN6N3YMBBMFGWWHQMGQER7SEXCQ@lamc.la> proto=ESMTP helo=<mailgw1.med.osaka-cu.ac.jp>
Jan 23 13:14:03 localhost postfix/smtpd[20311]: NOQUEUE: reject: RCPT from buaya.ui.ac.id[152.118.148.220]: 550 5.1.1 <suac+bncBCC7XN6N3YMBBMFGWWHQMGQER7SEXCQ@lamc.la>: Recipient address rejected: User unknown in local recipient table; from=<> to=<suac+bncBCC7XN6N3YMBBMFGWWHQMGQER7SEXCQ@lamc.la> proto=ESMTP helo=<buaya.ui.ac.id>
Jan 23 13:14:03 localhost postfix/smtpd[20272]: disconnect from mailgw1.med.osaka-cu.ac.jp[114.179.36.66] ehlo=1 mail=1 rcpt=0/1 data=0/1 rset=1 quit=1 commands=4/6
Jan 23 13:14:03 localhost postfix/smtpd[20334]: connect from tranquility.mcc.ac.uk[130.88.200.145]
Jan 23 13:14:03 localhost postfix/smtpd[20329]: connect from clarity.mcc.ac.uk[130.88.200.144]
Jan 23 13:14:03 localhost postfix/smtpd[20311]: disconnect from buaya.ui.ac.id[152.118.148.220] ehlo=2 starttls=1 mail=1 rcpt=0/1 data=0/1 rset=1 quit=1 commands=6/8
Jan 23 13:14:04 localhost postfix/smtpd[20320]: NOQUEUE: reject: RCPT from ppsw-43.csi.cam.ac.uk[131.111.8.143]: 550 5.1.1 <suac+bncBCC7XN6N3YMBBMFGWWHQMGQER7SEXCQ@lamc.la>: Recipient address rejected: User unknown in local recipient table; from=<> to=<suac+bncBCC7XN6N3YMBBMFGWWHQMGQER7SEXCQ@lamc.la> proto=ESMTP helo=<ppsw-43.csi.cam.ac.uk>
Jan 23 13:14:04 localhost postfix/smtpd[20320]: disconnect from ppsw-43.csi.cam.ac.uk[131.111.8.143] ehlo=2 starttls=1 mail=1 rcpt=0/1 bdat=0/1 quit=1 commands=5/7
Jan 23 13:14:04 localhost postfix/smtpd[20294]: NOQUEUE: reject: RCPT from serenity.mcc.ac.uk[130.88.200.93]: 550 5.1.1 <suac+bncBCC7XN6N3YMBBMFGWWHQMGQER7SEXCQ@lamc.la>: Recipient address rejected: User unknown in local recipient table; from=<> to=<suac+bncBCC7XN6N3YMBBMFGWWHQMGQER7SEXCQ@lamc.la> proto=ESMTP helo=<serenity.mcc.ac.uk>
Jan 23 13:14:05 localhost postfix/smtpd[20294]: disconnect from serenity.mcc.ac.uk[130.88.200.93] ehlo=2 starttls=1 mail=1 rcpt=0/1 bdat=0/1 quit=1 commands=5/7
Jan 23 13:14:05 localhost postfix/smtpd[20334]: NOQUEUE: reject: RCPT from tranquility.mcc.ac.uk[130.88.200.145]: 550 5.1.1 <suac+bncBCC7XN6N3YMBBMFGWWHQMGQER7SEXCQ@lamc.la>: Recipient address rejected: User unknown in local recipient table; from=<> to=<suac+bncBCC7XN6N3YMBBMFGWWHQMGQER7SEXCQ@lamc.la> proto=ESMTP helo=<tranquility.mcc.ac.uk>
Jan 23 13:14:05 localhost postfix/smtpd[20329]: NOQUEUE: reject: RCPT from clarity.mcc.ac.uk[130.88.200.144]: 550 5.1.1 <suac+bncBCC7XN6N3YMBBMFGWWHQMGQER7SEXCQ@lamc.la>: Recipient address rejected: User unknown in local recipient table; from=<> to=<suac+bncBCC7XN6N3YMBBMFGWWHQMGQER7SEXCQ@lamc.la> proto=ESMTP helo=<clarity.mcc.ac.uk>
Jan 23 13:14:05 localhost postfix/smtpd[20265]: connect from mail-lo2gbr01hn2236.outbound.protection.outlook.com[52.100.179.236]
Jan 23 13:14:05 localhost postfix/smtpd[20334]: disconnect from tranquility.mcc.ac.uk[130.88.200.145] ehlo=2 starttls=1 mail=1 rcpt=0/1 bdat=0/1 quit=1 commands=5/7
Jan 23 13:14:05 localhost postfix/smtpd[20329]: disconnect from clarity.mcc.ac.uk[130.88.200.144] ehlo=2 starttls=1 mail=1 rcpt=0/1 bdat=0/1 quit=1 commands=5/7
Jan 23 13:14:06 localhost postfix/smtpd[20330]: connect from mail-qt1-f194.google.com[209.85.160.194]
Jan 23 13:14:06 localhost postfix/smtpd[20292]: connect from mail-cwlgbr01hn2207.outbound.protection.outlook.com[52.100.178.207]
Jan 23 13:14:07 localhost postfix/smtpd[20265]: lost connection after EHLO from mail-lo2gbr01hn2236.outbound.protection.outlook.com[52.100.179.236]
Jan 23 13:14:07 localhost postfix/smtpd[20265]: disconnect from mail-lo2gbr01hn2236.outbound.protection.outlook.com[52.100.179.236] ehlo=2 starttls=1 commands=3
Jan 23 13:14:07 localhost postfix/smtpd[20330]: NOQUEUE: reject: RCPT from mail-qt1-f194.google.com[209.85.160.194]: 550 5.1.1 <suac+bncBCC7XN6N3YMBBMFGWWHQMGQER7SEXCQ@lamc.la>: Recipient address rejected: User unknown in local recipient table; from=<> to=<suac+bncBCC7XN6N3YMBBMFGWWHQMGQER7SEXCQ@lamc.la> proto=ESMTP helo=<mail-qt1-f194.google.com>
Jan 23 13:14:07 localhost postfix/smtpd[20339]: connect from mail-lo2gbr01hn2232.outbound.protection.outlook.com[52.100.179.232]
Jan 23 13:14:07 localhost postfix/smtpd[20337]: connect from mail-qk1-f194.google.com[209.85.222.194]
Jan 23 13:14:07 localhost postfix/smtpd[20330]: disconnect from mail-qt1-f194.google.com[209.85.160.194] ehlo=2 starttls=1 mail=1 rcpt=0/1 bdat=0/1 quit=1 commands=5/7
Jan 23 13:14:07 localhost postfix/smtpd[20292]: NOQUEUE: reject: RCPT from mail-cwlgbr01hn2207.outbound.protection.outlook.com[52.100.178.207]: 550 5.1.1 <suac+bncBCC7XN6N3YMBBMFGWWHQMGQER7SEXCQ@lamc.la>: Recipient address rejected: User unknown in local recipient table; from=<> to=<suac+bncBCC7XN6N3YMBBMFGWWHQMGQER7SEXCQ@lamc.la> proto=ESMTP helo=<GBR01-CWL-obe.outbound.protection.outlook.com>
Jan 23 13:14:07 localhost postfix/smtpd[20195]: connect from gw1.mx.kanazawa-u.ac.jp[133.28.17.31]
Jan 23 13:14:08 localhost postfix/smtpd[20292]: disconnect from mail-cwlgbr01hn2207.outbound.protection.outlook.com[52.100.178.207] ehlo=2 starttls=1 mail=1 rcpt=0/1 quit=1 commands=5/6
Jan 23 13:14:08 localhost postfix/smtpd[20195]: NOQUEUE: reject: RCPT from gw1.mx.kanazawa-u.ac.jp[133.28.17.31]: 550 5.1.1 <suac+bncBCC7XN6N3YMBBMFGWWHQMGQER7SEXCQ@lamc.la>: Recipient address rejected: User unknown in local recipient table; from=<> to=<suac+bncBCC7XN6N3YMBBMFGWWHQMGQER7SEXCQ@lamc.la> proto=ESMTP helo=<gateway.mx.kanazawa-u.ac.jp>
Jan 23 13:14:08 localhost postfix/smtpd[20317]: connect from gw8.mx.kanazawa-u.ac.jp[133.28.17.38]
Jan 23 13:14:08 localhost postfix/smtpd[20195]: disconnect from gw1.mx.kanazawa-u.ac.jp[133.28.17.31] ehlo=2 starttls=1 mail=1 rcpt=0/1 data=0/1 rset=1 quit=1 commands=6/8
Jan 23 13:14:08 localhost postfix/smtpd[20325]: connect from smtp26.cstnet.cn[159.226.251.26]
Jan 23 13:14:08 localhost postfix/smtpd[20327]: connect from mail-db3eur04hn0214.outbound.protection.outlook.com[52.100.17.214]
Jan 23 13:14:08 localhost postfix/smtpd[20316]: connect from mail-cwlgbr01hn2218.outbound.protection.outlook.com[52.100.178.218]
Jan 23 13:14:08 localhost postfix/smtpd[20317]: NOQUEUE: reject: RCPT from gw8.mx.kanazawa-u.ac.jp[133.28.17.38]: 550 5.1.1 <suac+bncBCC7XN6N3YMBBMFGWWHQMGQER7SEXCQ@lamc.la>: Recipient address rejected: User unknown in local recipient table; from=<> to=<suac+bncBCC7XN6N3YMBBMFGWWHQMGQER7SEXCQ@lamc.la> proto=ESMTP helo=<gateway.mx.kanazawa-u.ac.jp>
Jan 23 13:14:08 localhost postfix/smtpd[20325]: NOQUEUE: reject: RCPT from smtp26.cstnet.cn[159.226.251.26]: 550 5.1.1 <suac+bncbcc7xn6n3ymbbmfgwwhqmgqer7sexcq@lamc.la>: Recipient address rejected: User unknown in local recipient table; from=<> to=<suac+bncbcc7xn6n3ymbbmfgwwhqmgqer7sexcq@lamc.la> proto=ESMTP helo=<cstnet.cn>
Jan 23 13:14:08 localhost postfix/smtpd[20317]: disconnect from gw8.mx.kanazawa-u.ac.jp[133.28.17.38] ehlo=2 starttls=1 mail=1 rcpt=0/1 data=0/1 rset=1 quit=1 commands=6/8
Jan 23 13:14:08 localhost postfix/smtpd[20325]: disconnect from smtp26.cstnet.cn[159.226.251.26] ehlo=1 mail=1 rcpt=0/1 quit=1 commands=3/4
Jan 23 13:14:08 localhost postfix/smtpd[20337]: NOQUEUE: reject: RCPT from mail-qk1-f194.google.com[209.85.222.194]: 550 5.1.1 <suac+bncBCC7XN6N3YMBBMFGWWHQMGQER7SEXCQ@lamc.la>: Recipient address rejected: User unknown in local recipient table; from=<> to=<suac+bncBCC7XN6N3YMBBMFGWWHQMGQER7SEXCQ@lamc.la> proto=ESMTP helo=<mail-qk1-f194.google.com>
Jan 23 13:14:08 localhost postfix/smtpd[20339]: NOQUEUE: reject: RCPT from mail-lo2gbr01hn2232.outbound.protection.outlook.com[52.100.179.232]: 550 5.1.1 <suac+bncBCC7XN6N3YMBBMFGWWHQMGQER7SEXCQ@lamc.la>: Recipient address rejected: User unknown in local recipient table; from=<> to=<suac+bncBCC7XN6N3YMBBMFGWWHQMGQER7SEXCQ@lamc.la> proto=ESMTP helo=<GBR01-LO2-obe.outbound.protection.outlook.com>
Jan 23 13:14:08 localhost postfix/smtpd[20315]: connect from gw1.mx.kanazawa-u.ac.jp[133.28.17.31]
Jan 23 13:14:08 localhost postfix/smtpd[20339]: disconnect from mail-lo2gbr01hn2232.outbound.protection.outlook.com[52.100.179.232] ehlo=2 starttls=1 mail=1 rcpt=0/1 quit=1 commands=5/6
Jan 23 13:14:09 localhost postfix/smtpd[20315]: NOQUEUE: reject: RCPT from gw1.mx.kanazawa-u.ac.jp[133.28.17.31]: 550 5.1.1 <suac+bncBCC7XN6N3YMBBMFGWWHQMGQER7SEXCQ@lamc.la>: Recipient address rejected: User unknown in local recipient table; from=<> to=<suac+bncBCC7XN6N3YMBBMFGWWHQMGQER7SEXCQ@lamc.la> proto=ESMTP helo=<gateway.mx.kanazawa-u.ac.jp>
Jan 23 13:14:09 localhost postfix/smtpd[20315]: disconnect from gw1.mx.kanazawa-u.ac.jp[133.28.17.31] ehlo=2 starttls=1 mail=1 rcpt=0/1 data=0/1 rset=1 quit=1 commands=6/8
Jan 23 13:14:09 localhost postfix/smtpd[20337]: disconnect from mail-qk1-f194.google.com[209.85.222.194] ehlo=2 starttls=1 mail=1 rcpt=0/1 bdat=0/1 quit=1 commands=5/7
Jan 23 13:14:09 localhost postfix/smtpd[20334]: connect from mail-qt1-f194.google.com[209.85.160.194]
Jan 23 13:14:09 localhost postfix/smtpd[20326]: connect from mail-lo2gbr01hn2249.outbound.protection.outlook.com[52.100.179.249]
Jan 23 13:14:09 localhost postfix/smtpd[20327]: lost connection after EHLO from mail-db3eur04hn0214.outbound.protection.outlook.com[52.100.17.214]
Jan 23 13:14:09 localhost postfix/smtpd[20327]: disconnect from mail-db3eur04hn0214.outbound.protection.outlook.com[52.100.17.214] ehlo=2 starttls=1 commands=3
Jan 23 13:14:09 localhost postfix/smtpd[20316]: lost connection after EHLO from mail-cwlgbr01hn2218.outbound.protection.outlook.com[52.100.178.218]
Jan 23 13:14:09 localhost postfix/smtpd[20316]: disconnect from mail-cwlgbr01hn2218.outbound.protection.outlook.com[52.100.178.218] ehlo=2 starttls=1 commands=3
Jan 23 13:14:09 localhost postfix/smtpd[20200]: connect from mailfp2.srv.meduniwien.ac.at[149.148.224.72]
Jan 23 13:14:10 localhost postfix/smtpd[20337]: connect from mail-qv1-f66.google.com[209.85.219.66]
Jan 23 13:14:10 localhost postfix/smtpd[20313]: connect from gw9.mx.kanazawa-u.ac.jp[133.28.17.39]
Jan 23 13:14:10 localhost postfix/smtpd[20335]: connect from dms-a02.ipc.shizuoka.ac.jp[133.70.128.239]
Jan 23 13:14:10 localhost postfix/smtpd[20332]: connect from smtp16.cstnet.cn[159.226.251.16]
Jan 23 13:14:10 localhost postfix/smtpd[20340]: connect from smtp26.cstnet.cn[159.226.251.26]
Jan 23 13:14:10 localhost postfix/trivial-rewrite[20270]: warning: do not list domain lamc.la in BOTH mydestination and virtual_alias_domains
Jan 23 13:14:10 localhost postfix/smtpd[20335]: NOQUEUE: reject: RCPT from dms-a02.ipc.shizuoka.ac.jp[133.70.128.239]: 550 5.1.1 <suac+bncBCC7XN6N3YMBBMFGWWHQMGQER7SEXCQ@lamc.la>: Recipient address rejected: User unknown in local recipient table; from=<center@dmf-b02.shizuoka.ac.jp> to=<suac+bncBCC7XN6N3YMBBMFGWWHQMGQER7SEXCQ@lamc.la> proto=ESMTP helo=<dms-a02.ipc.shizuoka.ac.jp>
Jan 23 13:14:10 localhost postfix/smtpd[20323]: connect from gw5.mx.kanazawa-u.ac.jp[133.28.17.35]
Jan 23 13:14:10 localhost postfix/smtpd[20335]: disconnect from dms-a02.ipc.shizuoka.ac.jp[133.70.128.239] ehlo=1 mail=1 rcpt=0/1 data=0/1 rset=1 quit=1 commands=4/6
Jan 23 13:14:10 localhost postfix/smtpd[20313]: NOQUEUE: reject: RCPT from gw9.mx.kanazawa-u.ac.jp[133.28.17.39]: 550 5.1.1 <suac+bncBCC7XN6N3YMBBMFGWWHQMGQER7SEXCQ@lamc.la>: Recipient address rejected: User unknown in local recipient table; from=<> to=<suac+bncBCC7XN6N3YMBBMFGWWHQMGQER7SEXCQ@lamc.la> proto=ESMTP helo=<gateway.mx.kanazawa-u.ac.jp>
Jan 23 13:14:10 localhost postfix/smtpd[20313]: disconnect from gw9.mx.kanazawa-u.ac.jp[133.28.17.39] ehlo=2 starttls=1 mail=1 rcpt=0/1 data=0/1 rset=1 quit=1 commands=6/8
Jan 23 13:14:10 localhost postfix/trivial-rewrite[20270]: warning: do not list domain lamc.la in BOTH mydestination and virtual_alias_domains
Jan 23 13:14:10 localhost postfix/smtpd[20332]: NOQUEUE: reject: RCPT from smtp16.cstnet.cn[159.226.251.16]: 550 5.1.1 <suac+bncbcc7xn6n3ymbbmfgwwhqmgqer7sexcq@lamc.la>: Recipient address rejected: User unknown in local recipient table; from=<> to=<suac+bncbcc7xn6n3ymbbmfgwwhqmgqer7sexcq@lamc.la> proto=ESMTP helo=<cstnet.cn>
Jan 23 13:14:10 localhost postfix/trivial-rewrite[20270]: warning: do not list domain lamc.la in BOTH mydestination and virtual_alias_domains
Jan 23 13:14:10 localhost postfix/smtpd[20340]: NOQUEUE: reject: RCPT from smtp26.cstnet.cn[159.226.251.26]: 550 5.1.1 <suac+bncbcc7xn6n3ymbbmfgwwhqmgqer7sexcq@lamc.la>: Recipient address rejected: User unknown in local recipient table; from=<> to=<suac+bncbcc7xn6n3ymbbmfgwwhqmgqer7sexcq@lamc.la> proto=ESMTP helo=<cstnet.cn>
Jan 23 13:14:10 localhost postfix/smtpd[20332]: disconnect from smtp16.cstnet.cn[159.226.251.16] ehlo=1 mail=1 rcpt=0/1 quit=1 commands=3/4
Jan 23 13:14:10 localhost postfix/smtpd[20340]: disconnect from smtp26.cstnet.cn[159.226.251.26] ehlo=1 mail=1 rcpt=0/1 quit=1 commands=3/4
Jan 23 13:14:10 localhost postfix/smtpd[20323]: NOQUEUE: reject: RCPT from gw5.mx.kanazawa-u.ac.jp[133.28.17.35]: 550 5.1.1 <suac+bncBCC7XN6N3YMBBMFGWWHQMGQER7SEXCQ@lamc.la>: Recipient address rejected: User unknown in local recipient table; from=<> to=<suac+bncBCC7XN6N3YMBBMFGWWHQMGQER7SEXCQ@lamc.la> proto=ESMTP helo=<gateway.mx.kanazawa-u.ac.jp>
Jan 23 13:14:10 localhost postfix/smtpd[20323]: disconnect from gw5.mx.kanazawa-u.ac.jp[133.28.17.35] ehlo=2 starttls=1 mail=1 rcpt=0/1 data=0/1 rset=1 quit=1 commands=6/8
Jan 23 13:14:10 localhost postfix/smtpd[20334]: NOQUEUE: reject: RCPT from mail-qt1-f194.google.com[209.85.160.194]: 550 5.1.1 <suac+bncBCC7XN6N3YMBBMFGWWHQMGQER7SEXCQ@lamc.la>: Recipient address rejected: User unknown in local recipient table; from=<> to=<suac+bncBCC7XN6N3YMBBMFGWWHQMGQER7SEXCQ@lamc.la> proto=ESMTP helo=<mail-qt1-f194.google.com>
Jan 23 13:14:10 localhost postfix/smtpd[20304]: connect from mail.meduniwien.ac.at[149.148.224.72]
Jan 23 13:14:10 localhost postfix/smtpd[20195]: connect from gw6.mx.kanazawa-u.ac.jp[133.28.17.36]
Jan 23 13:14:10 localhost postfix/smtpd[20326]: NOQUEUE: reject: RCPT from mail-lo2gbr01hn2249.outbound.protection.outlook.com[52.100.179.249]: 550 5.1.1 <suac+bncBCC7XN6N3YMBBMFGWWHQMGQER7SEXCQ@lamc.la>: Recipient address rejected: User unknown in local recipient table; from=<> to=<suac+bncBCC7XN6N3YMBBMFGWWHQMGQER7SEXCQ@lamc.la> proto=ESMTP helo=<GBR01-LO2-obe.outbound.protection.outlook.com>
Jan 23 13:14:11 localhost postfix/smtpd[20195]: NOQUEUE: reject: RCPT from gw6.mx.kanazawa-u.ac.jp[133.28.17.36]: 550 5.1.1 <suac+bncBCC7XN6N3YMBBMFGWWHQMGQER7SEXCQ@lamc.la>: Recipient address rejected: User unknown in local recipient table; from=<> to=<suac+bncBCC7XN6N3YMBBMFGWWHQMGQER7SEXCQ@lamc.la> proto=ESMTP helo=<gateway.mx.kanazawa-u.ac.jp>
Jan 23 13:14:11 localhost postfix/smtpd[20337]: NOQUEUE: reject: RCPT from mail-qv1-f66.google.com[209.85.219.66]: 550 5.1.1 <suac+bncBCC7XN6N3YMBBMFGWWHQMGQER7SEXCQ@lamc.la>: Recipient address rejected: User unknown in local recipient table; from=<> to=<suac+bncBCC7XN6N3YMBBMFGWWHQMGQER7SEXCQ@lamc.la> proto=ESMTP helo=<mail-qv1-f66.google.com>
Jan 23 13:14:11 localhost postfix/smtpd[20195]: disconnect from gw6.mx.kanazawa-u.ac.jp[133.28.17.36] ehlo=2 starttls=1 mail=1 rcpt=0/1 data=0/1 rset=1 quit=1 commands=6/8
Jan 23 13:14:11 localhost postfix/smtpd[20326]: disconnect from mail-lo2gbr01hn2249.outbound.protection.outlook.com[52.100.179.249] ehlo=2 starttls=1 mail=1 rcpt=0/1 rset=1 quit=1 commands=6/7
Jan 23 13:14:11 localhost postfix/smtpd[20334]: disconnect from mail-qt1-f194.google.com[209.85.160.194] ehlo=2 starttls=1 mail=1 rcpt=0/1 bdat=0/1 quit=1 commands=5/7
Jan 23 13:14:11 localhost postfix/smtpd[20330]: connect from mxsc-25.srv.nagoya-u.ac.jp[133.6.1.22]
Jan 23 13:14:11 localhost postfix/smtpd[20200]: NOQUEUE: reject: RCPT from mailfp2.srv.meduniwien.ac.at[149.148.224.72]: 550 5.1.1 <suac+bncBCC7XN6N3YMBBMFGWWHQMGQER7SEXCQ@lamc.la>: Recipient address rejected: User unknown in local recipient table; from=<> to=<suac+bncBCC7XN6N3YMBBMFGWWHQMGQER7SEXCQ@lamc.la> proto=ESMTP helo=<mailfp2.srv.meduniwien.ac.at>
Jan 23 13:14:11 localhost postfix/smtpd[20330]: NOQUEUE: reject: RCPT from mxsc-25.srv.nagoya-u.ac.jp[133.6.1.22]: 550 5.1.1 <suac+bncBCC7XN6N3YMBBMFGWWHQMGQER7SEXCQ@lamc.la>: Recipient address rejected: User unknown in local recipient table; from=<> to=<suac+bncBCC7XN6N3YMBBMFGWWHQMGQER7SEXCQ@lamc.la> proto=ESMTP helo=<mxsc-25.srv.nagoya-u.ac.jp>
Jan 23 13:14:11 localhost postfix/smtpd[20330]: disconnect from mxsc-25.srv.nagoya-u.ac.jp[133.6.1.22] ehlo=1 mail=1 rcpt=0/1 data=0/1 rset=1 quit=1 commands=4/6
Jan 23 13:14:11 localhost postfix/smtpd[20336]: connect from mgwsv02.cc.tsukuba.ac.jp[130.158.74.194]
Jan 23 13:14:11 localhost postfix/smtpd[20200]: disconnect from mailfp2.srv.meduniwien.ac.at[149.148.224.72] ehlo=2 starttls=1 mail=1 rcpt=0/1 data=0/1 rset=1 quit=1 commands=6/8
Jan 23 13:14:11 localhost postfix/smtpd[20278]: connect from hyena.bolton.ac.uk[193.63.48.2]
Jan 23 13:14:11 localhost postfix/smtpd[20337]: disconnect from mail-qv1-f66.google.com[209.85.219.66] ehlo=2 starttls=1 mail=1 rcpt=0/1 bdat=0/1 quit=1 commands=5/7
Jan 23 13:14:12 localhost postfix/smtpd[20304]: NOQUEUE: reject: RCPT from mail.meduniwien.ac.at[149.148.224.72]: 550 5.1.1 <suac+bncBCC7XN6N3YMBBMFGWWHQMGQER7SEXCQ@lamc.la>: Recipient address rejected: User unknown in local recipient table; from=<> to=<suac+bncBCC7XN6N3YMBBMFGWWHQMGQER7SEXCQ@lamc.la> proto=ESMTP helo=<mailfp2.srv.meduniwien.ac.at>
Jan 23 13:14:12 localhost postfix/smtpd[20304]: disconnect from mail.meduniwien.ac.at[149.148.224.72] ehlo=2 starttls=1 mail=1 rcpt=0/1 data=0/1 rset=1 quit=1 commands=6/8
Jan 23 13:14:13 localhost postfix/smtpd[20205]: connect from filter5.wu-wien.ac.at[137.208.7.14]
Jan 23 13:14:13 localhost postfix/smtpd[20205]: lost connection after CONNECT from filter5.wu-wien.ac.at[137.208.7.14]
Jan 23 13:14:13 localhost postfix/smtpd[20205]: disconnect from filter5.wu-wien.ac.at[137.208.7.14] commands=0/0
Jan 23 13:14:13 localhost postfix/smtpd[20206]: connect from smtp26.cstnet.cn[159.226.251.26]
Jan 23 13:14:13 localhost postfix/smtpd[20325]: connect from filter5.wu-wien.ac.at[137.208.7.14]
Jan 23 13:14:13 localhost postfix/smtpd[20325]: lost connection after CONNECT from filter5.wu-wien.ac.at[137.208.7.14]
Jan 23 13:14:13 localhost postfix/smtpd[20325]: disconnect from filter5.wu-wien.ac.at[137.208.7.14] commands=0/0
Jan 23 13:14:13 localhost postfix/trivial-rewrite[20270]: warning: do not list domain lamc.la in BOTH mydestination and virtual_alias_domains
Jan 23 13:14:13 localhost postfix/smtpd[20278]: NOQUEUE: reject: RCPT from hyena.bolton.ac.uk[193.63.48.2]: 550 5.1.1 <suac+bncbcc7xn6n3ymbbmfgwwhqmgqer7sexcq@lamc.la>: Recipient address rejected: User unknown in local recipient table; from=<> to=<suac+bncbcc7xn6n3ymbbmfgwwhqmgqer7sexcq@lamc.la> proto=ESMTP helo=<Hyena.bolton.ac.uk>
Jan 23 13:14:13 localhost postfix/smtpd[20206]: NOQUEUE: reject: RCPT from smtp26.cstnet.cn[159.226.251.26]: 550 5.1.1 <suac+bncbcc7xn6n3ymbbmfgwwhqmgqer7sexcq@lamc.la>: Recipient address rejected: User unknown in local recipient table; from=<> to=<suac+bncbcc7xn6n3ymbbmfgwwhqmgqer7sexcq@lamc.la> proto=ESMTP helo=<cstnet.cn>
Jan 23 13:14:13 localhost postfix/smtpd[20340]: connect from mail-he1eur02hn2217.outbound.protection.outlook.com[52.100.9.217]
Jan 23 13:14:13 localhost postfix/smtpd[20206]: disconnect from smtp26.cstnet.cn[159.226.251.26] ehlo=1 mail=1 rcpt=0/1 quit=1 commands=3/4
Jan 23 13:14:13 localhost postfix/smtpd[20278]: disconnect from hyena.bolton.ac.uk[193.63.48.2] ehlo=2 starttls=1 mail=1 rcpt=0/1 data=0/1 rset=1 quit=1 commands=6/8
Jan 23 13:14:14 localhost postfix/smtpd[20267]: connect from ppsw-43.csi.cam.ac.uk[131.111.8.143]
Jan 23 13:14:14 localhost postfix/smtpd[20340]: NOQUEUE: reject: RCPT from mail-he1eur02hn2217.outbound.protection.outlook.com[52.100.9.217]: 550 5.1.1 <suac+bncBCC7XN6N3YMBBMFGWWHQMGQER7SEXCQ@lamc.la>: Recipient address rejected: User unknown in local recipient table; from=<> to=<suac+bncBCC7XN6N3YMBBMFGWWHQMGQER7SEXCQ@lamc.la> proto=ESMTP helo=<EUR02-HE1-obe.outbound.protection.outlook.com>
Jan 23 13:14:15 localhost postfix/smtpd[20340]: disconnect from mail-he1eur02hn2217.outbound.protection.outlook.com[52.100.9.217] ehlo=2 starttls=1 mail=1 rcpt=0/1 quit=1 commands=5/6
Jan 23 13:14:15 localhost postfix/smtpd[20267]: NOQUEUE: reject: RCPT from ppsw-43.csi.cam.ac.uk[131.111.8.143]: 550 5.1.1 <suac+bncBCC7XN6N3YMBBMFGWWHQMGQER7SEXCQ@lamc.la>: Recipient address rejected: User unknown in local recipient table; from=<> to=<suac+bncBCC7XN6N3YMBBMFGWWHQMGQER7SEXCQ@lamc.la> proto=ESMTP helo=<ppsw-43.csi.cam.ac.uk>
Jan 23 13:14:16 localhost postfix/smtpd[20267]: disconnect from ppsw-43.csi.cam.ac.uk[131.111.8.143] ehlo=2 starttls=1 mail=1 rcpt=0/1 bdat=0/1 quit=1 commands=5/7
Jan 23 13:14:16 localhost postfix/smtpd[20336]: disconnect from mgwsv02.cc.tsukuba.ac.jp[130.158.74.194] ehlo=2 starttls=1 quit=1 commands=4
Jan 23 13:14:17 localhost postfix/smtpd[20309]: connect from ppsw-43.csi.cam.ac.uk[131.111.8.143]
Jan 23 13:14:17 localhost postfix/smtpd[20343]: connect from smtp15.cstnet.cn[159.226.251.15]
Jan 23 13:14:18 localhost postfix/trivial-rewrite[20270]: warning: do not list domain lamc.la in BOTH mydestination and virtual_alias_domains
Jan 23 13:14:18 localhost postfix/smtpd[20343]: NOQUEUE: reject: RCPT from smtp15.cstnet.cn[159.226.251.15]: 550 5.1.1 <suac+bncbcc7xn6n3ymbbmfgwwhqmgqer7sexcq@lamc.la>: Recipient address rejected: User unknown in local recipient table; from=<> to=<suac+bncbcc7xn6n3ymbbmfgwwhqmgqer7sexcq@lamc.la> proto=ESMTP helo=<cstnet.cn>
Jan 23 13:14:18 localhost postfix/smtpd[20343]: disconnect from smtp15.cstnet.cn[159.226.251.15] ehlo=1 mail=1 rcpt=0/1 quit=1 commands=3/4
Jan 23 13:14:18 localhost postfix/smtpd[20322]: warning: hostname icmmx02.icoremail.net does not resolve to address 59.111.192.72
Jan 23 13:14:18 localhost postfix/smtpd[20322]: connect from unknown[59.111.192.72]
Jan 23 13:14:18 localhost postfix/trivial-rewrite[20270]: warning: do not list domain lamc.la in BOTH mydestination and virtual_alias_domains
Jan 23 13:14:18 localhost postfix/smtpd[20322]: NOQUEUE: reject: RCPT from unknown[59.111.192.72]: 550 5.1.1 <suac+bncbcc7xn6n3ymbbmfgwwhqmgqer7sexcq@lamc.la>: Recipient address rejected: User unknown in local recipient table; from=<> to=<suac+bncbcc7xn6n3ymbbmfgwwhqmgqer7sexcq@lamc.la> proto=ESMTP helo=<mail1.icoremail.net>
Jan 23 13:14:18 localhost postfix/smtpd[20309]: NOQUEUE: reject: RCPT from ppsw-43.csi.cam.ac.uk[131.111.8.143]: 550 5.1.1 <suac+bncBCC7XN6N3YMBBMFGWWHQMGQER7SEXCQ@lamc.la>: Recipient address rejected: User unknown in local recipient table; from=<> to=<suac+bncBCC7XN6N3YMBBMFGWWHQMGQER7SEXCQ@lamc.la> proto=ESMTP helo=<ppsw-43.csi.cam.ac.uk>
Jan 23 13:14:18 localhost postfix/smtpd[20322]: disconnect from unknown[59.111.192.72] ehlo=1 mail=1 rcpt=0/1 quit=1 commands=3/4
Jan 23 13:14:19 localhost postfix/smtpd[20309]: disconnect from ppsw-43.csi.cam.ac.uk[131.111.8.143] ehlo=2 starttls=1 mail=1 rcpt=0/1 bdat=0/1 quit=1 commands=5/7
Jan 23 13:14:20 localhost postfix/smtpd[20342]: connect from smtp16.cstnet.cn[159.226.251.16]
Jan 23 13:14:20 localhost postfix/smtpd[20323]: connect from smtp26.cstnet.cn[159.226.251.26]
