Jan 19 00:00:04 localhost rsyslogd:  [origin software="rsyslogd" swVersion="8.1901.0" x-pid="31730" x-info="https://www.rsyslog.com"] rsyslogd was HUPed
Jan 19 00:00:04 localhost systemd[1]: logrotate.service: Succeeded.
Jan 19 00:00:04 localhost systemd[1]: Started Rotate log files.
Jan 19 00:00:19 localhost kernel: [13392280.942619] [UFW BLOCK] IN=ens3 OUT= MAC=56:00:03:85:82:df:fe:00:03:85:82:df:08:00 SRC=173.255.208.155 DST=158.247.223.84 LEN=60 TOS=0x00 PREC=0x00 TTL=52 ID=17606 DF PROTO=TCP SPT=41114 DPT=8443 WINDOW=29200 RES=0x00 SYN URGP=0 
Jan 19 00:00:39 localhost kernel: [13392300.464013] [UFW BLOCK] IN=ens3 OUT= MAC=56:00:03:85:82:df:fe:00:03:85:82:df:08:00 SRC=173.255.208.155 DST=158.247.223.84 LEN=60 TOS=0x00 PREC=0x00 TTL=52 ID=7172 DF PROTO=TCP SPT=55656 DPT=2222 WINDOW=29200 RES=0x00 SYN URGP=0 
Jan 19 00:01:03 localhost kernel: [13392324.384380] [UFW BLOCK] IN=ens3 OUT= MAC=56:00:03:85:82:df:fe:00:03:85:82:df:08:00 SRC=209.237.154.90 DST=158.247.223.84 LEN=40 TOS=0x00 PREC=0x00 TTL=246 ID=54321 PROTO=TCP SPT=54360 DPT=491 WINDOW=65535 RES=0x00 SYN URGP=0 
Jan 19 00:01:26 localhost kernel: [13392347.171642] [UFW BLOCK] IN=ens3 OUT= MAC=56:00:03:85:82:df:fe:00:03:85:82:df:08:00 SRC=209.237.154.213 DST=158.247.223.84 LEN=40 TOS=0x00 PREC=0x00 TTL=246 ID=54321 PROTO=TCP SPT=59626 DPT=137 WINDOW=65535 RES=0x00 SYN URGP=0 
Jan 19 00:01:51 localhost kernel: [13392372.311091] [UFW BLOCK] IN=ens3 OUT= MAC=56:00:03:85:82:df:fe:00:03:85:82:df:08:00 SRC=79.124.62.130 DST=158.247.223.84 LEN=40 TOS=0x00 PREC=0x00 TTL=240 ID=58657 PROTO=TCP SPT=44498 DPT=34184 WINDOW=1024 RES=0x00 SYN URGP=0 
Jan 19 00:01:59 localhost kernel: [13392380.314925] [UFW BLOCK] IN=ens3 OUT= MAC=56:00:03:85:82:df:fe:00:03:85:82:df:08:00 SRC=89.248.165.248 DST=158.247.223.84 LEN=40 TOS=0x00 PREC=0x00 TTL=241 ID=54321 PROTO=TCP SPT=36816 DPT=8080 WINDOW=65535 RES=0x00 SYN URGP=0 
Jan 19 00:02:19 localhost postfix/anvil[15115]: statistics: max connection rate 1/60s for (smtp:202.19.144.107) at Jan 18 23:56:52
Jan 19 00:02:19 localhost postfix/anvil[15115]: statistics: max connection count 1 for (smtp:202.19.144.107) at Jan 18 23:56:52
Jan 19 00:02:19 localhost postfix/anvil[15115]: statistics: max cache size 1 at Jan 18 23:56:52
Jan 19 00:02:20 localhost kernel: [13392401.146816] [UFW BLOCK] IN=ens3 OUT= MAC=56:00:03:85:82:df:fe:00:03:85:82:df:08:00 SRC=52.80.174.40 DST=158.247.223.84 LEN=52 TOS=0x02 PREC=0x00 TTL=107 ID=1758 DF PROTO=TCP SPT=57311 DPT=587 WINDOW=8192 RES=0x00 CWR ECE SYN URGP=0 
Jan 19 00:02:33 localhost dockerd[8431]: time="2022-01-19T00:02:33.302509935Z" level=info msg="NetworkDB stats plemma(b3be9f6424e0) - netID:0rz6hg0qghb21juyqti61umko leaving:false netPeers:1 entries:2 Queue qLen:0 netMsg/s:0"
Jan 19 00:02:41 localhost kernel: [13392422.158001] [UFW BLOCK] IN=ens3 OUT= MAC=56:00:03:85:82:df:fe:00:03:85:82:df:08:00 SRC=52.80.174.40 DST=158.247.223.84 LEN=52 TOS=0x02 PREC=0x00 TTL=107 ID=1761 DF PROTO=TCP SPT=58612 DPT=587 WINDOW=8192 RES=0x00 CWR ECE SYN URGP=0 
Jan 19 00:03:24 localhost kernel: [13392465.469552] [UFW BLOCK] IN=ens3 OUT= MAC=56:00:03:85:82:df:fe:00:03:85:82:df:08:00 SRC=193.3.19.132 DST=158.247.223.84 LEN=40 TOS=0x00 PREC=0x00 TTL=244 ID=59213 PROTO=TCP SPT=48579 DPT=62288 WINDOW=1024 RES=0x00 SYN URGP=0 
Jan 19 00:03:25 localhost kernel: [13392466.575235] [UFW BLOCK] IN=ens3 OUT= MAC=56:00:03:85:82:df:fe:00:03:85:82:df:08:00 SRC=167.172.103.12 DST=158.247.223.84 LEN=40 TOS=0x00 PREC=0x00 TTL=239 ID=54321 PROTO=TCP SPT=56277 DPT=8022 WINDOW=65535 RES=0x00 SYN URGP=0 
Jan 19 00:03:49 localhost kernel: [13392490.297943] [UFW BLOCK] IN=ens3 OUT= MAC=56:00:03:85:82:df:fe:00:03:85:82:df:08:00 SRC=64.62.197.130 DST=158.247.223.84 LEN=40 TOS=0x00 PREC=0x00 TTL=244 ID=54321 PROTO=TCP SPT=43921 DPT=8000 WINDOW=65535 RES=0x00 SYN URGP=0 
Jan 19 00:04:30 localhost kernel: [13392531.737737] [UFW BLOCK] IN=ens3 OUT= MAC=56:00:03:85:82:df:fe:00:03:85:82:df:08:00 SRC=79.124.62.82 DST=158.247.223.84 LEN=40 TOS=0x00 PREC=0x00 TTL=240 ID=15588 PROTO=TCP SPT=44493 DPT=65530 WINDOW=1024 RES=0x00 SYN URGP=0 
Jan 19 00:04:35 localhost kernel: [13392536.027423] [UFW BLOCK] IN=ens3 OUT= MAC=56:00:03:85:82:df:fe:00:03:85:82:df:08:00 SRC=65.223.42.70 DST=158.247.223.84 LEN=40 TOS=0x00 PREC=0x00 TTL=53 ID=21870 PROTO=TCP SPT=37671 DPT=23 WINDOW=33079 RES=0x00 SYN URGP=0 
Jan 19 00:04:43 localhost kernel: [13392544.696267] [UFW BLOCK] IN=ens3 OUT= MAC=56:00:03:85:82:df:fe:00:03:85:82:df:08:00 SRC=52.80.174.40 DST=158.247.223.84 LEN=52 TOS=0x02 PREC=0x00 TTL=107 ID=1764 DF PROTO=TCP SPT=50822 DPT=587 WINDOW=8192 RES=0x00 CWR ECE SYN URGP=0 
Jan 19 00:05:01 localhost CRON[15990]: (root) CMD (command -v debian-sa1 > /dev/null && debian-sa1 1 1)
Jan 19 00:05:04 localhost kernel: [13392565.691071] [UFW BLOCK] IN=ens3 OUT= MAC=56:00:03:85:82:df:fe:00:03:85:82:df:08:00 SRC=52.80.174.40 DST=158.247.223.84 LEN=52 TOS=0x02 PREC=0x00 TTL=107 ID=1767 DF PROTO=TCP SPT=52095 DPT=587 WINDOW=8192 RES=0x00 CWR ECE SYN URGP=0 
Jan 19 00:05:28 localhost kernel: [13392589.525324] [UFW BLOCK] IN=ens3 OUT= MAC=56:00:03:85:82:df:fe:00:03:85:82:df:08:00 SRC=146.88.240.4 DST=158.247.223.84 LEN=30 TOS=0x00 PREC=0x00 TTL=243 ID=54321 PROTO=UDP SPT=41664 DPT=3283 LEN=10 
Jan 19 00:05:43 localhost kernel: [13392604.851765] [UFW BLOCK] IN=ens3 OUT= MAC=56:00:03:85:82:df:fe:00:03:85:82:df:08:00 SRC=79.124.62.82 DST=158.247.223.84 LEN=40 TOS=0x00 PREC=0x00 TTL=240 ID=56408 PROTO=TCP SPT=44493 DPT=2323 WINDOW=1024 RES=0x00 SYN URGP=0 
Jan 19 00:06:03 localhost kernel: [13392624.839897] [UFW BLOCK] IN=ens3 OUT= MAC=56:00:03:85:82:df:fe:00:03:85:82:df:08:00 SRC=45.146.165.37 DST=158.247.223.84 LEN=60 TOS=0x00 PREC=0x00 TTL=54 ID=54479 DF PROTO=TCP SPT=35336 DPT=80 WINDOW=64240 RES=0x00 SYN URGP=0 
Jan 19 00:06:56 localhost kernel: [13392677.245346] [UFW BLOCK] IN=ens3 OUT= MAC=56:00:03:85:82:df:fe:00:03:85:82:df:08:00 SRC=192.241.205.218 DST=158.247.223.84 LEN=40 TOS=0x00 PREC=0x00 TTL=244 ID=54321 PROTO=TCP SPT=50162 DPT=5222 WINDOW=65535 RES=0x00 SYN URGP=0 
Jan 19 00:07:02 localhost kernel: [13392683.626264] [UFW BLOCK] IN=ens3 OUT= MAC=56:00:03:85:82:df:fe:00:03:85:82:df:08:00 SRC=184.105.247.251 DST=158.247.223.84 LEN=40 TOS=0x00 PREC=0x00 TTL=244 ID=54321 PROTO=TCP SPT=50988 DPT=548 WINDOW=65535 RES=0x00 SYN URGP=0 
Jan 19 00:07:06 localhost kernel: [13392687.889582] [UFW BLOCK] IN=ens3 OUT= MAC=56:00:03:85:82:df:fe:00:03:85:82:df:08:00 SRC=52.80.174.40 DST=158.247.223.84 LEN=52 TOS=0x02 PREC=0x00 TTL=107 ID=1770 DF PROTO=TCP SPT=50677 DPT=587 WINDOW=8192 RES=0x00 CWR ECE SYN URGP=0 
Jan 19 00:07:23 localhost kernel: [13392704.058894] [UFW BLOCK] IN=ens3 OUT= MAC=56:00:03:85:82:df:fe:00:03:85:82:df:08:00 SRC=45.134.26.45 DST=158.247.223.84 LEN=40 TOS=0x00 PREC=0x00 TTL=245 ID=36458 PROTO=TCP SPT=49964 DPT=16289 WINDOW=1024 RES=0x00 SYN URGP=0 
Jan 19 00:07:33 localhost dockerd[8431]: time="2022-01-19T00:07:33.502473387Z" level=info msg="NetworkDB stats plemma(b3be9f6424e0) - netID:0rz6hg0qghb21juyqti61umko leaving:false netPeers:1 entries:2 Queue qLen:0 netMsg/s:0"
Jan 19 00:07:43 localhost kernel: [13392724.088505] [UFW BLOCK] IN=ens3 OUT= MAC=56:00:03:85:82:df:fe:00:03:85:82:df:08:00 SRC=43.131.68.225 DST=158.247.223.84 LEN=52 TOS=0x00 PREC=0x00 TTL=47 ID=51097 DF PROTO=TCP SPT=52121 DPT=2087 WINDOW=65535 RES=0x00 SYN URGP=0 
Jan 19 00:08:00 localhost kernel: [13392741.872843] [UFW BLOCK] IN=ens3 OUT= MAC=56:00:03:85:82:df:fe:00:03:85:82:df:08:00 SRC=163.172.102.84 DST=158.247.223.84 LEN=40 TOS=0x00 PREC=0x00 TTL=241 ID=54321 PROTO=TCP SPT=46823 DPT=80 WINDOW=65535 RES=0x00 SYN URGP=0 
Jan 19 00:08:32 localhost kernel: [13392773.650767] [UFW BLOCK] IN=ens3 OUT= MAC=56:00:03:85:82:df:fe:00:03:85:82:df:08:00 SRC=34.77.162.31 DST=158.247.223.84 LEN=44 TOS=0x00 PREC=0x00 TTL=248 ID=54321 PROTO=TCP SPT=60512 DPT=3389 WINDOW=65535 RES=0x00 SYN URGP=0 
Jan 19 00:08:50 localhost kernel: [13392791.410588] [UFW BLOCK] IN=ens3 OUT= MAC=56:00:03:85:82:df:fe:00:03:85:82:df:08:00 SRC=45.135.232.88 DST=158.247.223.84 LEN=40 TOS=0x00 PREC=0x00 TTL=245 ID=19741 PROTO=TCP SPT=50302 DPT=60625 WINDOW=1024 RES=0x00 SYN URGP=0 
Jan 19 00:09:01 localhost CRON[16396]: (root) CMD (  [ -x /usr/lib/php/sessionclean ] && if [ ! -d /run/systemd/system ]; then /usr/lib/php/sessionclean; fi)
Jan 19 00:09:01 localhost systemd[1]: Starting Clean php session files...
Jan 19 00:09:01 localhost systemd[1]: phpsessionclean.service: Succeeded.
Jan 19 00:09:01 localhost systemd[1]: Started Clean php session files.
Jan 19 00:09:06 localhost kernel: [13392807.245918] [UFW BLOCK] IN=ens3 OUT= MAC=56:00:03:85:82:df:fe:00:03:85:82:df:08:00 SRC=45.143.200.110 DST=158.247.223.84 LEN=40 TOS=0x00 PREC=0x00 TTL=240 ID=59359 PROTO=TCP SPT=45276 DPT=37836 WINDOW=1024 RES=0x00 SYN URGP=0 
Jan 19 00:09:19 localhost kernel: [13392820.565090] [UFW BLOCK] IN=ens3 OUT= MAC=56:00:03:85:82:df:fe:00:03:85:82:df:08:00 SRC=27.128.219.204 DST=158.247.223.84 LEN=60 TOS=0x00 PREC=0x00 TTL=43 ID=34726 DF PROTO=TCP SPT=58836 DPT=5555 WINDOW=64240 RES=0x00 SYN URGP=0 
Jan 19 00:09:40 localhost kernel: [13392841.125239] [UFW BLOCK] IN=ens3 OUT= MAC=56:00:03:85:82:df:fe:00:03:85:82:df:08:00 SRC=52.80.174.40 DST=158.247.223.84 LEN=48 TOS=0x00 PREC=0x00 TTL=107 ID=1778 DF PROTO=TCP SPT=60563 DPT=587 WINDOW=8192 RES=0x00 SYN URGP=0 
Jan 19 00:10:01 localhost kernel: [13392862.126928] [UFW BLOCK] IN=ens3 OUT= MAC=56:00:03:85:82:df:fe:00:03:85:82:df:08:00 SRC=52.80.174.40 DST=158.247.223.84 LEN=48 TOS=0x00 PREC=0x00 TTL=107 ID=1781 DF PROTO=TCP SPT=61829 DPT=587 WINDOW=8192 RES=0x00 SYN URGP=0 
Jan 19 00:10:25 localhost kernel: [13392886.293414] [UFW BLOCK] IN=ens3 OUT= MAC=56:00:03:85:82:df:fe:00:03:85:82:df:08:00 SRC=162.142.125.29 DST=158.247.223.84 LEN=44 TOS=0x00 PREC=0x00 TTL=40 ID=42765 PROTO=TCP SPT=58167 DPT=58603 WINDOW=1024 RES=0x00 SYN URGP=0 
Jan 19 00:10:44 localhost kernel: [13392905.350890] [UFW BLOCK] IN=ens3 OUT= MAC=56:00:03:85:82:df:fe:00:03:85:82:df:08:00 SRC=79.124.62.82 DST=158.247.223.84 LEN=40 TOS=0x00 PREC=0x00 TTL=240 ID=55508 PROTO=TCP SPT=44493 DPT=3383 WINDOW=1024 RES=0x00 SYN URGP=0 
Jan 19 00:11:09 localhost kernel: [13392930.270107] [UFW BLOCK] IN=ens3 OUT= MAC=56:00:03:85:82:df:fe:00:03:85:82:df:08:00 SRC=45.134.26.233 DST=158.247.223.84 LEN=40 TOS=0x00 PREC=0x00 TTL=244 ID=22733 PROTO=TCP SPT=50030 DPT=63858 WINDOW=1024 RES=0x00 SYN URGP=0 
Jan 19 00:12:05 localhost kernel: [13392986.613985] [UFW BLOCK] IN=ens3 OUT= MAC=56:00:03:85:82:df:fe:00:03:85:82:df:08:00 SRC=209.237.154.148 DST=158.247.223.84 LEN=40 TOS=0x00 PREC=0x00 TTL=246 ID=54321 PROTO=TCP SPT=51724 DPT=628 WINDOW=65535 RES=0x00 SYN URGP=0 
Jan 19 00:12:14 localhost kernel: [13392995.824778] [UFW BLOCK] IN=ens3 OUT= MAC=56:00:03:85:82:df:fe:00:03:85:82:df:08:00 SRC=34.86.35.15 DST=158.247.223.84 LEN=44 TOS=0x00 PREC=0x00 TTL=248 ID=54321 PROTO=TCP SPT=65220 DPT=2080 WINDOW=65535 RES=0x00 SYN URGP=0 
Jan 19 00:12:19 localhost kernel: [13393000.778821] [UFW BLOCK] IN=ens3 OUT= MAC=56:00:03:85:82:df:fe:00:03:85:82:df:08:00 SRC=209.141.33.162 DST=158.247.223.84 LEN=44 TOS=0x00 PREC=0x00 TTL=245 ID=54321 PROTO=TCP SPT=38985 DPT=23 WINDOW=65535 RES=0x00 SYN URGP=0 
Jan 19 00:12:22 localhost kernel: [13393003.057113] [UFW BLOCK] IN=ens3 OUT= MAC=56:00:03:85:82:df:fe:00:03:85:82:df:08:00 SRC=79.124.62.86 DST=158.247.223.84 LEN=40 TOS=0x00 PREC=0x00 TTL=240 ID=8716 PROTO=TCP SPT=44495 DPT=60412 WINDOW=1024 RES=0x00 SYN URGP=0 
Jan 19 00:12:33 localhost dockerd[8431]: time="2022-01-19T00:12:33.702490239Z" level=info msg="NetworkDB stats plemma(b3be9f6424e0) - netID:0rz6hg0qghb21juyqti61umko leaving:false netPeers:1 entries:2 Queue qLen:0 netMsg/s:0"
Jan 19 00:13:03 localhost kernel: [13393044.169638] [UFW BLOCK] IN=ens3 OUT= MAC=56:00:03:85:82:df:fe:00:03:85:82:df:08:00 SRC=43.134.12.132 DST=158.247.223.84 LEN=40 TOS=0x00 PREC=0x00 TTL=238 ID=54321 PROTO=TCP SPT=49794 DPT=17 WINDOW=65535 RES=0x00 SYN URGP=0 
Jan 19 00:13:27 localhost kernel: [13393068.648231] [UFW BLOCK] IN=ens3 OUT= MAC=56:00:03:85:82:df:fe:00:03:85:82:df:08:00 SRC=5.188.206.18 DST=158.247.223.84 LEN=40 TOS=0x00 PREC=0x00 TTL=240 ID=13051 PROTO=TCP SPT=59115 DPT=37826 WINDOW=1024 RES=0x00 SYN URGP=0 
Jan 19 00:13:36 localhost kernel: [13393078.001802] [UFW BLOCK] IN=ens3 OUT= MAC=56:00:03:85:82:df:fe:00:03:85:82:df:08:00 SRC=95.46.114.153 DST=158.247.223.84 LEN=40 TOS=0x00 PREC=0x00 TTL=243 ID=8083 PROTO=TCP SPT=47265 DPT=8443 WINDOW=1024 RES=0x00 SYN URGP=0 
Jan 19 00:13:58 localhost kernel: [13393099.789093] [UFW BLOCK] IN=ens3 OUT= MAC=56:00:03:85:82:df:fe:00:03:85:82:df:08:00 SRC=142.93.48.117 DST=158.247.223.84 LEN=40 TOS=0x00 PREC=0x00 TTL=240 ID=8325 PROTO=TCP SPT=51180 DPT=2021 WINDOW=1024 RES=0x00 SYN URGP=0 
Jan 19 00:14:06 localhost kernel: [13393107.634105] [UFW BLOCK] IN=ens3 OUT= MAC=56:00:03:85:82:df:fe:00:03:85:82:df:08:00 SRC=159.89.163.39 DST=158.247.223.84 LEN=40 TOS=0x00 PREC=0x00 TTL=242 ID=64079 PROTO=TCP SPT=51061 DPT=2311 WINDOW=1024 RES=0x00 SYN URGP=0 
Jan 19 00:14:29 localhost kernel: [13393130.117570] [UFW BLOCK] IN=ens3 OUT= MAC=56:00:03:85:82:df:fe:00:03:85:82:df:08:00 SRC=45.134.26.238 DST=158.247.223.84 LEN=40 TOS=0x00 PREC=0x00 TTL=244 ID=48023 PROTO=TCP SPT=50087 DPT=9986 WINDOW=1024 RES=0x00 SYN URGP=0 
Jan 19 00:15:01 localhost CRON[17103]: (root) CMD (command -v debian-sa1 > /dev/null && debian-sa1 1 1)
Jan 19 00:15:17 localhost kernel: [13393178.833167] [UFW BLOCK] IN=ens3 OUT= MAC=56:00:03:85:82:df:fe:00:03:85:82:df:08:00 SRC=185.156.73.109 DST=158.247.223.84 LEN=40 TOS=0x00 PREC=0x00 TTL=238 ID=62909 PROTO=TCP SPT=45437 DPT=3387 WINDOW=1024 RES=0x00 SYN URGP=0 
Jan 19 00:15:49 localhost kernel: [13393210.126620] [UFW BLOCK] IN=ens3 OUT= MAC=56:00:03:85:82:df:fe:00:03:85:82:df:08:00 SRC=79.124.62.130 DST=158.247.223.84 LEN=40 TOS=0x00 PREC=0x00 TTL=240 ID=50291 PROTO=TCP SPT=44498 DPT=31548 WINDOW=1024 RES=0x00 SYN URGP=0 
Jan 19 00:16:16 localhost kernel: [13393237.918829] [UFW BLOCK] IN=ens3 OUT= MAC=56:00:03:85:82:df:fe:00:03:85:82:df:08:00 SRC=185.165.190.17 DST=158.247.223.84 LEN=44 TOS=0x00 PREC=0x00 TTL=113 ID=40500 PROTO=TCP SPT=23320 DPT=9001 WINDOW=14957 RES=0x00 SYN URGP=0 
Jan 19 00:16:19 localhost kernel: [13393240.188310] [UFW BLOCK] IN=ens3 OUT= MAC=56:00:03:85:82:df:fe:00:03:85:82:df:08:00 SRC=193.163.125.163 DST=158.247.223.84 LEN=44 TOS=0x00 PREC=0x00 TTL=243 ID=60076 PROTO=TCP SPT=38739 DPT=449 WINDOW=14600 RES=0x00 SYN URGP=0 
Jan 19 00:16:37 localhost kernel: [13393258.935914] [UFW BLOCK] IN=ens3 OUT= MAC=56:00:03:85:82:df:fe:00:03:85:82:df:08:00 SRC=45.134.26.235 DST=158.247.223.84 LEN=40 TOS=0x00 PREC=0x00 TTL=244 ID=9417 PROTO=TCP SPT=50059 DPT=15228 WINDOW=1024 RES=0x00 SYN URGP=0 
Jan 19 00:16:54 localhost kernel: [13393275.576687] [UFW BLOCK] IN=ens3 OUT= MAC=56:00:03:85:82:df:fe:00:03:85:82:df:08:00 SRC=27.124.5.102 DST=158.247.223.84 LEN=44 TOS=0x00 PREC=0x00 TTL=51 ID=0 DF PROTO=TCP SPT=45922 DPT=7071 WINDOW=1024 RES=0x00 SYN URGP=0 
Jan 19 00:16:58 localhost kernel: [13393279.248165] [UFW BLOCK] IN=ens3 OUT= MAC=56:00:03:85:82:df:fe:00:03:85:82:df:08:00 SRC=8.134.95.128 DST=158.247.223.84 LEN=40 TOS=0x00 PREC=0x00 TTL=237 ID=53369 PROTO=TCP SPT=50997 DPT=2375 WINDOW=1024 RES=0x00 SYN URGP=0 
Jan 19 00:17:01 localhost CRON[17312]: (root) CMD (   cd / && run-parts --report /etc/cron.hourly)
Jan 19 00:17:30 localhost kernel: [13393311.140903] [UFW BLOCK] IN=ens3 OUT= MAC=56:00:03:85:82:df:fe:00:03:85:82:df:08:00 SRC=66.249.66.28 DST=158.247.223.84 LEN=60 TOS=0x00 PREC=0x00 TTL=57 ID=45346 PROTO=TCP SPT=54441 DPT=80 WINDOW=65535 RES=0x00 SYN URGP=0 
Jan 19 00:17:31 localhost kernel: [13393312.738190] [UFW BLOCK] IN=ens3 OUT= MAC=56:00:03:85:82:df:fe:00:03:85:82:df:08:00 SRC=187.222.245.9 DST=158.247.223.84 LEN=44 TOS=0x00 PREC=0x00 TTL=52 ID=13145 PROTO=TCP SPT=60812 DPT=23 WINDOW=18271 RES=0x00 SYN URGP=0 
Jan 19 00:17:33 localhost dockerd[8431]: time="2022-01-19T00:17:33.902414115Z" level=info msg="NetworkDB stats plemma(b3be9f6424e0) - netID:0rz6hg0qghb21juyqti61umko leaving:false netPeers:1 entries:2 Queue qLen:0 netMsg/s:0"
Jan 19 00:17:41 localhost kernel: [13393322.508713] [UFW BLOCK] IN=ens3 OUT= MAC=56:00:03:85:82:df:fe:00:03:85:82:df:08:00 SRC=89.248.165.248 DST=158.247.223.84 LEN=40 TOS=0x00 PREC=0x00 TTL=241 ID=54321 PROTO=TCP SPT=46490 DPT=8443 WINDOW=65535 RES=0x00 SYN URGP=0 
Jan 19 00:18:01 localhost kernel: [13393342.529101] [UFW BLOCK] IN=ens3 OUT= MAC=56:00:03:85:82:df:fe:00:03:85:82:df:08:00 SRC=45.146.166.124 DST=158.247.223.84 LEN=40 TOS=0x00 PREC=0x00 TTL=244 ID=33440 PROTO=TCP SPT=50263 DPT=11343 WINDOW=1024 RES=0x00 SYN URGP=0 
Jan 19 00:18:20 localhost kernel: [13393361.277020] [UFW BLOCK] IN=ens3 OUT= MAC=56:00:03:85:82:df:fe:00:03:85:82:df:08:00 SRC=89.248.165.248 DST=158.247.223.84 LEN=40 TOS=0x00 PREC=0x00 TTL=237 ID=54321 PROTO=TCP SPT=48751 DPT=8080 WINDOW=65535 RES=0x00 SYN URGP=0 
Jan 19 00:18:51 localhost kernel: [13393392.875066] [UFW BLOCK] IN=ens3 OUT= MAC=56:00:03:85:82:df:fe:00:03:85:82:df:08:00 SRC=45.134.26.42 DST=158.247.223.84 LEN=40 TOS=0x00 PREC=0x00 TTL=245 ID=27115 PROTO=TCP SPT=49952 DPT=48599 WINDOW=1024 RES=0x00 SYN URGP=0 
Jan 19 00:19:23 localhost kernel: [13393424.572924] [UFW BLOCK] IN=ens3 OUT= MAC=56:00:03:85:82:df:fe:00:03:85:82:df:08:00 SRC=167.94.145.22 DST=158.247.223.84 LEN=44 TOS=0x00 PREC=0x00 TTL=35 ID=60166 PROTO=TCP SPT=30759 DPT=1504 WINDOW=1024 RES=0x00 SYN URGP=0 
Jan 19 00:20:07 localhost kernel: [13393468.395981] [UFW BLOCK] IN=ens3 OUT= MAC=56:00:03:85:82:df:fe:00:03:85:82:df:08:00 SRC=167.94.145.17 DST=158.247.223.84 LEN=44 TOS=0x00 PREC=0x00 TTL=35 ID=34449 PROTO=TCP SPT=7092 DPT=26935 WINDOW=1024 RES=0x00 SYN URGP=0 
Jan 19 00:20:10 localhost kernel: [13393471.203898] [UFW BLOCK] IN=ens3 OUT= MAC=56:00:03:85:82:df:fe:00:03:85:82:df:08:00 SRC=185.142.239.16 DST=158.247.223.84 LEN=44 TOS=0x00 PREC=0x00 TTL=116 ID=23587 PROTO=TCP SPT=26200 DPT=8036 WINDOW=52330 RES=0x00 SYN URGP=0 
Jan 19 00:20:11 localhost kernel: [13393472.906665] [UFW BLOCK] IN=ens3 OUT= MAC=56:00:03:85:82:df:fe:00:03:85:82:df:08:00 SRC=31.7.57.130 DST=158.247.223.84 LEN=40 TOS=0x00 PREC=0x00 TTL=240 ID=54321 PROTO=TCP SPT=52903 DPT=5555 WINDOW=65535 RES=0x00 SYN URGP=0 
Jan 19 00:21:08 localhost kernel: [13393529.831477] [UFW BLOCK] IN=ens3 OUT= MAC=56:00:03:85:82:df:fe:00:03:85:82:df:08:00 SRC=138.99.216.196 DST=158.247.223.84 LEN=40 TOS=0x00 PREC=0x00 TTL=242 ID=48447 PROTO=TCP SPT=59940 DPT=289 WINDOW=1024 RES=0x00 SYN URGP=0 
Jan 19 00:21:10 localhost kernel: [13393531.148447] [UFW BLOCK] IN=ens3 OUT= MAC=56:00:03:85:82:df:fe:00:03:85:82:df:08:00 SRC=79.124.62.130 DST=158.247.223.84 LEN=40 TOS=0x00 PREC=0x00 TTL=240 ID=22217 PROTO=TCP SPT=44498 DPT=29961 WINDOW=1024 RES=0x00 SYN URGP=0 
Jan 19 00:21:17 localhost kernel: [13393538.335006] [UFW BLOCK] IN=ens3 OUT= MAC=56:00:03:85:82:df:fe:00:03:85:82:df:08:00 SRC=64.62.197.123 DST=158.247.223.84 LEN=40 TOS=0x00 PREC=0x00 TTL=244 ID=54321 PROTO=TCP SPT=36250 DPT=1883 WINDOW=65535 RES=0x00 SYN URGP=0 
Jan 19 00:21:19 localhost kernel: [13393540.377169] [UFW BLOCK] IN=ens3 OUT= MAC=56:00:03:85:82:df:fe:00:03:85:82:df:08:00 SRC=79.124.62.86 DST=158.247.223.84 LEN=40 TOS=0x00 PREC=0x00 TTL=240 ID=19020 PROTO=TCP SPT=44495 DPT=61883 WINDOW=1024 RES=0x00 SYN URGP=0 
Jan 19 00:21:41 localhost kernel: [13393562.404933] [UFW BLOCK] IN=ens3 OUT= MAC=56:00:03:85:82:df:fe:00:03:85:82:df:08:00 SRC=195.230.103.249 DST=158.247.223.84 LEN=40 TOS=0x00 PREC=0x00 TTL=245 ID=54321 PROTO=TCP SPT=59567 DPT=2095 WINDOW=65535 RES=0x00 SYN URGP=0 
Jan 19 00:22:09 localhost kernel: [13393590.262611] [UFW BLOCK] IN=ens3 OUT= MAC=56:00:03:85:82:df:fe:00:03:85:82:df:08:00 SRC=185.156.73.122 DST=158.247.223.84 LEN=40 TOS=0x00 PREC=0x00 TTL=242 ID=54843 PROTO=TCP SPT=58448 DPT=7080 WINDOW=1024 RES=0x00 SYN URGP=0 
Jan 19 00:22:27 localhost kernel: [13393608.192636] [UFW BLOCK] IN=ens3 OUT= MAC=56:00:03:85:82:df:fe:00:03:85:82:df:08:00 SRC=210.73.218.210 DST=158.247.223.84 LEN=40 TOS=0x00 PREC=0x00 TTL=239 ID=33046 PROTO=TCP SPT=51246 DPT=2376 WINDOW=1024 RES=0x00 SYN URGP=0 
Jan 19 00:22:34 localhost dockerd[8431]: time="2022-01-19T00:22:34.102495480Z" level=info msg="NetworkDB stats plemma(b3be9f6424e0) - netID:0rz6hg0qghb21juyqti61umko leaving:false netPeers:1 entries:2 Queue qLen:0 netMsg/s:0"
Jan 19 00:22:49 localhost kernel: [13393630.407092] [UFW BLOCK] IN=ens3 OUT= MAC=56:00:03:85:82:df:fe:00:03:85:82:df:08:00 SRC=5.188.206.18 DST=158.247.223.84 LEN=40 TOS=0x00 PREC=0x00 TTL=240 ID=26039 PROTO=TCP SPT=59115 DPT=30729 WINDOW=1024 RES=0x00 SYN URGP=0 
Jan 19 00:23:06 localhost kernel: [13393647.579169] [UFW BLOCK] IN=ens3 OUT= MAC=56:00:03:85:82:df:fe:00:03:85:82:df:08:00 SRC=180.149.126.7 DST=158.247.223.84 LEN=40 TOS=0x00 PREC=0x00 TTL=245 ID=54321 PROTO=TCP SPT=56554 DPT=88 WINDOW=65535 RES=0x00 SYN URGP=0 
Jan 19 00:23:30 localhost kernel: [13393671.573582] [UFW BLOCK] IN=ens3 OUT= MAC=56:00:03:85:82:df:fe:00:03:85:82:df:08:00 SRC=45.146.166.123 DST=158.247.223.84 LEN=40 TOS=0x00 PREC=0x00 TTL=244 ID=64659 PROTO=TCP SPT=50250 DPT=13465 WINDOW=1024 RES=0x00 SYN URGP=0 
Jan 19 00:24:20 localhost kernel: [13393721.175245] [UFW BLOCK] IN=ens3 OUT= MAC=56:00:03:85:82:df:fe:00:03:85:82:df:08:00 SRC=185.156.73.109 DST=158.247.223.84 LEN=40 TOS=0x00 PREC=0x00 TTL=238 ID=7469 PROTO=TCP SPT=45437 DPT=3384 WINDOW=1024 RES=0x00 SYN URGP=0 
Jan 19 00:24:33 localhost kernel: [13393735.019555] [UFW BLOCK] IN=ens3 OUT= MAC=56:00:03:85:82:df:fe:00:03:85:82:df:08:00 SRC=92.63.197.110 DST=158.247.223.84 LEN=40 TOS=0x00 PREC=0x00 TTL=238 ID=1675 PROTO=TCP SPT=59382 DPT=4399 WINDOW=1024 RES=0x00 SYN URGP=0 
Jan 19 00:24:36 localhost kernel: [13393737.907254] [UFW BLOCK] IN=ens3 OUT= MAC=56:00:03:85:82:df:fe:00:03:85:82:df:08:00 SRC=79.124.62.78 DST=158.247.223.84 LEN=40 TOS=0x00 PREC=0x00 TTL=240 ID=53343 PROTO=TCP SPT=44497 DPT=22917 WINDOW=1024 RES=0x00 SYN URGP=0 
Jan 19 00:24:44 localhost kernel: [13393745.398707] [UFW BLOCK] IN=ens3 OUT= MAC=56:00:03:85:82:df:fe:00:03:85:82:df:08:00 SRC=145.40.96.203 DST=158.247.223.84 LEN=40 TOS=0x00 PREC=0x00 TTL=48 ID=4778 PROTO=TCP SPT=16345 DPT=23 WINDOW=23217 RES=0x00 SYN URGP=0 
Jan 19 00:25:01 localhost CRON[18131]: (root) CMD (command -v debian-sa1 > /dev/null && debian-sa1 1 1)
Jan 19 00:25:06 localhost kernel: [13393767.864721] [UFW BLOCK] IN=ens3 OUT= MAC=56:00:03:85:82:df:fe:00:03:85:82:df:08:00 SRC=139.224.238.17 DST=158.247.223.84 LEN=40 TOS=0x00 PREC=0x00 TTL=237 ID=28723 PROTO=TCP SPT=51577 DPT=2376 WINDOW=1024 RES=0x00 SYN URGP=0 
Jan 19 00:25:19 localhost kernel: [13393780.131942] [UFW BLOCK] IN=ens3 OUT= MAC=56:00:03:85:82:df:fe:00:03:85:82:df:08:00 SRC=45.134.26.235 DST=158.247.223.84 LEN=40 TOS=0x00 PREC=0x00 TTL=245 ID=17765 PROTO=TCP SPT=50059 DPT=41333 WINDOW=1024 RES=0x00 SYN URGP=0 
Jan 19 00:25:52 localhost kernel: [13393813.608045] [UFW BLOCK] IN=ens3 OUT= MAC=56:00:03:85:82:df:fe:00:03:85:82:df:08:00 SRC=34.77.162.25 DST=158.247.223.84 LEN=44 TOS=0x00 PREC=0x00 TTL=248 ID=54321 PROTO=TCP SPT=51430 DPT=8000 WINDOW=65535 RES=0x00 SYN URGP=0 
Jan 19 00:26:00 localhost kernel: [13393821.489408] [UFW BLOCK] IN=ens3 OUT= MAC=56:00:03:85:82:df:fe:00:03:85:82:df:08:00 SRC=45.134.26.235 DST=158.247.223.84 LEN=40 TOS=0x00 PREC=0x00 TTL=244 ID=18544 PROTO=TCP SPT=50059 DPT=35229 WINDOW=1024 RES=0x00 SYN URGP=0 
Jan 19 00:26:38 localhost kernel: [13393859.969348] [UFW BLOCK] IN=ens3 OUT= MAC=56:00:03:85:82:df:fe:00:03:85:82:df:08:00 SRC=193.163.125.132 DST=158.247.223.84 LEN=44 TOS=0x00 PREC=0x00 TTL=243 ID=7192 PROTO=TCP SPT=34930 DPT=11333 WINDOW=14600 RES=0x00 SYN URGP=0 
Jan 19 00:26:43 localhost kernel: [13393864.309535] [UFW BLOCK] IN=ens3 OUT= MAC=56:00:03:85:82:df:fe:00:03:85:82:df:08:00 SRC=45.146.166.116 DST=158.247.223.84 LEN=40 TOS=0x00 PREC=0x00 TTL=245 ID=10402 PROTO=TCP SPT=50165 DPT=30446 WINDOW=1024 RES=0x00 SYN URGP=0 
Jan 19 00:27:07 localhost kernel: [13393888.107338] [UFW BLOCK] IN=ens3 OUT= MAC=56:00:03:85:82:df:fe:00:03:85:82:df:08:00 SRC=161.35.103.4 DST=158.247.223.84 LEN=40 TOS=0x00 PREC=0x00 TTL=240 ID=19345 PROTO=TCP SPT=51978 DPT=4168 WINDOW=1024 RES=0x00 SYN URGP=0 
Jan 19 00:27:30 localhost kernel: [13393911.114201] [UFW BLOCK] IN=ens3 OUT= MAC=56:00:03:85:82:df:fe:00:03:85:82:df:08:00 SRC=92.118.161.33 DST=158.247.223.84 LEN=44 TOS=0x00 PREC=0x00 TTL=238 ID=15994 PROTO=TCP SPT=60085 DPT=993 WINDOW=1024 RES=0x00 SYN URGP=0 
Jan 19 00:27:34 localhost dockerd[8431]: time="2022-01-19T00:27:34.302488865Z" level=info msg="NetworkDB stats plemma(b3be9f6424e0) - netID:0rz6hg0qghb21juyqti61umko leaving:false netPeers:1 entries:2 Queue qLen:0 netMsg/s:0"
Jan 19 00:27:44 localhost kernel: [13393925.437928] [UFW BLOCK] IN=ens3 OUT= MAC=56:00:03:85:82:df:fe:00:03:85:82:df:08:00 SRC=45.134.26.232 DST=158.247.223.84 LEN=40 TOS=0x00 PREC=0x00 TTL=245 ID=53708 PROTO=TCP SPT=50018 DPT=42658 WINDOW=1024 RES=0x00 SYN URGP=0 
Jan 19 00:28:04 localhost kernel: [13393945.699555] [UFW BLOCK] IN=ens3 OUT= MAC=56:00:03:85:82:df:fe:00:03:85:82:df:08:00 SRC=120.230.176.179 DST=158.247.223.84 LEN=60 TOS=0x00 PREC=0x00 TTL=47 ID=3777 DF PROTO=TCP SPT=18098 DPT=812 WINDOW=65535 RES=0x00 SYN URGP=0 
Jan 19 00:28:23 localhost kernel: [13393964.581246] [UFW BLOCK] IN=ens3 OUT= MAC=56:00:03:85:82:df:fe:00:03:85:82:df:08:00 SRC=185.156.73.109 DST=158.247.223.84 LEN=40 TOS=0x00 PREC=0x00 TTL=242 ID=64106 PROTO=TCP SPT=45437 DPT=3402 WINDOW=1024 RES=0x00 SYN URGP=0 
Jan 19 00:28:39 localhost kernel: [13393980.250801] [UFW BLOCK] IN=ens3 OUT= MAC=56:00:03:85:82:df:fe:00:03:85:82:df:08:00 SRC=45.134.26.235 DST=158.247.223.84 LEN=40 TOS=0x00 PREC=0x00 TTL=245 ID=42202 PROTO=TCP SPT=50059 DPT=60565 WINDOW=1024 RES=0x00 SYN URGP=0 
Jan 19 00:29:03 localhost kernel: [13394005.009235] [UFW BLOCK] IN=ens3 OUT= MAC=56:00:03:85:82:df:fe:00:03:85:82:df:08:00 SRC=79.124.62.82 DST=158.247.223.84 LEN=40 TOS=0x00 PREC=0x00 TTL=240 ID=10639 PROTO=TCP SPT=44493 DPT=16000 WINDOW=1024 RES=0x00 SYN URGP=0 
Jan 19 00:29:40 localhost kernel: [13394041.876316] [UFW BLOCK] IN=ens3 OUT= MAC=56:00:03:85:82:df:fe:00:03:85:82:df:08:00 SRC=167.248.133.21 DST=158.247.223.84 LEN=45 TOS=0x00 PREC=0x00 TTL=39 ID=43461 PROTO=UDP SPT=30458 DPT=47808 LEN=25 
Jan 19 00:30:00 localhost kernel: [13394061.181915] [UFW BLOCK] IN=ens3 OUT= MAC=56:00:03:85:82:df:fe:00:03:85:82:df:08:00 SRC=193.118.53.203 DST=158.247.223.84 LEN=40 TOS=0x00 PREC=0x00 TTL=233 ID=20848 PROTO=TCP SPT=40662 DPT=80 WINDOW=1024 RES=0x00 SYN URGP=0 
Jan 19 00:30:01 localhost kernel: [13394062.854316] [UFW BLOCK] IN=ens3 OUT= MAC=56:00:03:85:82:df:fe:00:03:85:82:df:08:00 SRC=139.133.18.195 DST=158.247.223.84 LEN=60 TOS=0x00 PREC=0x00 TTL=44 ID=45862 DF PROTO=TCP SPT=46376 DPT=25 WINDOW=29200 RES=0x00 SYN URGP=0 
Jan 19 00:30:02 localhost postfix/smtpd[18642]: connect from mailhub4.abdn.ac.uk[139.133.18.195]
Jan 19 00:30:03 localhost postfix/smtpd[18650]: connect from mailhub7.abdn.ac.uk[139.133.18.198]
Jan 19 00:30:03 localhost postfix/smtpd[18651]: connect from mailhub5.abdn.ac.uk[139.133.18.196]
Jan 19 00:30:03 localhost postfix/smtpd[18652]: connect from mailhub6.abdn.ac.uk[139.133.18.197]
Jan 19 00:30:03 localhost postfix/trivial-rewrite[18653]: warning: do not list domain lamc.la in BOTH mydestination and virtual_alias_domains
Jan 19 00:30:03 localhost postfix/smtpd[18642]: NOQUEUE: reject: RCPT from mailhub4.abdn.ac.uk[139.133.18.195]: 550 5.1.1 <suac+bncBCC7XN6N3YMBBFFPTSHQMGQEER3Z3YA@lamc.la>: Recipient address rejected: User unknown in local recipient table; from=<> to=<suac+bncBCC7XN6N3YMBBFFPTSHQMGQEER3Z3YA@lamc.la> proto=ESMTP helo=<mailhub4.abdn.ac.uk>
Jan 19 00:30:04 localhost postfix/smtpd[18642]: disconnect from mailhub4.abdn.ac.uk[139.133.18.195] ehlo=2 starttls=1 mail=1 rcpt=0/1 bdat=0/1 quit=1 commands=5/7
Jan 19 00:30:05 localhost postfix/trivial-rewrite[18653]: warning: do not list domain lamc.la in BOTH mydestination and virtual_alias_domains
Jan 19 00:30:05 localhost postfix/smtpd[18650]: NOQUEUE: reject: RCPT from mailhub7.abdn.ac.uk[139.133.18.198]: 550 5.1.1 <suac+bncBCC7XN6N3YMBB667TKHQMGQEKKJWITY@lamc.la>: Recipient address rejected: User unknown in local recipient table; from=<> to=<suac+bncBCC7XN6N3YMBB667TKHQMGQEKKJWITY@lamc.la> proto=ESMTP helo=<mailhub7.abdn.ac.uk>
Jan 19 00:30:05 localhost postfix/trivial-rewrite[18653]: warning: do not list domain lamc.la in BOTH mydestination and virtual_alias_domains
Jan 19 00:30:05 localhost postfix/smtpd[18651]: NOQUEUE: reject: RCPT from mailhub5.abdn.ac.uk[139.133.18.196]: 550 5.1.1 <suac+bncBCC7XN6N3YMBBFFPTSHQMGQEER3Z3YA@lamc.la>: Recipient address rejected: User unknown in local recipient table; from=<> to=<suac+bncBCC7XN6N3YMBBFFPTSHQMGQEER3Z3YA@lamc.la> proto=ESMTP helo=<mailhub5.abdn.ac.uk>
Jan 19 00:30:05 localhost postfix/trivial-rewrite[18653]: warning: do not list domain lamc.la in BOTH mydestination and virtual_alias_domains
Jan 19 00:30:05 localhost postfix/smtpd[18652]: NOQUEUE: reject: RCPT from mailhub6.abdn.ac.uk[139.133.18.197]: 550 5.1.1 <suac+bncBCC7XN6N3YMBB667TKHQMGQEKKJWITY@lamc.la>: Recipient address rejected: User unknown in local recipient table; from=<> to=<suac+bncBCC7XN6N3YMBB667TKHQMGQEKKJWITY@lamc.la> proto=ESMTP helo=<mailhub6.abdn.ac.uk>
Jan 19 00:30:05 localhost postfix/smtpd[18650]: disconnect from mailhub7.abdn.ac.uk[139.133.18.198] ehlo=2 starttls=1 mail=1 rcpt=0/1 bdat=0/1 quit=1 commands=5/7
Jan 19 00:30:05 localhost postfix/smtpd[18651]: disconnect from mailhub5.abdn.ac.uk[139.133.18.196] ehlo=2 starttls=1 mail=1 rcpt=0/1 bdat=0/1 quit=1 commands=5/7
Jan 19 00:30:05 localhost postfix/smtpd[18652]: disconnect from mailhub6.abdn.ac.uk[139.133.18.197] ehlo=2 starttls=1 mail=1 rcpt=0/1 bdat=0/1 quit=1 commands=5/7
Jan 19 00:30:07 localhost postfix/smtpd[18642]: connect from mailhub5.abdn.ac.uk[139.133.18.196]
Jan 19 00:30:09 localhost postfix/smtpd[18642]: NOQUEUE: reject: RCPT from mailhub5.abdn.ac.uk[139.133.18.196]: 550 5.1.1 <suac+bncBCC7XN6N3YMBBFFPTSHQMGQEER3Z3YA@lamc.la>: Recipient address rejected: User unknown in local recipient table; from=<> to=<suac+bncBCC7XN6N3YMBBFFPTSHQMGQEER3Z3YA@lamc.la> proto=ESMTP helo=<mailhub5.abdn.ac.uk>
Jan 19 00:30:09 localhost postfix/smtpd[18642]: disconnect from mailhub5.abdn.ac.uk[139.133.18.196] ehlo=2 starttls=1 mail=1 rcpt=0/1 bdat=0/1 quit=1 commands=5/7
Jan 19 00:30:09 localhost postfix/smtpd[18652]: connect from mailhub-23.abdn.ac.uk[139.133.18.211]
Jan 19 00:30:11 localhost postfix/trivial-rewrite[18653]: warning: do not list domain lamc.la in BOTH mydestination and virtual_alias_domains
Jan 19 00:30:11 localhost postfix/smtpd[18652]: NOQUEUE: reject: RCPT from mailhub-23.abdn.ac.uk[139.133.18.211]: 550 5.1.1 <suac+bncBCC7XN6N3YMBBFFPTSHQMGQEER3Z3YA@lamc.la>: Recipient address rejected: User unknown in local recipient table; from=<> to=<suac+bncBCC7XN6N3YMBBFFPTSHQMGQEER3Z3YA@lamc.la> proto=ESMTP helo=<mailhub-23.abdn.ac.uk>
Jan 19 00:30:11 localhost postfix/smtpd[18651]: connect from mailhub3.abdn.ac.uk[139.133.18.194]
Jan 19 00:30:11 localhost postfix/smtpd[18652]: disconnect from mailhub-23.abdn.ac.uk[139.133.18.211] ehlo=2 starttls=1 mail=1 rcpt=0/1 bdat=0/1 quit=1 commands=5/7
Jan 19 00:30:13 localhost postfix/trivial-rewrite[18653]: warning: do not list domain lamc.la in BOTH mydestination and virtual_alias_domains
Jan 19 00:30:13 localhost postfix/smtpd[18651]: NOQUEUE: reject: RCPT from mailhub3.abdn.ac.uk[139.133.18.194]: 550 5.1.1 <suac+bncBCC7XN6N3YMBB667TKHQMGQEKKJWITY@lamc.la>: Recipient address rejected: User unknown in local recipient table; from=<> to=<suac+bncBCC7XN6N3YMBB667TKHQMGQEKKJWITY@lamc.la> proto=ESMTP helo=<mailhub3.abdn.ac.uk>
Jan 19 00:30:13 localhost postfix/smtpd[18651]: disconnect from mailhub3.abdn.ac.uk[139.133.18.194] ehlo=2 starttls=1 mail=1 rcpt=0/1 bdat=0/1 quit=1 commands=5/7
Jan 19 00:30:18 localhost postfix/smtpd[18650]: connect from mailhub5.abdn.ac.uk[139.133.18.196]
Jan 19 00:30:20 localhost postfix/smtpd[18650]: NOQUEUE: reject: RCPT from mailhub5.abdn.ac.uk[139.133.18.196]: 550 5.1.1 <suac+bncBCC7XN6N3YMBB667TKHQMGQEKKJWITY@lamc.la>: Recipient address rejected: User unknown in local recipient table; from=<> to=<suac+bncBCC7XN6N3YMBB667TKHQMGQEKKJWITY@lamc.la> proto=ESMTP helo=<mailhub5.abdn.ac.uk>
Jan 19 00:30:20 localhost postfix/smtpd[18650]: disconnect from mailhub5.abdn.ac.uk[139.133.18.196] ehlo=2 starttls=1 mail=1 rcpt=0/1 bdat=0/1 quit=1 commands=5/7
Jan 19 00:30:46 localhost kernel: [13394107.934485] [UFW BLOCK] IN=ens3 OUT= MAC=56:00:03:85:82:df:fe:00:03:85:82:df:08:00 SRC=139.133.18.212 DST=158.247.223.84 LEN=60 TOS=0x00 PREC=0x00 TTL=44 ID=14634 DF PROTO=TCP SPT=57114 DPT=25 WINDOW=29200 RES=0x00 SYN URGP=0 
Jan 19 00:30:51 localhost postfix/smtpd[18642]: connect from mailhub-24.abdn.ac.uk[139.133.18.212]
Jan 19 00:30:52 localhost postfix/trivial-rewrite[18653]: warning: do not list domain lamc.la in BOTH mydestination and virtual_alias_domains
Jan 19 00:30:52 localhost postfix/smtpd[18642]: NOQUEUE: reject: RCPT from mailhub-24.abdn.ac.uk[139.133.18.212]: 550 5.1.1 <suac+bncBCC7XN6N3YMBB667TKHQMGQEKKJWITY@lamc.la>: Recipient address rejected: User unknown in local recipient table; from=<> to=<suac+bncBCC7XN6N3YMBB667TKHQMGQEKKJWITY@lamc.la> proto=ESMTP helo=<mailhub-24.abdn.ac.uk>
Jan 19 00:30:53 localhost postfix/smtpd[18642]: disconnect from mailhub-24.abdn.ac.uk[139.133.18.212] ehlo=2 starttls=1 mail=1 rcpt=0/1 bdat=0/1 quit=1 commands=5/7
Jan 19 00:30:57 localhost kernel: [13394118.175200] [UFW BLOCK] IN=ens3 OUT= MAC=56:00:03:85:82:df:fe:00:03:85:82:df:08:00 SRC=193.27.229.86 DST=158.247.223.84 LEN=40 TOS=0x00 PREC=0x00 TTL=244 ID=33497 PROTO=TCP SPT=49937 DPT=49230 WINDOW=1024 RES=0x00 SYN URGP=0 
Jan 19 00:31:00 localhost kernel: [13394121.961672] [UFW BLOCK] IN=ens3 OUT= MAC=56:00:03:85:82:df:fe:00:03:85:82:df:08:00 SRC=139.133.18.212 DST=158.247.223.84 LEN=60 TOS=0x00 PREC=0x00 TTL=45 ID=61381 DF PROTO=TCP SPT=57134 DPT=25 WINDOW=29200 RES=0x00 SYN URGP=0 
Jan 19 00:31:01 localhost postfix/smtpd[18652]: connect from mailhub-24.abdn.ac.uk[139.133.18.212]
Jan 19 00:31:02 localhost postfix/smtpd[18652]: NOQUEUE: reject: RCPT from mailhub-24.abdn.ac.uk[139.133.18.212]: 550 5.1.1 <suac+bncBCC7XN6N3YMBBFFPTSHQMGQEER3Z3YA@lamc.la>: Recipient address rejected: User unknown in local recipient table; from=<> to=<suac+bncBCC7XN6N3YMBBFFPTSHQMGQEER3Z3YA@lamc.la> proto=ESMTP helo=<mailhub-24.abdn.ac.uk>
Jan 19 00:31:03 localhost postfix/smtpd[18652]: disconnect from mailhub-24.abdn.ac.uk[139.133.18.212] ehlo=2 starttls=1 mail=1 rcpt=0/1 bdat=0/1 quit=1 commands=5/7
Jan 19 00:31:23 localhost kernel: [13394144.536129] [UFW BLOCK] IN=ens3 OUT= MAC=56:00:03:85:82:df:fe:00:03:85:82:df:08:00 SRC=79.124.62.78 DST=158.247.223.84 LEN=40 TOS=0x00 PREC=0x00 TTL=240 ID=23236 PROTO=TCP SPT=44497 DPT=29412 WINDOW=1024 RES=0x00 SYN URGP=0 
Jan 19 00:31:39 localhost kernel: [13394160.220134] [UFW BLOCK] IN=ens3 OUT= MAC=56:00:03:85:82:df:fe:00:03:85:82:df:08:00 SRC=80.82.77.5 DST=158.247.223.84 LEN=30 TOS=0x00 PREC=0x00 TTL=238 ID=54321 PROTO=UDP SPT=49540 DPT=5632 LEN=10 
Jan 19 00:32:00 localhost kernel: [13394181.532873] [UFW BLOCK] IN=ens3 OUT= MAC=56:00:03:85:82:df:fe:00:03:85:82:df:08:00 SRC=45.146.165.37 DST=158.247.223.84 LEN=60 TOS=0x00 PREC=0x00 TTL=54 ID=62426 DF PROTO=TCP SPT=49524 DPT=5432 WINDOW=64240 RES=0x00 SYN URGP=0 
Jan 19 00:32:24 localhost kernel: [13394205.632361] [UFW BLOCK] IN=ens3 OUT= MAC=56:00:03:85:82:df:fe:00:03:85:82:df:08:00 SRC=45.146.166.115 DST=158.247.223.84 LEN=40 TOS=0x00 PREC=0x00 TTL=244 ID=1064 PROTO=TCP SPT=50151 DPT=23203 WINDOW=1024 RES=0x00 SYN URGP=0 
Jan 19 00:32:34 localhost dockerd[8431]: time="2022-01-19T00:32:34.502491264Z" level=info msg="NetworkDB stats plemma(b3be9f6424e0) - netID:0rz6hg0qghb21juyqti61umko leaving:false netPeers:1 entries:2 Queue qLen:0 netMsg/s:0"
Jan 19 00:32:42 localhost kernel: [13394223.771252] [UFW BLOCK] IN=ens3 OUT= MAC=56:00:03:85:82:df:fe:00:03:85:82:df:08:00 SRC=79.124.62.82 DST=158.247.223.84 LEN=40 TOS=0x00 PREC=0x00 TTL=240 ID=38910 PROTO=TCP SPT=44493 DPT=43394 WINDOW=1024 RES=0x00 SYN URGP=0 
Jan 19 00:33:02 localhost kernel: [13394243.124144] [UFW BLOCK] IN=ens3 OUT= MAC=56:00:03:85:82:df:fe:00:03:85:82:df:08:00 SRC=77.94.175.116 DST=158.247.223.84 LEN=40 TOS=0x00 PREC=0x00 TTL=240 ID=42599 PROTO=TCP SPT=53972 DPT=1433 WINDOW=1024 RES=0x00 SYN URGP=0 
Jan 19 00:33:28 localhost kernel: [13394269.368632] [UFW BLOCK] IN=ens3 OUT= MAC=56:00:03:85:82:df:fe:00:03:85:82:df:08:00 SRC=192.241.208.5 DST=158.247.223.84 LEN=40 TOS=0x00 PREC=0x00 TTL=244 ID=54321 PROTO=TCP SPT=55956 DPT=28015 WINDOW=65535 RES=0x00 SYN URGP=0 
Jan 19 00:33:44 localhost kernel: [13394285.358335] [UFW BLOCK] IN=ens3 OUT= MAC=56:00:03:85:82:df:fe:00:03:85:82:df:08:00 SRC=45.134.26.42 DST=158.247.223.84 LEN=40 TOS=0x00 PREC=0x00 TTL=244 ID=23495 PROTO=TCP SPT=49952 DPT=37399 WINDOW=1024 RES=0x00 SYN URGP=0 
Jan 19 00:34:13 localhost kernel: [13394314.813699] [UFW BLOCK] IN=ens3 OUT= MAC=56:00:03:85:82:df:fe:00:03:85:82:df:08:00 SRC=92.63.197.94 DST=158.247.223.84 LEN=40 TOS=0x00 PREC=0x00 TTL=242 ID=47982 PROTO=TCP SPT=48479 DPT=54321 WINDOW=1024 RES=0x00 SYN URGP=0 
Jan 19 00:34:22 localhost kernel: [13394323.442996] [UFW BLOCK] IN=ens3 OUT= MAC=56:00:03:85:82:df:fe:00:03:85:82:df:08:00 SRC=180.142.159.155 DST=158.247.223.84 LEN=40 TOS=0x00 PREC=0x00 TTL=50 ID=64681 PROTO=TCP SPT=61634 DPT=23 WINDOW=20527 RES=0x00 SYN URGP=0 
Jan 19 00:34:23 localhost postfix/anvil[18644]: statistics: max connection rate 3/60s for (smtp:139.133.18.196) at Jan 19 00:30:18
Jan 19 00:34:23 localhost postfix/anvil[18644]: statistics: max connection count 1 for (smtp:139.133.18.195) at Jan 19 00:30:02
Jan 19 00:34:23 localhost postfix/anvil[18644]: statistics: max cache size 7 at Jan 19 00:30:51
Jan 19 00:34:51 localhost kernel: [13394352.767421] [UFW BLOCK] IN=ens3 OUT= MAC=56:00:03:85:82:df:fe:00:03:85:82:df:08:00 SRC=167.94.138.27 DST=158.247.223.84 LEN=44 TOS=0x00 PREC=0x00 TTL=37 ID=60395 PROTO=TCP SPT=38869 DPT=40000 WINDOW=1024 RES=0x00 SYN URGP=0 
Jan 19 00:35:01 localhost CRON[19142]: (root) CMD (command -v debian-sa1 > /dev/null && debian-sa1 1 1)
Jan 19 00:35:03 localhost kernel: [13394364.085302] [UFW BLOCK] IN=ens3 OUT= MAC=56:00:03:85:82:df:fe:00:03:85:82:df:08:00 SRC=167.94.138.64 DST=158.247.223.84 LEN=44 TOS=0x00 PREC=0x00 TTL=37 ID=59536 PROTO=TCP SPT=51660 DPT=8014 WINDOW=1024 RES=0x00 SYN URGP=0 
Jan 19 00:35:27 localhost kernel: [13394388.632719] [UFW BLOCK] IN=ens3 OUT= MAC=56:00:03:85:82:df:fe:00:03:85:82:df:08:00 SRC=195.54.161.73 DST=158.247.223.84 LEN=40 TOS=0x00 PREC=0x00 TTL=245 ID=26269 PROTO=TCP SPT=50112 DPT=30798 WINDOW=1024 RES=0x00 SYN URGP=0 
Jan 19 00:35:41 localhost kernel: [13394402.682943] [UFW BLOCK] IN=ens3 OUT= MAC=56:00:03:85:82:df:fe:00:03:85:82:df:08:00 SRC=79.124.62.82 DST=158.247.223.84 LEN=40 TOS=0x00 PREC=0x00 TTL=240 ID=10271 PROTO=TCP SPT=44493 DPT=49490 WINDOW=1024 RES=0x00 SYN URGP=0 
Jan 19 00:36:09 localhost kernel: [13394430.176127] [UFW BLOCK] IN=ens3 OUT= MAC=56:00:03:85:82:df:fe:00:03:85:82:df:08:00 SRC=79.124.62.110 DST=158.247.223.84 LEN=40 TOS=0x00 PREC=0x00 TTL=240 ID=31596 PROTO=TCP SPT=43363 DPT=46942 WINDOW=1024 RES=0x00 SYN URGP=0 
Jan 19 00:36:23 localhost kernel: [13394444.451893] [UFW BLOCK] IN=ens3 OUT= MAC=56:00:03:85:82:df:fe:00:03:85:82:df:08:00 SRC=92.63.197.55 DST=158.247.223.84 LEN=40 TOS=0x00 PREC=0x00 TTL=242 ID=30477 PROTO=TCP SPT=48488 DPT=33898 WINDOW=1024 RES=0x00 SYN URGP=0 
Jan 19 00:37:00 localhost kernel: [13394481.144842] [UFW BLOCK] IN=ens3 OUT= MAC=56:00:03:85:82:df:fe:00:03:85:82:df:08:00 SRC=79.124.62.110 DST=158.247.223.84 LEN=40 TOS=0x00 PREC=0x00 TTL=240 ID=41354 PROTO=TCP SPT=43363 DPT=64712 WINDOW=1024 RES=0x00 SYN URGP=0 
Jan 19 00:37:16 localhost kernel: [13394497.317036] [UFW BLOCK] IN=ens3 OUT= MAC=56:00:03:85:82:df:fe:00:03:85:82:df:08:00 SRC=198.199.105.11 DST=158.247.223.84 LEN=40 TOS=0x00 PREC=0x00 TTL=244 ID=54321 PROTO=TCP SPT=60250 DPT=47808 WINDOW=65535 RES=0x00 SYN URGP=0 
Jan 19 00:37:34 localhost dockerd[8431]: time="2022-01-19T00:37:34.702455422Z" level=info msg="NetworkDB stats plemma(b3be9f6424e0) - netID:0rz6hg0qghb21juyqti61umko leaving:false netPeers:1 entries:2 Queue qLen:0 netMsg/s:0"
Jan 19 00:37:50 localhost kernel: [13394531.984320] [UFW BLOCK] IN=ens3 OUT= MAC=56:00:03:85:82:df:fe:00:03:85:82:df:08:00 SRC=167.94.138.75 DST=158.247.223.84 LEN=44 TOS=0x00 PREC=0x00 TTL=37 ID=29371 PROTO=TCP SPT=58844 DPT=2435 WINDOW=1024 RES=0x00 SYN URGP=0 
Jan 19 00:38:14 localhost kernel: [13394555.720823] [UFW BLOCK] IN=ens3 OUT= MAC=56:00:03:85:82:df:fe:00:03:85:82:df:08:00 SRC=45.146.166.120 DST=158.247.223.84 LEN=40 TOS=0x00 PREC=0x00 TTL=245 ID=11953 PROTO=TCP SPT=50223 DPT=54107 WINDOW=1024 RES=0x00 SYN URGP=0 
Jan 19 00:38:18 localhost kernel: [13394559.305162] [UFW BLOCK] IN=ens3 OUT= MAC=56:00:03:85:82:df:fe:00:03:85:82:df:08:00 SRC=79.124.62.82 DST=158.247.223.84 LEN=40 TOS=0x00 PREC=0x00 TTL=240 ID=41955 PROTO=TCP SPT=44493 DPT=10028 WINDOW=1024 RES=0x00 SYN URGP=0 
Jan 19 00:38:27 localhost kernel: [13394568.132782] [UFW BLOCK] IN=ens3 OUT= MAC=56:00:03:85:82:df:fe:00:03:85:82:df:08:00 SRC=185.191.34.207 DST=158.247.223.84 LEN=40 TOS=0x00 PREC=0x00 TTL=245 ID=46321 PROTO=TCP SPT=53995 DPT=27602 WINDOW=1024 RES=0x00 SYN URGP=0 
Jan 19 00:38:40 localhost kernel: [13394581.384503] [UFW BLOCK] IN=ens3 OUT= MAC=56:00:03:85:82:df:fe:00:03:85:82:df:08:00 SRC=162.142.125.67 DST=158.247.223.84 LEN=44 TOS=0x00 PREC=0x00 TTL=40 ID=26131 PROTO=TCP SPT=45282 DPT=9042 WINDOW=1024 RES=0x00 SYN URGP=0 
Jan 19 00:39:01 localhost systemd[1]: Starting Clean php session files...
Jan 19 00:39:01 localhost kernel: [13394602.400985] [UFW BLOCK] IN=ens3 OUT= MAC=56:00:03:85:82:df:fe:00:03:85:82:df:08:00 SRC=45.146.166.111 DST=158.247.223.84 LEN=40 TOS=0x00 PREC=0x00 TTL=245 ID=17280 PROTO=TCP SPT=50276 DPT=23503 WINDOW=1024 RES=0x00 SYN URGP=0 
Jan 19 00:39:01 localhost systemd[1]: phpsessionclean.service: Succeeded.
Jan 19 00:39:01 localhost systemd[1]: Started Clean php session files.
Jan 19 00:39:01 localhost CRON[19576]: (root) CMD (  [ -x /usr/lib/php/sessionclean ] && if [ ! -d /run/systemd/system ]; then /usr/lib/php/sessionclean; fi)
Jan 19 00:39:25 localhost kernel: [13394626.035419] [UFW BLOCK] IN=ens3 OUT= MAC=56:00:03:85:82:df:fe:00:03:85:82:df:08:00 SRC=128.199.31.59 DST=158.247.223.84 LEN=40 TOS=0x00 PREC=0x00 TTL=242 ID=37660 PROTO=TCP SPT=52584 DPT=2587 WINDOW=1024 RES=0x00 SYN URGP=0 
Jan 19 00:39:41 localhost kernel: [13394642.962344] [UFW BLOCK] IN=ens3 OUT= MAC=56:00:03:85:82:df:fe:00:03:85:82:df:08:00 SRC=89.248.165.104 DST=158.247.223.84 LEN=40 TOS=0x00 PREC=0x00 TTL=241 ID=11537 PROTO=TCP SPT=54457 DPT=9909 WINDOW=1024 RES=0x00 SYN URGP=0 
Jan 19 00:40:27 localhost kernel: [13394688.555498] [UFW BLOCK] IN=ens3 OUT= MAC=56:00:03:85:82:df:fe:00:03:85:82:df:08:00 SRC=45.134.26.233 DST=158.247.223.84 LEN=40 TOS=0x00 PREC=0x00 TTL=245 ID=1568 PROTO=TCP SPT=50030 DPT=19300 WINDOW=1024 RES=0x00 SYN URGP=0 
Jan 19 00:40:45 localhost kernel: [13394706.358024] [UFW BLOCK] IN=ens3 OUT= MAC=56:00:03:85:82:df:fe:00:03:85:82:df:08:00 SRC=45.134.26.230 DST=158.247.223.84 LEN=40 TOS=0x00 PREC=0x00 TTL=245 ID=56028 PROTO=TCP SPT=49989 DPT=49374 WINDOW=1024 RES=0x00 SYN URGP=0 
Jan 19 00:41:01 localhost kernel: [13394722.649620] [UFW BLOCK] IN=ens3 OUT= MAC=56:00:03:85:82:df:fe:00:03:85:82:df:08:00 SRC=193.3.19.33 DST=158.247.223.84 LEN=40 TOS=0x00 PREC=0x00 TTL=245 ID=27540 PROTO=TCP SPT=48915 DPT=9199 WINDOW=1024 RES=0x00 SYN URGP=0 
Jan 19 00:41:06 localhost kernel: [13394727.403484] [UFW BLOCK] IN=ens3 OUT= MAC=56:00:03:85:82:df:fe:00:03:85:82:df:08:00 SRC=167.248.133.22 DST=158.247.223.84 LEN=44 TOS=0x00 PREC=0x00 TTL=39 ID=53174 PROTO=TCP SPT=53691 DPT=60000 WINDOW=1024 RES=0x00 SYN URGP=0 
Jan 19 00:41:29 localhost kernel: [13394750.345931] [UFW BLOCK] IN=ens3 OUT= MAC=56:00:03:85:82:df:fe:00:03:85:82:df:08:00 SRC=79.124.62.110 DST=158.247.223.84 LEN=40 TOS=0x00 PREC=0x00 TTL=240 ID=58020 PROTO=TCP SPT=43363 DPT=45479 WINDOW=1024 RES=0x00 SYN URGP=0 
Jan 19 00:41:43 localhost kernel: [13394764.402614] [UFW BLOCK] IN=ens3 OUT= MAC=56:00:03:85:82:df:fe:00:03:85:82:df:08:00 SRC=79.124.62.86 DST=158.247.223.84 LEN=40 TOS=0x00 PREC=0x00 TTL=240 ID=26107 PROTO=TCP SPT=44495 DPT=53850 WINDOW=1024 RES=0x00 SYN URGP=0 
Jan 19 00:41:59 localhost kernel: [13394780.832819] [UFW BLOCK] IN=ens3 OUT= MAC=56:00:03:85:82:df:fe:00:03:85:82:df:08:00 SRC=20.105.181.6 DST=158.247.223.84 LEN=40 TOS=0x00 PREC=0x00 TTL=233 ID=6099 PROTO=TCP SPT=55586 DPT=5902 WINDOW=1024 RES=0x00 SYN URGP=0 
Jan 19 00:42:20 localhost kernel: [13394801.418948] [UFW BLOCK] IN=ens3 OUT= MAC=56:00:03:85:82:df:fe:00:03:85:82:df:08:00 SRC=109.237.103.118 DST=158.247.223.84 LEN=40 TOS=0x00 PREC=0x00 TTL=245 ID=54321 PROTO=TCP SPT=40388 DPT=8080 WINDOW=65535 RES=0x00 SYN URGP=0 
Jan 19 00:42:34 localhost dockerd[8431]: time="2022-01-19T00:42:34.902458810Z" level=info msg="NetworkDB stats plemma(b3be9f6424e0) - netID:0rz6hg0qghb21juyqti61umko leaving:false netPeers:1 entries:2 Queue qLen:0 netMsg/s:0"
Jan 19 00:43:01 localhost kernel: [13394842.338149] [UFW BLOCK] IN=ens3 OUT= MAC=56:00:03:85:82:df:fe:00:03:85:82:df:08:00 SRC=45.143.200.110 DST=158.247.223.84 LEN=40 TOS=0x00 PREC=0x00 TTL=240 ID=1584 PROTO=TCP SPT=45276 DPT=26549 WINDOW=1024 RES=0x00 SYN URGP=0 
Jan 19 00:43:06 localhost kernel: [13394847.441697] [UFW BLOCK] IN=ens3 OUT= MAC=56:00:03:85:82:df:fe:00:03:85:82:df:08:00 SRC=193.3.19.132 DST=158.247.223.84 LEN=40 TOS=0x00 PREC=0x00 TTL=245 ID=4417 PROTO=TCP SPT=48579 DPT=22978 WINDOW=1024 RES=0x00 SYN URGP=0 
Jan 19 00:43:27 localhost kernel: [13394868.932342] [UFW BLOCK] IN=ens3 OUT= MAC=56:00:03:85:82:df:fe:00:03:85:82:df:08:00 SRC=180.215.192.168 DST=158.247.223.84 LEN=44 TOS=0x00 PREC=0x00 TTL=51 ID=0 DF PROTO=TCP SPT=44696 DPT=1720 WINDOW=1024 RES=0x00 SYN URGP=0 
Jan 19 00:43:50 localhost kernel: [13394891.780628] [UFW BLOCK] IN=ens3 OUT= MAC=56:00:03:85:82:df:fe:00:03:85:82:df:08:00 SRC=88.214.26.53 DST=158.247.223.84 LEN=40 TOS=0x00 PREC=0x00 TTL=236 ID=31531 PROTO=TCP SPT=58453 DPT=3329 WINDOW=1024 RES=0x00 SYN URGP=0 
Jan 19 00:44:00 localhost kernel: [13394901.936195] [UFW BLOCK] IN=ens3 OUT= MAC=56:00:03:85:82:df:fe:00:03:85:82:df:08:00 SRC=45.134.26.238 DST=158.247.223.84 LEN=40 TOS=0x00 PREC=0x00 TTL=244 ID=33269 PROTO=TCP SPT=50087 DPT=28280 WINDOW=1024 RES=0x00 SYN URGP=0 
Jan 19 00:44:19 localhost kernel: [13394920.469349] [UFW BLOCK] IN=ens3 OUT= MAC=56:00:03:85:82:df:fe:00:03:85:82:df:08:00 SRC=5.188.206.18 DST=158.247.223.84 LEN=40 TOS=0x00 PREC=0x00 TTL=240 ID=56003 PROTO=TCP SPT=59115 DPT=8773 WINDOW=1024 RES=0x00 SYN URGP=0 
Jan 19 00:44:44 localhost kernel: [13394945.892548] [UFW BLOCK] IN=ens3 OUT= MAC=56:00:03:85:82:df:fe:00:03:85:82:df:08:00 SRC=45.146.166.121 DST=158.247.223.84 LEN=40 TOS=0x00 PREC=0x00 TTL=245 ID=13682 PROTO=TCP SPT=50238 DPT=28736 WINDOW=1024 RES=0x00 SYN URGP=0 
Jan 19 00:44:46 localhost postfix/smtpd[20065]: connect from mail-ot1-f72.google.com[209.85.210.72]
Jan 19 00:44:47 localhost postfix/smtpd[20065]: NOQUEUE: reject: RCPT from mail-ot1-f72.google.com[209.85.210.72]: 454 4.7.1 <unsubscribe@liber-t.xyz>: Relay access denied; from=<ulippi@tin.it> to=<unsubscribe@liber-t.xyz> proto=ESMTP helo=<mail-ot1-f72.google.com>
Jan 19 00:44:48 localhost postfix/smtpd[20065]: disconnect from mail-ot1-f72.google.com[209.85.210.72] ehlo=2 starttls=1 mail=1 rcpt=0/1 bdat=0/1 quit=1 commands=5/7
Jan 19 00:45:01 localhost CRON[20077]: (root) CMD (command -v debian-sa1 > /dev/null && debian-sa1 1 1)
Jan 19 00:45:06 localhost kernel: [13394967.825737] [UFW BLOCK] IN=ens3 OUT= MAC=56:00:03:85:82:df:fe:00:03:85:82:df:08:00 SRC=209.85.222.70 DST=158.247.223.84 LEN=60 TOS=0x00 PREC=0x00 TTL=57 ID=51073 PROTO=TCP SPT=57162 DPT=25 WINDOW=65535 RES=0x00 SYN URGP=0 
Jan 19 00:45:07 localhost postfix/smtpd[20065]: connect from mail-ua1-f70.google.com[209.85.222.70]
Jan 19 00:45:08 localhost postfix/smtpd[20065]: NOQUEUE: reject: RCPT from mail-ua1-f70.google.com[209.85.222.70]: 454 4.7.1 <prvs=01017a278=arwaxm+bncBCC7XN6N3YMBBFFPTSHQMGQEQ4HGFEA@liber-t.xyz>: Relay access denied; from=<> to=<prvs=01017a278=arwaxm+bncBCC7XN6N3YMBBFFPTSHQMGQEQ4HGFEA@liber-t.xyz> proto=ESMTP helo=<mail-ua1-f70.google.com>
Jan 19 00:45:08 localhost postfix/smtpd[20065]: disconnect from mail-ua1-f70.google.com[209.85.222.70] ehlo=2 starttls=1 mail=1 rcpt=0/1 bdat=0/1 quit=1 commands=5/7
Jan 19 00:45:39 localhost kernel: [13395000.635217] [UFW BLOCK] IN=ens3 OUT= MAC=56:00:03:85:82:df:fe:00:03:85:82:df:08:00 SRC=45.134.26.238 DST=158.247.223.84 LEN=40 TOS=0x00 PREC=0x00 TTL=244 ID=57804 PROTO=TCP SPT=50087 DPT=33028 WINDOW=1024 RES=0x00 SYN URGP=0 
Jan 19 00:46:02 localhost kernel: [13395023.796725] [UFW BLOCK] IN=ens3 OUT= MAC=56:00:03:85:82:df:fe:00:03:85:82:df:08:00 SRC=162.142.125.18 DST=158.247.223.84 LEN=44 TOS=0x00 PREC=0x00 TTL=40 ID=64690 PROTO=TCP SPT=47236 DPT=50001 WINDOW=1024 RES=0x00 SYN URGP=0 
Jan 19 00:46:27 localhost kernel: [13395048.245513] [UFW BLOCK] IN=ens3 OUT= MAC=56:00:03:85:82:df:fe:00:03:85:82:df:08:00 SRC=45.135.232.88 DST=158.247.223.84 LEN=40 TOS=0x00 PREC=0x00 TTL=244 ID=15616 PROTO=TCP SPT=50302 DPT=61121 WINDOW=1024 RES=0x00 SYN URGP=0 
Jan 19 00:46:29 localhost kernel: [13395050.997749] [UFW BLOCK] IN=ens3 OUT= MAC=56:00:03:85:82:df:fe:00:03:85:82:df:08:00 SRC=45.134.26.57 DST=158.247.223.84 LEN=40 TOS=0x00 PREC=0x00 TTL=244 ID=55323 PROTO=TCP SPT=49977 DPT=54934 WINDOW=1024 RES=0x00 SYN URGP=0 
Jan 19 00:46:42 localhost kernel: [13395063.056554] [UFW BLOCK] IN=ens3 OUT= MAC=56:00:03:85:82:df:fe:00:03:85:82:df:08:00 SRC=45.134.26.57 DST=158.247.223.84 LEN=40 TOS=0x00 PREC=0x00 TTL=245 ID=58494 PROTO=TCP SPT=49977 DPT=26053 WINDOW=1024 RES=0x00 SYN URGP=0 
Jan 19 00:47:20 localhost kernel: [13395101.782620] [UFW BLOCK] IN=ens3 OUT= MAC=56:00:03:85:82:df:fe:00:03:85:82:df:08:00 SRC=43.131.91.178 DST=158.247.223.84 LEN=52 TOS=0x00 PREC=0x00 TTL=47 ID=20450 DF PROTO=TCP SPT=21474 DPT=8057 WINDOW=65535 RES=0x00 SYN URGP=0 
