Jan 20 00:00:01 localhost rsyslogd:  [origin software="rsyslogd" swVersion="8.1901.0" x-pid="31730" x-info="https://www.rsyslog.com"] rsyslogd was HUPed
Jan 20 00:00:01 localhost systemd[1]: logrotate.service: Succeeded.
Jan 20 00:00:01 localhost systemd[1]: Started Rotate log files.
Jan 20 00:00:03 localhost kernel: [13478664.803369] [UFW BLOCK] IN=ens3 OUT= MAC=56:00:03:85:82:df:fe:00:03:85:82:df:08:00 SRC=152.32.255.215 DST=158.247.223.84 LEN=52 TOS=0x00 PREC=0x00 TTL=49 ID=30721 PROTO=TCP SPT=31745 DPT=32007 WINDOW=65535 RES=0x00 SYN URGP=0 
Jan 20 00:00:23 localhost kernel: [13478684.748931] [UFW BLOCK] IN=ens3 OUT= MAC=56:00:03:85:82:df:fe:00:03:85:82:df:08:00 SRC=89.248.168.112 DST=158.247.223.84 LEN=40 TOS=0x00 PREC=0x00 TTL=242 ID=54321 PROTO=TCP SPT=50792 DPT=1723 WINDOW=65535 RES=0x00 SYN URGP=0 
Jan 20 00:00:48 localhost kernel: [13478709.541182] [UFW BLOCK] IN=ens3 OUT= MAC=56:00:03:85:82:df:fe:00:03:85:82:df:08:00 SRC=45.134.26.238 DST=158.247.223.84 LEN=40 TOS=0x00 PREC=0x00 TTL=245 ID=32720 PROTO=TCP SPT=57070 DPT=2455 WINDOW=1024 RES=0x00 SYN URGP=0 
Jan 20 00:00:59 localhost kernel: [13478720.586047] [UFW BLOCK] IN=ens3 OUT= MAC=56:00:03:85:82:df:fe:00:03:85:82:df:08:00 SRC=45.143.203.3 DST=158.247.223.84 LEN=40 TOS=0x00 PREC=0x00 TTL=241 ID=31054 PROTO=TCP SPT=45221 DPT=33890 WINDOW=1024 RES=0x00 SYN URGP=0 
Jan 20 00:01:37 localhost kernel: [13478758.520983] [UFW BLOCK] IN=ens3 OUT= MAC=56:00:03:85:82:df:fe:00:03:85:82:df:08:00 SRC=185.220.205.106 DST=158.247.223.84 LEN=40 TOS=0x00 PREC=0x00 TTL=243 ID=54321 PROTO=TCP SPT=50999 DPT=7687 WINDOW=65535 RES=0x00 SYN URGP=0 
Jan 20 00:01:56 localhost kernel: [13478777.910543] [UFW BLOCK] IN=ens3 OUT= MAC=56:00:03:85:82:df:fe:00:03:85:82:df:08:00 SRC=185.167.97.229 DST=158.247.223.84 LEN=40 TOS=0x00 PREC=0x00 TTL=243 ID=54321 PROTO=TCP SPT=40927 DPT=8081 WINDOW=65535 RES=0x00 SYN URGP=0 
Jan 20 00:02:07 localhost kernel: [13478789.031786] [UFW BLOCK] IN=ens3 OUT= MAC=56:00:03:85:82:df:fe:00:03:85:82:df:08:00 SRC=162.142.125.93 DST=158.247.223.84 LEN=44 TOS=0x00 PREC=0x00 TTL=40 ID=42349 PROTO=TCP SPT=9795 DPT=12528 WINDOW=1024 RES=0x00 SYN URGP=0 
Jan 20 00:02:19 localhost kernel: [13478800.823078] [UFW BLOCK] IN=ens3 OUT= MAC=56:00:03:85:82:df:fe:00:03:85:82:df:08:00 SRC=45.134.26.233 DST=158.247.223.84 LEN=40 TOS=0x00 PREC=0x00 TTL=245 ID=6584 PROTO=TCP SPT=57015 DPT=61700 WINDOW=1024 RES=0x00 SYN URGP=0 
Jan 20 00:02:50 localhost kernel: [13478832.046824] [UFW BLOCK] IN=ens3 OUT= MAC=56:00:03:85:82:df:fe:00:03:85:82:df:08:00 SRC=89.248.163.140 DST=158.247.223.84 LEN=40 TOS=0x00 PREC=0x00 TTL=241 ID=54321 PROTO=TCP SPT=49677 DPT=24014 WINDOW=65535 RES=0x00 SYN URGP=0 
Jan 20 00:03:04 localhost kernel: [13478846.132564] [UFW BLOCK] IN=ens3 OUT= MAC=56:00:03:85:82:df:fe:00:03:85:82:df:08:00 SRC=89.248.165.104 DST=158.247.223.84 LEN=40 TOS=0x00 PREC=0x00 TTL=238 ID=21206 PROTO=TCP SPT=54457 DPT=9911 WINDOW=1024 RES=0x00 SYN URGP=0 
Jan 20 00:03:38 localhost kernel: [13478880.018925] [UFW BLOCK] IN=ens3 OUT= MAC=56:00:03:85:82:df:fe:00:03:85:82:df:08:00 SRC=45.134.26.231 DST=158.247.223.84 LEN=40 TOS=0x00 PREC=0x00 TTL=244 ID=25417 PROTO=TCP SPT=56974 DPT=38628 WINDOW=1024 RES=0x00 SYN URGP=0 
Jan 20 00:04:09 localhost kernel: [13478910.601219] [UFW BLOCK] IN=ens3 OUT= MAC=56:00:03:85:82:df:fe:00:03:85:82:df:08:00 SRC=145.40.96.203 DST=158.247.223.84 LEN=40 TOS=0x00 PREC=0x00 TTL=48 ID=4778 PROTO=TCP SPT=16345 DPT=23 WINDOW=23217 RES=0x00 SYN URGP=0 
Jan 20 00:04:10 localhost kernel: [13478911.967221] [UFW BLOCK] IN=ens3 OUT= MAC=56:00:03:85:82:df:fe:00:03:85:82:df:08:00 SRC=118.123.105.68 DST=158.247.223.84 LEN=40 TOS=0x00 PREC=0x00 TTL=240 ID=54321 PROTO=TCP SPT=41025 DPT=8085 WINDOW=65535 RES=0x00 SYN URGP=0 
Jan 20 00:04:23 localhost dockerd[8431]: time="2022-01-20T00:04:23.302485270Z" level=info msg="NetworkDB stats plemma(b3be9f6424e0) - netID:0rz6hg0qghb21juyqti61umko leaving:false netPeers:1 entries:2 Queue qLen:0 netMsg/s:0"
Jan 20 00:04:24 localhost kernel: [13478925.840789] [UFW BLOCK] IN=ens3 OUT= MAC=56:00:03:85:82:df:fe:00:03:85:82:df:08:00 SRC=192.241.216.152 DST=158.247.223.84 LEN=417 TOS=0x00 PREC=0x00 TTL=244 ID=54321 PROTO=UDP SPT=35299 DPT=5060 LEN=397 
Jan 20 00:04:44 localhost kernel: [13478945.848082] [UFW BLOCK] IN=ens3 OUT= MAC=56:00:03:85:82:df:fe:00:03:85:82:df:08:00 SRC=79.124.62.130 DST=158.247.223.84 LEN=40 TOS=0x00 PREC=0x00 TTL=240 ID=42258 PROTO=TCP SPT=44498 DPT=35361 WINDOW=1024 RES=0x00 SYN URGP=0 
Jan 20 00:05:01 localhost CRON[2753]: (root) CMD (command -v debian-sa1 > /dev/null && debian-sa1 1 1)
Jan 20 00:05:05 localhost kernel: [13478966.514628] [UFW BLOCK] IN=ens3 OUT= MAC=56:00:03:85:82:df:fe:00:03:85:82:df:08:00 SRC=209.237.154.222 DST=158.247.223.84 LEN=40 TOS=0x00 PREC=0x00 TTL=246 ID=54321 PROTO=TCP SPT=39972 DPT=108 WINDOW=65535 RES=0x00 SYN URGP=0 
Jan 20 00:05:25 localhost kernel: [13478986.593282] [UFW BLOCK] IN=ens3 OUT= MAC=56:00:03:85:82:df:fe:00:03:85:82:df:08:00 SRC=45.143.200.110 DST=158.247.223.84 LEN=40 TOS=0x00 PREC=0x00 TTL=240 ID=35235 PROTO=TCP SPT=45276 DPT=30599 WINDOW=1024 RES=0x00 SYN URGP=0 
Jan 20 00:05:43 localhost kernel: [13479004.819689] [UFW BLOCK] IN=ens3 OUT= MAC=56:00:03:85:82:df:fe:00:03:85:82:df:08:00 SRC=146.88.240.4 DST=158.247.223.84 LEN=30 TOS=0x00 PREC=0x00 TTL=243 ID=54321 PROTO=UDP SPT=48158 DPT=3283 LEN=10 
Jan 20 00:06:07 localhost kernel: [13479028.771507] [UFW BLOCK] IN=ens3 OUT= MAC=56:00:03:85:82:df:fe:00:03:85:82:df:08:00 SRC=89.248.165.60 DST=158.247.223.84 LEN=40 TOS=0x00 PREC=0x00 TTL=238 ID=54321 PROTO=TCP SPT=58923 DPT=6999 WINDOW=65535 RES=0x00 SYN URGP=0 
Jan 20 00:06:25 localhost kernel: [13479046.622513] [UFW BLOCK] IN=ens3 OUT= MAC=56:00:03:85:82:df:fe:00:03:85:82:df:08:00 SRC=209.141.36.37 DST=158.247.223.84 LEN=40 TOS=0x00 PREC=0x00 TTL=245 ID=54321 PROTO=TCP SPT=43357 DPT=85 WINDOW=65535 RES=0x00 SYN URGP=0 
Jan 20 00:06:54 localhost kernel: [13479076.369922] [UFW BLOCK] IN=ens3 OUT= MAC=56:00:03:85:82:df:fe:00:03:85:82:df:08:00 SRC=79.124.62.34 DST=158.247.223.84 LEN=40 TOS=0x00 PREC=0x00 TTL=240 ID=35881 PROTO=TCP SPT=43361 DPT=18043 WINDOW=1024 RES=0x00 SYN URGP=0 
Jan 20 00:07:03 localhost kernel: [13479085.124376] [UFW BLOCK] IN=ens3 OUT= MAC=56:00:03:85:82:df:fe:00:03:85:82:df:08:00 SRC=216.218.206.101 DST=158.247.223.84 LEN=40 TOS=0x00 PREC=0x00 TTL=244 ID=54321 PROTO=TCP SPT=54476 DPT=8000 WINDOW=65535 RES=0x00 SYN URGP=0 
Jan 20 00:07:25 localhost kernel: [13479107.132544] [UFW BLOCK] IN=ens3 OUT= MAC=56:00:03:85:82:df:fe:00:03:85:82:df:08:00 SRC=31.7.57.130 DST=158.247.223.84 LEN=40 TOS=0x00 PREC=0x00 TTL=240 ID=54321 PROTO=TCP SPT=46195 DPT=5555 WINDOW=65535 RES=0x00 SYN URGP=0 
Jan 20 00:07:44 localhost kernel: [13479125.567025] [UFW BLOCK] IN=ens3 OUT= MAC=56:00:03:85:82:df:fe:00:03:85:82:df:08:00 SRC=193.3.19.33 DST=158.247.223.84 LEN=40 TOS=0x00 PREC=0x00 TTL=245 ID=53357 PROTO=TCP SPT=57696 DPT=9254 WINDOW=1024 RES=0x00 SYN URGP=0 
Jan 20 00:08:10 localhost kernel: [13479151.925180] [UFW BLOCK] IN=ens3 OUT= MAC=56:00:03:85:82:df:fe:00:03:85:82:df:08:00 SRC=209.237.154.155 DST=158.247.223.84 LEN=40 TOS=0x00 PREC=0x00 TTL=246 ID=54321 PROTO=TCP SPT=41532 DPT=1479 WINDOW=65535 RES=0x00 SYN URGP=0 
Jan 20 00:08:19 localhost kernel: [13479160.709492] [UFW BLOCK] IN=ens3 OUT= MAC=56:00:03:85:82:df:fe:00:03:85:82:df:08:00 SRC=118.193.59.59 DST=158.247.223.84 LEN=52 TOS=0x00 PREC=0x00 TTL=51 ID=55222 PROTO=TCP SPT=56246 DPT=31520 WINDOW=65535 RES=0x00 SYN URGP=0 
Jan 20 00:08:53 localhost kernel: [13479195.438058] [UFW BLOCK] IN=ens3 OUT= MAC=56:00:03:85:82:df:fe:00:03:85:82:df:08:00 SRC=89.248.165.248 DST=158.247.223.84 LEN=40 TOS=0x00 PREC=0x00 TTL=238 ID=54321 PROTO=TCP SPT=47740 DPT=8080 WINDOW=65535 RES=0x00 SYN URGP=0 
Jan 20 00:09:01 localhost kernel: [13479202.541803] [UFW BLOCK] IN=ens3 OUT= MAC=56:00:03:85:82:df:fe:00:03:85:82:df:08:00 SRC=45.134.26.230 DST=158.247.223.84 LEN=40 TOS=0x00 PREC=0x00 TTL=245 ID=30387 PROTO=TCP SPT=56960 DPT=43579 WINDOW=1024 RES=0x00 SYN URGP=0 
Jan 20 00:09:01 localhost CRON[3049]: (root) CMD (  [ -x /usr/lib/php/sessionclean ] && if [ ! -d /run/systemd/system ]; then /usr/lib/php/sessionclean; fi)
Jan 20 00:09:01 localhost systemd[1]: Starting Clean php session files...
Jan 20 00:09:01 localhost systemd[1]: phpsessionclean.service: Succeeded.
Jan 20 00:09:01 localhost systemd[1]: Started Clean php session files.
Jan 20 00:09:23 localhost dockerd[8431]: time="2022-01-20T00:09:23.502444080Z" level=info msg="NetworkDB stats plemma(b3be9f6424e0) - netID:0rz6hg0qghb21juyqti61umko leaving:false netPeers:1 entries:2 Queue qLen:0 netMsg/s:0"
Jan 20 00:09:45 localhost kernel: [13479246.747531] [UFW BLOCK] IN=ens3 OUT= MAC=56:00:03:85:82:df:fe:00:03:85:82:df:08:00 SRC=192.241.206.206 DST=158.247.223.84 LEN=40 TOS=0x00 PREC=0x00 TTL=244 ID=54321 PROTO=TCP SPT=44757 DPT=5800 WINDOW=65535 RES=0x00 SYN URGP=0 
Jan 20 00:09:48 localhost kernel: [13479249.630362] [UFW BLOCK] IN=ens3 OUT= MAC=56:00:03:85:82:df:fe:00:03:85:82:df:08:00 SRC=92.63.197.94 DST=158.247.223.84 LEN=40 TOS=0x00 PREC=0x00 TTL=239 ID=24157 PROTO=TCP SPT=56156 DPT=2000 WINDOW=1024 RES=0x00 SYN URGP=0 
Jan 20 00:10:02 localhost kernel: [13479264.172609] [UFW BLOCK] IN=ens3 OUT= MAC=56:00:03:85:82:df:fe:00:03:85:82:df:08:00 SRC=194.165.16.11 DST=158.247.223.84 LEN=52 TOS=0x02 PREC=0x00 TTL=116 ID=9442 DF PROTO=TCP SPT=6718 DPT=3389 WINDOW=8192 RES=0x00 CWR ECE SYN URGP=0 
Jan 20 00:10:26 localhost kernel: [13479287.899428] [UFW BLOCK] IN=ens3 OUT= MAC=56:00:03:85:82:df:fe:00:03:85:82:df:08:00 SRC=162.142.125.70 DST=158.247.223.84 LEN=44 TOS=0x00 PREC=0x00 TTL=40 ID=31062 PROTO=TCP SPT=22281 DPT=4505 WINDOW=1024 RES=0x00 SYN URGP=0 
Jan 20 00:11:16 localhost kernel: [13479338.394745] [UFW BLOCK] IN=ens3 OUT= MAC=56:00:03:85:82:df:fe:00:03:85:82:df:08:00 SRC=162.142.125.173 DST=158.247.223.84 LEN=44 TOS=0x00 PREC=0x00 TTL=40 ID=16237 PROTO=TCP SPT=49547 DPT=55954 WINDOW=1024 RES=0x00 SYN URGP=0 
Jan 20 00:11:27 localhost kernel: [13479348.544867] [UFW BLOCK] IN=ens3 OUT= MAC=56:00:03:85:82:df:fe:00:03:85:82:df:08:00 SRC=192.241.218.83 DST=158.247.223.84 LEN=40 TOS=0x00 PREC=0x00 TTL=244 ID=54321 PROTO=TCP SPT=49833 DPT=5986 WINDOW=65535 RES=0x00 SYN URGP=0 
Jan 20 00:11:32 localhost kernel: [13479354.363136] [UFW BLOCK] IN=ens3 OUT= MAC=56:00:03:85:82:df:fe:00:03:85:82:df:08:00 SRC=79.124.62.130 DST=158.247.223.84 LEN=40 TOS=0x00 PREC=0x00 TTL=240 ID=17240 PROTO=TCP SPT=44498 DPT=34385 WINDOW=1024 RES=0x00 SYN URGP=0 
Jan 20 00:11:50 localhost kernel: [13479372.170004] [UFW BLOCK] IN=ens3 OUT= MAC=56:00:03:85:82:df:fe:00:03:85:82:df:08:00 SRC=178.62.106.67 DST=158.247.223.84 LEN=40 TOS=0x00 PREC=0x00 TTL=239 ID=18635 PROTO=TCP SPT=49815 DPT=80 WINDOW=1024 RES=0x00 SYN URGP=0 
Jan 20 00:12:01 localhost kernel: [13479382.560352] [UFW BLOCK] IN=ens3 OUT= MAC=56:00:03:85:82:df:fe:00:03:85:82:df:08:00 SRC=79.124.62.86 DST=158.247.223.84 LEN=40 TOS=0x00 PREC=0x00 TTL=240 ID=45708 PROTO=TCP SPT=44495 DPT=42570 WINDOW=1024 RES=0x00 SYN URGP=0 
Jan 20 00:13:13 localhost kernel: [13479455.095276] [UFW BLOCK] IN=ens3 OUT= MAC=56:00:03:85:82:df:fe:00:03:85:82:df:08:00 SRC=64.62.197.112 DST=158.247.223.84 LEN=40 TOS=0x00 PREC=0x00 TTL=244 ID=54321 PROTO=TCP SPT=54475 DPT=631 WINDOW=65535 RES=0x00 SYN URGP=0 
Jan 20 00:13:16 localhost kernel: [13479458.079961] [UFW BLOCK] IN=ens3 OUT= MAC=56:00:03:85:82:df:fe:00:03:85:82:df:08:00 SRC=162.142.125.80 DST=158.247.223.84 LEN=44 TOS=0x00 PREC=0x00 TTL=40 ID=25632 PROTO=TCP SPT=6403 DPT=12501 WINDOW=1024 RES=0x00 SYN URGP=0 
Jan 20 00:13:29 localhost kernel: [13479471.110746] [UFW BLOCK] IN=ens3 OUT= MAC=56:00:03:85:82:df:fe:00:03:85:82:df:08:00 SRC=167.248.133.18 DST=158.247.223.84 LEN=44 TOS=0x00 PREC=0x00 TTL=39 ID=3810 PROTO=TCP SPT=26027 DPT=2082 WINDOW=1024 RES=0x00 SYN URGP=0 
Jan 20 00:13:33 localhost kernel: [13479474.894993] [UFW BLOCK] IN=ens3 OUT= MAC=56:00:03:85:82:df:fe:00:03:85:82:df:08:00 SRC=45.143.200.50 DST=158.247.223.84 LEN=40 TOS=0x00 PREC=0x00 TTL=240 ID=52489 PROTO=TCP SPT=52936 DPT=61425 WINDOW=1024 RES=0x00 SYN URGP=0 
Jan 20 00:13:39 localhost kernel: [13479481.069016] [UFW BLOCK] IN=ens3 OUT= MAC=56:00:03:85:82:df:fe:00:03:85:82:df:08:00 SRC=71.6.233.187 DST=158.247.223.84 LEN=40 TOS=0x00 PREC=0x00 TTL=244 ID=54321 PROTO=TCP SPT=995 DPT=995 WINDOW=65535 RES=0x00 SYN URGP=0 
Jan 20 00:14:01 localhost kernel: [13479503.431538] [UFW BLOCK] IN=ens3 OUT= MAC=56:00:03:85:82:df:fe:00:03:85:82:df:08:00 SRC=79.124.62.86 DST=158.247.223.84 LEN=40 TOS=0x00 PREC=0x00 TTL=240 ID=17040 PROTO=TCP SPT=44495 DPT=39914 WINDOW=1024 RES=0x00 SYN URGP=0 
Jan 20 00:14:23 localhost dockerd[8431]: time="2022-01-20T00:14:23.702451889Z" level=info msg="NetworkDB stats plemma(b3be9f6424e0) - netID:0rz6hg0qghb21juyqti61umko leaving:false netPeers:1 entries:2 Queue qLen:0 netMsg/s:0"
Jan 20 00:14:52 localhost kernel: [13479553.546685] [UFW BLOCK] IN=ens3 OUT= MAC=56:00:03:85:82:df:fe:00:03:85:82:df:08:00 SRC=106.55.41.98 DST=158.247.223.84 LEN=40 TOS=0x00 PREC=0x00 TTL=237 ID=20276 PROTO=TCP SPT=56324 DPT=2375 WINDOW=1024 RES=0x00 SYN URGP=0 
Jan 20 00:15:01 localhost CRON[3540]: (root) CMD (command -v debian-sa1 > /dev/null && debian-sa1 1 1)
Jan 20 00:15:03 localhost kernel: [13479564.768604] [UFW BLOCK] IN=ens3 OUT= MAC=56:00:03:85:82:df:fe:00:03:85:82:df:08:00 SRC=69.164.208.216 DST=158.247.223.84 LEN=60 TOS=0x00 PREC=0x00 TTL=49 ID=23328 DF PROTO=TCP SPT=47754 DPT=80 WINDOW=29200 RES=0x00 SYN URGP=0 
Jan 20 00:15:03 localhost kernel: [13479565.321313] [UFW BLOCK] IN=ens3 OUT= MAC=56:00:03:85:82:df:fe:00:03:85:82:df:08:00 SRC=69.164.208.216 DST=158.247.223.84 LEN=60 TOS=0x00 PREC=0x00 TTL=49 ID=34206 DF PROTO=TCP SPT=59940 DPT=443 WINDOW=29200 RES=0x00 SYN URGP=0 
Jan 20 00:15:22 localhost kernel: [13479583.460909] [UFW BLOCK] IN=ens3 OUT= MAC=56:00:03:85:82:df:fe:00:03:85:82:df:08:00 SRC=69.164.208.216 DST=158.247.223.84 LEN=60 TOS=0x00 PREC=0x00 TTL=49 ID=32972 DF PROTO=TCP SPT=48700 DPT=8080 WINDOW=29200 RES=0x00 SYN URGP=0 
Jan 20 00:15:31 localhost postfix/smtpd[3594]: connect from zx1.quadmetrics.com[71.6.232.5]
Jan 20 00:15:31 localhost postfix/smtpd[3594]: disconnect from zx1.quadmetrics.com[71.6.232.5] ehlo=1 quit=1 commands=2
Jan 20 00:15:39 localhost kernel: [13479601.253645] [UFW BLOCK] IN=ens3 OUT= MAC=56:00:03:85:82:df:fe:00:03:85:82:df:08:00 SRC=69.164.208.216 DST=158.247.223.84 LEN=60 TOS=0x00 PREC=0x00 TTL=49 ID=58642 DF PROTO=TCP SPT=52706 DPT=8443 WINDOW=29200 RES=0x00 SYN URGP=0 
Jan 20 00:16:00 localhost kernel: [13479621.549360] [UFW BLOCK] IN=ens3 OUT= MAC=56:00:03:85:82:df:fe:00:03:85:82:df:08:00 SRC=69.164.208.216 DST=158.247.223.84 LEN=60 TOS=0x00 PREC=0x00 TTL=49 ID=26149 DF PROTO=TCP SPT=55236 DPT=8443 WINDOW=29200 RES=0x00 SYN URGP=0 
Jan 20 00:16:29 localhost kernel: [13479651.266087] [UFW BLOCK] IN=ens3 OUT= MAC=56:00:03:85:82:df:fe:00:03:85:82:df:08:00 SRC=209.237.154.136 DST=158.247.223.84 LEN=40 TOS=0x00 PREC=0x00 TTL=246 ID=54321 PROTO=TCP SPT=48245 DPT=120 WINDOW=65535 RES=0x00 SYN URGP=0 
Jan 20 00:16:53 localhost kernel: [13479674.579593] [UFW BLOCK] IN=ens3 OUT= MAC=56:00:03:85:82:df:fe:00:03:85:82:df:08:00 SRC=79.124.62.78 DST=158.247.223.84 LEN=40 TOS=0x00 PREC=0x00 TTL=240 ID=53821 PROTO=TCP SPT=44497 DPT=29248 WINDOW=1024 RES=0x00 SYN URGP=0 
Jan 20 00:17:01 localhost CRON[3696]: (root) CMD (   cd / && run-parts --report /etc/cron.hourly)
Jan 20 00:17:05 localhost kernel: [13479687.103177] [UFW BLOCK] IN=ens3 OUT= MAC=56:00:03:85:82:df:fe:00:03:85:82:df:08:00 SRC=218.250.129.55 DST=158.247.223.84 LEN=40 TOS=0x00 PREC=0x00 TTL=54 ID=56762 PROTO=TCP SPT=27718 DPT=5555 WINDOW=58712 RES=0x00 SYN URGP=0 
Jan 20 00:17:35 localhost kernel: [13479717.308372] [UFW BLOCK] IN=ens3 OUT= MAC=56:00:03:85:82:df:fe:00:03:85:82:df:08:00 SRC=162.142.125.20 DST=158.247.223.84 LEN=76 TOS=0x00 PREC=0x00 TTL=40 ID=4164 PROTO=UDP SPT=29872 DPT=123 LEN=56 
Jan 20 00:17:47 localhost kernel: [13479729.421175] [UFW BLOCK] IN=ens3 OUT= MAC=56:00:03:85:82:df:fe:00:03:85:82:df:08:00 SRC=61.219.11.151 DST=158.247.223.84 LEN=40 TOS=0x00 PREC=0x00 TTL=244 ID=57029 PROTO=TCP SPT=63166 DPT=8080 WINDOW=1024 RES=0x00 SYN URGP=0 
Jan 20 00:18:02 localhost kernel: [13479744.342708] [UFW BLOCK] IN=ens3 OUT= MAC=56:00:03:85:82:df:fe:00:03:85:82:df:08:00 SRC=45.146.166.112 DST=158.247.223.84 LEN=40 TOS=0x00 PREC=0x00 TTL=244 ID=57917 PROTO=TCP SPT=57111 DPT=4516 WINDOW=1024 RES=0x00 SYN URGP=0 
Jan 20 00:18:40 localhost kernel: [13479782.139943] [UFW BLOCK] IN=ens3 OUT= MAC=56:00:03:85:82:df:fe:00:03:85:82:df:08:00 SRC=45.146.165.37 DST=158.247.223.84 LEN=60 TOS=0x00 PREC=0x00 TTL=54 ID=56106 DF PROTO=TCP SPT=34492 DPT=5432 WINDOW=64240 RES=0x00 SYN URGP=0 
Jan 20 00:18:52 localhost postfix/anvil[3596]: statistics: max connection rate 1/60s for (smtp:71.6.232.5) at Jan 20 00:15:31
Jan 20 00:18:52 localhost postfix/anvil[3596]: statistics: max connection count 1 for (smtp:71.6.232.5) at Jan 20 00:15:31
Jan 20 00:18:52 localhost postfix/anvil[3596]: statistics: max cache size 1 at Jan 20 00:15:31
Jan 20 00:18:55 localhost kernel: [13479797.287703] [UFW BLOCK] IN=ens3 OUT= MAC=56:00:03:85:82:df:fe:00:03:85:82:df:08:00 SRC=185.165.190.17 DST=158.247.223.84 LEN=44 TOS=0x00 PREC=0x00 TTL=112 ID=65108 PROTO=TCP SPT=24858 DPT=33060 WINDOW=4938 RES=0x00 SYN URGP=0 
Jan 20 00:19:08 localhost kernel: [13479809.507363] [UFW BLOCK] IN=ens3 OUT= MAC=56:00:03:85:82:df:fe:00:03:85:82:df:08:00 SRC=45.146.166.123 DST=158.247.223.84 LEN=40 TOS=0x00 PREC=0x00 TTL=244 ID=35812 PROTO=TCP SPT=57237 DPT=31989 WINDOW=1024 RES=0x00 SYN URGP=0 
Jan 20 00:19:23 localhost dockerd[8431]: time="2022-01-20T00:19:23.902474836Z" level=info msg="NetworkDB stats plemma(b3be9f6424e0) - netID:0rz6hg0qghb21juyqti61umko leaving:false netPeers:1 entries:2 Queue qLen:0 netMsg/s:0"
Jan 20 00:19:56 localhost kernel: [13479857.961791] [UFW BLOCK] IN=ens3 OUT= MAC=56:00:03:85:82:df:fe:00:03:85:82:df:08:00 SRC=79.124.62.82 DST=158.247.223.84 LEN=40 TOS=0x00 PREC=0x00 TTL=240 ID=50232 PROTO=TCP SPT=44493 DPT=3232 WINDOW=1024 RES=0x00 SYN URGP=0 
Jan 20 00:20:11 localhost kernel: [13479873.115373] [UFW BLOCK] IN=ens3 OUT= MAC=56:00:03:85:82:df:fe:00:03:85:82:df:08:00 SRC=223.130.88.11 DST=158.247.223.84 LEN=60 TOS=0x00 PREC=0x00 TTL=50 ID=35899 DF PROTO=TCP SPT=60043 DPT=25 WINDOW=29200 RES=0x00 SYN URGP=0 
Jan 20 00:20:12 localhost postfix/smtpd[3919]: connect from unknown[223.130.88.11]
Jan 20 00:20:12 localhost postfix/trivial-rewrite[3922]: warning: do not list domain lamc.la in BOTH mydestination and virtual_alias_domains
Jan 20 00:20:12 localhost postfix/smtpd[3919]: 28CB21A4E: client=unknown[223.130.88.11]
Jan 20 00:20:12 localhost postfix/cleanup[3923]: 28CB21A4E: message-id=<20220119073736.1D872B2618C29047@shuautomotive.com>
Jan 20 00:20:12 localhost postfix/qmgr[32066]: 28CB21A4E: from=<info@shuautomotive.com>, size=10749, nrcpt=1 (queue active)
Jan 20 00:20:12 localhost postfix/trivial-rewrite[3922]: warning: do not list domain lamc.la in BOTH mydestination and virtual_alias_domains
Jan 20 00:20:12 localhost postfix/smtpd[3919]: disconnect from unknown[223.130.88.11] ehlo=1 mail=1 rcpt=1 data=1 quit=1 commands=5
Jan 20 00:20:12 localhost postfix/local[3924]: 28CB21A4E: to=<adam@lamc.la>, relay=local, delay=0.03, delays=0.02/0.01/0/0, dsn=2.0.0, status=sent (delivered to maildir)
Jan 20 00:20:12 localhost postfix/qmgr[32066]: 28CB21A4E: removed
Jan 20 00:20:14 localhost kernel: [13479876.216502] [UFW BLOCK] IN=ens3 OUT= MAC=56:00:03:85:82:df:fe:00:03:85:82:df:08:00 SRC=64.227.179.57 DST=158.247.223.84 LEN=40 TOS=0x00 PREC=0x00 TTL=242 ID=53108 PROTO=TCP SPT=57968 DPT=3306 WINDOW=1024 RES=0x00 SYN URGP=0 
Jan 20 00:20:43 localhost kernel: [13479904.735582] [UFW BLOCK] IN=ens3 OUT= MAC=56:00:03:85:82:df:fe:00:03:85:82:df:08:00 SRC=138.199.32.105 DST=158.247.223.84 LEN=40 TOS=0x00 PREC=0x00 TTL=244 ID=54321 PROTO=TCP SPT=37178 DPT=7070 WINDOW=65535 RES=0x00 SYN URGP=0 
Jan 20 00:21:10 localhost kernel: [13479932.196002] [UFW BLOCK] IN=ens3 OUT= MAC=56:00:03:85:82:df:fe:00:03:85:82:df:08:00 SRC=45.134.26.236 DST=158.247.223.84 LEN=40 TOS=0x00 PREC=0x00 TTL=244 ID=35991 PROTO=TCP SPT=57056 DPT=648 WINDOW=1024 RES=0x00 SYN URGP=0 
Jan 20 00:21:44 localhost kernel: [13479965.829538] [UFW BLOCK] IN=ens3 OUT= MAC=56:00:03:85:82:df:fe:00:03:85:82:df:08:00 SRC=92.63.197.94 DST=158.247.223.84 LEN=40 TOS=0x00 PREC=0x00 TTL=239 ID=9742 PROTO=TCP SPT=56156 DPT=8888 WINDOW=1024 RES=0x00 SYN URGP=0 
Jan 20 00:21:51 localhost kernel: [13479973.169693] [UFW BLOCK] IN=ens3 OUT= MAC=56:00:03:85:82:df:fe:00:03:85:82:df:08:00 SRC=79.124.62.86 DST=158.247.223.84 LEN=40 TOS=0x00 PREC=0x00 TTL=240 ID=62624 PROTO=TCP SPT=44495 DPT=6181 WINDOW=1024 RES=0x00 SYN URGP=0 
Jan 20 00:22:02 localhost kernel: [13479984.129451] [UFW BLOCK] IN=ens3 OUT= MAC=56:00:03:85:82:df:fe:00:03:85:82:df:08:00 SRC=162.142.125.90 DST=158.247.223.84 LEN=44 TOS=0x00 PREC=0x00 TTL=40 ID=48650 PROTO=TCP SPT=38007 DPT=12322 WINDOW=1024 RES=0x00 SYN URGP=0 
Jan 20 00:22:10 localhost kernel: [13479991.665442] [UFW BLOCK] IN=ens3 OUT= MAC=56:00:03:85:82:df:fe:00:03:85:82:df:08:00 SRC=92.222.120.150 DST=158.247.223.84 LEN=78 TOS=0x00 PREC=0x00 TTL=47 ID=28790 DF PROTO=UDP SPT=14441 DPT=8083 LEN=58 
Jan 20 00:22:37 localhost kernel: [13480019.191600] [UFW BLOCK] IN=ens3 OUT= MAC=56:00:03:85:82:df:fe:00:03:85:82:df:08:00 SRC=89.248.165.59 DST=158.247.223.84 LEN=40 TOS=0x00 PREC=0x00 TTL=241 ID=24131 PROTO=TCP SPT=49871 DPT=9991 WINDOW=1024 RES=0x00 SYN URGP=0 
Jan 20 00:22:39 localhost kernel: [13480021.457777] [UFW BLOCK] IN=ens3 OUT= MAC=56:00:03:85:82:df:fe:00:03:85:82:df:08:00 SRC=64.62.197.158 DST=158.247.223.84 LEN=40 TOS=0x00 PREC=0x00 TTL=244 ID=54321 PROTO=TCP SPT=53508 DPT=873 WINDOW=65535 RES=0x00 SYN URGP=0 
Jan 20 00:23:15 localhost kernel: [13480056.897313] [UFW BLOCK] IN=ens3 OUT= MAC=56:00:03:85:82:df:fe:00:03:85:82:df:08:00 SRC=45.134.26.230 DST=158.247.223.84 LEN=40 TOS=0x00 PREC=0x00 TTL=244 ID=63576 PROTO=TCP SPT=56960 DPT=19400 WINDOW=1024 RES=0x00 SYN URGP=0 
Jan 20 00:23:32 localhost postfix/anvil[3921]: statistics: max connection rate 1/60s for (smtp:223.130.88.11) at Jan 20 00:20:12
Jan 20 00:23:32 localhost postfix/anvil[3921]: statistics: max connection count 1 for (smtp:223.130.88.11) at Jan 20 00:20:12
Jan 20 00:23:32 localhost postfix/anvil[3921]: statistics: max cache size 1 at Jan 20 00:20:12
Jan 20 00:23:33 localhost kernel: [13480074.652980] [UFW BLOCK] IN=ens3 OUT= MAC=56:00:03:85:82:df:fe:00:03:85:82:df:08:00 SRC=209.237.154.196 DST=158.247.223.84 LEN=40 TOS=0x00 PREC=0x00 TTL=246 ID=54321 PROTO=TCP SPT=39395 DPT=763 WINDOW=65535 RES=0x00 SYN URGP=0 
Jan 20 00:24:10 localhost kernel: [13480111.528360] [UFW BLOCK] IN=ens3 OUT= MAC=56:00:03:85:82:df:fe:00:03:85:82:df:08:00 SRC=89.248.165.248 DST=158.247.223.84 LEN=40 TOS=0x00 PREC=0x00 TTL=241 ID=54321 PROTO=TCP SPT=36546 DPT=8443 WINDOW=65535 RES=0x00 SYN URGP=0 
Jan 20 00:24:19 localhost kernel: [13480121.154225] [UFW BLOCK] IN=ens3 OUT= MAC=56:00:03:85:82:df:fe:00:03:85:82:df:08:00 SRC=209.237.154.205 DST=158.247.223.84 LEN=40 TOS=0x00 PREC=0x00 TTL=246 ID=54321 PROTO=TCP SPT=35347 DPT=1538 WINDOW=65535 RES=0x00 SYN URGP=0 
Jan 20 00:24:22 localhost kernel: [13480123.930413] [UFW BLOCK] IN=ens3 OUT= MAC=56:00:03:85:82:df:fe:00:03:85:82:df:08:00 SRC=110.52.168.41 DST=158.247.223.84 LEN=40 TOS=0x00 PREC=0x00 TTL=50 ID=44727 PROTO=TCP SPT=31567 DPT=23 WINDOW=5935 RES=0x00 SYN URGP=0 
Jan 20 00:24:24 localhost dockerd[8431]: time="2022-01-20T00:24:24.102562782Z" level=info msg="NetworkDB stats plemma(b3be9f6424e0) - netID:0rz6hg0qghb21juyqti61umko leaving:false netPeers:1 entries:2 Queue qLen:0 netMsg/s:0"
Jan 20 00:24:50 localhost kernel: [13480151.618792] [UFW BLOCK] IN=ens3 OUT= MAC=56:00:03:85:82:df:fe:00:03:85:82:df:08:00 SRC=89.248.165.248 DST=158.247.223.84 LEN=40 TOS=0x00 PREC=0x00 TTL=241 ID=54321 PROTO=TCP SPT=60936 DPT=8080 WINDOW=65535 RES=0x00 SYN URGP=0 
Jan 20 00:25:01 localhost CRON[4292]: (root) CMD (command -v debian-sa1 > /dev/null && debian-sa1 1 1)
Jan 20 00:25:31 localhost kernel: [13480192.727359] [UFW BLOCK] IN=ens3 OUT= MAC=56:00:03:85:82:df:fe:00:03:85:82:df:08:00 SRC=183.136.226.3 DST=158.247.223.84 LEN=44 TOS=0x00 PREC=0x00 TTL=110 ID=58567 PROTO=TCP SPT=40100 DPT=4443 WINDOW=29200 RES=0x00 SYN URGP=0 
Jan 20 00:25:32 localhost kernel: [13480194.337655] [UFW BLOCK] IN=ens3 OUT= MAC=56:00:03:85:82:df:fe:00:03:85:82:df:08:00 SRC=45.134.26.57 DST=158.247.223.84 LEN=40 TOS=0x00 PREC=0x00 TTL=245 ID=42054 PROTO=TCP SPT=56947 DPT=59242 WINDOW=1024 RES=0x00 SYN URGP=0 
Jan 20 00:25:39 localhost kernel: [13480200.920722] [UFW BLOCK] IN=ens3 OUT= MAC=56:00:03:85:82:df:fe:00:03:85:82:df:08:00 SRC=185.167.96.138 DST=158.247.223.84 LEN=40 TOS=0x00 PREC=0x00 TTL=243 ID=54321 PROTO=TCP SPT=50861 DPT=4643 WINDOW=65535 RES=0x00 SYN URGP=0 
Jan 20 00:26:08 localhost kernel: [13480230.343387] [UFW BLOCK] IN=ens3 OUT= MAC=56:00:03:85:82:df:fe:00:03:85:82:df:08:00 SRC=209.85.167.69 DST=158.247.223.84 LEN=60 TOS=0x00 PREC=0x00 TTL=106 ID=4646 PROTO=TCP SPT=40932 DPT=25 WINDOW=65535 RES=0x00 SYN URGP=0 
Jan 20 00:26:09 localhost postfix/smtpd[4367]: connect from mail-lf1-f69.google.com[209.85.167.69]
Jan 20 00:26:11 localhost postfix/smtpd[4367]: NOQUEUE: reject: RCPT from mail-lf1-f69.google.com[209.85.167.69]: 454 4.7.1 <unsubscribe@liber-t.xyz>: Relay access denied; from=<jha@jhalit.com> to=<unsubscribe@liber-t.xyz> proto=ESMTP helo=<mail-lf1-f69.google.com>
Jan 20 00:26:11 localhost postfix/smtpd[4367]: disconnect from mail-lf1-f69.google.com[209.85.167.69] ehlo=2 starttls=1 mail=1 rcpt=0/1 bdat=0/1 quit=1 commands=5/7
Jan 20 00:26:26 localhost kernel: [13480247.955938] [UFW BLOCK] IN=ens3 OUT= MAC=56:00:03:85:82:df:fe:00:03:85:82:df:08:00 SRC=193.3.19.132 DST=158.247.223.84 LEN=40 TOS=0x00 PREC=0x00 TTL=245 ID=4980 PROTO=TCP SPT=48579 DPT=38226 WINDOW=1024 RES=0x00 SYN URGP=0 
Jan 20 00:26:34 localhost postfix/smtpd[4367]: connect from mail-ua1-f72.google.com[209.85.222.72]
Jan 20 00:26:35 localhost postfix/trivial-rewrite[4370]: warning: do not list domain reallyhim.com in BOTH mydestination and virtual_alias_domains
Jan 20 00:26:35 localhost postfix/smtpd[4367]: 8EC381A4E: client=mail-ua1-f72.google.com[209.85.222.72]
Jan 20 00:26:35 localhost postfix/cleanup[4390]: 8EC381A4E: message-id=<8A5C19E0-238D-4FF7-B6B1-8FFE34D738DC@rocketmail.com>
Jan 20 00:26:35 localhost postfix/qmgr[32066]: 8EC381A4E: from=<owner-arbird-l*adam5**REALLYHIM*-COM@listserv.uark.edu>, size=18723, nrcpt=3 (queue active)
Jan 20 00:26:35 localhost postfix/trivial-rewrite[4370]: warning: do not list domain fromthemachine.org in BOTH mydestination and virtual_alias_domains
Jan 20 00:26:35 localhost postfix/local[4392]: 8EC381A4E: to=<adam@localhost>, orig_to=<adam5@reallyhim.com>, relay=local, delay=0.22, delays=0.19/0.02/0/0, dsn=2.0.0, status=sent (delivered to maildir)
Jan 20 00:26:35 localhost postfix/local[4392]: 8EC381A4E: to=<ftm@fromthemachine.org>, orig_to=<adam5@reallyhim.com>, relay=local, delay=0.24, delays=0.19/0.02/0/0.02, dsn=5.1.1, status=bounced (unknown user: "ftm")
Jan 20 00:26:36 localhost postfix/smtpd[4367]: disconnect from mail-ua1-f72.google.com[209.85.222.72] ehlo=2 starttls=1 mail=1 rcpt=1 bdat=1 quit=1 commands=7
Jan 20 00:26:37 localhost postfix/smtp[4391]: 8EC381A4E: to=<0xc514f094370cfc5ee45a1dd9b72bb9675efe266f@ethmail.cc>, orig_to=<adam5@reallyhim.com>, relay=smtp-relay.gmail.com[142.250.157.28]:587, delay=2.2, delays=0.19/0.03/1.3/0.61, dsn=2.0.0, status=sent (250 2.0.0 OK  1642638397 z11sm1796085pjf.10 - gsmtp)
Jan 20 00:26:37 localhost postfix/cleanup[4390]: B13D6F665: message-id=<20220120002637.B13D6F665@plemma.cc>
Jan 20 00:26:37 localhost postfix/qmgr[32066]: B13D6F665: from=<>, size=20675, nrcpt=1 (queue active)
Jan 20 00:26:37 localhost postfix/bounce[4394]: 8EC381A4E: sender non-delivery notification: B13D6F665
Jan 20 00:26:37 localhost postfix/qmgr[32066]: 8EC381A4E: removed
Jan 20 00:26:37 localhost postfix/smtp[4391]: connect to smtp-relay.gmail.com[2404:6800:4008:c13::1c]:587: Network is unreachable
Jan 20 00:26:39 localhost postfix/smtp[4391]: B13D6F665: to=<owner-arbird-l*adam5**REALLYHIM*-COM@listserv.uark.edu>, relay=smtp-relay.gmail.com[142.250.157.28]:587, delay=2, delays=0/0/1.3/0.71, dsn=2.0.0, status=sent (250 2.0.0 OK  1642638399 t8sm427810otc.9 - gsmtp)
Jan 20 00:26:39 localhost postfix/qmgr[32066]: B13D6F665: removed
Jan 20 00:26:40 localhost kernel: [13480261.908641] [UFW BLOCK] IN=ens3 OUT= MAC=56:00:03:85:82:df:fe:00:03:85:82:df:08:00 SRC=45.143.200.110 DST=158.247.223.84 LEN=40 TOS=0x00 PREC=0x00 TTL=240 ID=45714 PROTO=TCP SPT=45276 DPT=37725 WINDOW=1024 RES=0x00 SYN URGP=0 
Jan 20 00:27:14 localhost kernel: [13480296.323512] [UFW BLOCK] IN=ens3 OUT= MAC=56:00:03:85:82:df:fe:00:03:85:82:df:08:00 SRC=167.94.146.20 DST=158.247.223.84 LEN=44 TOS=0x00 PREC=0x00 TTL=40 ID=48564 PROTO=TCP SPT=44782 DPT=48084 WINDOW=1024 RES=0x00 SYN URGP=0 
Jan 20 00:27:44 localhost kernel: [13480325.997363] [UFW BLOCK] IN=ens3 OUT= MAC=56:00:03:85:82:df:fe:00:03:85:82:df:08:00 SRC=209.237.154.226 DST=158.247.223.84 LEN=40 TOS=0x00 PREC=0x00 TTL=246 ID=54321 PROTO=TCP SPT=35776 DPT=4672 WINDOW=65535 RES=0x00 SYN URGP=0 
Jan 20 00:28:16 localhost kernel: [13480357.758663] [UFW BLOCK] IN=ens3 OUT= MAC=56:00:03:85:82:df:fe:00:03:85:82:df:08:00 SRC=45.146.166.115 DST=158.247.223.84 LEN=40 TOS=0x00 PREC=0x00 TTL=245 ID=8106 PROTO=TCP SPT=57138 DPT=46455 WINDOW=1024 RES=0x00 SYN URGP=0 
Jan 20 00:28:18 localhost kernel: [13480360.153111] [UFW BLOCK] IN=ens3 OUT= MAC=56:00:03:85:82:df:fe:00:03:85:82:df:08:00 SRC=209.237.154.177 DST=158.247.223.84 LEN=40 TOS=0x00 PREC=0x00 TTL=246 ID=54321 PROTO=TCP SPT=53809 DPT=355 WINDOW=65535 RES=0x00 SYN URGP=0 
Jan 20 00:28:35 localhost kernel: [13480376.905431] [UFW BLOCK] IN=ens3 OUT= MAC=56:00:03:85:82:df:fe:00:03:85:82:df:08:00 SRC=79.124.62.86 DST=158.247.223.84 LEN=40 TOS=0x00 PREC=0x00 TTL=240 ID=47924 PROTO=TCP SPT=44495 DPT=48833 WINDOW=1024 RES=0x00 SYN URGP=0 
Jan 20 00:28:39 localhost kernel: [13480380.980867] [UFW BLOCK] IN=ens3 OUT= MAC=56:00:03:85:82:df:fe:00:03:85:82:df:08:00 SRC=45.134.26.233 DST=158.247.223.84 LEN=40 TOS=0x00 PREC=0x00 TTL=245 ID=15525 PROTO=TCP SPT=57015 DPT=7587 WINDOW=1024 RES=0x00 SYN URGP=0 
Jan 20 00:29:05 localhost kernel: [13480407.190853] [UFW BLOCK] IN=ens3 OUT= MAC=56:00:03:85:82:df:fe:00:03:85:82:df:08:00 SRC=71.6.146.186 DST=158.247.223.84 LEN=44 TOS=0x00 PREC=0x00 TTL=117 ID=31221 PROTO=TCP SPT=32335 DPT=264 WINDOW=7284 RES=0x00 SYN URGP=0 
Jan 20 00:29:24 localhost dockerd[8431]: time="2022-01-20T00:29:24.302467784Z" level=info msg="NetworkDB stats plemma(b3be9f6424e0) - netID:0rz6hg0qghb21juyqti61umko leaving:false netPeers:1 entries:2 Queue qLen:0 netMsg/s:0"
Jan 20 00:29:26 localhost kernel: [13480428.148951] [UFW BLOCK] IN=ens3 OUT= MAC=56:00:03:85:82:df:fe:00:03:85:82:df:08:00 SRC=116.241.18.131 DST=158.247.223.84 LEN=40 TOS=0x00 PREC=0x00 TTL=50 ID=45037 PROTO=TCP SPT=7037 DPT=23 WINDOW=30493 RES=0x00 SYN URGP=0 
Jan 20 00:29:42 localhost kernel: [13480444.383621] [UFW BLOCK] IN=ens3 OUT= MAC=56:00:03:85:82:df:fe:00:03:85:82:df:08:00 SRC=45.143.200.110 DST=158.247.223.84 LEN=40 TOS=0x00 PREC=0x00 TTL=240 ID=27325 PROTO=TCP SPT=45276 DPT=29669 WINDOW=1024 RES=0x00 SYN URGP=0 
Jan 20 00:29:56 localhost postfix/anvil[4369]: statistics: max connection rate 1/60s for (smtp:209.85.167.69) at Jan 20 00:26:09
Jan 20 00:29:56 localhost postfix/anvil[4369]: statistics: max connection count 1 for (smtp:209.85.167.69) at Jan 20 00:26:09
Jan 20 00:29:56 localhost postfix/anvil[4369]: statistics: max cache size 2 at Jan 20 00:26:34
Jan 20 00:30:01 localhost kernel: [13480463.414421] [UFW BLOCK] IN=ens3 OUT= MAC=56:00:03:85:82:df:fe:00:03:85:82:df:08:00 SRC=139.133.18.194 DST=158.247.223.84 LEN=60 TOS=0x00 PREC=0x00 TTL=45 ID=23082 DF PROTO=TCP SPT=59912 DPT=25 WINDOW=29200 RES=0x00 SYN URGP=0 
Jan 20 00:30:02 localhost postfix/smtpd[4662]: connect from mailhub3.abdn.ac.uk[139.133.18.194]
Jan 20 00:30:03 localhost postfix/smtpd[4665]: connect from mailhub5.abdn.ac.uk[139.133.18.196]
Jan 20 00:30:03 localhost postfix/trivial-rewrite[4666]: warning: do not list domain lamc.la in BOTH mydestination and virtual_alias_domains
Jan 20 00:30:03 localhost postfix/smtpd[4662]: NOQUEUE: reject: RCPT from mailhub3.abdn.ac.uk[139.133.18.194]: 550 5.1.1 <suac+bncBCC7XN6N3YMBB667TKHQMGQEKKJWITY@lamc.la>: Recipient address rejected: User unknown in local recipient table; from=<> to=<suac+bncBCC7XN6N3YMBB667TKHQMGQEKKJWITY@lamc.la> proto=ESMTP helo=<mailhub3.abdn.ac.uk>
Jan 20 00:30:04 localhost postfix/smtpd[4662]: disconnect from mailhub3.abdn.ac.uk[139.133.18.194] ehlo=2 starttls=1 mail=1 rcpt=0/1 bdat=0/1 quit=1 commands=5/7
Jan 20 00:30:05 localhost postfix/smtpd[4662]: connect from mailhub-23.abdn.ac.uk[139.133.18.211]
Jan 20 00:30:05 localhost postfix/trivial-rewrite[4666]: warning: do not list domain lamc.la in BOTH mydestination and virtual_alias_domains
Jan 20 00:30:05 localhost postfix/smtpd[4665]: NOQUEUE: reject: RCPT from mailhub5.abdn.ac.uk[139.133.18.196]: 550 5.1.1 <suac+bncBCC7XN6N3YMBB667TKHQMGQEKKJWITY@lamc.la>: Recipient address rejected: User unknown in local recipient table; from=<> to=<suac+bncBCC7XN6N3YMBB667TKHQMGQEKKJWITY@lamc.la> proto=ESMTP helo=<mailhub5.abdn.ac.uk>
Jan 20 00:30:05 localhost postfix/smtpd[4665]: disconnect from mailhub5.abdn.ac.uk[139.133.18.196] ehlo=2 starttls=1 mail=1 rcpt=0/1 bdat=0/1 quit=1 commands=5/7
Jan 20 00:30:06 localhost postfix/trivial-rewrite[4666]: warning: do not list domain lamc.la in BOTH mydestination and virtual_alias_domains
Jan 20 00:30:06 localhost postfix/smtpd[4662]: NOQUEUE: reject: RCPT from mailhub-23.abdn.ac.uk[139.133.18.211]: 550 5.1.1 <suac+bncBCC7XN6N3YMBBFFPTSHQMGQEER3Z3YA@lamc.la>: Recipient address rejected: User unknown in local recipient table; from=<> to=<suac+bncBCC7XN6N3YMBBFFPTSHQMGQEER3Z3YA@lamc.la> proto=ESMTP helo=<mailhub-23.abdn.ac.uk>
Jan 20 00:30:07 localhost postfix/smtpd[4662]: disconnect from mailhub-23.abdn.ac.uk[139.133.18.211] ehlo=2 starttls=1 mail=1 rcpt=0/1 bdat=0/1 quit=1 commands=5/7
Jan 20 00:30:08 localhost postfix/smtpd[4665]: connect from mailhub7.abdn.ac.uk[139.133.18.198]
Jan 20 00:30:09 localhost postfix/smtpd[4662]: connect from unknown[121.254.254.82]
Jan 20 00:30:09 localhost postfix/trivial-rewrite[4666]: warning: do not list domain lamc.la in BOTH mydestination and virtual_alias_domains
Jan 20 00:30:09 localhost postfix/smtpd[4662]: 312411A4E: client=unknown[121.254.254.82]
Jan 20 00:30:09 localhost postfix/cleanup[4670]: 312411A4E: message-id=<20220120013005.9BAA35641A6D4FCC@triconsolutions.ca>
Jan 20 00:30:09 localhost postfix/qmgr[32066]: 312411A4E: from=<info@triconsolutions.ca>, size=1197, nrcpt=1 (queue active)
Jan 20 00:30:09 localhost postfix/trivial-rewrite[4666]: warning: do not list domain lamc.la in BOTH mydestination and virtual_alias_domains
Jan 20 00:30:09 localhost postfix/local[4671]: 312411A4E: to=<adam@lamc.la>, relay=local, delay=0.07, delays=0.06/0.01/0/0, dsn=2.0.0, status=sent (delivered to maildir)
Jan 20 00:30:09 localhost postfix/qmgr[32066]: 312411A4E: removed
Jan 20 00:30:09 localhost postfix/smtpd[4662]: disconnect from unknown[121.254.254.82] ehlo=2 starttls=1 mail=1 rcpt=1 data=1 quit=1 commands=7
Jan 20 00:30:09 localhost postfix/smtpd[4669]: connect from mailhub4.abdn.ac.uk[139.133.18.195]
Jan 20 00:30:09 localhost postfix/smtpd[4665]: NOQUEUE: reject: RCPT from mailhub7.abdn.ac.uk[139.133.18.198]: 550 5.1.1 <suac+bncBCC7XN6N3YMBB667TKHQMGQEKKJWITY@lamc.la>: Recipient address rejected: User unknown in local recipient table; from=<> to=<suac+bncBCC7XN6N3YMBB667TKHQMGQEKKJWITY@lamc.la> proto=ESMTP helo=<mailhub7.abdn.ac.uk>
Jan 20 00:30:10 localhost postfix/smtpd[4665]: disconnect from mailhub7.abdn.ac.uk[139.133.18.198] ehlo=2 starttls=1 mail=1 rcpt=0/1 bdat=0/1 quit=1 commands=5/7
Jan 20 00:30:11 localhost postfix/trivial-rewrite[4666]: warning: do not list domain lamc.la in BOTH mydestination and virtual_alias_domains
Jan 20 00:30:11 localhost postfix/smtpd[4669]: NOQUEUE: reject: RCPT from mailhub4.abdn.ac.uk[139.133.18.195]: 550 5.1.1 <suac+bncBCC7XN6N3YMBBFFPTSHQMGQEER3Z3YA@lamc.la>: Recipient address rejected: User unknown in local recipient table; from=<> to=<suac+bncBCC7XN6N3YMBBFFPTSHQMGQEER3Z3YA@lamc.la> proto=ESMTP helo=<mailhub4.abdn.ac.uk>
Jan 20 00:30:11 localhost postfix/smtpd[4662]: connect from mailhub5.abdn.ac.uk[139.133.18.196]
Jan 20 00:30:11 localhost postfix/smtpd[4669]: disconnect from mailhub4.abdn.ac.uk[139.133.18.195] ehlo=2 starttls=1 mail=1 rcpt=0/1 bdat=0/1 quit=1 commands=5/7
Jan 20 00:30:12 localhost postfix/smtpd[4662]: NOQUEUE: reject: RCPT from mailhub5.abdn.ac.uk[139.133.18.196]: 550 5.1.1 <suac+bncBCC7XN6N3YMBBFFPTSHQMGQEER3Z3YA@lamc.la>: Recipient address rejected: User unknown in local recipient table; from=<> to=<suac+bncBCC7XN6N3YMBBFFPTSHQMGQEER3Z3YA@lamc.la> proto=ESMTP helo=<mailhub5.abdn.ac.uk>
Jan 20 00:30:13 localhost postfix/smtpd[4662]: disconnect from mailhub5.abdn.ac.uk[139.133.18.196] ehlo=2 starttls=1 mail=1 rcpt=0/1 bdat=0/1 quit=1 commands=5/7
Jan 20 00:30:13 localhost postfix/smtpd[4665]: connect from mailhub5.abdn.ac.uk[139.133.18.196]
Jan 20 00:30:15 localhost postfix/trivial-rewrite[4666]: warning: do not list domain lamc.la in BOTH mydestination and virtual_alias_domains
Jan 20 00:30:15 localhost postfix/smtpd[4665]: NOQUEUE: reject: RCPT from mailhub5.abdn.ac.uk[139.133.18.196]: 550 5.1.1 <suac+bncBCC7XN6N3YMBBFFPTSHQMGQEER3Z3YA@lamc.la>: Recipient address rejected: User unknown in local recipient table; from=<> to=<suac+bncBCC7XN6N3YMBBFFPTSHQMGQEER3Z3YA@lamc.la> proto=ESMTP helo=<mailhub5.abdn.ac.uk>
Jan 20 00:30:15 localhost postfix/smtpd[4665]: disconnect from mailhub5.abdn.ac.uk[139.133.18.196] ehlo=2 starttls=1 mail=1 rcpt=0/1 bdat=0/1 quit=1 commands=5/7
Jan 20 00:30:22 localhost kernel: [13480483.874984] [UFW BLOCK] IN=ens3 OUT= MAC=56:00:03:85:82:df:fe:00:03:85:82:df:08:00 SRC=49.72.125.216 DST=158.247.223.84 LEN=44 TOS=0x00 PREC=0x00 TTL=240 ID=3678 PROTO=TCP SPT=40980 DPT=1433 WINDOW=1024 RES=0x00 SYN URGP=0 
Jan 20 00:30:44 localhost kernel: [13480506.361117] [UFW BLOCK] IN=ens3 OUT= MAC=56:00:03:85:82:df:fe:00:03:85:82:df:08:00 SRC=139.133.18.197 DST=158.247.223.84 LEN=60 TOS=0x00 PREC=0x00 TTL=44 ID=43607 DF PROTO=TCP SPT=46754 DPT=25 WINDOW=29200 RES=0x00 SYN URGP=0 
Jan 20 00:30:46 localhost postfix/smtpd[4662]: connect from mailhub-24.abdn.ac.uk[139.133.18.212]
Jan 20 00:30:48 localhost postfix/smtpd[4662]: NOQUEUE: reject: RCPT from mailhub-24.abdn.ac.uk[139.133.18.212]: 550 5.1.1 <suac+bncBCC7XN6N3YMBB667TKHQMGQEKKJWITY@lamc.la>: Recipient address rejected: User unknown in local recipient table; from=<> to=<suac+bncBCC7XN6N3YMBB667TKHQMGQEKKJWITY@lamc.la> proto=ESMTP helo=<mailhub-24.abdn.ac.uk>
Jan 20 00:30:48 localhost postfix/smtpd[4662]: disconnect from mailhub-24.abdn.ac.uk[139.133.18.212] ehlo=2 starttls=1 mail=1 rcpt=0/1 bdat=0/1 quit=1 commands=5/7
Jan 20 00:30:51 localhost postfix/smtpd[4669]: connect from mailhub6.abdn.ac.uk[139.133.18.197]
Jan 20 00:30:53 localhost postfix/trivial-rewrite[4666]: warning: do not list domain lamc.la in BOTH mydestination and virtual_alias_domains
Jan 20 00:30:53 localhost postfix/smtpd[4669]: NOQUEUE: reject: RCPT from mailhub6.abdn.ac.uk[139.133.18.197]: 550 5.1.1 <suac+bncBCC7XN6N3YMBB667TKHQMGQEKKJWITY@lamc.la>: Recipient address rejected: User unknown in local recipient table; from=<> to=<suac+bncBCC7XN6N3YMBB667TKHQMGQEKKJWITY@lamc.la> proto=ESMTP helo=<mailhub6.abdn.ac.uk>
Jan 20 00:30:53 localhost postfix/smtpd[4669]: disconnect from mailhub6.abdn.ac.uk[139.133.18.197] ehlo=2 starttls=1 mail=1 rcpt=0/1 bdat=0/1 quit=1 commands=5/7
Jan 20 00:30:55 localhost postfix/smtpd[4665]: connect from mailhub-24.abdn.ac.uk[139.133.18.212]
Jan 20 00:30:57 localhost postfix/smtpd[4665]: NOQUEUE: reject: RCPT from mailhub-24.abdn.ac.uk[139.133.18.212]: 550 5.1.1 <suac+bncBCC7XN6N3YMBBFFPTSHQMGQEER3Z3YA@lamc.la>: Recipient address rejected: User unknown in local recipient table; from=<> to=<suac+bncBCC7XN6N3YMBBFFPTSHQMGQEER3Z3YA@lamc.la> proto=ESMTP helo=<mailhub-24.abdn.ac.uk>
Jan 20 00:30:57 localhost postfix/smtpd[4665]: disconnect from mailhub-24.abdn.ac.uk[139.133.18.212] ehlo=2 starttls=1 mail=1 rcpt=0/1 bdat=0/1 quit=1 commands=5/7
Jan 20 00:31:22 localhost kernel: [13480543.932299] [UFW BLOCK] IN=ens3 OUT= MAC=56:00:03:85:82:df:fe:00:03:85:82:df:08:00 SRC=79.124.62.34 DST=158.247.223.84 LEN=40 TOS=0x00 PREC=0x00 TTL=240 ID=33461 PROTO=TCP SPT=43361 DPT=691 WINDOW=1024 RES=0x00 SYN URGP=0 
Jan 20 00:31:41 localhost kernel: [13480562.524836] [UFW BLOCK] IN=ens3 OUT= MAC=56:00:03:85:82:df:fe:00:03:85:82:df:08:00 SRC=167.248.133.29 DST=158.247.223.84 LEN=44 TOS=0x00 PREC=0x00 TTL=39 ID=27341 PROTO=TCP SPT=64417 DPT=18080 WINDOW=1024 RES=0x00 SYN URGP=0 
Jan 20 00:31:45 localhost kernel: [13480567.133233] [UFW BLOCK] IN=ens3 OUT= MAC=56:00:03:85:82:df:fe:00:03:85:82:df:08:00 SRC=45.134.26.233 DST=158.247.223.84 LEN=40 TOS=0x00 PREC=0x00 TTL=245 ID=6839 PROTO=TCP SPT=57015 DPT=9600 WINDOW=1024 RES=0x00 SYN URGP=0 
Jan 20 00:32:17 localhost kernel: [13480599.390114] [UFW BLOCK] IN=ens3 OUT= MAC=56:00:03:85:82:df:fe:00:03:85:82:df:08:00 SRC=79.124.62.34 DST=158.247.223.84 LEN=40 TOS=0x00 PREC=0x00 TTL=240 ID=15621 PROTO=TCP SPT=43361 DPT=63127 WINDOW=1024 RES=0x00 SYN URGP=0 
Jan 20 00:32:22 localhost kernel: [13480604.428904] [UFW BLOCK] IN=ens3 OUT= MAC=56:00:03:85:82:df:fe:00:03:85:82:df:08:00 SRC=162.62.61.98 DST=158.247.223.84 LEN=44 TOS=0x00 PREC=0x00 TTL=236 ID=54321 PROTO=TCP SPT=34352 DPT=443 WINDOW=65535 RES=0x00 SYN URGP=0 
Jan 20 00:32:51 localhost kernel: [13480632.810091] [UFW BLOCK] IN=ens3 OUT= MAC=56:00:03:85:82:df:fe:00:03:85:82:df:08:00 SRC=195.54.161.73 DST=158.247.223.84 LEN=40 TOS=0x00 PREC=0x00 TTL=244 ID=61989 PROTO=TCP SPT=57098 DPT=29962 WINDOW=1024 RES=0x00 SYN URGP=0 
Jan 20 00:33:09 localhost kernel: [13480650.502379] [UFW BLOCK] IN=ens3 OUT= MAC=56:00:03:85:82:df:fe:00:03:85:82:df:08:00 SRC=45.146.165.37 DST=158.247.223.84 LEN=60 TOS=0x00 PREC=0x00 TTL=54 ID=16659 DF PROTO=TCP SPT=56928 DPT=5432 WINDOW=64240 RES=0x00 SYN URGP=0 
Jan 20 00:33:19 localhost kernel: [13480661.220468] [UFW BLOCK] IN=ens3 OUT= MAC=56:00:03:85:82:df:fe:00:03:85:82:df:08:00 SRC=193.3.19.33 DST=158.247.223.84 LEN=40 TOS=0x00 PREC=0x00 TTL=244 ID=65340 PROTO=TCP SPT=57696 DPT=9238 WINDOW=1024 RES=0x00 SYN URGP=0 
Jan 20 00:34:15 localhost kernel: [13480717.200047] [UFW BLOCK] IN=ens3 OUT= MAC=56:00:03:85:82:df:fe:00:03:85:82:df:08:00 SRC=79.124.62.130 DST=158.247.223.84 LEN=40 TOS=0x00 PREC=0x00 TTL=240 ID=9048 PROTO=TCP SPT=44498 DPT=39620 WINDOW=1024 RES=0x00 SYN URGP=0 
Jan 20 00:34:17 localhost postfix/anvil[4664]: statistics: max connection rate 3/60s for (smtp:139.133.18.196) at Jan 20 00:30:13
Jan 20 00:34:17 localhost postfix/anvil[4664]: statistics: max connection count 1 for (smtp:139.133.18.194) at Jan 20 00:30:02
Jan 20 00:34:17 localhost postfix/anvil[4664]: statistics: max cache size 8 at Jan 20 00:30:51
Jan 20 00:34:19 localhost kernel: [13480721.160793] [UFW BLOCK] IN=ens3 OUT= MAC=56:00:03:85:82:df:fe:00:03:85:82:df:08:00 SRC=45.146.166.118 DST=158.247.223.84 LEN=40 TOS=0x00 PREC=0x00 TTL=245 ID=33526 PROTO=TCP SPT=57179 DPT=55541 WINDOW=1024 RES=0x00 SYN URGP=0 
Jan 20 00:34:24 localhost dockerd[8431]: time="2022-01-20T00:34:24.502504654Z" level=info msg="NetworkDB stats plemma(b3be9f6424e0) - netID:0rz6hg0qghb21juyqti61umko leaving:false netPeers:1 entries:2 Queue qLen:0 netMsg/s:0"
Jan 20 00:35:01 localhost CRON[5035]: (root) CMD (command -v debian-sa1 > /dev/null && debian-sa1 1 1)
Jan 20 00:35:31 localhost kernel: [13480792.981084] [UFW BLOCK] IN=ens3 OUT= MAC=56:00:03:85:82:df:fe:00:03:85:82:df:08:00 SRC=20.64.129.42 DST=158.247.223.84 LEN=40 TOS=0x00 PREC=0x00 TTL=46 ID=9634 PROTO=TCP SPT=2496 DPT=23 WINDOW=3966 RES=0x00 SYN URGP=0 
Jan 20 00:35:47 localhost kernel: [13480808.641016] [UFW BLOCK] IN=ens3 OUT= MAC=56:00:03:85:82:df:fe:00:03:85:82:df:08:00 SRC=45.146.165.165 DST=158.247.223.84 LEN=40 TOS=0x00 PREC=0x00 TTL=244 ID=39022 PROTO=TCP SPT=57348 DPT=8088 WINDOW=1024 RES=0x00 SYN URGP=0 
Jan 20 00:36:05 localhost kernel: [13480826.780956] [UFW BLOCK] IN=ens3 OUT= MAC=56:00:03:85:82:df:fe:00:03:85:82:df:08:00 SRC=79.124.62.86 DST=158.247.223.84 LEN=40 TOS=0x00 PREC=0x00 TTL=240 ID=47643 PROTO=TCP SPT=44495 DPT=46792 WINDOW=1024 RES=0x00 SYN URGP=0 
Jan 20 00:36:05 localhost kernel: [13480827.355391] [UFW BLOCK] IN=ens3 OUT= MAC=56:00:03:85:82:df:fe:00:03:85:82:df:08:00 SRC=89.248.165.199 DST=158.247.223.84 LEN=40 TOS=0x00 PREC=0x00 TTL=241 ID=27954 PROTO=TCP SPT=42823 DPT=3380 WINDOW=1024 RES=0x00 SYN URGP=0 
Jan 20 00:36:13 localhost kernel: [13480835.407135] [UFW BLOCK] IN=ens3 OUT= MAC=56:00:03:85:82:df:fe:00:03:85:82:df:08:00 SRC=66.249.66.9 DST=158.247.223.84 LEN=60 TOS=0x00 PREC=0x00 TTL=57 ID=21164 PROTO=TCP SPT=38708 DPT=443 WINDOW=65535 RES=0x00 SYN URGP=0 
Jan 20 00:38:05 localhost kernel: [13480946.982864] [UFW BLOCK] IN=ens3 OUT= MAC=56:00:03:85:82:df:fe:00:03:85:82:df:08:00 SRC=45.135.232.88 DST=158.247.223.84 LEN=40 TOS=0x00 PREC=0x00 TTL=245 ID=19728 PROTO=TCP SPT=57293 DPT=4268 WINDOW=1024 RES=0x00 SYN URGP=0 
Jan 20 00:38:10 localhost kernel: [13480951.919417] [UFW BLOCK] IN=ens3 OUT= MAC=56:00:03:85:82:df:fe:00:03:85:82:df:08:00 SRC=2.57.121.64 DST=158.247.223.84 LEN=40 TOS=0x00 PREC=0x00 TTL=238 ID=11558 PROTO=TCP SPT=50509 DPT=8058 WINDOW=1024 RES=0x00 SYN URGP=0 
Jan 20 00:38:14 localhost kernel: [13480955.742599] [UFW BLOCK] IN=ens3 OUT= MAC=56:00:03:85:82:df:fe:00:03:85:82:df:08:00 SRC=138.199.32.102 DST=158.247.223.84 LEN=40 TOS=0x00 PREC=0x00 TTL=244 ID=54321 PROTO=TCP SPT=53991 DPT=5631 WINDOW=65535 RES=0x00 SYN URGP=0 
Jan 20 00:38:20 localhost kernel: [13480962.006088] [UFW BLOCK] IN=ens3 OUT= MAC=56:00:03:85:82:df:fe:00:03:85:82:df:08:00 SRC=45.134.26.237 DST=158.247.223.84 LEN=40 TOS=0x00 PREC=0x00 TTL=244 ID=32798 PROTO=TCP SPT=57278 DPT=20271 WINDOW=1024 RES=0x00 SYN URGP=0 
Jan 20 00:38:39 localhost kernel: [13480981.078283] [UFW BLOCK] IN=ens3 OUT= MAC=56:00:03:85:82:df:fe:00:03:85:82:df:08:00 SRC=20.64.129.42 DST=158.247.223.84 LEN=40 TOS=0x00 PREC=0x00 TTL=46 ID=9634 PROTO=TCP SPT=2496 DPT=23 WINDOW=3966 RES=0x00 SYN URGP=0 
Jan 20 00:38:47 localhost kernel: [13480989.145471] [UFW BLOCK] IN=ens3 OUT= MAC=56:00:03:85:82:df:fe:00:03:85:82:df:08:00 SRC=167.94.138.26 DST=158.247.223.84 LEN=44 TOS=0x00 PREC=0x00 TTL=37 ID=17082 PROTO=TCP SPT=33723 DPT=6001 WINDOW=1024 RES=0x00 SYN URGP=0 
Jan 20 00:38:49 localhost kernel: [13480990.971183] [UFW BLOCK] IN=ens3 OUT= MAC=56:00:03:85:82:df:fe:00:03:85:82:df:08:00 SRC=79.124.62.130 DST=158.247.223.84 LEN=40 TOS=0x00 PREC=0x00 TTL=240 ID=7301 PROTO=TCP SPT=44498 DPT=29953 WINDOW=1024 RES=0x00 SYN URGP=0 
Jan 20 00:38:50 localhost kernel: [13480992.170779] [UFW BLOCK] IN=ens3 OUT= MAC=56:00:03:85:82:df:fe:00:03:85:82:df:08:00 SRC=60.247.21.198 DST=158.247.223.84 LEN=42 TOS=0x00 PREC=0x00 TTL=51 ID=2493 DF PROTO=UDP SPT=5060 DPT=8081 LEN=22 
Jan 20 00:39:01 localhost CRON[5332]: (root) CMD (  [ -x /usr/lib/php/sessionclean ] && if [ ! -d /run/systemd/system ]; then /usr/lib/php/sessionclean; fi)
Jan 20 00:39:01 localhost systemd[1]: Starting Clean php session files...
Jan 20 00:39:01 localhost systemd[1]: phpsessionclean.service: Succeeded.
Jan 20 00:39:01 localhost systemd[1]: Started Clean php session files.
Jan 20 00:39:24 localhost dockerd[8431]: time="2022-01-20T00:39:24.702498416Z" level=info msg="NetworkDB stats plemma(b3be9f6424e0) - netID:0rz6hg0qghb21juyqti61umko leaving:false netPeers:1 entries:2 Queue qLen:0 netMsg/s:0"
Jan 20 00:39:48 localhost kernel: [13481049.779307] [UFW BLOCK] IN=ens3 OUT= MAC=56:00:03:85:82:df:fe:00:03:85:82:df:08:00 SRC=45.134.26.237 DST=158.247.223.84 LEN=40 TOS=0x00 PREC=0x00 TTL=244 ID=39772 PROTO=TCP SPT=57278 DPT=15306 WINDOW=1024 RES=0x00 SYN URGP=0 
Jan 20 00:40:15 localhost kernel: [13481077.400218] [UFW BLOCK] IN=ens3 OUT= MAC=56:00:03:85:82:df:fe:00:03:85:82:df:08:00 SRC=89.248.165.248 DST=158.247.223.84 LEN=40 TOS=0x00 PREC=0x00 TTL=238 ID=54321 PROTO=TCP SPT=39788 DPT=8443 WINDOW=65535 RES=0x00 SYN URGP=0 
Jan 20 00:40:21 localhost kernel: [13481082.676916] [UFW BLOCK] IN=ens3 OUT= MAC=56:00:03:85:82:df:fe:00:03:85:82:df:08:00 SRC=45.146.166.124 DST=158.247.223.84 LEN=40 TOS=0x00 PREC=0x00 TTL=245 ID=20478 PROTO=TCP SPT=57252 DPT=11296 WINDOW=1024 RES=0x00 SYN URGP=0 
Jan 20 00:40:31 localhost kernel: [13481092.531139] [UFW BLOCK] IN=ens3 OUT= MAC=56:00:03:85:82:df:fe:00:03:85:82:df:08:00 SRC=80.82.77.5 DST=158.247.223.84 LEN=57 TOS=0x00 PREC=0x00 TTL=242 ID=54321 PROTO=UDP SPT=43435 DPT=64738 LEN=37 
Jan 20 00:40:40 localhost kernel: [13481102.410910] [UFW BLOCK] IN=ens3 OUT= MAC=56:00:03:85:82:df:fe:00:03:85:82:df:08:00 SRC=45.134.26.230 DST=158.247.223.84 LEN=40 TOS=0x00 PREC=0x00 TTL=244 ID=58947 PROTO=TCP SPT=56960 DPT=63505 WINDOW=1024 RES=0x00 SYN URGP=0 
Jan 20 00:40:40 localhost kernel: [13481102.438846] [UFW BLOCK] IN=ens3 OUT= MAC=56:00:03:85:82:df:fe:00:03:85:82:df:08:00 SRC=194.26.29.169 DST=158.247.223.84 LEN=40 TOS=0x00 PREC=0x00 TTL=235 ID=34288 PROTO=TCP SPT=57530 DPT=5972 WINDOW=1024 RES=0x00 SYN URGP=0 
Jan 20 00:41:06 localhost kernel: [13481128.303296] [UFW BLOCK] IN=ens3 OUT= MAC=56:00:03:85:82:df:fe:00:03:85:82:df:08:00 SRC=45.143.200.110 DST=158.247.223.84 LEN=40 TOS=0x00 PREC=0x00 TTL=240 ID=33143 PROTO=TCP SPT=45276 DPT=25270 WINDOW=1024 RES=0x00 SYN URGP=0 
Jan 20 00:41:09 localhost kernel: [13481131.300601] [UFW BLOCK] IN=ens3 OUT= MAC=56:00:03:85:82:df:fe:00:03:85:82:df:08:00 SRC=167.248.133.80 DST=158.247.223.84 LEN=44 TOS=0x00 PREC=0x00 TTL=39 ID=18432 PROTO=TCP SPT=25667 DPT=12152 WINDOW=1024 RES=0x00 SYN URGP=0 
