Jan 22 03:44:39 localhost kernel: [13664941.537611] [UFW BLOCK] IN=ens3 OUT= MAC=56:00:03:85:82:df:fe:00:03:85:82:df:08:00 SRC=45.146.165.37 DST=158.247.223.84 LEN=60 TOS=0x00 PREC=0x00 TTL=53 ID=54448 DF PROTO=TCP SPT=60542 DPT=5432 WINDOW=64240 RES=0x00 SYN URGP=0 
Jan 22 03:44:41 localhost kernel: [13664943.503716] [UFW BLOCK] IN=ens3 OUT= MAC=56:00:03:85:82:df:fe:00:03:85:82:df:08:00 SRC=116.121.130.18 DST=158.247.223.84 LEN=44 TOS=0x00 PREC=0x00 TTL=46 ID=54727 PROTO=TCP SPT=50993 DPT=23 WINDOW=58129 RES=0x00 SYN URGP=0 
Jan 22 03:45:01 localhost CRON[25942]: (root) CMD (command -v debian-sa1 > /dev/null && debian-sa1 1 1)
Jan 22 03:45:06 localhost kernel: [13664968.707289] [UFW BLOCK] IN=ens3 OUT= MAC=56:00:03:85:82:df:fe:00:03:85:82:df:08:00 SRC=45.146.166.112 DST=158.247.223.84 LEN=40 TOS=0x00 PREC=0x00 TTL=244 ID=23471 PROTO=TCP SPT=49773 DPT=52349 WINDOW=1024 RES=0x00 SYN URGP=0 
Jan 22 03:45:22 localhost kernel: [13664984.820577] [UFW BLOCK] IN=ens3 OUT= MAC=56:00:03:85:82:df:fe:00:03:85:82:df:08:00 SRC=167.94.145.27 DST=158.247.223.84 LEN=44 TOS=0x00 PREC=0x00 TTL=35 ID=59371 PROTO=TCP SPT=18817 DPT=30102 WINDOW=1024 RES=0x00 SYN URGP=0 
Jan 22 03:46:05 localhost kernel: [13665028.343851] [UFW BLOCK] IN=ens3 OUT= MAC=56:00:03:85:82:df:fe:00:03:85:82:df:08:00 SRC=116.121.130.18 DST=158.247.223.84 LEN=44 TOS=0x00 PREC=0x00 TTL=46 ID=54727 PROTO=TCP SPT=50993 DPT=23 WINDOW=58129 RES=0x00 SYN URGP=0 
Jan 22 03:46:19 localhost kernel: [13665041.450110] [UFW BLOCK] IN=ens3 OUT= MAC=56:00:03:85:82:df:fe:00:03:85:82:df:08:00 SRC=116.121.130.18 DST=158.247.223.84 LEN=44 TOS=0x00 PREC=0x00 TTL=46 ID=54727 PROTO=TCP SPT=50993 DPT=23 WINDOW=58129 RES=0x00 SYN URGP=0 
Jan 22 03:46:23 localhost kernel: [13665045.664228] [UFW BLOCK] IN=ens3 OUT= MAC=56:00:03:85:82:df:fe:00:03:85:82:df:08:00 SRC=116.121.130.18 DST=158.247.223.84 LEN=44 TOS=0x00 PREC=0x00 TTL=46 ID=54727 PROTO=TCP SPT=50993 DPT=23 WINDOW=58129 RES=0x00 SYN URGP=0 
Jan 22 03:46:39 localhost kernel: [13665061.770013] [UFW BLOCK] IN=ens3 OUT= MAC=56:00:03:85:82:df:fe:00:03:85:82:df:08:00 SRC=211.143.100.251 DST=158.247.223.84 LEN=60 TOS=0x00 PREC=0x00 TTL=47 ID=40409 DF PROTO=TCP SPT=20720 DPT=44798 WINDOW=0 RES=0x00 SYN URGP=0 
Jan 22 03:46:55 localhost dockerd[8431]: time="2022-01-22T03:46:55.502449718Z" level=info msg="NetworkDB stats plemma(b3be9f6424e0) - netID:0rz6hg0qghb21juyqti61umko leaving:false netPeers:1 entries:2 Queue qLen:0 netMsg/s:0"
Jan 22 03:47:14 localhost postfix/anvil[25889]: statistics: max connection rate 1/60s for (smtp:209.85.167.198) at Jan 22 03:43:30
Jan 22 03:47:14 localhost postfix/anvil[25889]: statistics: max connection count 1 for (smtp:209.85.167.198) at Jan 22 03:43:30
Jan 22 03:47:14 localhost postfix/anvil[25889]: statistics: max cache size 3 at Jan 22 03:43:53
Jan 22 03:47:36 localhost kernel: [13665118.853090] [UFW BLOCK] IN=ens3 OUT= MAC=56:00:03:85:82:df:fe:00:03:85:82:df:08:00 SRC=209.237.154.199 DST=158.247.223.84 LEN=40 TOS=0x00 PREC=0x00 TTL=246 ID=54321 PROTO=TCP SPT=49284 DPT=3243 WINDOW=65535 RES=0x00 SYN URGP=0 
Jan 22 03:47:41 localhost kernel: [13665123.675355] [UFW BLOCK] IN=ens3 OUT= MAC=56:00:03:85:82:df:fe:00:03:85:82:df:08:00 SRC=89.248.163.137 DST=158.247.223.84 LEN=40 TOS=0x00 PREC=0x00 TTL=239 ID=32165 PROTO=TCP SPT=45827 DPT=20019 WINDOW=1024 RES=0x00 SYN URGP=0 
Jan 22 03:47:51 localhost kernel: [13665134.146289] [UFW BLOCK] IN=ens3 OUT= MAC=56:00:03:85:82:df:fe:00:03:85:82:df:08:00 SRC=209.237.154.70 DST=158.247.223.84 LEN=40 TOS=0x00 PREC=0x00 TTL=246 ID=54321 PROTO=TCP SPT=32864 DPT=5471 WINDOW=65535 RES=0x00 SYN URGP=0 
Jan 22 03:48:29 localhost kernel: [13665171.421945] [UFW BLOCK] IN=ens3 OUT= MAC=56:00:03:85:82:df:fe:00:03:85:82:df:08:00 SRC=5.188.206.18 DST=158.247.223.84 LEN=40 TOS=0x00 PREC=0x00 TTL=240 ID=42872 PROTO=TCP SPT=51425 DPT=11526 WINDOW=1024 RES=0x00 SYN URGP=0 
Jan 22 03:48:37 localhost kernel: [13665179.895709] [UFW BLOCK] IN=ens3 OUT= MAC=56:00:03:85:82:df:fe:00:03:85:82:df:08:00 SRC=45.134.26.231 DST=158.247.223.84 LEN=40 TOS=0x00 PREC=0x00 TTL=245 ID=30038 PROTO=TCP SPT=49657 DPT=10948 WINDOW=1024 RES=0x00 SYN URGP=0 
Jan 22 03:48:54 localhost kernel: [13665196.549174] [UFW BLOCK] IN=ens3 OUT= MAC=56:00:03:85:82:df:fe:00:03:85:82:df:08:00 SRC=222.78.251.54 DST=158.247.223.84 LEN=44 TOS=0x00 PREC=0x00 TTL=239 ID=51637 PROTO=TCP SPT=43137 DPT=2222 WINDOW=1024 RES=0x00 SYN URGP=0 
Jan 22 03:49:04 localhost kernel: [13665206.586226] [UFW BLOCK] IN=ens3 OUT= MAC=56:00:03:85:82:df:fe:00:03:85:82:df:08:00 SRC=116.121.130.18 DST=158.247.223.84 LEN=44 TOS=0x00 PREC=0x00 TTL=46 ID=54727 PROTO=TCP SPT=50993 DPT=23 WINDOW=58129 RES=0x00 SYN URGP=0 
Jan 22 03:49:24 localhost kernel: [13665226.664949] [UFW BLOCK] IN=ens3 OUT= MAC=56:00:03:85:82:df:fe:00:03:85:82:df:08:00 SRC=116.121.130.18 DST=158.247.223.84 LEN=44 TOS=0x00 PREC=0x00 TTL=46 ID=54727 PROTO=TCP SPT=50993 DPT=23 WINDOW=58129 RES=0x00 SYN URGP=0 
Jan 22 03:49:44 localhost kernel: [13665246.849979] [UFW BLOCK] IN=ens3 OUT= MAC=56:00:03:85:82:df:fe:00:03:85:82:df:08:00 SRC=45.146.166.113 DST=158.247.223.84 LEN=40 TOS=0x00 PREC=0x00 TTL=244 ID=27719 PROTO=TCP SPT=49787 DPT=34426 WINDOW=1024 RES=0x00 SYN URGP=0 
Jan 22 03:49:59 localhost kernel: [13665262.135620] [UFW BLOCK] IN=ens3 OUT= MAC=56:00:03:85:82:df:fe:00:03:85:82:df:08:00 SRC=116.121.130.18 DST=158.247.223.84 LEN=44 TOS=0x00 PREC=0x00 TTL=46 ID=54727 PROTO=TCP SPT=50993 DPT=23 WINDOW=58129 RES=0x00 SYN URGP=0 
Jan 22 03:50:22 localhost kernel: [13665285.306064] [UFW BLOCK] IN=ens3 OUT= MAC=56:00:03:85:82:df:fe:00:03:85:82:df:08:00 SRC=209.237.154.167 DST=158.247.223.84 LEN=40 TOS=0x00 PREC=0x00 TTL=246 ID=54321 PROTO=TCP SPT=49546 DPT=7872 WINDOW=65535 RES=0x00 SYN URGP=0 
Jan 22 03:50:48 localhost kernel: [13665310.432826] [UFW BLOCK] IN=ens3 OUT= MAC=56:00:03:85:82:df:fe:00:03:85:82:df:08:00 SRC=116.121.130.18 DST=158.247.223.84 LEN=44 TOS=0x00 PREC=0x00 TTL=46 ID=54727 PROTO=TCP SPT=50993 DPT=23 WINDOW=58129 RES=0x00 SYN URGP=0 
Jan 22 03:51:30 localhost kernel: [13665352.676564] [UFW BLOCK] IN=ens3 OUT= MAC=56:00:03:85:82:df:fe:00:03:85:82:df:08:00 SRC=89.248.168.157 DST=158.247.223.84 LEN=40 TOS=0x00 PREC=0x00 TTL=240 ID=54321 PROTO=TCP SPT=39855 DPT=5150 WINDOW=65535 RES=0x00 SYN URGP=0 
Jan 22 03:51:31 localhost kernel: [13665353.578620] [UFW BLOCK] IN=ens3 OUT= MAC=56:00:03:85:82:df:fe:00:03:85:82:df:08:00 SRC=138.99.216.196 DST=158.247.223.84 LEN=40 TOS=0x00 PREC=0x00 TTL=242 ID=64941 PROTO=TCP SPT=47601 DPT=308 WINDOW=1024 RES=0x00 SYN URGP=0 
Jan 22 03:51:39 localhost kernel: [13665362.240883] [UFW BLOCK] IN=ens3 OUT= MAC=56:00:03:85:82:df:fe:00:03:85:82:df:08:00 SRC=79.124.62.86 DST=158.247.223.84 LEN=40 TOS=0x00 PREC=0x00 TTL=240 ID=49330 PROTO=TCP SPT=44495 DPT=41393 WINDOW=1024 RES=0x00 SYN URGP=0 
Jan 22 03:51:55 localhost dockerd[8431]: time="2022-01-22T03:51:55.702471613Z" level=info msg="NetworkDB stats plemma(b3be9f6424e0) - netID:0rz6hg0qghb21juyqti61umko leaving:false netPeers:1 entries:2 Queue qLen:0 netMsg/s:0"
Jan 22 03:52:01 localhost kernel: [13665384.018755] [UFW BLOCK] IN=ens3 OUT= MAC=56:00:03:85:82:df:fe:00:03:85:82:df:08:00 SRC=116.121.130.18 DST=158.247.223.84 LEN=44 TOS=0x00 PREC=0x00 TTL=46 ID=54727 PROTO=TCP SPT=50993 DPT=23 WINDOW=58129 RES=0x00 SYN URGP=0 
Jan 22 03:52:42 localhost kernel: [13665424.725010] [UFW BLOCK] IN=ens3 OUT= MAC=56:00:03:85:82:df:fe:00:03:85:82:df:08:00 SRC=79.124.62.62 DST=158.247.223.84 LEN=40 TOS=0x00 PREC=0x00 TTL=240 ID=1348 PROTO=TCP SPT=55945 DPT=3389 WINDOW=1024 RES=0x00 SYN URGP=0 
Jan 22 03:52:43 localhost kernel: [13665425.723639] [UFW BLOCK] IN=ens3 OUT= MAC=56:00:03:85:82:df:fe:00:03:85:82:df:08:00 SRC=45.143.200.110 DST=158.247.223.84 LEN=40 TOS=0x00 PREC=0x00 TTL=240 ID=23919 PROTO=TCP SPT=45276 DPT=27941 WINDOW=1024 RES=0x00 SYN URGP=0 
Jan 22 03:52:59 localhost kernel: [13665441.655346] [UFW BLOCK] IN=ens3 OUT= MAC=56:00:03:85:82:df:fe:00:03:85:82:df:08:00 SRC=89.248.165.153 DST=158.247.223.84 LEN=40 TOS=0x00 PREC=0x00 TTL=239 ID=39739 PROTO=TCP SPT=57721 DPT=5593 WINDOW=1024 RES=0x00 SYN URGP=0 
Jan 22 03:53:38 localhost kernel: [13665480.564964] [UFW BLOCK] IN=ens3 OUT= MAC=56:00:03:85:82:df:fe:00:03:85:82:df:08:00 SRC=45.146.166.111 DST=158.247.223.84 LEN=40 TOS=0x00 PREC=0x00 TTL=244 ID=43092 PROTO=TCP SPT=49921 DPT=48203 WINDOW=1024 RES=0x00 SYN URGP=0 
Jan 22 03:53:42 localhost kernel: [13665484.911362] [UFW BLOCK] IN=ens3 OUT= MAC=56:00:03:85:82:df:fe:00:03:85:82:df:08:00 SRC=116.121.130.18 DST=158.247.223.84 LEN=44 TOS=0x00 PREC=0x00 TTL=46 ID=54727 PROTO=TCP SPT=50993 DPT=23 WINDOW=58129 RES=0x00 SYN URGP=0 
Jan 22 03:54:06 localhost kernel: [13665508.749784] [UFW BLOCK] IN=ens3 OUT= MAC=56:00:03:85:82:df:fe:00:03:85:82:df:08:00 SRC=116.121.130.18 DST=158.247.223.84 LEN=44 TOS=0x00 PREC=0x00 TTL=46 ID=54727 PROTO=TCP SPT=50993 DPT=23 WINDOW=58129 RES=0x00 SYN URGP=0 
Jan 22 03:54:34 localhost kernel: [13665536.872609] [UFW BLOCK] IN=ens3 OUT= MAC=56:00:03:85:82:df:fe:00:03:85:82:df:08:00 SRC=116.121.130.18 DST=158.247.223.84 LEN=44 TOS=0x00 PREC=0x00 TTL=46 ID=54727 PROTO=TCP SPT=50993 DPT=23 WINDOW=58129 RES=0x00 SYN URGP=0 
Jan 22 03:54:39 localhost kernel: [13665542.349882] [UFW BLOCK] IN=ens3 OUT= MAC=56:00:03:85:82:df:fe:00:03:85:82:df:08:00 SRC=45.134.26.239 DST=158.247.223.84 LEN=40 TOS=0x00 PREC=0x00 TTL=244 ID=7857 PROTO=TCP SPT=49747 DPT=22805 WINDOW=1024 RES=0x00 SYN URGP=0 
Jan 22 03:55:00 localhost kernel: [13665562.649105] [UFW BLOCK] IN=ens3 OUT= MAC=56:00:03:85:82:df:fe:00:03:85:82:df:08:00 SRC=116.121.130.18 DST=158.247.223.84 LEN=44 TOS=0x00 PREC=0x00 TTL=46 ID=54727 PROTO=TCP SPT=50993 DPT=23 WINDOW=58129 RES=0x00 SYN URGP=0 
Jan 22 03:55:01 localhost CRON[26199]: (root) CMD (command -v debian-sa1 > /dev/null && debian-sa1 1 1)
Jan 22 03:55:27 localhost kernel: [13665589.551768] [UFW BLOCK] IN=ens3 OUT= MAC=56:00:03:85:82:df:fe:00:03:85:82:df:08:00 SRC=116.121.130.18 DST=158.247.223.84 LEN=44 TOS=0x00 PREC=0x00 TTL=46 ID=54727 PROTO=TCP SPT=50993 DPT=23 WINDOW=58129 RES=0x00 SYN URGP=0 
Jan 22 03:55:42 localhost kernel: [13665605.352178] [UFW BLOCK] IN=ens3 OUT= MAC=56:00:03:85:82:df:fe:00:03:85:82:df:08:00 SRC=116.121.130.18 DST=158.247.223.84 LEN=44 TOS=0x00 PREC=0x00 TTL=46 ID=54727 PROTO=TCP SPT=50993 DPT=23 WINDOW=58129 RES=0x00 SYN URGP=0 
Jan 22 03:56:00 localhost kernel: [13665623.383776] [UFW BLOCK] IN=ens3 OUT= MAC=56:00:03:85:82:df:fe:00:03:85:82:df:08:00 SRC=185.73.126.94 DST=158.247.223.84 LEN=40 TOS=0x00 PREC=0x00 TTL=240 ID=27638 PROTO=TCP SPT=41682 DPT=5587 WINDOW=1024 RES=0x00 SYN URGP=0 
Jan 22 03:56:15 localhost postfix/smtpd[26232]: connect from unknown[39.91.92.145]
Jan 22 03:56:15 localhost postfix/trivial-rewrite[26235]: warning: do not list domain lamc.la in BOTH mydestination and virtual_alias_domains
Jan 22 03:56:15 localhost postfix/smtpd[26232]: A3CC61D6C: client=unknown[39.91.92.145]
Jan 22 03:56:15 localhost postfix/cleanup[26236]: A3CC61D6C: message-id=<1406185819.785208.1642823770493@negishi-mfg.co.jp>
Jan 22 03:56:17 localhost postfix/qmgr[32066]: A3CC61D6C: from=<xpedeshi@sarmatec.ro>, size=295324, nrcpt=1 (queue active)
Jan 22 03:56:17 localhost postfix/trivial-rewrite[26235]: warning: do not list domain lamc.la in BOTH mydestination and virtual_alias_domains
Jan 22 03:56:17 localhost postfix/local[26237]: A3CC61D6C: to=<adam@lamc.la>, relay=local, delay=1.7, delays=1.7/0.01/0/0, dsn=2.0.0, status=sent (delivered to maildir)
Jan 22 03:56:17 localhost postfix/qmgr[32066]: A3CC61D6C: removed
Jan 22 03:56:17 localhost postfix/smtpd[26232]: disconnect from unknown[39.91.92.145] ehlo=1 mail=1 rcpt=1 data=1 quit=1 commands=5
Jan 22 03:56:28 localhost kernel: [13665650.769341] [UFW BLOCK] IN=ens3 OUT= MAC=56:00:03:85:82:df:fe:00:03:85:82:df:08:00 SRC=185.191.34.207 DST=158.247.223.84 LEN=40 TOS=0x00 PREC=0x00 TTL=244 ID=41685 PROTO=TCP SPT=48300 DPT=1354 WINDOW=1024 RES=0x00 SYN URGP=0 
Jan 22 03:56:40 localhost kernel: [13665663.349599] [UFW BLOCK] IN=ens3 OUT= MAC=56:00:03:85:82:df:fe:00:03:85:82:df:08:00 SRC=116.121.130.18 DST=158.247.223.84 LEN=44 TOS=0x00 PREC=0x00 TTL=46 ID=54727 PROTO=TCP SPT=50993 DPT=23 WINDOW=58129 RES=0x00 SYN URGP=0 
Jan 22 03:56:43 localhost postfix/smtpd[26232]: warning: hostname 57.51.65.125.broad.ls.sc.dynamic.163data.com.cn does not resolve to address 125.65.51.57: Name or service not known
Jan 22 03:56:43 localhost postfix/smtpd[26232]: connect from unknown[125.65.51.57]
Jan 22 03:56:43 localhost postfix/trivial-rewrite[26235]: warning: do not list domain lamc.la in BOTH mydestination and virtual_alias_domains
Jan 22 03:56:43 localhost postfix/smtpd[26232]: 9399B1D6C: client=unknown[125.65.51.57]
Jan 22 03:56:44 localhost postfix/cleanup[26236]: 9399B1D6C: message-id=<2107457718.61011.1642823796777@aspmx2.googlemail.com>
Jan 22 03:56:44 localhost postfix/qmgr[32066]: 9399B1D6C: from=<digejve@raitech.pl>, size=3304, nrcpt=1 (queue active)
Jan 22 03:56:44 localhost postfix/trivial-rewrite[26235]: warning: do not list domain lamc.la in BOTH mydestination and virtual_alias_domains
Jan 22 03:56:44 localhost postfix/local[26237]: 9399B1D6C: to=<adam@lamc.la>, relay=local, delay=0.71, delays=0.69/0/0/0.02, dsn=2.0.0, status=sent (delivered to maildir)
Jan 22 03:56:44 localhost postfix/qmgr[32066]: 9399B1D6C: removed
Jan 22 03:56:44 localhost postfix/smtpd[26232]: disconnect from unknown[125.65.51.57] ehlo=1 mail=1 rcpt=1 data=1 quit=1 commands=5
Jan 22 03:56:55 localhost dockerd[8431]: time="2022-01-22T03:56:55.902487320Z" level=info msg="NetworkDB stats plemma(b3be9f6424e0) - netID:0rz6hg0qghb21juyqti61umko leaving:false netPeers:1 entries:2 Queue qLen:0 netMsg/s:0"
Jan 22 03:57:07 localhost kernel: [13665690.272269] [UFW BLOCK] IN=ens3 OUT= MAC=56:00:03:85:82:df:fe:00:03:85:82:df:08:00 SRC=116.121.130.18 DST=158.247.223.84 LEN=44 TOS=0x00 PREC=0x00 TTL=46 ID=54727 PROTO=TCP SPT=50993 DPT=23 WINDOW=58129 RES=0x00 SYN URGP=0 
Jan 22 03:57:21 localhost kernel: [13665703.483846] [UFW BLOCK] IN=ens3 OUT= MAC=56:00:03:85:82:df:fe:00:03:85:82:df:08:00 SRC=79.124.62.130 DST=158.247.223.84 LEN=40 TOS=0x00 PREC=0x00 TTL=240 ID=21002 PROTO=TCP SPT=44498 DPT=32496 WINDOW=1024 RES=0x00 SYN URGP=0 
Jan 22 03:57:46 localhost kernel: [13665729.189204] [UFW BLOCK] IN=ens3 OUT= MAC=56:00:03:85:82:df:fe:00:03:85:82:df:08:00 SRC=116.121.130.18 DST=158.247.223.84 LEN=44 TOS=0x00 PREC=0x00 TTL=46 ID=54727 PROTO=TCP SPT=50993 DPT=23 WINDOW=58129 RES=0x00 SYN URGP=0 
Jan 22 03:58:02 localhost kernel: [13665745.025649] [UFW BLOCK] IN=ens3 OUT= MAC=56:00:03:85:82:df:fe:00:03:85:82:df:08:00 SRC=89.248.163.137 DST=158.247.223.84 LEN=40 TOS=0x00 PREC=0x00 TTL=239 ID=45699 PROTO=TCP SPT=45827 DPT=33079 WINDOW=1024 RES=0x00 SYN URGP=0 
Jan 22 03:58:25 localhost kernel: [13665767.642462] [UFW BLOCK] IN=ens3 OUT= MAC=56:00:03:85:82:df:fe:00:03:85:82:df:08:00 SRC=89.248.163.131 DST=158.247.223.84 LEN=40 TOS=0x00 PREC=0x00 TTL=241 ID=8121 PROTO=TCP SPT=47371 DPT=13456 WINDOW=1024 RES=0x00 SYN URGP=0 
Jan 22 03:58:42 localhost kernel: [13665785.285496] [UFW BLOCK] IN=ens3 OUT= MAC=56:00:03:85:82:df:fe:00:03:85:82:df:08:00 SRC=51.222.253.4 DST=158.247.223.84 LEN=60 TOS=0x00 PREC=0x00 TTL=47 ID=40279 DF PROTO=TCP SPT=50368 DPT=80 WINDOW=64240 RES=0x00 SYN URGP=0 
Jan 22 03:59:06 localhost kernel: [13665808.714998] [UFW BLOCK] IN=ens3 OUT= MAC=56:00:03:85:82:df:fe:00:03:85:82:df:08:00 SRC=45.134.144.108 DST=158.247.223.84 LEN=40 TOS=0x00 PREC=0x00 TTL=245 ID=7640 PROTO=TCP SPT=48861 DPT=2443 WINDOW=1024 RES=0x00 SYN URGP=0 
Jan 22 03:59:21 localhost kernel: [13665823.697294] [UFW BLOCK] IN=ens3 OUT= MAC=56:00:03:85:82:df:fe:00:03:85:82:df:08:00 SRC=125.64.94.138 DST=158.247.223.84 LEN=40 TOS=0x00 PREC=0x00 TTL=240 ID=54321 PROTO=TCP SPT=36517 DPT=9292 WINDOW=65535 RES=0x00 SYN URGP=0 
Jan 22 03:59:40 localhost postfix/smtpd[26328]: connect from unknown[125.113.4.132]
Jan 22 03:59:41 localhost postfix/trivial-rewrite[26336]: warning: do not list domain lamc.la in BOTH mydestination and virtual_alias_domains
Jan 22 03:59:41 localhost postfix/smtpd[26328]: NOQUEUE: reject: RCPT from unknown[125.113.4.132]: 550 5.1.1 <car@lamc.la>: Recipient address rejected: User unknown in local recipient table; from=<qdmooe@bartec.de> to=<car@lamc.la> proto=ESMTP helo=<playahermosabeachhotel.com>
Jan 22 03:59:42 localhost postfix/smtpd[26328]: disconnect from unknown[125.113.4.132] ehlo=1 mail=1 rcpt=0/1 rset=1 quit=1 commands=4/5
Jan 22 04:00:01 localhost kernel: [13665863.565225] [UFW BLOCK] IN=ens3 OUT= MAC=56:00:03:85:82:df:fe:00:03:85:82:df:08:00 SRC=167.248.133.31 DST=158.247.223.84 LEN=44 TOS=0x00 PREC=0x00 TTL=39 ID=57759 PROTO=TCP SPT=44191 DPT=2000 WINDOW=1024 RES=0x00 SYN URGP=0 
Jan 22 04:00:21 localhost kernel: [13665884.062532] [UFW BLOCK] IN=ens3 OUT= MAC=56:00:03:85:82:df:fe:00:03:85:82:df:08:00 SRC=89.248.165.202 DST=158.247.223.84 LEN=40 TOS=0x00 PREC=0x00 TTL=239 ID=54321 PROTO=TCP SPT=44594 DPT=55389 WINDOW=65535 RES=0x00 SYN URGP=0 
Jan 22 04:00:27 localhost kernel: [13665890.041541] [UFW BLOCK] IN=ens3 OUT= MAC=56:00:03:85:82:df:fe:00:03:85:82:df:08:00 SRC=47.62.216.130 DST=158.247.223.84 LEN=60 TOS=0x00 PREC=0x00 TTL=50 ID=16799 DF PROTO=TCP SPT=55153 DPT=5555 WINDOW=65535 RES=0x00 SYN URGP=0 
Jan 22 04:00:47 localhost kernel: [13665909.511297] [UFW BLOCK] IN=ens3 OUT= MAC=56:00:03:85:82:df:fe:00:03:85:82:df:08:00 SRC=212.193.30.149 DST=158.247.223.84 LEN=40 TOS=0x00 PREC=0x00 TTL=243 ID=13111 PROTO=TCP SPT=41895 DPT=5900 WINDOW=1024 RES=0x00 SYN URGP=0 
Jan 22 04:01:01 localhost kernel: [13665923.668905] [UFW BLOCK] IN=ens3 OUT= MAC=56:00:03:85:82:df:fe:00:03:85:82:df:08:00 SRC=5.254.56.242 DST=158.247.223.84 LEN=40 TOS=0x00 PREC=0x00 TTL=49 ID=0 PROTO=TCP SPT=26471 DPT=11211 WINDOW=0 RES=0x00 SYN URGP=0 
Jan 22 04:01:29 localhost kernel: [13665951.836066] [UFW BLOCK] IN=ens3 OUT= MAC=56:00:03:85:82:df:fe:00:03:85:82:df:08:00 SRC=79.124.62.34 DST=158.247.223.84 LEN=40 TOS=0x00 PREC=0x00 TTL=240 ID=10965 PROTO=TCP SPT=43361 DPT=18306 WINDOW=1024 RES=0x00 SYN URGP=0 
Jan 22 04:01:40 localhost kernel: [13665962.735224] [UFW BLOCK] IN=ens3 OUT= MAC=56:00:03:85:82:df:fe:00:03:85:82:df:08:00 SRC=45.146.166.112 DST=158.247.223.84 LEN=40 TOS=0x00 PREC=0x00 TTL=245 ID=358 PROTO=TCP SPT=49773 DPT=34110 WINDOW=1024 RES=0x00 SYN URGP=0 
Jan 22 04:01:56 localhost dockerd[8431]: time="2022-01-22T04:01:56.102449237Z" level=info msg="NetworkDB stats plemma(b3be9f6424e0) - netID:0rz6hg0qghb21juyqti61umko leaving:false netPeers:1 entries:2 Queue qLen:0 netMsg/s:0"
Jan 22 04:02:00 localhost kernel: [13665982.690266] [UFW BLOCK] IN=ens3 OUT= MAC=56:00:03:85:82:df:fe:00:03:85:82:df:08:00 SRC=80.82.77.5 DST=158.247.223.84 LEN=57 TOS=0x00 PREC=0x00 TTL=240 ID=54321 PROTO=UDP SPT=33764 DPT=27036 LEN=37 
Jan 22 04:02:43 localhost kernel: [13666026.255696] [UFW BLOCK] IN=ens3 OUT= MAC=56:00:03:85:82:df:fe:00:03:85:82:df:08:00 SRC=89.248.163.131 DST=158.247.223.84 LEN=40 TOS=0x00 PREC=0x00 TTL=239 ID=56470 PROTO=TCP SPT=47371 DPT=10215 WINDOW=1024 RES=0x00 SYN URGP=0 
Jan 22 04:02:59 localhost kernel: [13666041.603890] [UFW BLOCK] IN=ens3 OUT= MAC=56:00:03:85:82:df:fe:00:03:85:82:df:08:00 SRC=185.222.57.195 DST=158.247.223.84 LEN=52 TOS=0x02 PREC=0x00 TTL=114 ID=8984 DF PROTO=TCP SPT=65158 DPT=25 WINDOW=8192 RES=0x00 CWR ECE SYN URGP=0 
Jan 22 04:02:59 localhost postfix/smtpd[26411]: warning: hostname hosted-by.rootlayer.net does not resolve to address 185.222.57.195
Jan 22 04:02:59 localhost postfix/smtpd[26411]: connect from unknown[185.222.57.195]
Jan 22 04:03:02 localhost postfix/smtpd[26411]: disconnect from unknown[185.222.57.195] ehlo=1 auth=0/1 rset=1 quit=1 commands=3/4
Jan 22 04:03:10 localhost kernel: [13666052.938397] [UFW BLOCK] IN=ens3 OUT= MAC=56:00:03:85:82:df:fe:00:03:85:82:df:08:00 SRC=45.143.200.110 DST=158.247.223.84 LEN=40 TOS=0x00 PREC=0x00 TTL=240 ID=56861 PROTO=TCP SPT=45276 DPT=33606 WINDOW=1024 RES=0x00 SYN URGP=0 
Jan 22 04:04:24 localhost kernel: [13666127.210535] [UFW BLOCK] IN=ens3 OUT= MAC=56:00:03:85:82:df:fe:00:03:85:82:df:08:00 SRC=167.248.133.66 DST=158.247.223.84 LEN=44 TOS=0x00 PREC=0x00 TTL=39 ID=35986 PROTO=TCP SPT=62956 DPT=1974 WINDOW=1024 RES=0x00 SYN URGP=0 
Jan 22 04:05:01 localhost CRON[26473]: (root) CMD (command -v debian-sa1 > /dev/null && debian-sa1 1 1)
Jan 22 04:05:08 localhost kernel: [13666170.629116] [UFW BLOCK] IN=ens3 OUT= MAC=56:00:03:85:82:df:fe:00:03:85:82:df:08:00 SRC=146.88.240.4 DST=158.247.223.84 LEN=42 TOS=0x00 PREC=0x00 TTL=243 ID=54321 PROTO=UDP SPT=51060 DPT=27962 LEN=22 
Jan 22 04:05:19 localhost kernel: [13666181.796467] [UFW BLOCK] IN=ens3 OUT= MAC=56:00:03:85:82:df:fe:00:03:85:82:df:08:00 SRC=89.248.165.248 DST=158.247.223.84 LEN=40 TOS=0x00 PREC=0x00 TTL=239 ID=54321 PROTO=TCP SPT=52002 DPT=8443 WINDOW=65535 RES=0x00 SYN URGP=0 
Jan 22 04:05:25 localhost kernel: [13666187.467888] [UFW BLOCK] IN=ens3 OUT= MAC=56:00:03:85:82:df:fe:00:03:85:82:df:08:00 SRC=91.166.246.105 DST=158.247.223.84 LEN=60 TOS=0x00 PREC=0x00 TTL=52 ID=19000 DF PROTO=TCP SPT=58249 DPT=5555 WINDOW=65535 RES=0x00 SYN URGP=0 
Jan 22 04:05:26 localhost kernel: [13666188.495277] [UFW BLOCK] IN=ens3 OUT= MAC=56:00:03:85:82:df:fe:00:03:85:82:df:08:00 SRC=91.166.246.105 DST=158.247.223.84 LEN=60 TOS=0x00 PREC=0x00 TTL=52 ID=19001 DF PROTO=TCP SPT=58249 DPT=5555 WINDOW=65535 RES=0x00 SYN URGP=0 
Jan 22 04:05:38 localhost kernel: [13666200.469606] [UFW BLOCK] IN=ens3 OUT= MAC=56:00:03:85:82:df:fe:00:03:85:82:df:08:00 SRC=193.3.19.132 DST=158.247.223.84 LEN=40 TOS=0x00 PREC=0x00 TTL=244 ID=7862 PROTO=TCP SPT=48579 DPT=22481 WINDOW=1024 RES=0x00 SYN URGP=0 
Jan 22 04:05:42 localhost kernel: [13666204.520330] [UFW BLOCK] IN=ens3 OUT= MAC=56:00:03:85:82:df:fe:00:03:85:82:df:08:00 SRC=92.118.161.1 DST=158.247.223.84 LEN=60 TOS=0x00 PREC=0x00 TTL=47 ID=3150 DF PROTO=TCP SPT=56587 DPT=80 WINDOW=29200 RES=0x00 SYN URGP=0 
Jan 22 04:05:44 localhost kernel: [13666206.958545] [UFW BLOCK] IN=ens3 OUT= MAC=56:00:03:85:82:df:fe:00:03:85:82:df:08:00 SRC=34.96.130.15 DST=158.247.223.84 LEN=44 TOS=0x00 PREC=0x00 TTL=248 ID=54321 PROTO=TCP SPT=49515 DPT=42713 WINDOW=65535 RES=0x00 SYN URGP=0 
Jan 22 04:05:59 localhost kernel: [13666222.247922] [UFW BLOCK] IN=ens3 OUT= MAC=56:00:03:85:82:df:fe:00:03:85:82:df:08:00 SRC=45.146.165.37 DST=158.247.223.84 LEN=60 TOS=0x00 PREC=0x00 TTL=54 ID=24020 DF PROTO=TCP SPT=50352 DPT=5432 WINDOW=64240 RES=0x00 SYN URGP=0 
Jan 22 04:06:15 localhost postfix/anvil[26234]: statistics: max connection rate 1/60s for (smtp:39.91.92.145) at Jan 22 03:56:15
Jan 22 04:06:15 localhost postfix/anvil[26234]: statistics: max connection count 1 for (smtp:39.91.92.145) at Jan 22 03:56:15
Jan 22 04:06:15 localhost postfix/anvil[26234]: statistics: max cache size 2 at Jan 22 03:56:43
Jan 22 04:06:28 localhost kernel: [13666250.991903] [UFW BLOCK] IN=ens3 OUT= MAC=56:00:03:85:82:df:fe:00:03:85:82:df:08:00 SRC=79.124.62.130 DST=158.247.223.84 LEN=40 TOS=0x00 PREC=0x00 TTL=240 ID=19010 PROTO=TCP SPT=44498 DPT=31894 WINDOW=1024 RES=0x00 SYN URGP=0 
Jan 22 04:06:44 localhost kernel: [13666267.025827] [UFW BLOCK] IN=ens3 OUT= MAC=56:00:03:85:82:df:fe:00:03:85:82:df:08:00 SRC=45.146.166.117 DST=158.247.223.84 LEN=40 TOS=0x00 PREC=0x00 TTL=244 ID=46304 PROTO=TCP SPT=49827 DPT=30062 WINDOW=1024 RES=0x00 SYN URGP=0 
Jan 22 04:06:56 localhost dockerd[8431]: time="2022-01-22T04:06:56.302484621Z" level=info msg="NetworkDB stats plemma(b3be9f6424e0) - netID:0rz6hg0qghb21juyqti61umko leaving:false netPeers:1 entries:2 Queue qLen:0 netMsg/s:0"
Jan 22 04:07:00 localhost kernel: [13666283.138119] [UFW BLOCK] IN=ens3 OUT= MAC=56:00:03:85:82:df:fe:00:03:85:82:df:08:00 SRC=79.124.62.130 DST=158.247.223.84 LEN=40 TOS=0x00 PREC=0x00 TTL=240 ID=1351 PROTO=TCP SPT=44498 DPT=32702 WINDOW=1024 RES=0x00 SYN URGP=0 
Jan 22 04:07:33 localhost kernel: [13666315.771574] [UFW BLOCK] IN=ens3 OUT= MAC=56:00:03:85:82:df:fe:00:03:85:82:df:08:00 SRC=212.192.241.211 DST=158.247.223.84 LEN=40 TOS=0x00 PREC=0x00 TTL=243 ID=54321 PROTO=TCP SPT=43466 DPT=81 WINDOW=65535 RES=0x00 SYN URGP=0 
Jan 22 04:07:43 localhost kernel: [13666325.952969] [UFW BLOCK] IN=ens3 OUT= MAC=56:00:03:85:82:df:fe:00:03:85:82:df:08:00 SRC=89.248.163.130 DST=158.247.223.84 LEN=40 TOS=0x00 PREC=0x00 TTL=239 ID=995 PROTO=TCP SPT=47684 DPT=2103 WINDOW=1024 RES=0x00 SYN URGP=0 
Jan 22 04:08:05 localhost kernel: [13666348.019221] [UFW BLOCK] IN=ens3 OUT= MAC=56:00:03:85:82:df:fe:00:03:85:82:df:08:00 SRC=209.237.154.206 DST=158.247.223.84 LEN=40 TOS=0x00 PREC=0x00 TTL=246 ID=54321 PROTO=TCP SPT=54974 DPT=7355 WINDOW=65535 RES=0x00 SYN URGP=0 
Jan 22 04:08:24 localhost kernel: [13666367.277921] [UFW BLOCK] IN=ens3 OUT= MAC=56:00:03:85:82:df:fe:00:03:85:82:df:08:00 SRC=89.248.163.130 DST=158.247.223.84 LEN=40 TOS=0x00 PREC=0x00 TTL=239 ID=44192 PROTO=TCP SPT=47684 DPT=2111 WINDOW=1024 RES=0x00 SYN URGP=0 
Jan 22 04:08:41 localhost kernel: [13666383.756410] [UFW BLOCK] IN=ens3 OUT= MAC=56:00:03:85:82:df:fe:00:03:85:82:df:08:00 SRC=89.248.163.132 DST=158.247.223.84 LEN=40 TOS=0x00 PREC=0x00 TTL=239 ID=19432 PROTO=TCP SPT=47603 DPT=5190 WINDOW=1024 RES=0x00 SYN URGP=0 
Jan 22 04:09:01 localhost CRON[26578]: (root) CMD (  [ -x /usr/lib/php/sessionclean ] && if [ ! -d /run/systemd/system ]; then /usr/lib/php/sessionclean; fi)
Jan 22 04:09:01 localhost systemd[1]: Starting Clean php session files...
Jan 22 04:09:01 localhost systemd[1]: phpsessionclean.service: Succeeded.
Jan 22 04:09:01 localhost systemd[1]: Started Clean php session files.
Jan 22 04:09:12 localhost kernel: [13666415.273578] [UFW BLOCK] IN=ens3 OUT= MAC=56:00:03:85:82:df:fe:00:03:85:82:df:08:00 SRC=45.134.26.232 DST=158.247.223.84 LEN=40 TOS=0x00 PREC=0x00 TTL=244 ID=46077 PROTO=TCP SPT=49670 DPT=25221 WINDOW=1024 RES=0x00 SYN URGP=0 
Jan 22 04:09:29 localhost kernel: [13666432.184225] [UFW BLOCK] IN=ens3 OUT= MAC=56:00:03:85:82:df:fe:00:03:85:82:df:08:00 SRC=138.99.216.196 DST=158.247.223.84 LEN=40 TOS=0x00 PREC=0x00 TTL=240 ID=40468 PROTO=TCP SPT=47601 DPT=306 WINDOW=1024 RES=0x00 SYN URGP=0 
Jan 22 04:09:49 localhost kernel: [13666452.021455] [UFW BLOCK] IN=ens3 OUT= MAC=56:00:03:85:82:df:fe:00:03:85:82:df:08:00 SRC=89.248.163.136 DST=158.247.223.84 LEN=40 TOS=0x00 PREC=0x00 TTL=239 ID=24628 PROTO=TCP SPT=47776 DPT=1216 WINDOW=1024 RES=0x00 SYN URGP=0 
Jan 22 04:10:04 localhost kernel: [13666467.184860] [UFW BLOCK] IN=ens3 OUT= MAC=56:00:03:85:82:df:fe:00:03:85:82:df:08:00 SRC=162.142.125.77 DST=158.247.223.84 LEN=44 TOS=0x00 PREC=0x00 TTL=40 ID=3597 PROTO=TCP SPT=62783 DPT=1978 WINDOW=1024 RES=0x00 SYN URGP=0 
Jan 22 04:10:21 localhost kernel: [13666483.910426] [UFW BLOCK] IN=ens3 OUT= MAC=56:00:03:85:82:df:fe:00:03:85:82:df:08:00 SRC=103.133.106.128 DST=158.247.223.84 LEN=44 TOS=0x00 PREC=0x00 TTL=239 ID=54321 PROTO=TCP SPT=44565 DPT=22999 WINDOW=65535 RES=0x00 SYN URGP=0 
Jan 22 04:11:14 localhost kernel: [13666537.131920] [UFW BLOCK] IN=ens3 OUT= MAC=56:00:03:85:82:df:fe:00:03:85:82:df:08:00 SRC=193.163.125.79 DST=158.247.223.84 LEN=44 TOS=0x00 PREC=0x00 TTL=243 ID=47797 PROTO=TCP SPT=52666 DPT=45354 WINDOW=14600 RES=0x00 SYN URGP=0 
Jan 22 04:11:24 localhost kernel: [13666547.076011] [UFW BLOCK] IN=ens3 OUT= MAC=56:00:03:85:82:df:fe:00:03:85:82:df:08:00 SRC=162.62.61.98 DST=158.247.223.84 LEN=44 TOS=0x00 PREC=0x00 TTL=235 ID=54321 PROTO=TCP SPT=41739 DPT=8080 WINDOW=65535 RES=0x00 SYN URGP=0 
Jan 22 04:11:44 localhost kernel: [13666567.314531] [UFW BLOCK] IN=ens3 OUT= MAC=56:00:03:85:82:df:fe:00:03:85:82:df:08:00 SRC=89.248.165.202 DST=158.247.223.84 LEN=40 TOS=0x00 PREC=0x00 TTL=239 ID=54321 PROTO=TCP SPT=44094 DPT=56389 WINDOW=65535 RES=0x00 SYN URGP=0 
Jan 22 04:11:56 localhost dockerd[8431]: time="2022-01-22T04:11:56.502464906Z" level=info msg="NetworkDB stats plemma(b3be9f6424e0) - netID:0rz6hg0qghb21juyqti61umko leaving:false netPeers:1 entries:2 Queue qLen:0 netMsg/s:0"
Jan 22 04:11:56 localhost kernel: [13666578.957033] [UFW BLOCK] IN=ens3 OUT= MAC=56:00:03:85:82:df:fe:00:03:85:82:df:08:00 SRC=209.237.154.135 DST=158.247.223.84 LEN=40 TOS=0x00 PREC=0x00 TTL=246 ID=54321 PROTO=TCP SPT=51152 DPT=7359 WINDOW=65535 RES=0x00 SYN URGP=0 
Jan 22 04:12:02 localhost kernel: [13666585.280368] [UFW BLOCK] IN=ens3 OUT= MAC=56:00:03:85:82:df:fe:00:03:85:82:df:08:00 SRC=209.85.219.69 DST=158.247.223.84 LEN=60 TOS=0x00 PREC=0x00 TTL=57 ID=47328 PROTO=TCP SPT=52144 DPT=25 WINDOW=65535 RES=0x00 SYN URGP=0 
Jan 22 04:12:03 localhost postfix/smtpd[26707]: connect from mail-qv1-f69.google.com[209.85.219.69]
Jan 22 04:12:04 localhost postfix/smtpd[26707]: NOQUEUE: reject: RCPT from mail-qv1-f69.google.com[209.85.219.69]: 454 4.7.1 <unsubscribe@carpent.us>: Relay access denied; from=<coppi@psfc.mit.edu> to=<unsubscribe@carpent.us> proto=ESMTP helo=<mail-qv1-f69.google.com>
Jan 22 04:12:04 localhost postfix/smtpd[26707]: disconnect from mail-qv1-f69.google.com[209.85.219.69] ehlo=2 starttls=1 mail=1 rcpt=0/1 bdat=0/1 quit=1 commands=5/7
Jan 22 04:12:25 localhost kernel: [13666607.705140] [UFW BLOCK] IN=ens3 OUT= MAC=56:00:03:85:82:df:fe:00:03:85:82:df:08:00 SRC=45.146.166.111 DST=158.247.223.84 LEN=40 TOS=0x00 PREC=0x00 TTL=245 ID=46102 PROTO=TCP SPT=49921 DPT=10194 WINDOW=1024 RES=0x00 SYN URGP=0 
Jan 22 04:12:50 localhost kernel: [13666632.596535] [UFW BLOCK] IN=ens3 OUT= MAC=56:00:03:85:82:df:fe:00:03:85:82:df:08:00 SRC=45.146.166.118 DST=158.247.223.84 LEN=40 TOS=0x00 PREC=0x00 TTL=245 ID=51728 PROTO=TCP SPT=49839 DPT=39757 WINDOW=1024 RES=0x00 SYN URGP=0 
Jan 22 04:13:03 localhost kernel: [13666645.775985] [UFW BLOCK] IN=ens3 OUT= MAC=56:00:03:85:82:df:fe:00:03:85:82:df:08:00 SRC=193.105.124.62 DST=158.247.223.84 LEN=40 TOS=0x00 PREC=0x00 TTL=240 ID=28526 PROTO=TCP SPT=50050 DPT=1433 WINDOW=1024 RES=0x00 SYN URGP=0 
Jan 22 04:13:19 localhost kernel: [13666661.672878] [UFW BLOCK] IN=ens3 OUT= MAC=56:00:03:85:82:df:fe:00:03:85:82:df:08:00 SRC=209.237.154.182 DST=158.247.223.84 LEN=40 TOS=0x00 PREC=0x00 TTL=246 ID=54321 PROTO=TCP SPT=55036 DPT=3805 WINDOW=65535 RES=0x00 SYN URGP=0 
Jan 22 04:13:40 localhost kernel: [13666682.900667] [UFW BLOCK] IN=ens3 OUT= MAC=56:00:03:85:82:df:fe:00:03:85:82:df:08:00 SRC=89.248.163.140 DST=158.247.223.84 LEN=40 TOS=0x00 PREC=0x00 TTL=239 ID=54321 PROTO=TCP SPT=57596 DPT=32015 WINDOW=65535 RES=0x00 SYN URGP=0 
Jan 22 04:14:06 localhost kernel: [13666708.537091] [UFW BLOCK] IN=ens3 OUT= MAC=56:00:03:85:82:df:fe:00:03:85:82:df:08:00 SRC=45.134.26.57 DST=158.247.223.84 LEN=40 TOS=0x00 PREC=0x00 TTL=245 ID=38523 PROTO=TCP SPT=49630 DPT=60273 WINDOW=1024 RES=0x00 SYN URGP=0 
Jan 22 04:14:35 localhost kernel: [13666737.947861] [UFW BLOCK] IN=ens3 OUT= MAC=56:00:03:85:82:df:fe:00:03:85:82:df:08:00 SRC=111.198.29.154 DST=158.247.223.84 LEN=64 TOS=0x00 PREC=0x00 TTL=245 ID=54321 PROTO=UDP SPT=10706 DPT=53 LEN=44 
Jan 22 04:14:41 localhost kernel: [13666743.730374] [UFW BLOCK] IN=ens3 OUT= MAC=56:00:03:85:82:df:fe:00:03:85:82:df:08:00 SRC=79.124.62.110 DST=158.247.223.84 LEN=40 TOS=0x00 PREC=0x00 TTL=240 ID=55438 PROTO=TCP SPT=43363 DPT=57599 WINDOW=1024 RES=0x00 SYN URGP=0 
Jan 22 04:15:01 localhost CRON[26793]: (root) CMD (command -v debian-sa1 > /dev/null && debian-sa1 1 1)
Jan 22 04:15:13 localhost kernel: [13666775.642411] [UFW BLOCK] IN=ens3 OUT= MAC=56:00:03:85:82:df:fe:00:03:85:82:df:08:00 SRC=79.124.62.110 DST=158.247.223.84 LEN=40 TOS=0x00 PREC=0x00 TTL=240 ID=46628 PROTO=TCP SPT=43363 DPT=52561 WINDOW=1024 RES=0x00 SYN URGP=0 
Jan 22 04:15:25 localhost postfix/anvil[26709]: statistics: max connection rate 1/60s for (smtp:209.85.219.69) at Jan 22 04:12:03
Jan 22 04:15:25 localhost postfix/anvil[26709]: statistics: max connection count 1 for (smtp:209.85.219.69) at Jan 22 04:12:03
Jan 22 04:15:25 localhost postfix/anvil[26709]: statistics: max cache size 1 at Jan 22 04:12:03
Jan 22 04:15:31 localhost kernel: [13666793.714812] [UFW BLOCK] IN=ens3 OUT= MAC=56:00:03:85:82:df:fe:00:03:85:82:df:08:00 SRC=184.105.139.84 DST=158.247.223.84 LEN=40 TOS=0x00 PREC=0x00 TTL=53 ID=44787 DF PROTO=UDP SPT=55432 DPT=123 LEN=20 
Jan 22 04:15:50 localhost kernel: [13666812.733550] [UFW BLOCK] IN=ens3 OUT= MAC=56:00:03:85:82:df:fe:00:03:85:82:df:08:00 SRC=79.124.62.110 DST=158.247.223.84 LEN=40 TOS=0x00 PREC=0x00 TTL=240 ID=1565 PROTO=TCP SPT=43363 DPT=61556 WINDOW=1024 RES=0x00 SYN URGP=0 
Jan 22 04:15:59 localhost kernel: [13666822.017855] [UFW BLOCK] IN=ens3 OUT= MAC=56:00:03:85:82:df:fe:00:03:85:82:df:08:00 SRC=211.230.145.197 DST=158.247.223.84 LEN=60 TOS=0x00 PREC=0x00 TTL=52 ID=37693 DF PROTO=TCP SPT=41381 DPT=5555 WINDOW=65535 RES=0x00 SYN URGP=0 
Jan 22 04:16:46 localhost kernel: [13666868.863587] [UFW BLOCK] IN=ens3 OUT= MAC=56:00:03:85:82:df:fe:00:03:85:82:df:08:00 SRC=46.148.21.66 DST=158.247.223.84 LEN=40 TOS=0x00 PREC=0x00 TTL=237 ID=61112 PROTO=TCP SPT=60000 DPT=57222 WINDOW=1024 RES=0x00 SYN URGP=0 
Jan 22 04:16:51 localhost kernel: [13666873.945883] [UFW BLOCK] IN=ens3 OUT= MAC=56:00:03:85:82:df:fe:00:03:85:82:df:08:00 SRC=209.237.154.229 DST=158.247.223.84 LEN=40 TOS=0x00 PREC=0x00 TTL=246 ID=54321 PROTO=TCP SPT=58739 DPT=7314 WINDOW=65535 RES=0x00 SYN URGP=0 
Jan 22 04:16:56 localhost dockerd[8431]: time="2022-01-22T04:16:56.702454779Z" level=info msg="NetworkDB stats plemma(b3be9f6424e0) - netID:0rz6hg0qghb21juyqti61umko leaving:false netPeers:1 entries:2 Queue qLen:0 netMsg/s:0"
Jan 22 04:17:01 localhost CRON[26840]: (root) CMD (   cd / && run-parts --report /etc/cron.hourly)
Jan 22 04:17:01 localhost kernel: [13666883.544689] [UFW BLOCK] IN=ens3 OUT= MAC=56:00:03:85:82:df:fe:00:03:85:82:df:08:00 SRC=141.98.10.36 DST=158.247.223.84 LEN=40 TOS=0x00 PREC=0x00 TTL=242 ID=49063 PROTO=TCP SPT=44731 DPT=45901 WINDOW=1024 RES=0x00 SYN URGP=0 
Jan 22 04:17:31 localhost kernel: [13666913.909669] [UFW BLOCK] IN=ens3 OUT= MAC=56:00:03:85:82:df:fe:00:03:85:82:df:08:00 SRC=45.143.200.110 DST=158.247.223.84 LEN=40 TOS=0x00 PREC=0x00 TTL=240 ID=60704 PROTO=TCP SPT=45276 DPT=33072 WINDOW=1024 RES=0x00 SYN URGP=0 
Jan 22 04:17:39 localhost kernel: [13666922.226168] [UFW BLOCK] IN=ens3 OUT= MAC=56:00:03:85:82:df:fe:00:03:85:82:df:08:00 SRC=45.146.166.120 DST=158.247.223.84 LEN=40 TOS=0x00 PREC=0x00 TTL=245 ID=13237 PROTO=TCP SPT=49865 DPT=65471 WINDOW=1024 RES=0x00 SYN URGP=0 
Jan 22 04:18:01 localhost kernel: [13666944.285832] [UFW BLOCK] IN=ens3 OUT= MAC=56:00:03:85:82:df:fe:00:03:85:82:df:08:00 SRC=165.227.147.143 DST=158.247.223.84 LEN=40 TOS=0x00 PREC=0x00 TTL=239 ID=54321 PROTO=TCP SPT=40296 DPT=23 WINDOW=65535 RES=0x00 SYN URGP=0 
Jan 22 04:18:25 localhost kernel: [13666968.300447] [UFW BLOCK] IN=ens3 OUT= MAC=56:00:03:85:82:df:fe:00:03:85:82:df:08:00 SRC=143.198.144.236 DST=158.247.223.84 LEN=40 TOS=0x00 PREC=0x00 TTL=242 ID=54321 PROTO=TCP SPT=48673 DPT=23 WINDOW=65535 RES=0x00 SYN URGP=0 
Jan 22 04:18:55 localhost kernel: [13666997.760699] [UFW BLOCK] IN=ens3 OUT= MAC=56:00:03:85:82:df:fe:00:03:85:82:df:08:00 SRC=165.227.148.3 DST=158.247.223.84 LEN=40 TOS=0x00 PREC=0x00 TTL=239 ID=9739 PROTO=TCP SPT=44963 DPT=525 WINDOW=1024 RES=0x00 SYN URGP=0 
Jan 22 04:19:11 localhost kernel: [13667013.819709] [UFW BLOCK] IN=ens3 OUT= MAC=56:00:03:85:82:df:fe:00:03:85:82:df:08:00 SRC=193.163.125.120 DST=158.247.223.84 LEN=44 TOS=0x00 PREC=0x00 TTL=242 ID=24023 PROTO=TCP SPT=59369 DPT=11711 WINDOW=14600 RES=0x00 SYN URGP=0 
Jan 22 04:19:24 localhost kernel: [13667026.726949] [UFW BLOCK] IN=ens3 OUT= MAC=56:00:03:85:82:df:fe:00:03:85:82:df:08:00 SRC=45.146.166.116 DST=158.247.223.84 LEN=40 TOS=0x00 PREC=0x00 TTL=244 ID=61403 PROTO=TCP SPT=49814 DPT=22970 WINDOW=1024 RES=0x00 SYN URGP=0 
Jan 22 04:19:57 localhost kernel: [13667060.328812] [UFW BLOCK] IN=ens3 OUT= MAC=56:00:03:85:82:df:fe:00:03:85:82:df:08:00 SRC=209.237.154.161 DST=158.247.223.84 LEN=40 TOS=0x00 PREC=0x00 TTL=246 ID=54321 PROTO=TCP SPT=33775 DPT=3754 WINDOW=65535 RES=0x00 SYN URGP=0 
Jan 22 04:20:25 localhost kernel: [13667087.531779] [UFW BLOCK] IN=ens3 OUT= MAC=56:00:03:85:82:df:fe:00:03:85:82:df:08:00 SRC=193.177.182.7 DST=158.247.223.84 LEN=62 TOS=0x00 PREC=0x00 TTL=240 ID=54321 PROTO=UDP SPT=45984 DPT=5353 LEN=42 
Jan 22 04:20:29 localhost kernel: [13667092.064232] [UFW BLOCK] IN=ens3 OUT= MAC=56:00:03:85:82:df:fe:00:03:85:82:df:08:00 SRC=209.141.40.121 DST=158.247.223.84 LEN=96 TOS=0x00 PREC=0x00 TTL=54 ID=55975 DF PROTO=UDP SPT=3162 DPT=1434 LEN=76 
Jan 22 04:20:45 localhost kernel: [13667108.307706] [UFW BLOCK] IN=ens3 OUT= MAC=56:00:03:85:82:df:fe:00:03:85:82:df:08:00 SRC=209.237.154.97 DST=158.247.223.84 LEN=40 TOS=0x00 PREC=0x00 TTL=246 ID=54321 PROTO=TCP SPT=38895 DPT=2915 WINDOW=65535 RES=0x00 SYN URGP=0 
Jan 22 04:21:02 localhost kernel: [13667124.670828] [UFW BLOCK] IN=ens3 OUT= MAC=56:00:03:85:82:df:fe:00:03:85:82:df:08:00 SRC=45.143.200.58 DST=158.247.223.84 LEN=40 TOS=0x00 PREC=0x00 TTL=240 ID=62175 PROTO=TCP SPT=51891 DPT=54645 WINDOW=1024 RES=0x00 SYN URGP=0 
Jan 22 04:21:26 localhost kernel: [13667148.472928] [UFW BLOCK] IN=ens3 OUT= MAC=56:00:03:85:82:df:fe:00:03:85:82:df:08:00 SRC=89.248.165.248 DST=158.247.223.84 LEN=40 TOS=0x00 PREC=0x00 TTL=241 ID=54321 PROTO=TCP SPT=46333 DPT=8443 WINDOW=65535 RES=0x00 SYN URGP=0 
Jan 22 04:21:43 localhost kernel: [13667165.608954] [UFW BLOCK] IN=ens3 OUT= MAC=56:00:03:85:82:df:fe:00:03:85:82:df:08:00 SRC=209.85.210.72 DST=158.247.223.84 LEN=60 TOS=0x00 PREC=0x00 TTL=105 ID=24815 PROTO=TCP SPT=35781 DPT=25 WINDOW=65535 RES=0x00 SYN URGP=0 
Jan 22 04:21:43 localhost postfix/smtpd[26966]: connect from mail-ot1-f72.google.com[209.85.210.72]
Jan 22 04:21:44 localhost postfix/smtpd[26966]: NOQUEUE: reject: RCPT from mail-ot1-f72.google.com[209.85.210.72]: 454 4.7.1 <prvs=012297aab=arwaxm+bncBCC7XN6N3YMBBIP4UWHQMGQEW6TWIBQ@liber-t.xyz>: Relay access denied; from=<> to=<prvs=012297aab=arwaxm+bncBCC7XN6N3YMBBIP4UWHQMGQEW6TWIBQ@liber-t.xyz> proto=ESMTP helo=<mail-ot1-f72.google.com>
Jan 22 04:21:45 localhost postfix/smtpd[26966]: disconnect from mail-ot1-f72.google.com[209.85.210.72] ehlo=2 starttls=1 mail=1 rcpt=0/1 bdat=0/1 quit=1 commands=5/7
Jan 22 04:21:56 localhost dockerd[8431]: time="2022-01-22T04:21:56.902469628Z" level=info msg="NetworkDB stats plemma(b3be9f6424e0) - netID:0rz6hg0qghb21juyqti61umko leaving:false netPeers:1 entries:2 Queue qLen:0 netMsg/s:0"
Jan 22 04:22:02 localhost kernel: [13667184.827039] [UFW BLOCK] IN=ens3 OUT= MAC=56:00:03:85:82:df:fe:00:03:85:82:df:08:00 SRC=124.223.66.141 DST=158.247.223.84 LEN=40 TOS=0x00 PREC=0x00 TTL=236 ID=47563 PROTO=TCP SPT=45215 DPT=2375 WINDOW=1024 RES=0x00 SYN URGP=0 
Jan 22 04:23:08 localhost kernel: [13667250.779541] [UFW BLOCK] IN=ens3 OUT= MAC=56:00:03:85:82:df:fe:00:03:85:82:df:08:00 SRC=89.248.163.131 DST=158.247.223.84 LEN=40 TOS=0x00 PREC=0x00 TTL=239 ID=53361 PROTO=TCP SPT=47371 DPT=9290 WINDOW=1024 RES=0x00 SYN URGP=0 
Jan 22 04:23:11 localhost kernel: [13667254.280093] [UFW BLOCK] IN=ens3 OUT= MAC=56:00:03:85:82:df:fe:00:03:85:82:df:08:00 SRC=45.148.10.241 DST=158.247.223.84 LEN=33 TOS=0x00 PREC=0x00 TTL=49 ID=24476 DF PROTO=UDP SPT=53932 DPT=3702 LEN=13 
Jan 22 04:23:20 localhost kernel: [13667263.022523] [UFW BLOCK] IN=ens3 OUT= MAC=56:00:03:85:82:df:fe:00:03:85:82:df:08:00 SRC=167.94.138.29 DST=158.247.223.84 LEN=44 TOS=0x00 PREC=0x00 TTL=37 ID=16013 PROTO=TCP SPT=8342 DPT=465 WINDOW=1024 RES=0x00 SYN URGP=0 
Jan 22 04:23:22 localhost kernel: [13667264.782269] [UFW BLOCK] IN=ens3 OUT= MAC=56:00:03:85:82:df:fe:00:03:85:82:df:08:00 SRC=79.124.62.78 DST=158.247.223.84 LEN=40 TOS=0x00 PREC=0x00 TTL=240 ID=9370 PROTO=TCP SPT=44497 DPT=25752 WINDOW=1024 RES=0x00 SYN URGP=0 
Jan 22 04:23:43 localhost kernel: [13667286.233885] [UFW BLOCK] IN=ens3 OUT= MAC=56:00:03:85:82:df:fe:00:03:85:82:df:08:00 SRC=45.143.200.110 DST=158.247.223.84 LEN=40 TOS=0x00 PREC=0x00 TTL=240 ID=13231 PROTO=TCP SPT=45276 DPT=25953 WINDOW=1024 RES=0x00 SYN URGP=0 
Jan 22 04:24:24 localhost kernel: [13667327.014568] [UFW BLOCK] IN=ens3 OUT= MAC=56:00:03:85:82:df:fe:00:03:85:82:df:08:00 SRC=167.248.133.75 DST=158.247.223.84 LEN=44 TOS=0x00 PREC=0x00 TTL=39 ID=29883 PROTO=TCP SPT=11817 DPT=2560 WINDOW=1024 RES=0x00 SYN URGP=0 
Jan 22 04:24:37 localhost kernel: [13667339.563918] [UFW BLOCK] IN=ens3 OUT= MAC=56:00:03:85:82:df:fe:00:03:85:82:df:08:00 SRC=79.124.62.82 DST=158.247.223.84 LEN=40 TOS=0x00 PREC=0x00 TTL=240 ID=31018 PROTO=TCP SPT=44493 DPT=33789 WINDOW=1024 RES=0x00 SYN URGP=0 
Jan 22 04:24:41 localhost kernel: [13667344.128486] [UFW BLOCK] IN=ens3 OUT= MAC=56:00:03:85:82:df:fe:00:03:85:82:df:08:00 SRC=134.209.188.120 DST=158.247.223.84 LEN=40 TOS=0x00 PREC=0x00 TTL=239 ID=57638 PROTO=TCP SPT=45462 DPT=7525 WINDOW=1024 RES=0x00 SYN URGP=0 
Jan 22 04:25:01 localhost CRON[27063]: (root) CMD (command -v debian-sa1 > /dev/null && debian-sa1 1 1)
Jan 22 04:25:01 localhost kernel: [13667363.877660] [UFW BLOCK] IN=ens3 OUT= MAC=56:00:03:85:82:df:fe:00:03:85:82:df:08:00 SRC=209.85.166.67 DST=158.247.223.84 LEN=60 TOS=0x00 PREC=0x00 TTL=104 ID=38622 PROTO=TCP SPT=35502 DPT=25 WINDOW=65535 RES=0x00 SYN URGP=0 
Jan 22 04:25:02 localhost postfix/smtpd[27067]: connect from mail-io1-f65.google.com[209.85.166.65]
Jan 22 04:25:03 localhost postfix/smtpd[27065]: connect from mail-io1-f67.google.com[209.85.166.67]
Jan 22 04:25:03 localhost postfix/trivial-rewrite[27069]: warning: do not list domain lamc.la in BOTH mydestination and virtual_alias_domains
Jan 22 04:25:03 localhost postfix/smtpd[27067]: NOQUEUE: reject: RCPT from mail-io1-f65.google.com[209.85.166.65]: 550 5.1.1 <suac@lamc.la>: Recipient address rejected: User unknown in local recipient table; from=<adam@carpent.us> to=<suac@lamc.la> proto=ESMTP helo=<mail-io1-f65.google.com>
Jan 22 04:25:03 localhost postfix/smtpd[27067]: disconnect from mail-io1-f65.google.com[209.85.166.65] ehlo=2 starttls=1 mail=1 rcpt=0/1 bdat=0/1 quit=1 commands=5/7
Jan 22 04:25:04 localhost postfix/trivial-rewrite[27069]: warning: do not list domain lamc.la in BOTH mydestination and virtual_alias_domains
Jan 22 04:25:04 localhost postfix/smtpd[27065]: NOQUEUE: reject: RCPT from mail-io1-f67.google.com[209.85.166.67]: 550 5.1.1 <car@lamc.la>: Recipient address rejected: User unknown in local recipient table; from=<adam@carpent.us> to=<car@lamc.la> proto=ESMTP helo=<mail-io1-f67.google.com>
Jan 22 04:25:04 localhost postfix/smtpd[27065]: disconnect from mail-io1-f67.google.com[209.85.166.67] ehlo=2 starttls=1 mail=1 rcpt=0/1 bdat=0/1 quit=1 commands=5/7
Jan 22 04:25:19 localhost kernel: [13667382.081213] [UFW BLOCK] IN=ens3 OUT= MAC=56:00:03:85:82:df:fe:00:03:85:82:df:08:00 SRC=89.248.163.131 DST=158.247.223.84 LEN=40 TOS=0x00 PREC=0x00 TTL=239 ID=61284 PROTO=TCP SPT=47371 DPT=9943 WINDOW=1024 RES=0x00 SYN URGP=0 
Jan 22 04:25:48 localhost kernel: [13667410.449127] [UFW BLOCK] IN=ens3 OUT= MAC=56:00:03:85:82:df:fe:00:03:85:82:df:08:00 SRC=79.124.62.34 DST=158.247.223.84 LEN=40 TOS=0x00 PREC=0x00 TTL=240 ID=861 PROTO=TCP SPT=43361 DPT=878 WINDOW=1024 RES=0x00 SYN URGP=0 
Jan 22 04:26:17 localhost kernel: [13667439.957214] [UFW BLOCK] IN=ens3 OUT= MAC=56:00:03:85:82:df:fe:00:03:85:82:df:08:00 SRC=89.248.163.133 DST=158.247.223.84 LEN=40 TOS=0x00 PREC=0x00 TTL=241 ID=27582 PROTO=TCP SPT=47503 DPT=8649 WINDOW=1024 RES=0x00 SYN URGP=0 
Jan 22 04:26:36 localhost kernel: [13667458.611792] [UFW BLOCK] IN=ens3 OUT= MAC=56:00:03:85:82:df:fe:00:03:85:82:df:08:00 SRC=89.248.163.135 DST=158.247.223.84 LEN=40 TOS=0x00 PREC=0x00 TTL=241 ID=54746 PROTO=TCP SPT=59078 DPT=15656 WINDOW=1024 RES=0x00 SYN URGP=0 
Jan 22 04:26:41 localhost kernel: [13667463.686402] [UFW BLOCK] IN=ens3 OUT= MAC=56:00:03:85:82:df:fe:00:03:85:82:df:08:00 SRC=194.26.29.120 DST=158.247.223.84 LEN=40 TOS=0x00 PREC=0x00 TTL=235 ID=20205 PROTO=TCP SPT=57655 DPT=3510 WINDOW=1024 RES=0x00 SYN URGP=0 
Jan 22 04:26:57 localhost dockerd[8431]: time="2022-01-22T04:26:57.102481196Z" level=info msg="NetworkDB stats plemma(b3be9f6424e0) - netID:0rz6hg0qghb21juyqti61umko leaving:false netPeers:1 entries:2 Queue qLen:0 netMsg/s:0"
Jan 22 04:27:26 localhost kernel: [13667509.300420] [UFW BLOCK] IN=ens3 OUT= MAC=56:00:03:85:82:df:fe:00:03:85:82:df:08:00 SRC=45.146.166.112 DST=158.247.223.84 LEN=40 TOS=0x00 PREC=0x00 TTL=244 ID=54452 PROTO=TCP SPT=49773 DPT=57709 WINDOW=1024 RES=0x00 SYN URGP=0 
Jan 22 04:27:33 localhost kernel: [13667515.785994] [UFW BLOCK] IN=ens3 OUT= MAC=56:00:03:85:82:df:fe:00:03:85:82:df:08:00 SRC=193.27.229.86 DST=158.247.223.84 LEN=40 TOS=0x00 PREC=0x00 TTL=244 ID=48936 PROTO=TCP SPT=49590 DPT=13606 WINDOW=1024 RES=0x00 SYN URGP=0 
Jan 22 04:27:38 localhost postfix/smtpd[27141]: connect from mail-il1-f179.google.com[209.85.166.179]
Jan 22 04:27:38 localhost postfix/smtpd[27142]: connect from mail-il1-f180.google.com[209.85.166.180]
Jan 22 04:27:39 localhost postfix/trivial-rewrite[27069]: warning: do not list domain lamc.la in BOTH mydestination and virtual_alias_domains
Jan 22 04:27:39 localhost postfix/smtpd[27141]: NOQUEUE: reject: RCPT from mail-il1-f179.google.com[209.85.166.179]: 550 5.1.1 <car@lamc.la>: Recipient address rejected: User unknown in local recipient table; from=<adam@carpent.us> to=<car@lamc.la> proto=ESMTP helo=<mail-il1-f179.google.com>
Jan 22 04:27:39 localhost postfix/trivial-rewrite[27069]: warning: do not list domain lamc.la in BOTH mydestination and virtual_alias_domains
Jan 22 04:27:39 localhost postfix/smtpd[27142]: NOQUEUE: reject: RCPT from mail-il1-f180.google.com[209.85.166.180]: 550 5.1.1 <suac@lamc.la>: Recipient address rejected: User unknown in local recipient table; from=<adam@carpent.us> to=<suac@lamc.la> proto=ESMTP helo=<mail-il1-f180.google.com>
Jan 22 04:27:39 localhost postfix/smtpd[27141]: disconnect from mail-il1-f179.google.com[209.85.166.179] ehlo=2 starttls=1 mail=1 rcpt=0/1 bdat=0/1 quit=1 commands=5/7
Jan 22 04:27:39 localhost postfix/smtpd[27142]: disconnect from mail-il1-f180.google.com[209.85.166.180] ehlo=2 starttls=1 mail=1 rcpt=0/1 bdat=0/1 quit=1 commands=5/7
Jan 22 04:28:03 localhost kernel: [13667546.146140] [UFW BLOCK] IN=ens3 OUT= MAC=56:00:03:85:82:df:fe:00:03:85:82:df:08:00 SRC=209.237.154.101 DST=158.247.223.84 LEN=40 TOS=0x00 PREC=0x00 TTL=246 ID=54321 PROTO=TCP SPT=56366 DPT=7321 WINDOW=65535 RES=0x00 SYN URGP=0 
Jan 22 04:28:12 localhost kernel: [13667554.603735] [UFW BLOCK] IN=ens3 OUT= MAC=56:00:03:85:82:df:fe:00:03:85:82:df:08:00 SRC=185.128.41.50 DST=158.247.223.84 LEN=40 TOS=0x00 PREC=0x00 TTL=241 ID=14293 PROTO=TCP SPT=42952 DPT=80 WINDOW=1024 RES=0x00 SYN URGP=0 
Jan 22 04:29:15 localhost kernel: [13667617.693610] [UFW BLOCK] IN=ens3 OUT= MAC=56:00:03:85:82:df:fe:00:03:85:82:df:08:00 SRC=5.188.206.18 DST=158.247.223.84 LEN=40 TOS=0x00 PREC=0x00 TTL=240 ID=6735 PROTO=TCP SPT=51425 DPT=38360 WINDOW=1024 RES=0x00 SYN URGP=0 
Jan 22 04:29:24 localhost kernel: [13667626.450865] [UFW BLOCK] IN=ens3 OUT= MAC=56:00:03:85:82:df:fe:00:03:85:82:df:08:00 SRC=185.167.96.146 DST=158.247.223.84 LEN=40 TOS=0x00 PREC=0x00 TTL=243 ID=54321 PROTO=TCP SPT=50718 DPT=6443 WINDOW=65535 RES=0x00 SYN URGP=0 
Jan 22 04:29:31 localhost kernel: [13667634.207420] [UFW BLOCK] IN=ens3 OUT= MAC=56:00:03:85:82:df:fe:00:03:85:82:df:08:00 SRC=79.124.62.34 DST=158.247.223.84 LEN=40 TOS=0x00 PREC=0x00 TTL=240 ID=15784 PROTO=TCP SPT=43361 DPT=14984 WINDOW=1024 RES=0x00 SYN URGP=0 
Jan 22 04:29:31 localhost kernel: [13667634.252565] [UFW BLOCK] IN=ens3 OUT= MAC=56:00:03:85:82:df:fe:00:03:85:82:df:08:00 SRC=66.240.236.109 DST=158.247.223.84 LEN=44 TOS=0x00 PREC=0x00 TTL=244 ID=54321 PROTO=TCP SPT=34105 DPT=502 WINDOW=65535 RES=0x00 SYN URGP=0 
Jan 22 04:29:46 localhost kernel: [13667649.116205] [UFW BLOCK] IN=ens3 OUT= MAC=56:00:03:85:82:df:fe:00:03:85:82:df:08:00 SRC=178.239.21.42 DST=158.247.223.84 LEN=40 TOS=0x00 PREC=0x00 TTL=246 ID=18594 PROTO=TCP SPT=44289 DPT=5038 WINDOW=1024 RES=0x00 SYN URGP=0 
Jan 22 04:30:13 localhost kernel: [13667676.398461] [UFW BLOCK] IN=ens3 OUT= MAC=56:00:03:85:82:df:fe:00:03:85:82:df:08:00 SRC=79.124.62.130 DST=158.247.223.84 LEN=40 TOS=0x00 PREC=0x00 TTL=240 ID=65519 PROTO=TCP SPT=44498 DPT=34913 WINDOW=1024 RES=0x00 SYN URGP=0 
Jan 22 04:30:35 localhost kernel: [13667697.830461] [UFW BLOCK] IN=ens3 OUT= MAC=56:00:03:85:82:df:fe:00:03:85:82:df:08:00 SRC=79.124.62.82 DST=158.247.223.84 LEN=40 TOS=0x00 PREC=0x00 TTL=240 ID=53832 PROTO=TCP SPT=44493 DPT=7006 WINDOW=1024 RES=0x00 SYN URGP=0 
Jan 22 04:30:41 localhost kernel: [13667703.451600] [UFW BLOCK] IN=ens3 OUT= MAC=56:00:03:85:82:df:fe:00:03:85:82:df:08:00 SRC=115.133.253.169 DST=158.247.223.84 LEN=40 TOS=0x00 PREC=0x00 TTL=55 ID=27513 PROTO=TCP SPT=6294 DPT=23 WINDOW=11942 RES=0x00 SYN URGP=0 
Jan 22 04:31:00 localhost postfix/anvil[26968]: statistics: max connection rate 1/60s for (smtp:209.85.210.72) at Jan 22 04:21:43
Jan 22 04:31:00 localhost postfix/anvil[26968]: statistics: max connection count 1 for (smtp:209.85.210.72) at Jan 22 04:21:43
Jan 22 04:31:00 localhost postfix/anvil[26968]: statistics: max cache size 2 at Jan 22 04:25:03
Jan 22 04:31:03 localhost kernel: [13667725.544854] [UFW BLOCK] IN=ens3 OUT= MAC=56:00:03:85:82:df:fe:00:03:85:82:df:08:00 SRC=45.134.26.42 DST=158.247.223.84 LEN=40 TOS=0x00 PREC=0x00 TTL=244 ID=4965 PROTO=TCP SPT=49605 DPT=10828 WINDOW=1024 RES=0x00 SYN URGP=0 
Jan 22 04:31:22 localhost kernel: [13667744.697102] [UFW BLOCK] IN=ens3 OUT= MAC=56:00:03:85:82:df:fe:00:03:85:82:df:08:00 SRC=222.186.59.201 DST=158.247.223.84 LEN=40 TOS=0x00 PREC=0x00 TTL=237 ID=54321 PROTO=TCP SPT=42279 DPT=8089 WINDOW=65535 RES=0x00 SYN URGP=0 
Jan 22 04:31:51 localhost kernel: [13667773.903506] [UFW BLOCK] IN=ens3 OUT= MAC=56:00:03:85:82:df:fe:00:03:85:82:df:08:00 SRC=79.124.62.34 DST=158.247.223.84 LEN=40 TOS=0x00 PREC=0x00 TTL=240 ID=27537 PROTO=TCP SPT=43361 DPT=11797 WINDOW=1024 RES=0x00 SYN URGP=0 
Jan 22 04:31:57 localhost dockerd[8431]: time="2022-01-22T04:31:57.302491218Z" level=info msg="NetworkDB stats plemma(b3be9f6424e0) - netID:0rz6hg0qghb21juyqti61umko leaving:false netPeers:1 entries:2 Queue qLen:0 netMsg/s:0"
