Sep  4 00:03:43 localhost dovecot: imap(adam)<17358><ajcyJiDL0u0AAAAAAAAAAAAAAAAAAAAB>: Logged out in=122 out=2551 deleted=0 expunged=0 trashed=0 hdr_count=0 hdr_bytes=0 body_count=0 body_bytes=0
Sep  4 00:03:51 localhost postfix/smtpd[17260]: connect from serenity.mcc.ac.uk[130.88.200.93]
Sep  4 00:03:53 localhost postfix/trivial-rewrite[17243]: warning: do not list domain lAmC.la in BOTH mydestination and virtual_alias_domains
Sep  4 00:03:53 localhost postfix/smtpd[17260]: NOQUEUE: reject: RCPT from serenity.mcc.ac.uk[130.88.200.93]: 550 5.1.1 <suac+bncBCC7XN6N3YMBBYHKZKEQMGQEQZPBM3I@lAmC.la>: Recipient address rejected: User unknown in local recipient table; from=<> to=<suac+bncBCC7XN6N3YMBBYHKZKEQMGQEQZPBM3I@lAmC.la> proto=ESMTP helo=<serenity.mcc.ac.uk>
Sep  4 00:03:53 localhost postfix/smtpd[17260]: disconnect from serenity.mcc.ac.uk[130.88.200.93] ehlo=2 starttls=1 mail=1 rcpt=0/1 bdat=0/1 quit=1 commands=5/7
Sep  4 00:04:04 localhost kernel: [1555643.763551] [UFW BLOCK] IN=ens3 OUT= MAC=56:00:03:85:82:df:fe:00:03:85:82:df:08:00 SRC=45.143.200.46 DST=158.247.223.84 LEN=40 TOS=0x00 PREC=0x00 TTL=246 ID=16259 PROTO=TCP SPT=59697 DPT=20624 WINDOW=1024 RES=0x00 SYN URGP=0 
Sep  4 00:04:25 localhost kernel: [1555665.586978] [UFW BLOCK] IN=ens3 OUT= MAC=56:00:03:85:82:df:fe:00:03:85:82:df:08:00 SRC=131.111.8.141 DST=158.247.223.84 LEN=60 TOS=0x00 PREC=0x00 TTL=49 ID=7635 DF PROTO=TCP SPT=56910 DPT=25 WINDOW=29200 RES=0x00 SYN URGP=0 
Sep  4 00:04:26 localhost postfix/smtpd[17163]: connect from ppsw-41.csi.cam.ac.uk[131.111.8.141]
Sep  4 00:04:26 localhost postfix/smtpd[17162]: connect from ppsw-40.csi.cam.ac.uk[131.111.8.140]
Sep  4 00:04:26 localhost postfix/smtpd[17260]: connect from ppsw-40.csi.cam.ac.uk[131.111.8.140]
Sep  4 00:04:26 localhost postfix/smtpd[17363]: connect from ppsw-40.csi.cam.ac.uk[131.111.8.140]
Sep  4 00:04:26 localhost postfix/smtpd[17364]: connect from ppsw-40.csi.cam.ac.uk[131.111.8.140]
Sep  4 00:04:26 localhost postfix/smtpd[17365]: connect from ppsw-31.csi.cam.ac.uk[131.111.8.131]
Sep  4 00:04:26 localhost postfix/smtpd[17366]: connect from ppsw-31.csi.cam.ac.uk[131.111.8.131]
Sep  4 00:04:26 localhost postfix/smtpd[17367]: connect from ppsw-31.csi.cam.ac.uk[131.111.8.131]
Sep  4 00:04:27 localhost postfix/smtpd[17163]: NOQUEUE: reject: RCPT from ppsw-41.csi.cam.ac.uk[131.111.8.141]: 550 5.1.1 <suac+bncBCC7XN6N3YMBBYHKZKEQMGQEQZPBM3I@lamc.la>: Recipient address rejected: User unknown in local recipient table; from=<> to=<suac+bncBCC7XN6N3YMBBYHKZKEQMGQEQZPBM3I@lamc.la> proto=ESMTP helo=<ppsw-41.csi.cam.ac.uk>
Sep  4 00:04:27 localhost postfix/smtpd[17260]: NOQUEUE: reject: RCPT from ppsw-40.csi.cam.ac.uk[131.111.8.140]: 550 5.1.1 <suac+bncBCC7XN6N3YMBBYHKZKEQMGQEQZPBM3I@lamc.la>: Recipient address rejected: User unknown in local recipient table; from=<> to=<suac+bncBCC7XN6N3YMBBYHKZKEQMGQEQZPBM3I@lamc.la> proto=ESMTP helo=<ppsw-40.csi.cam.ac.uk>
Sep  4 00:04:27 localhost postfix/smtpd[17162]: NOQUEUE: reject: RCPT from ppsw-40.csi.cam.ac.uk[131.111.8.140]: 550 5.1.1 <suac+bncBCC7XN6N3YMBBYHKZKEQMGQEQZPBM3I@lamc.la>: Recipient address rejected: User unknown in local recipient table; from=<> to=<suac+bncBCC7XN6N3YMBBYHKZKEQMGQEQZPBM3I@lamc.la> proto=ESMTP helo=<ppsw-40.csi.cam.ac.uk>
Sep  4 00:04:27 localhost postfix/trivial-rewrite[17243]: warning: do not list domain lamc.la in BOTH mydestination and virtual_alias_domains
Sep  4 00:04:27 localhost postfix/smtpd[17363]: NOQUEUE: reject: RCPT from ppsw-40.csi.cam.ac.uk[131.111.8.140]: 550 5.1.1 <suac+bncBCC7XN6N3YMBBYHKZKEQMGQEQZPBM3I@lamc.la>: Recipient address rejected: User unknown in local recipient table; from=<> to=<suac+bncBCC7XN6N3YMBBYHKZKEQMGQEQZPBM3I@lamc.la> proto=ESMTP helo=<ppsw-40.csi.cam.ac.uk>
Sep  4 00:04:27 localhost postfix/trivial-rewrite[17243]: warning: do not list domain lamc.la in BOTH mydestination and virtual_alias_domains
Sep  4 00:04:27 localhost postfix/smtpd[17365]: NOQUEUE: reject: RCPT from ppsw-31.csi.cam.ac.uk[131.111.8.131]: 550 5.1.1 <suac+bncBCC7XN6N3YMBBYHKZKEQMGQEQZPBM3I@lamc.la>: Recipient address rejected: User unknown in local recipient table; from=<> to=<suac+bncBCC7XN6N3YMBBYHKZKEQMGQEQZPBM3I@lamc.la> proto=ESMTP helo=<ppsw-31.csi.cam.ac.uk>
Sep  4 00:04:27 localhost postfix/trivial-rewrite[17243]: warning: do not list domain lamc.la in BOTH mydestination and virtual_alias_domains
Sep  4 00:04:27 localhost postfix/smtpd[17364]: NOQUEUE: reject: RCPT from ppsw-40.csi.cam.ac.uk[131.111.8.140]: 550 5.1.1 <suac+bncBCC7XN6N3YMBBYHKZKEQMGQEQZPBM3I@lamc.la>: Recipient address rejected: User unknown in local recipient table; from=<> to=<suac+bncBCC7XN6N3YMBBYHKZKEQMGQEQZPBM3I@lamc.la> proto=ESMTP helo=<ppsw-40.csi.cam.ac.uk>
Sep  4 00:04:28 localhost postfix/trivial-rewrite[17243]: warning: do not list domain lamc.la in BOTH mydestination and virtual_alias_domains
Sep  4 00:04:28 localhost postfix/smtpd[17366]: NOQUEUE: reject: RCPT from ppsw-31.csi.cam.ac.uk[131.111.8.131]: 550 5.1.1 <suac+bncBCC7XN6N3YMBBYHKZKEQMGQEQZPBM3I@lamc.la>: Recipient address rejected: User unknown in local recipient table; from=<> to=<suac+bncBCC7XN6N3YMBBYHKZKEQMGQEQZPBM3I@lamc.la> proto=ESMTP helo=<ppsw-31.csi.cam.ac.uk>
Sep  4 00:04:28 localhost postfix/trivial-rewrite[17243]: warning: do not list domain lamc.la in BOTH mydestination and virtual_alias_domains
Sep  4 00:04:28 localhost postfix/smtpd[17367]: NOQUEUE: reject: RCPT from ppsw-31.csi.cam.ac.uk[131.111.8.131]: 550 5.1.1 <suac+bncBCC7XN6N3YMBBYHKZKEQMGQEQZPBM3I@lamc.la>: Recipient address rejected: User unknown in local recipient table; from=<> to=<suac+bncBCC7XN6N3YMBBYHKZKEQMGQEQZPBM3I@lamc.la> proto=ESMTP helo=<ppsw-31.csi.cam.ac.uk>
Sep  4 00:04:28 localhost postfix/smtpd[17163]: disconnect from ppsw-41.csi.cam.ac.uk[131.111.8.141] ehlo=2 starttls=1 mail=1 rcpt=0/1 quit=1 commands=5/6
Sep  4 00:04:28 localhost postfix/smtpd[17260]: disconnect from ppsw-40.csi.cam.ac.uk[131.111.8.140] ehlo=2 starttls=1 mail=1 rcpt=0/1 quit=1 commands=5/6
Sep  4 00:04:28 localhost postfix/smtpd[17162]: disconnect from ppsw-40.csi.cam.ac.uk[131.111.8.140] ehlo=2 starttls=1 mail=1 rcpt=0/1 quit=1 commands=5/6
Sep  4 00:04:28 localhost postfix/smtpd[17363]: disconnect from ppsw-40.csi.cam.ac.uk[131.111.8.140] ehlo=2 starttls=1 mail=1 rcpt=0/1 quit=1 commands=5/6
Sep  4 00:04:28 localhost postfix/smtpd[17365]: disconnect from ppsw-31.csi.cam.ac.uk[131.111.8.131] ehlo=2 starttls=1 mail=1 rcpt=0/1 quit=1 commands=5/6
Sep  4 00:04:28 localhost postfix/smtpd[17364]: disconnect from ppsw-40.csi.cam.ac.uk[131.111.8.140] ehlo=2 starttls=1 mail=1 rcpt=0/1 quit=1 commands=5/6
Sep  4 00:04:28 localhost postfix/smtpd[17366]: disconnect from ppsw-31.csi.cam.ac.uk[131.111.8.131] ehlo=2 starttls=1 mail=1 rcpt=0/1 quit=1 commands=5/6
Sep  4 00:04:28 localhost postfix/smtpd[17367]: disconnect from ppsw-31.csi.cam.ac.uk[131.111.8.131] ehlo=2 starttls=1 mail=1 rcpt=0/1 quit=1 commands=5/6
Sep  4 00:04:31 localhost postfix/smtpd[17163]: connect from serenity.mcc.ac.uk[130.88.200.93]
Sep  4 00:04:33 localhost postfix/smtpd[17163]: NOQUEUE: reject: RCPT from serenity.mcc.ac.uk[130.88.200.93]: 550 5.1.1 <suac+bncBCC7XN6N3YMBBYHKZKEQMGQEQZPBM3I@lAmC.la>: Recipient address rejected: User unknown in local recipient table; from=<> to=<suac+bncBCC7XN6N3YMBBYHKZKEQMGQEQZPBM3I@lAmC.la> proto=ESMTP helo=<serenity.mcc.ac.uk>
Sep  4 00:04:33 localhost postfix/smtpd[17163]: disconnect from serenity.mcc.ac.uk[130.88.200.93] ehlo=2 starttls=1 mail=1 rcpt=0/1 bdat=0/1 quit=1 commands=5/7
Sep  4 00:04:40 localhost postfix/smtpd[17260]: connect from probity.mcc.ac.uk[130.88.200.94]
Sep  4 00:04:41 localhost postfix/smtpd[17260]: NOQUEUE: reject: RCPT from probity.mcc.ac.uk[130.88.200.94]: 550 5.1.1 <suac+bncBCC7XN6N3YMBBYHKZKEQMGQEQZPBM3I@lamc.la>: Recipient address rejected: User unknown in local recipient table; from=<> to=<suac+bncBCC7XN6N3YMBBYHKZKEQMGQEQZPBM3I@lamc.la> proto=ESMTP helo=<probity.mcc.ac.uk>
Sep  4 00:04:42 localhost postfix/smtpd[17260]: disconnect from probity.mcc.ac.uk[130.88.200.94] ehlo=2 starttls=1 mail=1 rcpt=0/1 bdat=0/1 quit=1 commands=5/7
Sep  4 00:04:43 localhost kernel: [1555683.030433] [UFW BLOCK] IN=ens3 OUT= MAC=56:00:03:85:82:df:fe:00:03:85:82:df:08:00 SRC=185.220.102.244 DST=158.247.223.84 LEN=52 TOS=0x00 PREC=0x00 TTL=50 ID=49883 DF PROTO=TCP SPT=24980 DPT=443 WINDOW=42340 RES=0x00 SYN URGP=0 
Sep  4 00:04:43 localhost postfix/smtpd[17162]: connect from probity.mcc.ac.uk[130.88.200.94]
Sep  4 00:04:43 localhost dovecot: imap-login: Login: user=<adam>, method=PLAIN, rip=::1, lip=::1, mpid=17376, secured, session=<igbGKSDL1O0AAAAAAAAAAAAAAAAAAAAB>
Sep  4 00:04:43 localhost dovecot: imap(adam)<17376><igbGKSDL1O0AAAAAAAAAAAAAAAAAAAAB>: Logged out in=122 out=2551 deleted=0 expunged=0 trashed=0 hdr_count=0 hdr_bytes=0 body_count=0 body_bytes=0
Sep  4 00:04:45 localhost postfix/smtpd[17363]: connect from tranquility.mcc.ac.uk[130.88.200.145]
Sep  4 00:04:45 localhost postfix/smtpd[17365]: connect from mail.sums.ac.ir[176.123.65.2]
Sep  4 00:04:45 localhost postfix/smtpd[17162]: NOQUEUE: reject: RCPT from probity.mcc.ac.uk[130.88.200.94]: 550 5.1.1 <suac+bncBCC7XN6N3YMBBYHKZKEQMGQEQZPBM3I@lamc.la>: Recipient address rejected: User unknown in local recipient table; from=<> to=<suac+bncBCC7XN6N3YMBBYHKZKEQMGQEQZPBM3I@lamc.la> proto=ESMTP helo=<probity.mcc.ac.uk>
Sep  4 00:04:45 localhost postfix/smtpd[17162]: disconnect from probity.mcc.ac.uk[130.88.200.94] ehlo=2 starttls=1 mail=1 rcpt=0/1 bdat=0/1 quit=1 commands=5/7
Sep  4 00:04:47 localhost postfix/trivial-rewrite[17243]: warning: do not list domain LamC.la in BOTH mydestination and virtual_alias_domains
Sep  4 00:04:47 localhost postfix/smtpd[17363]: NOQUEUE: reject: RCPT from tranquility.mcc.ac.uk[130.88.200.145]: 550 5.1.1 <suac+bncBCC7XN6N3YMBBYHKZKEQMGQEQZPBM3I@LamC.la>: Recipient address rejected: User unknown in local recipient table; from=<> to=<suac+bncBCC7XN6N3YMBBYHKZKEQMGQEQZPBM3I@LamC.la> proto=ESMTP helo=<tranquility.mcc.ac.uk>
Sep  4 00:04:47 localhost postfix/smtpd[17363]: disconnect from tranquility.mcc.ac.uk[130.88.200.145] ehlo=2 starttls=1 mail=1 rcpt=0/1 bdat=0/1 quit=1 commands=5/7
Sep  4 00:04:48 localhost postfix/trivial-rewrite[17243]: warning: do not list domain lamc.la in BOTH mydestination and virtual_alias_domains
Sep  4 00:04:48 localhost postfix/smtpd[17365]: NOQUEUE: reject: RCPT from mail.sums.ac.ir[176.123.65.2]: 550 5.1.1 <suac+bncBCC7XN6N3YMBBYHKZKEQMGQEQZPBM3I@lamc.la>: Recipient address rejected: User unknown in local recipient table; from=<SRS0+6267151a8125dde7=N2==@sums.ac.ir> to=<suac+bncBCC7XN6N3YMBBYHKZKEQMGQEQZPBM3I@lamc.la> proto=ESMTP helo=<mail.sums.ac.ir>
Sep  4 00:04:48 localhost postfix/smtpd[17365]: disconnect from mail.sums.ac.ir[176.123.65.2] ehlo=2 starttls=1 mail=1 rcpt=0/1 quit=1 commands=5/6
Sep  4 00:05:05 localhost kernel: [1555705.155208] [UFW BLOCK] IN=ens3 OUT= MAC=56:00:03:85:82:df:fe:00:03:85:82:df:08:00 SRC=199.195.252.240 DST=158.247.223.84 LEN=44 TOS=0x00 PREC=0x00 TTL=237 ID=54321 PROTO=TCP SPT=51351 DPT=999 WINDOW=65535 RES=0x00 SYN URGP=0 
Sep  4 00:05:20 localhost postfix/smtpd[17367]: connect from serenity.mcc.ac.uk[130.88.200.93]
Sep  4 00:05:21 localhost postfix/trivial-rewrite[17243]: warning: do not list domain lAmC.la in BOTH mydestination and virtual_alias_domains
Sep  4 00:05:21 localhost postfix/smtpd[17367]: NOQUEUE: reject: RCPT from serenity.mcc.ac.uk[130.88.200.93]: 550 5.1.1 <suac+bncBCC7XN6N3YMBBYHKZKEQMGQEQZPBM3I@lAmC.la>: Recipient address rejected: User unknown in local recipient table; from=<> to=<suac+bncBCC7XN6N3YMBBYHKZKEQMGQEQZPBM3I@lAmC.la> proto=ESMTP helo=<serenity.mcc.ac.uk>
Sep  4 00:05:21 localhost postfix/smtpd[17367]: disconnect from serenity.mcc.ac.uk[130.88.200.93] ehlo=2 starttls=1 mail=1 rcpt=0/1 bdat=0/1 quit=1 commands=5/7
Sep  4 00:05:22 localhost postfix/smtpd[17260]: connect from serenity.mcc.ac.uk[130.88.200.93]
Sep  4 00:05:23 localhost postfix/smtpd[17260]: NOQUEUE: reject: RCPT from serenity.mcc.ac.uk[130.88.200.93]: 550 5.1.1 <suac+bncBCC7XN6N3YMBBYHKZKEQMGQEQZPBM3I@lAmC.la>: Recipient address rejected: User unknown in local recipient table; from=<> to=<suac+bncBCC7XN6N3YMBBYHKZKEQMGQEQZPBM3I@lAmC.la> proto=ESMTP helo=<serenity.mcc.ac.uk>
Sep  4 00:05:23 localhost postfix/smtpd[17260]: disconnect from serenity.mcc.ac.uk[130.88.200.93] ehlo=2 starttls=1 mail=1 rcpt=0/1 bdat=0/1 quit=1 commands=5/7
Sep  4 00:05:32 localhost kernel: [1555731.871420] [UFW BLOCK] IN=ens3 OUT= MAC=56:00:03:85:82:df:fe:00:03:85:82:df:08:00 SRC=131.111.8.141 DST=158.247.223.84 LEN=60 TOS=0x00 PREC=0x00 TTL=49 ID=19473 DF PROTO=TCP SPT=57424 DPT=25 WINDOW=29200 RES=0x00 SYN URGP=0 
Sep  4 00:05:32 localhost postfix/smtpd[17163]: connect from ppsw-41.csi.cam.ac.uk[131.111.8.141]
Sep  4 00:05:34 localhost postfix/smtpd[17163]: NOQUEUE: reject: RCPT from ppsw-41.csi.cam.ac.uk[131.111.8.141]: 550 5.1.1 <suac+bncBCC7XN6N3YMBBYHKZKEQMGQEQZPBM3I@lamc.la>: Recipient address rejected: User unknown in local recipient table; from=<> to=<suac+bncBCC7XN6N3YMBBYHKZKEQMGQEQZPBM3I@lamc.la> proto=ESMTP helo=<ppsw-41.csi.cam.ac.uk>
Sep  4 00:05:34 localhost postfix/smtpd[17163]: disconnect from ppsw-41.csi.cam.ac.uk[131.111.8.141] ehlo=2 starttls=1 mail=1 rcpt=0/1 bdat=0/1 quit=1 commands=5/7
Sep  4 00:05:43 localhost kernel: [1555742.901874] [UFW BLOCK] IN=ens3 OUT= MAC=56:00:03:85:82:df:fe:00:03:85:82:df:08:00 SRC=131.111.8.130 DST=158.247.223.84 LEN=60 TOS=0x00 PREC=0x00 TTL=49 ID=58183 DF PROTO=TCP SPT=42456 DPT=25 WINDOW=29200 RES=0x00 SYN URGP=0 
Sep  4 00:05:43 localhost postfix/smtpd[17364]: connect from ppsw-30.csi.cam.ac.uk[131.111.8.130]
Sep  4 00:05:43 localhost dovecot: imap-login: Login: user=<adam>, method=PLAIN, rip=::1, lip=::1, mpid=17387, secured, session=<MlVZLSDL1u0AAAAAAAAAAAAAAAAAAAAB>
Sep  4 00:05:43 localhost dovecot: imap(adam)<17387><MlVZLSDL1u0AAAAAAAAAAAAAAAAAAAAB>: Logged out in=122 out=2551 deleted=0 expunged=0 trashed=0 hdr_count=0 hdr_bytes=0 body_count=0 body_bytes=0
Sep  4 00:05:45 localhost postfix/smtpd[17364]: NOQUEUE: reject: RCPT from ppsw-30.csi.cam.ac.uk[131.111.8.130]: 550 5.1.1 <suac+bncBCC7XN6N3YMBBYHKZKEQMGQEQZPBM3I@lamc.la>: Recipient address rejected: User unknown in local recipient table; from=<> to=<suac+bncBCC7XN6N3YMBBYHKZKEQMGQEQZPBM3I@lamc.la> proto=ESMTP helo=<ppsw-30.csi.cam.ac.uk>
Sep  4 00:05:45 localhost postfix/smtpd[17364]: disconnect from ppsw-30.csi.cam.ac.uk[131.111.8.130] ehlo=2 starttls=1 mail=1 rcpt=0/1 bdat=0/1 quit=1 commands=5/7
Sep  4 00:05:47 localhost postfix/scache[17277]: statistics: start interval Sep  4 00:02:25
Sep  4 00:05:47 localhost postfix/scache[17277]: statistics: domain lookup hits=1 miss=12 success=7%
Sep  4 00:05:47 localhost postfix/scache[17277]: statistics: address lookup hits=0 miss=24 success=0%
Sep  4 00:05:47 localhost postfix/scache[17277]: statistics: max simultaneous domains=1 addresses=1 connection=4
Sep  4 00:06:05 localhost kernel: [1555764.670983] [UFW BLOCK] IN=ens3 OUT= MAC=56:00:03:85:82:df:fe:00:03:85:82:df:08:00 SRC=92.63.197.101 DST=158.247.223.84 LEN=40 TOS=0x00 PREC=0x00 TTL=240 ID=49618 PROTO=TCP SPT=51891 DPT=26875 WINDOW=1024 RES=0x00 SYN URGP=0 
Sep  4 00:06:43 localhost kernel: [1555803.196025] [UFW BLOCK] IN=ens3 OUT= MAC=56:00:03:85:82:df:fe:00:03:85:82:df:08:00 SRC=73.107.144.246 DST=158.247.223.84 LEN=60 TOS=0x00 PREC=0x00 TTL=46 ID=22679 DF PROTO=TCP SPT=44118 DPT=80 WINDOW=64240 RES=0x00 SYN URGP=0 
Sep  4 00:06:43 localhost kernel: [1555803.328629] [UFW BLOCK] IN=ens3 OUT= MAC=56:00:03:85:82:df:fe:00:03:85:82:df:08:00 SRC=130.88.200.145 DST=158.247.223.84 LEN=60 TOS=0x00 PREC=0x00 TTL=49 ID=0 DF PROTO=TCP SPT=62708 DPT=25 WINDOW=65535 RES=0x00 SYN URGP=0 
Sep  4 00:06:43 localhost dovecot: imap-login: Login: user=<adam>, method=PLAIN, rip=::1, lip=::1, mpid=17395, secured, session=<u+7tMCDL2O0AAAAAAAAAAAAAAAAAAAAB>
Sep  4 00:06:43 localhost dovecot: imap(adam)<17395><u+7tMCDL2O0AAAAAAAAAAAAAAAAAAAAB>: Logged out in=122 out=2551 deleted=0 expunged=0 trashed=0 hdr_count=0 hdr_bytes=0 body_count=0 body_bytes=0
Sep  4 00:06:43 localhost postfix/smtpd[17367]: connect from tranquility.mcc.ac.uk[130.88.200.145]
Sep  4 00:06:45 localhost postfix/trivial-rewrite[17243]: warning: do not list domain LamC.la in BOTH mydestination and virtual_alias_domains
Sep  4 00:06:45 localhost postfix/smtpd[17367]: NOQUEUE: reject: RCPT from tranquility.mcc.ac.uk[130.88.200.145]: 550 5.1.1 <suac+bncBCC7XN6N3YMBBYHKZKEQMGQEQZPBM3I@LamC.la>: Recipient address rejected: User unknown in local recipient table; from=<> to=<suac+bncBCC7XN6N3YMBBYHKZKEQMGQEQZPBM3I@LamC.la> proto=ESMTP helo=<tranquility.mcc.ac.uk>
Sep  4 00:06:45 localhost postfix/smtpd[17367]: disconnect from tranquility.mcc.ac.uk[130.88.200.145] ehlo=2 starttls=1 mail=1 rcpt=0/1 bdat=0/1 quit=1 commands=5/7
Sep  4 00:06:50 localhost postfix/smtpd[17260]: connect from ppsw-31.csi.cam.ac.uk[131.111.8.131]
Sep  4 00:06:52 localhost postfix/smtpd[17260]: NOQUEUE: reject: RCPT from ppsw-31.csi.cam.ac.uk[131.111.8.131]: 550 5.1.1 <suac+bncBCC7XN6N3YMBBYHKZKEQMGQEQZPBM3I@lamc.la>: Recipient address rejected: User unknown in local recipient table; from=<> to=<suac+bncBCC7XN6N3YMBBYHKZKEQMGQEQZPBM3I@lamc.la> proto=ESMTP helo=<ppsw-31.csi.cam.ac.uk>
Sep  4 00:06:52 localhost postfix/smtpd[17260]: disconnect from ppsw-31.csi.cam.ac.uk[131.111.8.131] ehlo=2 starttls=1 mail=1 rcpt=0/1 bdat=0/1 quit=1 commands=5/7
Sep  4 00:06:58 localhost dovecot: imap-login: Login: user=<adam>, method=PLAIN, rip=::1, lip=::1, mpid=17402, secured, session=<gojQMSDL2u0AAAAAAAAAAAAAAAAAAAAB>
Sep  4 00:06:58 localhost dovecot: imap(adam)<17402><gojQMSDL2u0AAAAAAAAAAAAAAAAAAAAB>: Logged out in=44 out=556 deleted=0 expunged=0 trashed=0 hdr_count=0 hdr_bytes=0 body_count=0 body_bytes=0
Sep  4 00:07:00 localhost dovecot: imap-login: Login: user=<adam>, method=PLAIN, rip=::1, lip=::1, mpid=17404, secured, session=<Rh7qMSDL3O0AAAAAAAAAAAAAAAAAAAAB>
Sep  4 00:07:00 localhost dovecot: imap(adam)<17404><Rh7qMSDL3O0AAAAAAAAAAAAAAAAAAAAB>: Logged out in=295 out=28797 deleted=0 expunged=0 trashed=0 hdr_count=50 hdr_bytes=16691 body_count=0 body_bytes=0
Sep  4 00:07:00 localhost dovecot: imap-login: Login: user=<adam>, method=PLAIN, rip=::1, lip=::1, mpid=17406, secured, session=<GLntMSDL3u0AAAAAAAAAAAAAAAAAAAAB>
Sep  4 00:07:00 localhost dovecot: imap(adam)<17406><GLntMSDL3u0AAAAAAAAAAAAAAAAAAAAB>: Logged out in=82 out=645 deleted=0 expunged=0 trashed=0 hdr_count=0 hdr_bytes=0 body_count=0 body_bytes=0
Sep  4 00:07:02 localhost dovecot: imap-login: Login: user=<adam>, method=PLAIN, rip=::1, lip=::1, mpid=17408, secured, session=<QVMOMiDL4O0AAAAAAAAAAAAAAAAAAAAB>
Sep  4 00:07:02 localhost dovecot: imap(adam)<17408><QVMOMiDL4O0AAAAAAAAAAAAAAAAAAAAB>: Logged out in=49 out=531 deleted=0 expunged=0 trashed=0 hdr_count=0 hdr_bytes=0 body_count=0 body_bytes=0
Sep  4 00:07:05 localhost dovecot: imap-login: Login: user=<adam>, method=PLAIN, rip=::1, lip=::1, mpid=17410, secured, session=<5Rs4MiDL4u0AAAAAAAAAAAAAAAAAAAAB>
Sep  4 00:07:05 localhost dovecot: imap(adam)<17410><5Rs4MiDL4u0AAAAAAAAAAAAAAAAAAAAB>: Logged out in=294 out=1887 deleted=0 expunged=0 trashed=0 hdr_count=2 hdr_bytes=438 body_count=0 body_bytes=0
Sep  4 00:07:07 localhost dovecot: imap-login: Login: user=<adam>, method=PLAIN, rip=::1, lip=::1, mpid=17412, secured, session=</uxPMiDL5O0AAAAAAAAAAAAAAAAAAAAB>
Sep  4 00:07:07 localhost dovecot: imap(adam)<17412></uxPMiDL5O0AAAAAAAAAAAAAAAAAAAAB>: Logged out in=386 out=1629 deleted=0 expunged=0 trashed=0 hdr_count=1 hdr_bytes=282 body_count=1 body_bytes=18
Sep  4 00:07:09 localhost dovecot: imap-login: Login: user=<adam>, method=PLAIN, rip=::1, lip=::1, mpid=17414, secured, session=<lXB5MiDL5u0AAAAAAAAAAAAAAAAAAAAB>
Sep  4 00:07:09 localhost dovecot: imap(adam)<17414><lXB5MiDL5u0AAAAAAAAAAAAAAAAAAAAB>: Logged out in=32 out=517 deleted=0 expunged=0 trashed=0 hdr_count=0 hdr_bytes=0 body_count=0 body_bytes=0
Sep  4 00:07:10 localhost dovecot: imap-login: Login: user=<adam>, method=PLAIN, rip=::1, lip=::1, mpid=17416, secured, session=<jkt/MiDL6O0AAAAAAAAAAAAAAAAAAAAB>
Sep  4 00:07:10 localhost dovecot: imap(adam)<17416><jkt/MiDL6O0AAAAAAAAAAAAAAAAAAAAB>: Logged out in=418 out=1740 deleted=0 expunged=0 trashed=0 hdr_count=1 hdr_bytes=282 body_count=1 body_bytes=18
Sep  4 00:07:14 localhost kernel: [1555833.868946] [UFW BLOCK] IN=ens3 OUT= MAC=56:00:03:85:82:df:fe:00:03:85:82:df:08:00 SRC=73.107.144.246 DST=158.247.223.84 LEN=60 TOS=0x00 PREC=0x00 TTL=46 ID=60123 DF PROTO=TCP SPT=44164 DPT=80 WINDOW=64240 RES=0x00 SYN URGP=0 
Sep  4 00:07:14 localhost postfix/smtpd[17364]: connect from localhost[::1]
Sep  4 00:07:14 localhost postfix/smtpd[17364]: disconnect from localhost[::1] ehlo=1 rset=1 quit=1 commands=3
Sep  4 00:07:23 localhost postfix/qmgr[17132]: 705D9D0DE: from=<>, size=25562, nrcpt=1 (queue active)
Sep  4 00:07:23 localhost postfix/qmgr[17132]: 7F5AA1D69: from=<info@bjunho.com>, size=2240, nrcpt=2 (queue active)
Sep  4 00:07:23 localhost postfix/qmgr[17132]: 53FDAD137: from=<>, size=3287, nrcpt=1 (queue active)
Sep  4 00:07:23 localhost postfix/qmgr[17132]: 517BCD13E: from=<>, size=11149, nrcpt=1 (queue active)
Sep  4 00:07:23 localhost postfix/qmgr[17132]: 312766166: from=<xbtwofaced@euro.apple.com>, size=12400, nrcpt=4 (queue active)
Sep  4 00:07:23 localhost postfix/qmgr[17132]: 9A7016449: from=<info@cyborgit.net>, size=15774, nrcpt=4 (queue active)
Sep  4 00:07:23 localhost postfix/qmgr[17132]: 17A2DD0F5: from=<n08730572bc-914b658e23bd4830-anod===fromthemachine.org@bounce.twitter.com>, size=37050, nrcpt=3 (queue active)
Sep  4 00:07:23 localhost postfix/qmgr[17132]: 28450CF4B: from=<rabbijeremy@thetabernacleinbranson.com>, size=76261, nrcpt=4 (queue active)
Sep  4 00:07:23 localhost postfix/qmgr[17132]: 29AF46552: from=<>, size=4067, nrcpt=1 (queue active)
Sep  4 00:07:23 localhost postfix/qmgr[17132]: 419EDD13B: from=<owner-arbird-l*adam5**REALLYHIM*-COM@listserv.uark.edu>, size=9201, nrcpt=3 (queue active)
Sep  4 00:07:23 localhost postfix/smtp[17420]: connect to smtp-relay.gmail.com[2404:6800:4008:c03::1c]:587: Network is unreachable
Sep  4 00:07:23 localhost postfix/smtp[17417]: connect to smtp-relay.gmail.com[2404:6800:4008:c03::1c]:587: Network is unreachable
Sep  4 00:07:24 localhost postfix/anvil[17154]: statistics: max connection rate 4/60s for (smtp:159.226.251.15) at Sep  3 23:58:01
Sep  4 00:07:24 localhost postfix/anvil[17154]: statistics: max connection count 4 for (smtp:131.111.8.140) at Sep  4 00:04:26
Sep  4 00:07:24 localhost postfix/anvil[17154]: statistics: max cache size 14 at Sep  4 00:01:24
Sep  4 00:07:24 localhost postfix/smtp[17421]: 312766166: to=<0xc514f094370cfc5ee45a1dd9b72bb9675efe266f@ethmail.cc>, orig_to=<adam@ermccorp.com>, relay=smtp-relay.gmail.com[74.125.203.28]:587, delay=231549, delays=231547/0.05/1.1/0.2, dsn=5.7.0, status=bounced (host smtp-relay.gmail.com[74.125.203.28] said: 550-5.7.0 Mail relay denied [158.247.223.84]. Invalid credentials for relay for 550-5.7.0 one of the domains in: euro.apple.com, plemma.cc (as obtained from 550-5.7.0 HELO and MAIL FROM). 550-5.7.0 Email is being sent from a domain or IP address which isn't registered 550-5.7.0 in your G Suite account. Please login to your G Suite account and 550-5.7.0 verify that your sending device IP address has been registered within 550-5.7.0 the G Suite SMTP Relay Settings. For more information, please visit 550 5.7.0  https://support.google.com/a/answer/6140680#maildenied p8sm187529pjz.16 - gsmtp (in reply to MAIL FROM command))
Sep  4 00:07:24 localhost postfix/smtp[17421]: 312766166: lost connection with smtp-relay.gmail.com[74.125.203.28] while sending RCPT TO
Sep  4 00:07:24 localhost postfix/smtp[17419]: 53FDAD137: to=<noresponse@interactivebrokers.com>, relay=smtp-relay.gmail.com[74.125.203.28]:587, delay=23666, delays=23664/0.03/1.2/0.24, dsn=5.1.1, status=bounced (host smtp-relay.gmail.com[74.125.203.28] said: 550-5.1.1 The email account that you tried to reach does not exist. Please try 550-5.1.1 double-checking the recipient's email address for typos or 550-5.1.1 unnecessary spaces. Learn more at 550 5.1.1  https://support.google.com/mail/?p=NoSuchUser lb5sm30171pjb.12 - gsmtp (in reply to RCPT TO command))
Sep  4 00:07:24 localhost postfix/cleanup[17425]: DD65E64E9: message-id=<20210904000724.DD65E64E9@plemma.cc>
Sep  4 00:07:24 localhost postfix/qmgr[17132]: DD65E64E9: from=<>, size=15664, nrcpt=1 (queue active)
Sep  4 00:07:24 localhost postfix/bounce[17422]: 312766166: sender non-delivery notification: DD65E64E9
Sep  4 00:07:24 localhost postfix/qmgr[17132]: 312766166: removed
Sep  4 00:07:24 localhost postfix/smtp[17421]: connect to smtp-relay.gmail.com[2404:6800:4008:c03::1c]:587: Network is unreachable
Sep  4 00:07:24 localhost postfix/smtp[17424]: connect to smtp-relay.gmail.com[2404:6800:4008:c03::1c]:587: Network is unreachable
Sep  4 00:07:25 localhost postfix/qmgr[17132]: 53FDAD137: removed
Sep  4 00:07:25 localhost postfix/smtp[17419]: connect to smtp-relay.gmail.com[2404:6800:4008:c03::1c]:587: Network is unreachable
Sep  4 00:07:25 localhost postfix/smtp[17427]: connect to smtp-relay.gmail.com[2404:6800:4008:c03::1c]:587: Network is unreachable
Sep  4 00:07:25 localhost postfix/smtp[17420]: 517BCD13E: to=<owner-arbird-l*adam5**REALLYHIM*-COM@listserv.uark.edu>, relay=smtp-relay.gmail.com[74.125.203.28]:587, delay=21481, delays=21479/0.04/1.4/0.25, dsn=5.1.1, status=bounced (host smtp-relay.gmail.com[74.125.203.28] said: 550-5.1.1 The email account that you tried to reach does not exist. Please try 550-5.1.1 double-checking the recipient's email address for typos or 550-5.1.1 unnecessary spaces. Learn more at 550 5.1.1  https://support.google.com/mail/?p=NoSuchUser a13sm251640ooi.28 - gsmtp (in reply to RCPT TO command))
Sep  4 00:07:25 localhost postfix/smtp[17418]: 7F5AA1D69: to=<0xc514f094370cfc5ee45a1dd9b72bb9675efe266f@ethmail.cc>, orig_to=<adam@ermccorp.com>, relay=smtp-relay.gmail.com[74.125.203.28]:587, delay=254160, delays=254158/0.02/1.6/0.24, dsn=5.7.0, status=bounced (host smtp-relay.gmail.com[74.125.203.28] said: 550-5.7.0 Mail relay denied [158.247.223.84]. Invalid credentials for relay for 550-5.7.0 one of the domains in: bjunho.com, plemma.cc (as obtained from HELO 550-5.7.0 and MAIL FROM). 550-5.7.0 Email is being sent from a domain or IP address which isn't registered 550-5.7.0 in your G Suite account. Please login to your G Suite account and 550-5.7.0 verify that your sending device IP address has been registered within 550-5.7.0 the G Suite SMTP Relay Settings. For more information, please visit 550 5.7.0  https://support.google.com/a/answer/6140680#maildenied e140sm269169oob.23 - gsmtp (in reply to MAIL FROM command))
Sep  4 00:07:25 localhost postfix/smtp[17418]: 7F5AA1D69: lost connection with smtp-relay.gmail.com[74.125.203.28] while sending RCPT TO
Sep  4 00:07:25 localhost postfix/cleanup[17425]: 473106282: message-id=<20210904000725.473106282@plemma.cc>
Sep  4 00:07:25 localhost postfix/qmgr[17132]: 473106282: from=<>, size=5470, nrcpt=1 (queue active)
Sep  4 00:07:25 localhost postfix/bounce[17423]: 7F5AA1D69: sender non-delivery notification: 473106282
Sep  4 00:07:25 localhost postfix/qmgr[17132]: 7F5AA1D69: removed
Sep  4 00:07:25 localhost postfix/smtp[17428]: connect to smtp-relay.gmail.com[2404:6800:4008:c03::1c]:587: Network is unreachable
Sep  4 00:07:25 localhost postfix/smtp[17417]: 705D9D0DE: to=<owner-lrnasst-l@lists.ufl.edu>, relay=smtp-relay.gmail.com[74.125.203.28]:587, delay=103578, delays=103576/0.02/1.6/0.28, dsn=5.1.1, status=bounced (host smtp-relay.gmail.com[74.125.203.28] said: 550-5.1.1 The email account that you tried to reach does not exist. Please try 550-5.1.1 double-checking the recipient's email address for typos or 550-5.1.1 unnecessary spaces. Learn more at 550 5.1.1  https://support.google.com/mail/?p=NoSuchUser v2sm311547uaq.2 - gsmtp (in reply to RCPT TO command))
Sep  4 00:07:25 localhost postfix/qmgr[17132]: 517BCD13E: removed
Sep  4 00:07:25 localhost postfix/smtp[17420]: connect to smtp-relay.gmail.com[2404:6800:4008:c03::1c]:587: Network is unreachable
Sep  4 00:07:25 localhost postfix/qmgr[17132]: 705D9D0DE: removed
Sep  4 00:07:26 localhost postfix/smtp[17421]: 9A7016449: to=<0xc514f094370cfc5ee45a1dd9b72bb9675efe266f@ethmail.cc>, orig_to=<adam@ermccorp.com>, relay=smtp-relay.gmail.com[74.125.203.28]:587, delay=147576, delays=147573/1.4/0.98/0.2, dsn=5.7.0, status=bounced (host smtp-relay.gmail.com[74.125.203.28] said: 550-5.7.0 Mail relay denied [158.247.223.84]. Invalid credentials for relay for 550-5.7.0 one of the domains in: cyborgit.net, plemma.cc (as obtained from HELO 550-5.7.0 and MAIL FROM). 550-5.7.0 Email is being sent from a domain or IP address which isn't registered 550-5.7.0 in your G Suite account. Please login to your G Suite account and 550-5.7.0 verify that your sending device IP address has been registered within 550-5.7.0 the G Suite SMTP Relay Settings. For more information, please visit 550 5.7.0  https://support.google.com/a/answer/6140680#maildenied i6sm186455pjw.1 - gsmtp (in reply to MAIL FROM command))
Sep  4 00:07:26 localhost postfix/cleanup[17425]: 0D1171D69: message-id=<20210904000726.0D1171D69@plemma.cc>
Sep  4 00:07:26 localhost postfix/bounce[17422]: 9A7016449: sender non-delivery notification: 0D1171D69
Sep  4 00:07:26 localhost postfix/qmgr[17132]: 9A7016449: removed
Sep  4 00:07:26 localhost postfix/qmgr[17132]: 0D1171D69: from=<>, size=19008, nrcpt=1 (queue active)
Sep  4 00:07:26 localhost postfix/smtp[17429]: connect to smtp-relay.gmail.com[2404:6800:4008:c03::1c]:587: Network is unreachable
Sep  4 00:07:26 localhost postfix/smtp[17424]: 17A2DD0F5: to=<0xc514f094370cfc5ee45a1dd9b72bb9675efe266f@ethmail.cc>, orig_to=<anod@fromthemachine.org>, relay=smtp-relay.gmail.com[74.125.203.28]:587, delay=71937, delays=71934/1.4/1.2/0.26, dsn=5.7.0, status=bounced (host smtp-relay.gmail.com[74.125.203.28] said: 550-5.7.0 Mail relay denied [158.247.223.84]. Invalid credentials for relay for 550-5.7.0 one of the domains in: bounce.twitter.com, twitter.com (as obtained 550-5.7.0 from HELO and MAIL FROM). 550-5.7.0 Email is being sent from a domain or IP address which isn't registered 550-5.7.0 in your G Suite account. Please login to your G Suite account and 550-5.7.0 verify that your sending device IP address has been registered within 550-5.7.0 the G Suite SMTP Relay Settings. For more information, please visit 550 5.7.0  https://support.google.com/a/answer/6140680#maildenied x13sm254358otq.4 - gsmtp (in reply to MAIL FROM command))
Sep  4 00:07:26 localhost postfix/cleanup[17425]: 5C00A6166: message-id=<20210904000726.5C00A6166@plemma.cc>
Sep  4 00:07:26 localhost postfix/qmgr[17132]: 5C00A6166: from=<>, size=40487, nrcpt=1 (queue active)
Sep  4 00:07:26 localhost postfix/bounce[17422]: 17A2DD0F5: sender non-delivery notification: 5C00A6166
Sep  4 00:07:26 localhost postfix/qmgr[17132]: 17A2DD0F5: removed
Sep  4 00:07:26 localhost postfix/smtp[17418]: 419EDD13B: to=<0xc514f094370cfc5ee45a1dd9b72bb9675efe266f@ethmail.cc>, orig_to=<adam5@reallyhim.com>, relay=smtp-relay.gmail.com[74.125.203.28]:587, delay=21482, delays=21479/1.8/0.96/0.21, dsn=5.7.0, status=bounced (host smtp-relay.gmail.com[74.125.203.28] said: 550-5.7.0 Mail relay denied [158.247.223.84]. Invalid credentials for relay for 550-5.7.0 one of the domains in: listserv.uark.edu, uark.edu (as obtained from 550-5.7.0 HELO and MAIL FROM). 550-5.7.0 Email is being sent from a domain or IP address which isn't registered 550-5.7.0 in your G Suite account. Please login to your G Suite account and 550-5.7.0 verify that your sending device IP address has been registered within 550-5.7.0 the G Suite SMTP Relay Settings. For more information, please visit 550 5.7.0  https://support.google.com/a/answer/6140680#maildenied a23sm185659pjo.14 - gsmtp (in reply to MAIL FROM command))
Sep  4 00:07:26 localhost postfix/smtp[17418]: 419EDD13B: lost connection with smtp-relay.gmail.com[74.125.203.28] while sending RCPT TO
Sep  4 00:07:26 localhost postfix/cleanup[17425]: 706876449: message-id=<20210904000726.706876449@plemma.cc>
Sep  4 00:07:26 localhost postfix/qmgr[17132]: 706876449: from=<>, size=12567, nrcpt=1 (queue active)
Sep  4 00:07:26 localhost postfix/bounce[17422]: 419EDD13B: sender non-delivery notification: 706876449
Sep  4 00:07:26 localhost postfix/qmgr[17132]: 419EDD13B: removed
Sep  4 00:07:26 localhost postfix/smtp[17420]: 473106282: to=<info@bjunho.com>, relay=smtp-relay.gmail.com[74.125.203.28]:587, delay=1.2, delays=0/0.07/0.95/0.2, dsn=5.1.1, status=bounced (host smtp-relay.gmail.com[74.125.203.28] said: 550-5.1.1 The email account that you tried to reach does not exist. Please try 550-5.1.1 double-checking the recipient's email address for typos or 550-5.1.1 unnecessary spaces. Learn more at 550 5.1.1  https://support.google.com/mail/?p=NoSuchUser i6sm186458pjw.1 - gsmtp (in reply to RCPT TO command))
Sep  4 00:07:26 localhost postfix/smtp[17419]: 28450CF4B: to=<0xc514f094370cfc5ee45a1dd9b72bb9675efe266f@ethmail.cc>, orig_to=<adam@ermccorp.com>, relay=smtp-relay.gmail.com[74.125.203.28]:587, delay=202120, delays=202117/1.6/1.2/0.24, dsn=5.7.0, status=bounced (host smtp-relay.gmail.com[74.125.203.28] said: 550-5.7.0 Mail relay denied [158.247.223.84]. Invalid credentials for relay for 550-5.7.0 one of the domains in: thetabernacleinbranson.com, plemma.cc (as 550-5.7.0 obtained from HELO and MAIL FROM). 550-5.7.0 Email is being sent from a domain or IP address which isn't registered 550-5.7.0 in your G Suite account. Please login to your G Suite account and 550-5.7.0 verify that your sending device IP address has been registered within 550-5.7.0 the G Suite SMTP Relay Settings. For more information, please visit 550 5.7.0  https://support.google.com/a/answer/6140680#maildenied r13sm205316otv.5 - gsmtp (in reply to MAIL FROM command))
Sep  4 00:07:26 localhost postfix/cleanup[17425]: 84DB7C949: message-id=<20210904000726.84DB7C949@plemma.cc>
Sep  4 00:07:26 localhost postfix/qmgr[17132]: 84DB7C949: from=<>, size=5694, nrcpt=1 (queue active)
Sep  4 00:07:26 localhost postfix/bounce[17423]: 28450CF4B: sender non-delivery notification: 84DB7C949
Sep  4 00:07:26 localhost postfix/qmgr[17132]: 28450CF4B: removed
Sep  4 00:07:26 localhost postfix/smtp[17424]: connect to smtp-relay.gmail.com[2404:6800:4008:c03::1c]:587: Network is unreachable
Sep  4 00:07:26 localhost postfix/smtp[17427]: 29AF46552: to=<info@bjunho.com>, relay=smtp-relay.gmail.com[74.125.203.28]:587, delay=254130, delays=254127/1.6/1.2/0.24, dsn=5.1.1, status=bounced (host smtp-relay.gmail.com[74.125.203.28] said: 550-5.1.1 The email account that you tried to reach does not exist. Please try 550-5.1.1 double-checking the recipient's email address for typos or 550-5.1.1 unnecessary spaces. Learn more at 550 5.1.1  https://support.google.com/mail/?p=NoSuchUser b12sm277988ooq.0 - gsmtp (in reply to RCPT TO command))
Sep  4 00:07:26 localhost postfix/qmgr[17132]: 473106282: removed
Sep  4 00:07:26 localhost postfix/smtp[17428]: DD65E64E9: to=<xbtwofaced@euro.apple.com>, relay=smtp-relay.gmail.com[74.125.203.28]:587, delay=1.9, delays=0.04/0.39/1.2/0.25, dsn=5.1.1, status=bounced (host smtp-relay.gmail.com[74.125.203.28] said: 550-5.1.1 The email account that you tried to reach does not exist. Please try 550-5.1.1 double-checking the recipient's email address for typos or 550-5.1.1 unnecessary spaces. Learn more at 550 5.1.1  https://support.google.com/mail/?p=NoSuchUser d6sm247023otc.12 - gsmtp (in reply to RCPT TO command))
Sep  4 00:07:26 localhost postfix/qmgr[17132]: 29AF46552: removed
Sep  4 00:07:26 localhost postfix/smtp[17429]: 0D1171D69: to=<info@cyborgit.net>, relay=smtp-relay.gmail.com[74.125.203.28]:587, delay=0.8, delays=0/0/0.56/0.24, dsn=5.1.1, status=bounced (host smtp-relay.gmail.com[74.125.203.28] said: 550-5.1.1 The email account that you tried to reach does not exist. Please try 550-5.1.1 double-checking the recipient's email address for typos or 550-5.1.1 unnecessary spaces. Learn more at 550 5.1.1  https://support.google.com/mail/?p=NoSuchUser a13sm251650ooi.28 - gsmtp (in reply to RCPT TO command))
Sep  4 00:07:26 localhost postfix/qmgr[17132]: DD65E64E9: removed
Sep  4 00:07:27 localhost postfix/qmgr[17132]: 0D1171D69: removed
Sep  4 00:07:28 localhost postfix/smtp[17417]: 5C00A6166: to=<n08730572bc-914b658e23bd4830-anod===fromthemachine.org@bounce.twitter.com>, relay=smtp-relay.gmail.com[74.125.203.28]:587, delay=1.6, delays=0/0/1.4/0.29, dsn=5.7.0, status=bounced (host smtp-relay.gmail.com[74.125.203.28] said: 550-5.7.0 Mail relay denied [158.247.223.84]. Invalid credentials for relay for 550-5.7.0 one of the domains in:  (as obtained from HELO and MAIL FROM). 550-5.7.0 Email is being sent from a domain or IP address which isn't registered 550-5.7.0 in your G Suite account. Please login to your G Suite account and 550-5.7.0 verify that your sending device IP address has been registered within 550-5.7.0 the G Suite SMTP Relay Settings. For more information, please visit 550 5.7.0  https://support.google.com/a/answer/6140680#maildenied t20sm257060vsk.4 - gsmtp (in reply to RCPT TO command))
Sep  4 00:07:28 localhost postfix/smtp[17417]: 5C00A6166: lost connection with smtp-relay.gmail.com[74.125.203.28] while sending DATA command
Sep  4 00:07:28 localhost postfix/qmgr[17132]: 5C00A6166: removed
Sep  4 00:07:28 localhost postfix/smtp[17421]: 706876449: to=<owner-arbird-l*adam5**REALLYHIM*-COM@listserv.uark.edu>, relay=smtp-relay.gmail.com[74.125.203.28]:587, delay=1.6, delays=0/0/1.4/0.28, dsn=5.1.1, status=bounced (host smtp-relay.gmail.com[74.125.203.28] said: 550-5.1.1 The email account that you tried to reach does not exist. Please try 550-5.1.1 double-checking the recipient's email address for typos or 550-5.1.1 unnecessary spaces. Learn more at 550 5.1.1  https://support.google.com/mail/?p=NoSuchUser l20sm33873vkk.9 - gsmtp (in reply to RCPT TO command))
Sep  4 00:07:28 localhost postfix/smtp[17424]: 84DB7C949: to=<rabbijeremy@thetabernacleinbranson.com>, relay=smtp-relay.gmail.com[74.125.203.28]:587, delay=1.7, delays=0/0/1.5/0.27, dsn=5.1.1, status=bounced (host smtp-relay.gmail.com[74.125.203.28] said: 550-5.1.1 The email account that you tried to reach does not exist. Please try 550-5.1.1 double-checking the recipient's email address for typos or 550-5.1.1 unnecessary spaces. Learn more at 550 5.1.1  https://support.google.com/mail/?p=NoSuchUser s14sm238545qko.7 - gsmtp (in reply to RCPT TO command))
Sep  4 00:07:28 localhost postfix/qmgr[17132]: 706876449: removed
Sep  4 00:07:28 localhost postfix/qmgr[17132]: 84DB7C949: removed
Sep  4 00:07:32 localhost kernel: [1555851.772348] [UFW BLOCK] IN=ens3 OUT= MAC=56:00:03:85:82:df:fe:00:03:85:82:df:08:00 SRC=92.63.197.101 DST=158.247.223.84 LEN=40 TOS=0x00 PREC=0x00 TTL=240 ID=46428 PROTO=TCP SPT=51891 DPT=41342 WINDOW=1024 RES=0x00 SYN URGP=0 
Sep  4 00:07:45 localhost kernel: [1555865.011901] [UFW BLOCK] IN=ens3 OUT= MAC=56:00:03:85:82:df:fe:00:03:85:82:df:08:00 SRC=93.174.93.33 DST=158.247.223.84 LEN=40 TOS=0x00 PREC=0x00 TTL=239 ID=46160 PROTO=TCP SPT=44653 DPT=34509 WINDOW=1024 RES=0x00 SYN URGP=0 
Sep  4 00:07:51 localhost postfix/smtpd[17367]: connect from mail-wm1-f48.google.com[209.85.128.48]
Sep  4 00:07:52 localhost postfix/trivial-rewrite[17243]: warning: do not list domain lamc.la in BOTH mydestination and virtual_alias_domains
Sep  4 00:07:52 localhost postfix/smtpd[17367]: C18941D52: client=mail-wm1-f48.google.com[209.85.128.48]
Sep  4 00:07:52 localhost postfix/cleanup[17425]: C18941D52: message-id=<6132b8d4.1c69fb81.713a0.4135@mx.google.com>
Sep  4 00:07:52 localhost postfix/qmgr[17132]: C18941D52: from=<anbar.taha01@gmail.com>, size=4811, nrcpt=1 (queue active)
Sep  4 00:07:52 localhost postfix/trivial-rewrite[17243]: warning: do not list domain lamc.la in BOTH mydestination and virtual_alias_domains
Sep  4 00:07:52 localhost postfix/local[17436]: C18941D52: to=<adam@lamc.la>, relay=local, delay=0.02, delays=0.01/0.01/0/0, dsn=2.0.0, status=sent (delivered to maildir)
Sep  4 00:07:52 localhost postfix/qmgr[17132]: C18941D52: removed
Sep  4 00:07:53 localhost postfix/smtpd[17367]: disconnect from mail-wm1-f48.google.com[209.85.128.48] ehlo=2 starttls=1 mail=1 rcpt=1 bdat=1 quit=1 commands=7
Sep  4 00:07:57 localhost postfix/smtpd[17260]: connect from ppsw-30.csi.cam.ac.uk[131.111.8.130]
Sep  4 00:07:58 localhost postfix/smtpd[17364]: connect from tranquility.mcc.ac.uk[130.88.200.145]
Sep  4 00:07:58 localhost postfix/smtpd[17260]: NOQUEUE: reject: RCPT from ppsw-30.csi.cam.ac.uk[131.111.8.130]: 550 5.1.1 <suac+bncBCC7XN6N3YMBBYHKZKEQMGQEQZPBM3I@lamc.la>: Recipient address rejected: User unknown in local recipient table; from=<> to=<suac+bncBCC7XN6N3YMBBYHKZKEQMGQEQZPBM3I@lamc.la> proto=ESMTP helo=<ppsw-30.csi.cam.ac.uk>
Sep  4 00:07:58 localhost postfix/smtpd[17260]: disconnect from ppsw-30.csi.cam.ac.uk[131.111.8.130] ehlo=2 starttls=1 mail=1 rcpt=0/1 quit=1 commands=5/6
Sep  4 00:07:59 localhost postfix/trivial-rewrite[17243]: warning: do not list domain LamC.la in BOTH mydestination and virtual_alias_domains
Sep  4 00:07:59 localhost postfix/smtpd[17364]: NOQUEUE: reject: RCPT from tranquility.mcc.ac.uk[130.88.200.145]: 550 5.1.1 <suac+bncBCC7XN6N3YMBBYHKZKEQMGQEQZPBM3I@LamC.la>: Recipient address rejected: User unknown in local recipient table; from=<> to=<suac+bncBCC7XN6N3YMBBYHKZKEQMGQEQZPBM3I@LamC.la> proto=ESMTP helo=<tranquility.mcc.ac.uk>
Sep  4 00:08:00 localhost postfix/smtpd[17364]: disconnect from tranquility.mcc.ac.uk[130.88.200.145] ehlo=2 starttls=1 mail=1 rcpt=0/1 bdat=0/1 quit=1 commands=5/7
Sep  4 00:08:11 localhost kernel: [1555891.222414] [UFW BLOCK] IN=ens3 OUT= MAC=56:00:03:85:82:df:fe:00:03:85:82:df:08:00 SRC=73.107.144.246 DST=158.247.223.84 LEN=60 TOS=0x00 PREC=0x00 TTL=46 ID=60130 DF PROTO=TCP SPT=44272 DPT=80 WINDOW=64240 RES=0x00 SYN URGP=0 
Sep  4 00:08:31 localhost kernel: [1555910.843986] [UFW BLOCK] IN=ens3 OUT= MAC=56:00:03:85:82:df:fe:00:03:85:82:df:08:00 SRC=93.174.93.33 DST=158.247.223.84 LEN=40 TOS=0x00 PREC=0x00 TTL=240 ID=41030 PROTO=TCP SPT=44653 DPT=34330 WINDOW=1024 RES=0x00 SYN URGP=0 
Sep  4 00:09:01 localhost CRON[17447]: (root) CMD (  [ -x /usr/lib/php/sessionclean ] && if [ ! -d /run/systemd/system ]; then /usr/lib/php/sessionclean; fi)
Sep  4 00:09:01 localhost systemd[1]: Starting Clean php session files...
Sep  4 00:09:01 localhost systemd[1]: phpsessionclean.service: Succeeded.
Sep  4 00:09:01 localhost systemd[1]: Started Clean php session files.
Sep  4 00:09:11 localhost kernel: [1555951.203412] [UFW BLOCK] IN=ens3 OUT= MAC=56:00:03:85:82:df:fe:00:03:85:82:df:08:00 SRC=73.107.144.246 DST=158.247.223.84 LEN=60 TOS=0x00 PREC=0x00 TTL=46 ID=12635 DF PROTO=TCP SPT=44326 DPT=80 WINDOW=64240 RES=0x00 SYN URGP=0 
Sep  4 00:09:23 localhost kernel: [1555962.652478] [UFW BLOCK] IN=ens3 OUT= MAC=56:00:03:85:82:df:fe:00:03:85:82:df:08:00 SRC=45.143.200.110 DST=158.247.223.84 LEN=40 TOS=0x00 PREC=0x00 TTL=246 ID=61673 PROTO=TCP SPT=56279 DPT=2906 WINDOW=1024 RES=0x00 SYN URGP=0 
Sep  4 00:09:23 localhost kernel: [1555963.580407] [UFW BLOCK] IN=ens3 OUT= MAC=56:00:03:85:82:df:fe:00:03:85:82:df:08:00 SRC=80.82.65.247 DST=158.247.223.84 LEN=40 TOS=0x00 PREC=0x00 TTL=239 ID=54321 PROTO=TCP SPT=56254 DPT=7597 WINDOW=65535 RES=0x00 SYN URGP=0 
Sep  4 00:09:37 localhost postfix/smtpd[17260]: connect from clarity.mcc.ac.uk[130.88.200.144]
Sep  4 00:09:39 localhost postfix/trivial-rewrite[17243]: warning: do not list domain LamC.la in BOTH mydestination and virtual_alias_domains
Sep  4 00:09:39 localhost postfix/smtpd[17260]: NOQUEUE: reject: RCPT from clarity.mcc.ac.uk[130.88.200.144]: 550 5.1.1 <suac+bncBCC7XN6N3YMBBYHKZKEQMGQEQZPBM3I@LamC.la>: Recipient address rejected: User unknown in local recipient table; from=<> to=<suac+bncBCC7XN6N3YMBBYHKZKEQMGQEQZPBM3I@LamC.la> proto=ESMTP helo=<clarity.mcc.ac.uk>
Sep  4 00:09:39 localhost postfix/smtpd[17260]: disconnect from clarity.mcc.ac.uk[130.88.200.144] ehlo=2 starttls=1 mail=1 rcpt=0/1 bdat=0/1 quit=1 commands=5/7
Sep  4 00:09:39 localhost postfix/smtpd[17364]: connect from probity.mcc.ac.uk[130.88.200.94]
Sep  4 00:09:41 localhost postfix/smtpd[17364]: NOQUEUE: reject: RCPT from probity.mcc.ac.uk[130.88.200.94]: 550 5.1.1 <suac+bncBCC7XN6N3YMBBYHKZKEQMGQEQZPBM3I@lamc.la>: Recipient address rejected: User unknown in local recipient table; from=<> to=<suac+bncBCC7XN6N3YMBBYHKZKEQMGQEQZPBM3I@lamc.la> proto=ESMTP helo=<probity.mcc.ac.uk>
Sep  4 00:09:41 localhost postfix/smtpd[17364]: disconnect from probity.mcc.ac.uk[130.88.200.94] ehlo=2 starttls=1 mail=1 rcpt=0/1 bdat=0/1 quit=1 commands=5/7
Sep  4 00:09:41 localhost postfix/smtpd[17260]: connect from ppsw-40.csi.cam.ac.uk[131.111.8.140]
Sep  4 00:09:41 localhost postfix/smtpd[17364]: connect from ppsw-40.csi.cam.ac.uk[131.111.8.140]
Sep  4 00:09:43 localhost postfix/smtpd[17260]: NOQUEUE: reject: RCPT from ppsw-40.csi.cam.ac.uk[131.111.8.140]: 550 5.1.1 <suac+bncBCC7XN6N3YMBBYHKZKEQMGQEQZPBM3I@lamc.la>: Recipient address rejected: User unknown in local recipient table; from=<> to=<suac+bncBCC7XN6N3YMBBYHKZKEQMGQEQZPBM3I@lamc.la> proto=ESMTP helo=<ppsw-40.csi.cam.ac.uk>
Sep  4 00:09:43 localhost postfix/smtpd[17364]: NOQUEUE: reject: RCPT from ppsw-40.csi.cam.ac.uk[131.111.8.140]: 550 5.1.1 <suac+bncBCC7XN6N3YMBBYHKZKEQMGQEQZPBM3I@lamc.la>: Recipient address rejected: User unknown in local recipient table; from=<> to=<suac+bncBCC7XN6N3YMBBYHKZKEQMGQEQZPBM3I@lamc.la> proto=ESMTP helo=<ppsw-40.csi.cam.ac.uk>
Sep  4 00:09:43 localhost postfix/smtpd[17260]: disconnect from ppsw-40.csi.cam.ac.uk[131.111.8.140] ehlo=2 starttls=1 mail=1 rcpt=0/1 quit=1 commands=5/6
Sep  4 00:09:43 localhost postfix/smtpd[17364]: disconnect from ppsw-40.csi.cam.ac.uk[131.111.8.140] ehlo=2 starttls=1 mail=1 rcpt=0/1 quit=1 commands=5/6
Sep  4 00:09:46 localhost kernel: [1555986.303393] [UFW BLOCK] IN=ens3 OUT= MAC=56:00:03:85:82:df:fe:00:03:85:82:df:08:00 SRC=130.88.200.145 DST=158.247.223.84 LEN=64 TOS=0x00 PREC=0x00 TTL=49 ID=0 DF PROTO=TCP SPT=62759 DPT=25 WINDOW=65535 RES=0x00 SYN URGP=0 
Sep  4 00:09:46 localhost postfix/smtpd[17260]: connect from tranquility.mcc.ac.uk[130.88.200.145]
Sep  4 00:09:48 localhost postfix/smtpd[17260]: NOQUEUE: reject: RCPT from tranquility.mcc.ac.uk[130.88.200.145]: 550 5.1.1 <suac+bncBCC7XN6N3YMBBYHKZKEQMGQEQZPBM3I@LamC.la>: Recipient address rejected: User unknown in local recipient table; from=<> to=<suac+bncBCC7XN6N3YMBBYHKZKEQMGQEQZPBM3I@LamC.la> proto=ESMTP helo=<tranquility.mcc.ac.uk>
Sep  4 00:09:48 localhost postfix/smtpd[17260]: disconnect from tranquility.mcc.ac.uk[130.88.200.145] ehlo=2 starttls=1 mail=1 rcpt=0/1 bdat=0/1 quit=1 commands=5/7
Sep  4 00:10:00 localhost systemd[1]: postfix.service: Succeeded.
Sep  4 00:10:00 localhost systemd[1]: Stopped Postfix Mail Transport Agent.
Sep  4 00:10:00 localhost systemd[1]: Stopping Postfix Mail Transport Agent...
Sep  4 00:10:00 localhost systemd[1]: Stopping Postfix Mail Transport Agent (instance -)...
Sep  4 00:10:00 localhost postmulti[17531]: /usr/sbin/postconf: warning: /etc/postfix/main.cf: unused parameter: mail_location=maildir:~/Maildir
Sep  4 00:10:00 localhost postfix/postfix-script[17538]: stopping the Postfix mail system
Sep  4 00:10:00 localhost postfix/master[17129]: terminating on signal 15
Sep  4 00:10:00 localhost systemd[1]: postfix@-.service: Succeeded.
Sep  4 00:10:00 localhost systemd[1]: Stopped Postfix Mail Transport Agent (instance -).
Sep  4 00:10:00 localhost systemd[1]: Starting Postfix Mail Transport Agent (instance -)...
Sep  4 00:10:00 localhost configure-instance.sh[17541]: postconf: warning: /etc/postfix/main.cf: unused parameter: mail_location=maildir:~/Maildir
Sep  4 00:10:00 localhost configure-instance.sh[17541]: postconf: warning: /etc/postfix/main.cf: unused parameter: mail_location=maildir:~/Maildir
Sep  4 00:10:00 localhost configure-instance.sh[17541]: postconf: warning: /etc/postfix/main.cf: unused parameter: mail_location=maildir:~/Maildir
Sep  4 00:10:00 localhost configure-instance.sh[17541]: postconf: warning: /etc/postfix/main.cf: unused parameter: mail_location=maildir:~/Maildir
Sep  4 00:10:00 localhost configure-instance.sh[17541]: postconf: warning: /etc/postfix/main.cf: unused parameter: mail_location=maildir:~/Maildir
Sep  4 00:10:00 localhost configure-instance.sh[17541]: postconf: warning: /etc/postfix/main.cf: unused parameter: mail_location=maildir:~/Maildir
Sep  4 00:10:00 localhost postmulti[17602]: /usr/sbin/postconf: warning: /etc/postfix/main.cf: unused parameter: mail_location=maildir:~/Maildir
Sep  4 00:10:00 localhost postmulti[17602]: /usr/sbin/postconf: warning: /etc/postfix/main.cf: unused parameter: mail_location=maildir:~/Maildir
Sep  4 00:10:00 localhost postmulti[17602]: /usr/sbin/postconf: warning: /etc/postfix/main.cf: unused parameter: mail_location=maildir:~/Maildir
Sep  4 00:10:00 localhost postmulti[17602]: /usr/sbin/postconf: warning: /etc/postfix/main.cf: unused parameter: mail_location=maildir:~/Maildir
Sep  4 00:10:00 localhost postmulti[17602]: /usr/sbin/postconf: warning: /etc/postfix/main.cf: unused parameter: mail_location=maildir:~/Maildir
Sep  4 00:10:00 localhost postmulti[17602]: /usr/sbin/postconf: warning: /etc/postfix/main.cf: unused parameter: mail_location=maildir:~/Maildir
Sep  4 00:10:00 localhost postmulti[17602]: /usr/sbin/postconf: warning: /etc/postfix/main.cf: unused parameter: mail_location=maildir:~/Maildir
Sep  4 00:10:00 localhost postmulti[17602]: /usr/sbin/postconf: warning: /etc/postfix/main.cf: unused parameter: mail_location=maildir:~/Maildir
Sep  4 00:10:00 localhost postmulti[17602]: /usr/sbin/postconf: warning: /etc/postfix/main.cf: unused parameter: mail_location=maildir:~/Maildir
