Jan 21 00:00:22 localhost rsyslogd:  [origin software="rsyslogd" swVersion="8.1901.0" x-pid="31730" x-info="https://www.rsyslog.com"] rsyslogd was HUPed
Jan 21 00:00:22 localhost systemd[1]: logrotate.service: Succeeded.
Jan 21 00:00:22 localhost systemd[1]: Started Rotate log files.
Jan 21 00:00:42 localhost kernel: [13565104.045239] [UFW BLOCK] IN=ens3 OUT= MAC=56:00:03:85:82:df:fe:00:03:85:82:df:08:00 SRC=79.124.62.78 DST=158.247.223.84 LEN=40 TOS=0x00 PREC=0x00 TTL=240 ID=101 PROTO=TCP SPT=44497 DPT=23833 WINDOW=1024 RES=0x00 SYN URGP=0 
Jan 21 00:01:03 localhost kernel: [13565125.169423] [UFW BLOCK] IN=ens3 OUT= MAC=56:00:03:85:82:df:fe:00:03:85:82:df:08:00 SRC=89.248.165.59 DST=158.247.223.84 LEN=40 TOS=0x00 PREC=0x00 TTL=241 ID=40264 PROTO=TCP SPT=49871 DPT=53389 WINDOW=1024 RES=0x00 SYN URGP=0 
Jan 21 00:01:23 localhost kernel: [13565145.744290] [UFW BLOCK] IN=ens3 OUT= MAC=56:00:03:85:82:df:fe:00:03:85:82:df:08:00 SRC=89.248.168.217 DST=158.247.223.84 LEN=57 TOS=0x00 PREC=0x00 TTL=242 ID=54321 PROTO=UDP SPT=55177 DPT=999 LEN=37 
Jan 21 00:01:44 localhost kernel: [13565166.031436] [UFW BLOCK] IN=ens3 OUT= MAC=56:00:03:85:82:df:fe:00:03:85:82:df:08:00 SRC=162.142.125.64 DST=158.247.223.84 LEN=44 TOS=0x00 PREC=0x00 TTL=40 ID=26032 PROTO=TCP SPT=22054 DPT=8405 WINDOW=1024 RES=0x00 SYN URGP=0 
Jan 21 00:01:48 localhost postfix/anvil[16295]: statistics: max connection rate 1/60s for (smtp:209.85.219.72) at Jan 20 23:56:59
Jan 21 00:01:48 localhost postfix/anvil[16295]: statistics: max connection count 1 for (smtp:209.85.219.72) at Jan 20 23:56:59
Jan 21 00:01:48 localhost postfix/anvil[16295]: statistics: max cache size 2 at Jan 20 23:58:25
Jan 21 00:02:02 localhost kernel: [13565184.807421] [UFW BLOCK] IN=ens3 OUT= MAC=56:00:03:85:82:df:fe:00:03:85:82:df:08:00 SRC=167.248.133.25 DST=158.247.223.84 LEN=44 TOS=0x00 PREC=0x00 TTL=39 ID=60137 PROTO=TCP SPT=54213 DPT=1911 WINDOW=1024 RES=0x00 SYN URGP=0 
Jan 21 00:02:03 localhost dockerd[8431]: time="2022-01-21T00:02:03.502601362Z" level=info msg="NetworkDB stats plemma(b3be9f6424e0) - netID:0rz6hg0qghb21juyqti61umko leaving:false netPeers:1 entries:2 Queue qLen:0 netMsg/s:0"
Jan 21 00:02:21 localhost kernel: [13565203.100026] [UFW BLOCK] IN=ens3 OUT= MAC=56:00:03:85:82:df:fe:00:03:85:82:df:08:00 SRC=152.136.136.244 DST=158.247.223.84 LEN=104 TOS=0x00 PREC=0x00 TTL=48 ID=37718 DF PROTO=UDP SPT=8082 DPT=8082 LEN=84 
Jan 21 00:02:47 localhost kernel: [13565229.796813] [UFW BLOCK] IN=ens3 OUT= MAC=56:00:03:85:82:df:fe:00:03:85:82:df:08:00 SRC=45.143.203.2 DST=158.247.223.84 LEN=40 TOS=0x00 PREC=0x00 TTL=237 ID=27484 PROTO=TCP SPT=40321 DPT=3381 WINDOW=1024 RES=0x00 SYN URGP=0 
Jan 21 00:03:10 localhost kernel: [13565252.466140] [UFW BLOCK] IN=ens3 OUT= MAC=56:00:03:85:82:df:fe:00:03:85:82:df:08:00 SRC=183.136.226.4 DST=158.247.223.84 LEN=44 TOS=0x00 PREC=0x00 TTL=110 ID=35503 PROTO=TCP SPT=14108 DPT=8125 WINDOW=29200 RES=0x00 SYN URGP=0 
Jan 21 00:03:22 localhost kernel: [13565263.975056] [UFW BLOCK] IN=ens3 OUT= MAC=56:00:03:85:82:df:fe:00:03:85:82:df:08:00 SRC=193.3.19.33 DST=158.247.223.84 LEN=40 TOS=0x00 PREC=0x00 TTL=244 ID=56059 PROTO=TCP SPT=57696 DPT=9200 WINDOW=1024 RES=0x00 SYN URGP=0 
Jan 21 00:03:49 localhost kernel: [13565291.478060] [UFW BLOCK] IN=ens3 OUT= MAC=56:00:03:85:82:df:fe:00:03:85:82:df:08:00 SRC=51.12.87.186 DST=158.247.223.84 LEN=40 TOS=0x00 PREC=0x00 TTL=230 ID=50752 PROTO=TCP SPT=41115 DPT=24005 WINDOW=1024 RES=0x00 SYN URGP=0 
Jan 21 00:04:19 localhost kernel: [13565321.173241] [UFW BLOCK] IN=ens3 OUT= MAC=56:00:03:85:82:df:fe:00:03:85:82:df:08:00 SRC=79.124.62.110 DST=158.247.223.84 LEN=40 TOS=0x00 PREC=0x00 TTL=240 ID=898 PROTO=TCP SPT=43363 DPT=44826 WINDOW=1024 RES=0x00 SYN URGP=0 
Jan 21 00:04:34 localhost kernel: [13565336.398397] [UFW BLOCK] IN=ens3 OUT= MAC=56:00:03:85:82:df:fe:00:03:85:82:df:08:00 SRC=34.96.130.11 DST=158.247.223.84 LEN=44 TOS=0x00 PREC=0x00 TTL=249 ID=54321 PROTO=TCP SPT=51657 DPT=8088 WINDOW=65535 RES=0x00 SYN URGP=0 
Jan 21 00:05:01 localhost CRON[16930]: (root) CMD (command -v debian-sa1 > /dev/null && debian-sa1 1 1)
Jan 21 00:05:05 localhost kernel: [13565367.499129] [UFW BLOCK] IN=ens3 OUT= MAC=56:00:03:85:82:df:fe:00:03:85:82:df:08:00 SRC=193.3.19.33 DST=158.247.223.84 LEN=40 TOS=0x00 PREC=0x00 TTL=244 ID=42051 PROTO=TCP SPT=57696 DPT=9215 WINDOW=1024 RES=0x00 SYN URGP=0 
Jan 21 00:05:32 localhost kernel: [13565394.758606] [UFW BLOCK] IN=ens3 OUT= MAC=56:00:03:85:82:df:fe:00:03:85:82:df:08:00 SRC=45.134.26.231 DST=158.247.223.84 LEN=40 TOS=0x00 PREC=0x00 TTL=245 ID=5417 PROTO=TCP SPT=58829 DPT=29547 WINDOW=1024 RES=0x00 SYN URGP=0 
Jan 21 00:05:35 localhost kernel: [13565397.666440] [UFW BLOCK] IN=ens3 OUT= MAC=56:00:03:85:82:df:fe:00:03:85:82:df:08:00 SRC=162.62.219.189 DST=158.247.223.84 LEN=40 TOS=0x00 PREC=0x00 TTL=237 ID=54321 PROTO=TCP SPT=33820 DPT=7778 WINDOW=65535 RES=0x00 SYN URGP=0 
Jan 21 00:05:45 localhost kernel: [13565407.439558] [UFW BLOCK] IN=ens3 OUT= MAC=56:00:03:85:82:df:fe:00:03:85:82:df:08:00 SRC=146.88.240.4 DST=158.247.223.84 LEN=30 TOS=0x00 PREC=0x00 TTL=243 ID=54321 PROTO=UDP SPT=53670 DPT=3283 LEN=10 
Jan 21 00:06:13 localhost kernel: [13565434.947081] [UFW BLOCK] IN=ens3 OUT= MAC=56:00:03:85:82:df:fe:00:03:85:82:df:08:00 SRC=97.88.82.112 DST=158.247.223.84 LEN=44 TOS=0x00 PREC=0x00 TTL=49 ID=16788 PROTO=TCP SPT=54215 DPT=23 WINDOW=42175 RES=0x00 SYN URGP=0 
Jan 21 00:06:33 localhost kernel: [13565455.338115] [UFW BLOCK] IN=ens3 OUT= MAC=56:00:03:85:82:df:fe:00:03:85:82:df:08:00 SRC=5.167.56.95 DST=158.247.223.84 LEN=60 TOS=0x00 PREC=0x00 TTL=50 ID=53231 DF PROTO=TCP SPT=45424 DPT=5555 WINDOW=65535 RES=0x00 SYN URGP=0 
Jan 21 00:06:52 localhost kernel: [13565474.119893] [UFW BLOCK] IN=ens3 OUT= MAC=56:00:03:85:82:df:fe:00:03:85:82:df:08:00 SRC=193.57.40.49 DST=158.247.223.84 LEN=40 TOS=0x00 PREC=0x00 TTL=242 ID=49776 PROTO=TCP SPT=57341 DPT=5567 WINDOW=1024 RES=0x00 SYN URGP=0 
Jan 21 00:07:03 localhost dockerd[8431]: time="2022-01-21T00:07:03.702439432Z" level=info msg="NetworkDB stats plemma(b3be9f6424e0) - netID:0rz6hg0qghb21juyqti61umko leaving:false netPeers:1 entries:2 Queue qLen:0 netMsg/s:0"
Jan 21 00:07:05 localhost kernel: [13565487.577569] [UFW BLOCK] IN=ens3 OUT= MAC=56:00:03:85:82:df:fe:00:03:85:82:df:08:00 SRC=167.94.138.86 DST=158.247.223.84 LEN=44 TOS=0x00 PREC=0x00 TTL=37 ID=59862 PROTO=TCP SPT=51658 DPT=10444 WINDOW=1024 RES=0x00 SYN URGP=0 
Jan 21 00:07:12 localhost postfix/smtpd[17078]: connect from unknown[112.85.65.189]
Jan 21 00:07:12 localhost postfix/trivial-rewrite[17081]: warning: do not list domain lamc.la in BOTH mydestination and virtual_alias_domains
Jan 21 00:07:12 localhost postfix/smtpd[17078]: NOQUEUE: reject: RCPT from unknown[112.85.65.189]: 550 5.1.1 <car@lamc.la>: Recipient address rejected: User unknown in local recipient table; from=<lfsxl@ouaj.com> to=<car@lamc.la> proto=ESMTP helo=<ouaj.com>
Jan 21 00:07:12 localhost postfix/smtpd[17078]: disconnect from unknown[112.85.65.189] ehlo=1 mail=1 rcpt=0/1 quit=1 commands=3/4
Jan 21 00:07:45 localhost kernel: [13565527.351631] [UFW BLOCK] IN=ens3 OUT= MAC=56:00:03:85:82:df:fe:00:03:85:82:df:08:00 SRC=51.12.87.186 DST=158.247.223.84 LEN=40 TOS=0x00 PREC=0x00 TTL=230 ID=59309 PROTO=TCP SPT=41115 DPT=24042 WINDOW=1024 RES=0x00 SYN URGP=0 
Jan 21 00:07:59 localhost kernel: [13565541.796406] [UFW BLOCK] IN=ens3 OUT= MAC=56:00:03:85:82:df:fe:00:03:85:82:df:08:00 SRC=79.124.62.86 DST=158.247.223.84 LEN=40 TOS=0x00 PREC=0x00 TTL=240 ID=55876 PROTO=TCP SPT=44495 DPT=42283 WINDOW=1024 RES=0x00 SYN URGP=0 
Jan 21 00:08:03 localhost kernel: [13565545.347168] [UFW BLOCK] IN=ens3 OUT= MAC=56:00:03:85:82:df:fe:00:03:85:82:df:08:00 SRC=79.124.62.110 DST=158.247.223.84 LEN=40 TOS=0x00 PREC=0x00 TTL=240 ID=5745 PROTO=TCP SPT=43363 DPT=60929 WINDOW=1024 RES=0x00 SYN URGP=0 
Jan 21 00:08:37 localhost kernel: [13565579.563370] [UFW BLOCK] IN=ens3 OUT= MAC=56:00:03:85:82:df:fe:00:03:85:82:df:08:00 SRC=79.124.62.82 DST=158.247.223.84 LEN=40 TOS=0x00 PREC=0x00 TTL=240 ID=39125 PROTO=TCP SPT=44493 DPT=2005 WINDOW=1024 RES=0x00 SYN URGP=0 
Jan 21 00:08:40 localhost kernel: [13565582.748512] [UFW BLOCK] IN=ens3 OUT= MAC=56:00:03:85:82:df:fe:00:03:85:82:df:08:00 SRC=71.6.158.166 DST=158.247.223.84 LEN=71 TOS=0x00 PREC=0x00 TTL=117 ID=61813 PROTO=UDP SPT=12458 DPT=161 LEN=51 
Jan 21 00:09:01 localhost CRON[17228]: (root) CMD (  [ -x /usr/lib/php/sessionclean ] && if [ ! -d /run/systemd/system ]; then /usr/lib/php/sessionclean; fi)
Jan 21 00:09:01 localhost systemd[1]: Starting Clean php session files...
Jan 21 00:09:01 localhost systemd[1]: phpsessionclean.service: Succeeded.
Jan 21 00:09:01 localhost systemd[1]: Started Clean php session files.
Jan 21 00:09:30 localhost kernel: [13565632.028297] [UFW BLOCK] IN=ens3 OUT= MAC=56:00:03:85:82:df:fe:00:03:85:82:df:08:00 SRC=125.64.94.138 DST=158.247.223.84 LEN=60 TOS=0x00 PREC=0x00 TTL=49 ID=35481 DF PROTO=TCP SPT=44196 DPT=143 WINDOW=64240 RES=0x00 SYN URGP=0 
Jan 21 00:09:55 localhost dovecot: imap-login: Disconnected (no auth attempts in 25 secs): user=<>, rip=125.64.94.138, lip=158.247.223.84, session=<mrJIcAzWpKx9QF6K>
Jan 21 00:09:57 localhost kernel: [13565658.950210] [UFW BLOCK] IN=ens3 OUT= MAC=56:00:03:85:82:df:fe:00:03:85:82:df:08:00 SRC=45.146.166.117 DST=158.247.223.84 LEN=40 TOS=0x00 PREC=0x00 TTL=245 ID=830 PROTO=TCP SPT=58998 DPT=56787 WINDOW=1024 RES=0x00 SYN URGP=0 
Jan 21 00:10:13 localhost kernel: [13565675.375283] [UFW BLOCK] IN=ens3 OUT= MAC=56:00:03:85:82:df:fe:00:03:85:82:df:08:00 SRC=79.124.62.86 DST=158.247.223.84 LEN=40 TOS=0x00 PREC=0x00 TTL=240 ID=53800 PROTO=TCP SPT=44495 DPT=43919 WINDOW=1024 RES=0x00 SYN URGP=0 
Jan 21 00:10:14 localhost kernel: [13565676.863083] [UFW BLOCK] IN=ens3 OUT= MAC=56:00:03:85:82:df:fe:00:03:85:82:df:08:00 SRC=112.17.118.54 DST=158.247.223.84 LEN=52 TOS=0x00 PREC=0x00 TTL=46 ID=43 DF PROTO=TCP SPT=61136 DPT=25 WINDOW=64240 RES=0x00 SYN URGP=0 
Jan 21 00:10:20 localhost kernel: [13565682.132452] [UFW BLOCK] IN=ens3 OUT= MAC=56:00:03:85:82:df:fe:00:03:85:82:df:08:00 SRC=209.237.154.216 DST=158.247.223.84 LEN=40 TOS=0x00 PREC=0x00 TTL=246 ID=54321 PROTO=TCP SPT=43855 DPT=2165 WINDOW=65535 RES=0x00 SYN URGP=0 
Jan 21 00:10:26 localhost postfix/smtpd[17362]: connect from unknown[112.17.118.54]
Jan 21 00:10:46 localhost kernel: [13565708.790104] [UFW BLOCK] IN=ens3 OUT= MAC=56:00:03:85:82:df:fe:00:03:85:82:df:08:00 SRC=79.124.62.78 DST=158.247.223.84 LEN=40 TOS=0x00 PREC=0x00 TTL=240 ID=27364 PROTO=TCP SPT=44497 DPT=22313 WINDOW=1024 RES=0x00 SYN URGP=0 
Jan 21 00:10:48 localhost postfix/trivial-rewrite[17418]: warning: do not list domain lamc.la in BOTH mydestination and virtual_alias_domains
Jan 21 00:10:48 localhost postfix/smtpd[17362]: DB915136E: client=unknown[112.17.118.54]
Jan 21 00:11:11 localhost kernel: [13565733.336664] [UFW BLOCK] IN=ens3 OUT= MAC=56:00:03:85:82:df:fe:00:03:85:82:df:08:00 SRC=108.61.10.10 DST=158.247.223.84 LEN=72 TOS=0x00 PREC=0x00 TTL=61 ID=14462 PROTO=UDP SPT=53 DPT=59522 LEN=52 
Jan 21 00:11:17 localhost postfix/smtpd[17362]: lost connection after DATA (0 bytes) from unknown[112.17.118.54]
Jan 21 00:11:17 localhost postfix/smtpd[17362]: disconnect from unknown[112.17.118.54] ehlo=1 mail=1 rcpt=1 data=0/1 commands=3/4
Jan 21 00:11:29 localhost kernel: [13565750.950304] [UFW BLOCK] IN=ens3 OUT= MAC=56:00:03:85:82:df:fe:00:03:85:82:df:08:00 SRC=89.248.165.118 DST=158.247.223.84 LEN=40 TOS=0x00 PREC=0x00 TTL=241 ID=51353 PROTO=TCP SPT=56173 DPT=4 WINDOW=1024 RES=0x00 SYN URGP=0 
Jan 21 00:11:54 localhost kernel: [13565776.441134] [UFW BLOCK] IN=ens3 OUT= MAC=56:00:03:85:82:df:fe:00:03:85:82:df:08:00 SRC=51.12.87.186 DST=158.247.223.84 LEN=40 TOS=0x00 PREC=0x00 TTL=230 ID=4896 PROTO=TCP SPT=41115 DPT=24692 WINDOW=1024 RES=0x00 SYN URGP=0 
Jan 21 00:12:01 localhost kernel: [13565783.116743] [UFW BLOCK] IN=ens3 OUT= MAC=56:00:03:85:82:df:fe:00:03:85:82:df:08:00 SRC=73.40.64.100 DST=158.247.223.84 LEN=40 TOS=0x00 PREC=0x00 TTL=53 ID=34979 PROTO=TCP SPT=27173 DPT=23 WINDOW=19973 RES=0x00 SYN URGP=0 
Jan 21 00:12:03 localhost dockerd[8431]: time="2022-01-21T00:12:03.902471651Z" level=info msg="NetworkDB stats plemma(b3be9f6424e0) - netID:0rz6hg0qghb21juyqti61umko leaving:false netPeers:1 entries:2 Queue qLen:0 netMsg/s:0"
Jan 21 00:12:24 localhost kernel: [13565806.123853] [UFW BLOCK] IN=ens3 OUT= MAC=56:00:03:85:82:df:fe:00:03:85:82:df:08:00 SRC=45.134.26.232 DST=158.247.223.84 LEN=40 TOS=0x00 PREC=0x00 TTL=245 ID=19242 PROTO=TCP SPT=58842 DPT=24726 WINDOW=1024 RES=0x00 SYN URGP=0 
Jan 21 00:12:46 localhost kernel: [13565828.170840] [UFW BLOCK] IN=ens3 OUT= MAC=56:00:03:85:82:df:fe:00:03:85:82:df:08:00 SRC=162.142.125.93 DST=158.247.223.84 LEN=44 TOS=0x00 PREC=0x00 TTL=40 ID=8157 PROTO=TCP SPT=58755 DPT=12203 WINDOW=1024 RES=0x00 SYN URGP=0 
Jan 21 00:13:18 localhost kernel: [13565860.149262] [UFW BLOCK] IN=ens3 OUT= MAC=56:00:03:85:82:df:fe:00:03:85:82:df:08:00 SRC=193.163.125.83 DST=158.247.223.84 LEN=44 TOS=0x00 PREC=0x00 TTL=242 ID=15390 PROTO=TCP SPT=58145 DPT=52177 WINDOW=14600 RES=0x00 SYN URGP=0 
Jan 21 00:13:20 localhost kernel: [13565862.115825] [UFW BLOCK] IN=ens3 OUT= MAC=56:00:03:85:82:df:fe:00:03:85:82:df:08:00 SRC=152.32.255.215 DST=158.247.223.84 LEN=52 TOS=0x00 PREC=0x00 TTL=47 ID=48009 PROTO=TCP SPT=49033 DPT=3996 WINDOW=65535 RES=0x00 SYN URGP=0 
Jan 21 00:13:53 localhost kernel: [13565895.611179] [UFW BLOCK] IN=ens3 OUT= MAC=56:00:03:85:82:df:fe:00:03:85:82:df:08:00 SRC=45.134.26.232 DST=158.247.223.84 LEN=40 TOS=0x00 PREC=0x00 TTL=244 ID=40107 PROTO=TCP SPT=58842 DPT=44626 WINDOW=1024 RES=0x00 SYN URGP=0 
Jan 21 00:14:10 localhost kernel: [13565912.413616] [UFW BLOCK] IN=ens3 OUT= MAC=56:00:03:85:82:df:fe:00:03:85:82:df:08:00 SRC=45.134.26.233 DST=158.247.223.84 LEN=40 TOS=0x00 PREC=0x00 TTL=244 ID=62784 PROTO=TCP SPT=58855 DPT=62945 WINDOW=1024 RES=0x00 SYN URGP=0 
Jan 21 00:14:24 localhost kernel: [13565926.137853] [UFW BLOCK] IN=ens3 OUT= MAC=56:00:03:85:82:df:fe:00:03:85:82:df:08:00 SRC=89.248.165.248 DST=158.247.223.84 LEN=40 TOS=0x00 PREC=0x00 TTL=241 ID=54321 PROTO=TCP SPT=51869 DPT=8443 WINDOW=65535 RES=0x00 SYN URGP=0 
Jan 21 00:14:37 localhost postfix/anvil[17080]: statistics: max connection rate 1/60s for (smtp:112.85.65.189) at Jan 21 00:07:12
Jan 21 00:14:37 localhost postfix/anvil[17080]: statistics: max connection count 1 for (smtp:112.85.65.189) at Jan 21 00:07:12
Jan 21 00:14:37 localhost postfix/anvil[17080]: statistics: max cache size 1 at Jan 21 00:07:12
Jan 21 00:14:51 localhost kernel: [13565953.287546] [UFW BLOCK] IN=ens3 OUT= MAC=56:00:03:85:82:df:fe:00:03:85:82:df:08:00 SRC=162.214.96.233 DST=158.247.223.84 LEN=60 TOS=0x00 PREC=0x00 TTL=51 ID=45341 DF PROTO=TCP SPT=33780 DPT=25 WINDOW=29200 RES=0x00 SYN URGP=0 
Jan 21 00:14:52 localhost postfix/smtpd[17708]: warning: hostname dedi-194108.fcces.org does not resolve to address 162.214.96.233: Name or service not known
Jan 21 00:14:52 localhost postfix/smtpd[17708]: connect from unknown[162.214.96.233]
Jan 21 00:14:53 localhost postfix/trivial-rewrite[17713]: warning: do not list domain emplifyhr.com in BOTH mydestination and virtual_alias_domains
Jan 21 00:14:53 localhost postfix/smtpd[17708]: C695C136E: client=unknown[162.214.96.233]
Jan 21 00:14:53 localhost postfix/cleanup[17714]: C695C136E: message-id=<20220121021448.84F8670A497205BA@consultant.com>
Jan 21 00:14:53 localhost postfix/qmgr[32066]: C695C136E: from=<KeithJ.Nicols@consultant.com>, size=2914, nrcpt=3 (queue active)
Jan 21 00:14:53 localhost postfix/trivial-rewrite[17713]: warning: do not list domain fromthemachine.org in BOTH mydestination and virtual_alias_domains
Jan 21 00:14:53 localhost postfix/local[17716]: C695C136E: to=<adam@localhost>, orig_to=<ivan@emplifyhr.com>, relay=local, delay=0.2, delays=0.17/0.02/0/0, dsn=2.0.0, status=sent (delivered to maildir)
Jan 21 00:14:54 localhost postfix/local[17716]: C695C136E: to=<ftm@fromthemachine.org>, orig_to=<ivan@emplifyhr.com>, relay=local, delay=0.22, delays=0.17/0.03/0/0.02, dsn=5.1.1, status=bounced (unknown user: "ftm")
Jan 21 00:14:58 localhost postfix/smtp[17715]: C695C136E: to=<0xc514f094370cfc5ee45a1dd9b72bb9675efe266f@ethmail.cc>, orig_to=<ivan@emplifyhr.com>, relay=smtp-relay.gmail.com[74.125.204.28]:587, delay=4.9, delays=0.17/0.03/1.7/3, dsn=2.0.0, status=sent (250 2.0.0 OK  1642724098 e12sm196874oti.14 - gsmtp)
Jan 21 00:14:58 localhost postfix/cleanup[17714]: A370F1D80: message-id=<20220121001458.A370F1D80@plemma.cc>
Jan 21 00:14:58 localhost postfix/qmgr[32066]: A370F1D80: from=<>, size=4786, nrcpt=1 (queue active)
Jan 21 00:14:58 localhost postfix/bounce[17718]: C695C136E: sender non-delivery notification: A370F1D80
Jan 21 00:14:58 localhost postfix/qmgr[32066]: C695C136E: removed
Jan 21 00:14:58 localhost postfix/smtp[17715]: connect to smtp-relay.gmail.com[2404:6800:4008:c04::1c]:587: Network is unreachable
Jan 21 00:15:00 localhost postfix/smtp[17715]: A370F1D80: to=<KeithJ.Nicols@consultant.com>, relay=smtp-relay.gmail.com[74.125.204.28]:587, delay=2, delays=0/0/1.3/0.62, dsn=2.0.0, status=sent (250 2.0.0 OK  1642724100 g21sm1352570vkd.14 - gsmtp)
Jan 21 00:15:00 localhost postfix/qmgr[32066]: A370F1D80: removed
Jan 21 00:15:00 localhost kernel: [13565962.622766] [UFW BLOCK] IN=ens3 OUT= MAC=56:00:03:85:82:df:fe:00:03:85:82:df:08:00 SRC=79.124.62.110 DST=158.247.223.84 LEN=40 TOS=0x00 PREC=0x00 TTL=240 ID=45303 PROTO=TCP SPT=43363 DPT=44368 WINDOW=1024 RES=0x00 SYN URGP=0 
Jan 21 00:15:01 localhost CRON[17730]: (root) CMD (command -v debian-sa1 > /dev/null && debian-sa1 1 1)
Jan 21 00:15:21 localhost kernel: [13565982.944555] [UFW BLOCK] IN=ens3 OUT= MAC=56:00:03:85:82:df:fe:00:03:85:82:df:08:00 SRC=45.146.166.112 DST=158.247.223.84 LEN=40 TOS=0x00 PREC=0x00 TTL=245 ID=15023 PROTO=TCP SPT=58946 DPT=33752 WINDOW=1024 RES=0x00 SYN URGP=0 
Jan 21 00:15:54 localhost postfix/smtpd[17708]: disconnect from unknown[162.214.96.233] ehlo=2 starttls=1 mail=1 rcpt=1 data=1 quit=1 commands=7
Jan 21 00:16:06 localhost kernel: [13566028.784134] [UFW BLOCK] IN=ens3 OUT= MAC=56:00:03:85:82:df:fe:00:03:85:82:df:08:00 SRC=193.3.19.132 DST=158.247.223.84 LEN=40 TOS=0x00 PREC=0x00 TTL=244 ID=51107 PROTO=TCP SPT=48579 DPT=33422 WINDOW=1024 RES=0x00 SYN URGP=0 
Jan 21 00:16:07 localhost kernel: [13566029.092085] [UFW BLOCK] IN=ens3 OUT= MAC=56:00:03:85:82:df:fe:00:03:85:82:df:08:00 SRC=51.12.87.186 DST=158.247.223.84 LEN=40 TOS=0x00 PREC=0x00 TTL=231 ID=7898 PROTO=TCP SPT=41115 DPT=24769 WINDOW=1024 RES=0x00 SYN URGP=0 
Jan 21 00:16:20 localhost kernel: [13566042.039866] [UFW BLOCK] IN=ens3 OUT= MAC=56:00:03:85:82:df:fe:00:03:85:82:df:08:00 SRC=134.209.103.181 DST=158.247.223.84 LEN=40 TOS=0x00 PREC=0x00 TTL=242 ID=53628 PROTO=TCP SPT=50030 DPT=8932 WINDOW=1024 RES=0x00 SYN URGP=0 
Jan 21 00:16:57 localhost kernel: [13566078.910482] [UFW BLOCK] IN=ens3 OUT= MAC=56:00:03:85:82:df:fe:00:03:85:82:df:08:00 SRC=79.124.62.82 DST=158.247.223.84 LEN=40 TOS=0x00 PREC=0x00 TTL=240 ID=40715 PROTO=TCP SPT=44493 DPT=9904 WINDOW=1024 RES=0x00 SYN URGP=0 
Jan 21 00:17:00 localhost kernel: [13566081.916815] [UFW BLOCK] IN=ens3 OUT= MAC=56:00:03:85:82:df:fe:00:03:85:82:df:08:00 SRC=45.134.26.235 DST=158.247.223.84 LEN=40 TOS=0x00 PREC=0x00 TTL=245 ID=41722 PROTO=TCP SPT=58881 DPT=61030 WINDOW=1024 RES=0x00 SYN URGP=0 
Jan 21 00:17:01 localhost CRON[17881]: (root) CMD (   cd / && run-parts --report /etc/cron.hourly)
Jan 21 00:17:04 localhost dockerd[8431]: time="2022-01-21T00:17:04.102509092Z" level=info msg="NetworkDB stats plemma(b3be9f6424e0) - netID:0rz6hg0qghb21juyqti61umko leaving:false netPeers:1 entries:2 Queue qLen:0 netMsg/s:0"
Jan 21 00:17:26 localhost kernel: [13566108.559431] [UFW BLOCK] IN=ens3 OUT= MAC=56:00:03:85:82:df:fe:00:03:85:82:df:08:00 SRC=79.124.62.34 DST=158.247.223.84 LEN=40 TOS=0x00 PREC=0x00 TTL=240 ID=33044 PROTO=TCP SPT=43361 DPT=19067 WINDOW=1024 RES=0x00 SYN URGP=0 
Jan 21 00:17:39 localhost kernel: [13566121.473967] [UFW BLOCK] IN=ens3 OUT= MAC=56:00:03:85:82:df:fe:00:03:85:82:df:08:00 SRC=45.33.36.156 DST=158.247.223.84 LEN=60 TOS=0x00 PREC=0x00 TTL=52 ID=64699 DF PROTO=TCP SPT=48656 DPT=8080 WINDOW=29200 RES=0x00 SYN URGP=0 
Jan 21 00:17:59 localhost kernel: [13566141.879859] [UFW BLOCK] IN=ens3 OUT= MAC=56:00:03:85:82:df:fe:00:03:85:82:df:08:00 SRC=45.33.36.156 DST=158.247.223.84 LEN=60 TOS=0x00 PREC=0x00 TTL=53 ID=10032 DF PROTO=TCP SPT=57890 DPT=443 WINDOW=29200 RES=0x00 SYN URGP=0 
Jan 21 00:18:20 localhost kernel: [13566162.371260] [UFW BLOCK] IN=ens3 OUT= MAC=56:00:03:85:82:df:fe:00:03:85:82:df:08:00 SRC=45.33.36.156 DST=158.247.223.84 LEN=60 TOS=0x00 PREC=0x00 TTL=52 ID=4162 DF PROTO=TCP SPT=35214 DPT=443 WINDOW=29200 RES=0x00 SYN URGP=0 
Jan 21 00:18:40 localhost kernel: [13566182.079412] [UFW BLOCK] IN=ens3 OUT= MAC=56:00:03:85:82:df:fe:00:03:85:82:df:08:00 SRC=79.124.62.110 DST=158.247.223.84 LEN=40 TOS=0x00 PREC=0x00 TTL=240 ID=16213 PROTO=TCP SPT=43363 DPT=46986 WINDOW=1024 RES=0x00 SYN URGP=0 
Jan 21 00:19:03 localhost kernel: [13566205.627009] [UFW BLOCK] IN=ens3 OUT= MAC=56:00:03:85:82:df:fe:00:03:85:82:df:08:00 SRC=79.124.62.34 DST=158.247.223.84 LEN=40 TOS=0x00 PREC=0x00 TTL=240 ID=9037 PROTO=TCP SPT=43361 DPT=15191 WINDOW=1024 RES=0x00 SYN URGP=0 
Jan 21 00:19:14 localhost postfix/anvil[17710]: statistics: max connection rate 1/60s for (smtp:162.214.96.233) at Jan 21 00:14:52
Jan 21 00:19:14 localhost postfix/anvil[17710]: statistics: max connection count 1 for (smtp:162.214.96.233) at Jan 21 00:14:52
Jan 21 00:19:14 localhost postfix/anvil[17710]: statistics: max cache size 1 at Jan 21 00:14:52
Jan 21 00:19:26 localhost kernel: [13566228.157593] [UFW BLOCK] IN=ens3 OUT= MAC=56:00:03:85:82:df:fe:00:03:85:82:df:08:00 SRC=51.12.87.186 DST=158.247.223.84 LEN=40 TOS=0x00 PREC=0x00 TTL=230 ID=51504 PROTO=TCP SPT=41115 DPT=24332 WINDOW=1024 RES=0x00 SYN URGP=0 
Jan 21 00:19:45 localhost kernel: [13566246.956164] [UFW BLOCK] IN=ens3 OUT= MAC=56:00:03:85:82:df:fe:00:03:85:82:df:08:00 SRC=80.82.77.33 DST=158.247.223.84 LEN=44 TOS=0x00 PREC=0x00 TTL=111 ID=47892 PROTO=TCP SPT=28079 DPT=548 WINDOW=57259 RES=0x00 SYN URGP=0 
Jan 21 00:19:59 localhost kernel: [13566261.247690] [UFW BLOCK] IN=ens3 OUT= MAC=56:00:03:85:82:df:fe:00:03:85:82:df:08:00 SRC=79.124.62.78 DST=158.247.223.84 LEN=40 TOS=0x00 PREC=0x00 TTL=240 ID=38131 PROTO=TCP SPT=44497 DPT=26088 WINDOW=1024 RES=0x00 SYN URGP=0 
Jan 21 00:20:28 localhost kernel: [13566290.025557] [UFW BLOCK] IN=ens3 OUT= MAC=56:00:03:85:82:df:fe:00:03:85:82:df:08:00 SRC=185.232.52.50 DST=158.247.223.84 LEN=40 TOS=0x00 PREC=0x00 TTL=241 ID=27018 PROTO=TCP SPT=45695 DPT=5901 WINDOW=1024 RES=0x00 SYN URGP=0 
Jan 21 00:20:39 localhost kernel: [13566301.157335] [UFW BLOCK] IN=ens3 OUT= MAC=56:00:03:85:82:df:fe:00:03:85:82:df:08:00 SRC=138.199.32.102 DST=158.247.223.84 LEN=40 TOS=0x00 PREC=0x00 TTL=245 ID=54321 PROTO=TCP SPT=47909 DPT=1025 WINDOW=65535 RES=0x00 SYN URGP=0 
Jan 21 00:21:01 localhost kernel: [13566323.358800] [UFW BLOCK] IN=ens3 OUT= MAC=56:00:03:85:82:df:fe:00:03:85:82:df:08:00 SRC=45.55.151.125 DST=158.247.223.84 LEN=40 TOS=0x00 PREC=0x00 TTL=240 ID=23109 PROTO=TCP SPT=44389 DPT=1088 WINDOW=1024 RES=0x00 SYN URGP=0 
Jan 21 00:21:19 localhost kernel: [13566341.719255] [UFW BLOCK] IN=ens3 OUT= MAC=56:00:03:85:82:df:fe:00:03:85:82:df:08:00 SRC=45.143.200.110 DST=158.247.223.84 LEN=40 TOS=0x00 PREC=0x00 TTL=240 ID=18979 PROTO=TCP SPT=45276 DPT=29758 WINDOW=1024 RES=0x00 SYN URGP=0 
Jan 21 00:21:47 localhost kernel: [13566369.563377] [UFW BLOCK] IN=ens3 OUT= MAC=56:00:03:85:82:df:fe:00:03:85:82:df:08:00 SRC=45.146.166.113 DST=158.247.223.84 LEN=40 TOS=0x00 PREC=0x00 TTL=245 ID=1333 PROTO=TCP SPT=58958 DPT=35627 WINDOW=1024 RES=0x00 SYN URGP=0 
Jan 21 00:22:02 localhost kernel: [13566384.166317] [UFW BLOCK] IN=ens3 OUT= MAC=56:00:03:85:82:df:fe:00:03:85:82:df:08:00 SRC=79.124.62.34 DST=158.247.223.84 LEN=40 TOS=0x00 PREC=0x00 TTL=240 ID=11730 PROTO=TCP SPT=43361 DPT=14907 WINDOW=1024 RES=0x00 SYN URGP=0 
Jan 21 00:22:04 localhost dockerd[8431]: time="2022-01-21T00:22:04.302435562Z" level=info msg="NetworkDB stats plemma(b3be9f6424e0) - netID:0rz6hg0qghb21juyqti61umko leaving:false netPeers:1 entries:2 Queue qLen:0 netMsg/s:0"
Jan 21 00:22:35 localhost kernel: [13566417.763901] [UFW BLOCK] IN=ens3 OUT= MAC=56:00:03:85:82:df:fe:00:03:85:82:df:08:00 SRC=89.248.165.52 DST=158.247.223.84 LEN=40 TOS=0x00 PREC=0x00 TTL=241 ID=13109 PROTO=TCP SPT=57829 DPT=8009 WINDOW=1024 RES=0x00 SYN URGP=0 
Jan 21 00:22:45 localhost kernel: [13566427.243600] [UFW BLOCK] IN=ens3 OUT= MAC=56:00:03:85:82:df:fe:00:03:85:82:df:08:00 SRC=162.142.125.85 DST=158.247.223.84 LEN=44 TOS=0x00 PREC=0x00 TTL=40 ID=49717 PROTO=TCP SPT=24401 DPT=28818 WINDOW=1024 RES=0x00 SYN URGP=0 
Jan 21 00:22:59 localhost kernel: [13566441.879133] [UFW BLOCK] IN=ens3 OUT= MAC=56:00:03:85:82:df:fe:00:03:85:82:df:08:00 SRC=45.125.65.126 DST=158.247.223.84 LEN=29 TOS=0x00 PREC=0x00 TTL=236 ID=58841 PROTO=UDP SPT=819 DPT=64483 LEN=9 
Jan 21 00:23:43 localhost kernel: [13566485.809796] [UFW BLOCK] IN=ens3 OUT= MAC=56:00:03:85:82:df:fe:00:03:85:82:df:08:00 SRC=111.248.21.89 DST=158.247.223.84 LEN=40 TOS=0x00 PREC=0x00 TTL=243 ID=15687 PROTO=TCP SPT=40002 DPT=81 WINDOW=1300 RES=0x00 SYN URGP=0 
Jan 21 00:24:23 localhost kernel: [13566525.532502] [UFW BLOCK] IN=ens3 OUT= MAC=56:00:03:85:82:df:fe:00:03:85:82:df:08:00 SRC=34.77.162.21 DST=158.247.223.84 LEN=44 TOS=0x00 PREC=0x00 TTL=248 ID=54321 PROTO=TCP SPT=49508 DPT=4430 WINDOW=65535 RES=0x00 SYN URGP=0 
Jan 21 00:24:31 localhost kernel: [13566532.911650] [UFW BLOCK] IN=ens3 OUT= MAC=56:00:03:85:82:df:fe:00:03:85:82:df:08:00 SRC=51.12.87.186 DST=158.247.223.84 LEN=40 TOS=0x00 PREC=0x00 TTL=230 ID=14981 PROTO=TCP SPT=41115 DPT=24092 WINDOW=1024 RES=0x00 SYN URGP=0 
Jan 21 00:24:41 localhost kernel: [13566543.378949] [UFW BLOCK] IN=ens3 OUT= MAC=56:00:03:85:82:df:fe:00:03:85:82:df:08:00 SRC=45.134.26.234 DST=158.247.223.84 LEN=40 TOS=0x00 PREC=0x00 TTL=245 ID=6998 PROTO=TCP SPT=58868 DPT=23460 WINDOW=1024 RES=0x00 SYN URGP=0 
Jan 21 00:24:47 localhost kernel: [13566548.941393] [UFW BLOCK] IN=ens3 OUT= MAC=56:00:03:85:82:df:fe:00:03:85:82:df:08:00 SRC=79.124.62.34 DST=158.247.223.84 LEN=40 TOS=0x00 PREC=0x00 TTL=240 ID=56456 PROTO=TCP SPT=43361 DPT=63292 WINDOW=1024 RES=0x00 SYN URGP=0 
Jan 21 00:25:01 localhost CRON[18476]: (root) CMD (command -v debian-sa1 > /dev/null && debian-sa1 1 1)
Jan 21 00:25:03 localhost kernel: [13566565.238747] [UFW BLOCK] IN=ens3 OUT= MAC=56:00:03:85:82:df:fe:00:03:85:82:df:08:00 SRC=51.12.87.186 DST=158.247.223.84 LEN=40 TOS=0x00 PREC=0x00 TTL=231 ID=45105 PROTO=TCP SPT=41115 DPT=24939 WINDOW=1024 RES=0x00 SYN URGP=0 
Jan 21 00:25:27 localhost kernel: [13566589.691841] [UFW BLOCK] IN=ens3 OUT= MAC=56:00:03:85:82:df:fe:00:03:85:82:df:08:00 SRC=146.115.104.205 DST=158.247.223.84 LEN=60 TOS=0x00 PREC=0x00 TTL=48 ID=41738 DF PROTO=TCP SPT=33115 DPT=5555 WINDOW=65535 RES=0x00 SYN URGP=0 
Jan 21 00:26:17 localhost kernel: [13566638.900901] [UFW BLOCK] IN=ens3 OUT= MAC=56:00:03:85:82:df:fe:00:03:85:82:df:08:00 SRC=162.142.125.95 DST=158.247.223.84 LEN=44 TOS=0x00 PREC=0x00 TTL=40 ID=3551 PROTO=TCP SPT=34483 DPT=12377 WINDOW=1024 RES=0x00 SYN URGP=0 
Jan 21 00:26:28 localhost kernel: [13566650.308273] [UFW BLOCK] IN=ens3 OUT= MAC=56:00:03:85:82:df:fe:00:03:85:82:df:08:00 SRC=34.96.130.27 DST=158.247.223.84 LEN=44 TOS=0x00 PREC=0x00 TTL=248 ID=54321 PROTO=TCP SPT=59850 DPT=8081 WINDOW=65535 RES=0x00 SYN URGP=0 
Jan 21 00:26:28 localhost kernel: [13566650.340790] [UFW BLOCK] IN=ens3 OUT= MAC=56:00:03:85:82:df:fe:00:03:85:82:df:08:00 SRC=193.3.19.132 DST=158.247.223.84 LEN=40 TOS=0x00 PREC=0x00 TTL=244 ID=14625 PROTO=TCP SPT=48579 DPT=22852 WINDOW=1024 RES=0x00 SYN URGP=0 
Jan 21 00:26:42 localhost kernel: [13566664.641408] [UFW BLOCK] IN=ens3 OUT= MAC=56:00:03:85:82:df:fe:00:03:85:82:df:08:00 SRC=45.134.26.230 DST=158.247.223.84 LEN=40 TOS=0x00 PREC=0x00 TTL=244 ID=38051 PROTO=TCP SPT=58817 DPT=4184 WINDOW=1024 RES=0x00 SYN URGP=0 
Jan 21 00:27:00 localhost kernel: [13566682.231802] [UFW BLOCK] IN=ens3 OUT= MAC=56:00:03:85:82:df:fe:00:03:85:82:df:08:00 SRC=114.55.179.228 DST=158.247.223.84 LEN=40 TOS=0x00 PREC=0x00 TTL=237 ID=32903 PROTO=TCP SPT=44537 DPT=2375 WINDOW=1024 RES=0x00 SYN URGP=0 
Jan 21 00:27:04 localhost dockerd[8431]: time="2022-01-21T00:27:04.502463424Z" level=info msg="NetworkDB stats plemma(b3be9f6424e0) - netID:0rz6hg0qghb21juyqti61umko leaving:false netPeers:1 entries:2 Queue qLen:0 netMsg/s:0"
Jan 21 00:27:23 localhost kernel: [13566705.276264] [UFW BLOCK] IN=ens3 OUT= MAC=56:00:03:85:82:df:fe:00:03:85:82:df:08:00 SRC=79.124.62.78 DST=158.247.223.84 LEN=40 TOS=0x00 PREC=0x00 TTL=240 ID=45865 PROTO=TCP SPT=44497 DPT=28909 WINDOW=1024 RES=0x00 SYN URGP=0 
Jan 21 00:27:41 localhost kernel: [13566723.397862] [UFW BLOCK] IN=ens3 OUT= MAC=56:00:03:85:82:df:fe:00:03:85:82:df:08:00 SRC=89.248.163.135 DST=158.247.223.84 LEN=40 TOS=0x00 PREC=0x00 TTL=236 ID=48608 PROTO=TCP SPT=40707 DPT=41982 WINDOW=1024 RES=0x00 SYN URGP=0 
Jan 21 00:28:08 localhost kernel: [13566750.281111] [UFW BLOCK] IN=ens3 OUT= MAC=56:00:03:85:82:df:fe:00:03:85:82:df:08:00 SRC=45.146.166.117 DST=158.247.223.84 LEN=40 TOS=0x00 PREC=0x00 TTL=245 ID=42286 PROTO=TCP SPT=58998 DPT=40166 WINDOW=1024 RES=0x00 SYN URGP=0 
Jan 21 00:28:36 localhost kernel: [13566778.606984] [UFW BLOCK] IN=ens3 OUT= MAC=56:00:03:85:82:df:fe:00:03:85:82:df:08:00 SRC=222.186.138.137 DST=158.247.223.84 LEN=40 TOS=0x00 PREC=0x00 TTL=237 ID=54321 PROTO=TCP SPT=44313 DPT=9000 WINDOW=65535 RES=0x00 SYN URGP=0 
Jan 21 00:28:51 localhost kernel: [13566793.730838] [UFW BLOCK] IN=ens3 OUT= MAC=56:00:03:85:82:df:fe:00:03:85:82:df:08:00 SRC=39.106.132.52 DST=158.247.223.84 LEN=40 TOS=0x00 PREC=0x00 TTL=238 ID=51080 PROTO=TCP SPT=44925 DPT=2376 WINDOW=1024 RES=0x00 SYN URGP=0 
Jan 21 00:28:58 localhost postfix/smtpd[18760]: connect from mail-oi1-f197.google.com[209.85.167.197]
Jan 21 00:28:59 localhost postfix/smtpd[18760]: NOQUEUE: reject: RCPT from mail-oi1-f197.google.com[209.85.167.197]: 454 4.7.1 <prvs=012297aab=arwaxm+bncBCC7XN6N3YMBBIP4UWHQMGQEW6TWIBQ@liber-t.xyz>: Relay access denied; from=<> to=<prvs=012297aab=arwaxm+bncBCC7XN6N3YMBBIP4UWHQMGQEW6TWIBQ@liber-t.xyz> proto=ESMTP helo=<mail-oi1-f197.google.com>
Jan 21 00:29:00 localhost postfix/smtpd[18760]: disconnect from mail-oi1-f197.google.com[209.85.167.197] ehlo=2 starttls=1 mail=1 rcpt=0/1 bdat=0/1 quit=1 commands=5/7
Jan 21 00:29:01 localhost kernel: [13566803.241213] [UFW BLOCK] IN=ens3 OUT= MAC=56:00:03:85:82:df:fe:00:03:85:82:df:08:00 SRC=209.237.154.178 DST=158.247.223.84 LEN=40 TOS=0x00 PREC=0x00 TTL=246 ID=54321 PROTO=TCP SPT=46171 DPT=9092 WINDOW=65535 RES=0x00 SYN URGP=0 
Jan 21 00:29:21 localhost kernel: [13566823.453441] [UFW BLOCK] IN=ens3 OUT= MAC=56:00:03:85:82:df:fe:00:03:85:82:df:08:00 SRC=193.163.125.83 DST=158.247.223.84 LEN=44 TOS=0x00 PREC=0x00 TTL=242 ID=62350 PROTO=TCP SPT=56468 DPT=20003 WINDOW=14600 RES=0x00 SYN URGP=0 
Jan 21 00:29:40 localhost kernel: [13566842.025049] [UFW BLOCK] IN=ens3 OUT= MAC=56:00:03:85:82:df:fe:00:03:85:82:df:08:00 SRC=45.146.166.121 DST=158.247.223.84 LEN=40 TOS=0x00 PREC=0x00 TTL=244 ID=50671 PROTO=TCP SPT=59049 DPT=9883 WINDOW=1024 RES=0x00 SYN URGP=0 
Jan 21 00:30:03 localhost kernel: [13566865.048997] [UFW BLOCK] IN=ens3 OUT= MAC=56:00:03:85:82:df:fe:00:03:85:82:df:08:00 SRC=185.156.73.63 DST=158.247.223.84 LEN=40 TOS=0x00 PREC=0x00 TTL=242 ID=61943 PROTO=TCP SPT=42503 DPT=8000 WINDOW=1024 RES=0x00 SYN URGP=0 
Jan 21 00:30:22 localhost kernel: [13566884.041445] [UFW BLOCK] IN=ens3 OUT= MAC=56:00:03:85:82:df:fe:00:03:85:82:df:08:00 SRC=89.248.165.248 DST=158.247.223.84 LEN=40 TOS=0x00 PREC=0x00 TTL=237 ID=54321 PROTO=TCP SPT=35210 DPT=8443 WINDOW=65535 RES=0x00 SYN URGP=0 
Jan 21 00:30:44 localhost kernel: [13566906.315074] [UFW BLOCK] IN=ens3 OUT= MAC=56:00:03:85:82:df:fe:00:03:85:82:df:08:00 SRC=89.248.165.202 DST=158.247.223.84 LEN=40 TOS=0x00 PREC=0x00 TTL=233 ID=54321 PROTO=TCP SPT=44296 DPT=16389 WINDOW=65535 RES=0x00 SYN URGP=0 
Jan 21 00:30:59 localhost kernel: [13566921.051072] [UFW BLOCK] IN=ens3 OUT= MAC=56:00:03:85:82:df:fe:00:03:85:82:df:08:00 SRC=74.82.47.54 DST=158.247.223.84 LEN=40 TOS=0x00 PREC=0x00 TTL=245 ID=54321 PROTO=TCP SPT=51924 DPT=8443 WINDOW=65535 RES=0x00 SYN URGP=0 
Jan 21 00:31:20 localhost kernel: [13566942.830750] [UFW BLOCK] IN=ens3 OUT= MAC=56:00:03:85:82:df:fe:00:03:85:82:df:08:00 SRC=79.124.62.78 DST=158.247.223.84 LEN=40 TOS=0x00 PREC=0x00 TTL=240 ID=13871 PROTO=TCP SPT=44497 DPT=24826 WINDOW=1024 RES=0x00 SYN URGP=0 
Jan 21 00:31:40 localhost kernel: [13566962.693293] [UFW BLOCK] IN=ens3 OUT= MAC=56:00:03:85:82:df:fe:00:03:85:82:df:08:00 SRC=89.248.163.140 DST=158.247.223.84 LEN=40 TOS=0x00 PREC=0x00 TTL=237 ID=54321 PROTO=TCP SPT=49823 DPT=58014 WINDOW=65535 RES=0x00 SYN URGP=0 
Jan 21 00:32:02 localhost kernel: [13566984.426685] [UFW BLOCK] IN=ens3 OUT= MAC=56:00:03:85:82:df:fe:00:03:85:82:df:08:00 SRC=176.38.7.38 DST=158.247.223.84 LEN=60 TOS=0x00 PREC=0x00 TTL=52 ID=1090 DF PROTO=TCP SPT=46035 DPT=5555 WINDOW=65535 RES=0x00 SYN URGP=0 
Jan 21 00:32:04 localhost dockerd[8431]: time="2022-01-21T00:32:04.702521278Z" level=info msg="NetworkDB stats plemma(b3be9f6424e0) - netID:0rz6hg0qghb21juyqti61umko leaving:false netPeers:1 entries:2 Queue qLen:0 netMsg/s:0"
Jan 21 00:32:20 localhost postfix/anvil[18762]: statistics: max connection rate 1/60s for (smtp:209.85.167.197) at Jan 21 00:28:58
Jan 21 00:32:20 localhost postfix/anvil[18762]: statistics: max connection count 1 for (smtp:209.85.167.197) at Jan 21 00:28:58
Jan 21 00:32:20 localhost postfix/anvil[18762]: statistics: max cache size 1 at Jan 21 00:28:58
Jan 21 00:32:36 localhost kernel: [13567018.835881] [UFW BLOCK] IN=ens3 OUT= MAC=56:00:03:85:82:df:fe:00:03:85:82:df:08:00 SRC=162.142.125.85 DST=158.247.223.84 LEN=44 TOS=0x00 PREC=0x00 TTL=40 ID=52933 PROTO=TCP SPT=38892 DPT=21308 WINDOW=1024 RES=0x00 SYN URGP=0 
Jan 21 00:32:43 localhost kernel: [13567025.712446] [UFW BLOCK] IN=ens3 OUT= MAC=56:00:03:85:82:df:fe:00:03:85:82:df:08:00 SRC=45.134.26.45 DST=158.247.223.84 LEN=40 TOS=0x00 PREC=0x00 TTL=245 ID=19765 PROTO=TCP SPT=58791 DPT=120 WINDOW=1024 RES=0x00 SYN URGP=0 
Jan 21 00:33:07 localhost kernel: [13567049.606280] [UFW BLOCK] IN=ens3 OUT= MAC=56:00:03:85:82:df:fe:00:03:85:82:df:08:00 SRC=104.248.7.251 DST=158.247.223.84 LEN=40 TOS=0x00 PREC=0x00 TTL=240 ID=54321 PROTO=TCP SPT=55181 DPT=81 WINDOW=65535 RES=0x00 SYN URGP=0 
Jan 21 00:33:37 localhost kernel: [13567079.099162] [UFW BLOCK] IN=ens3 OUT= MAC=56:00:03:85:82:df:fe:00:03:85:82:df:08:00 SRC=51.12.87.186 DST=158.247.223.84 LEN=40 TOS=0x00 PREC=0x00 TTL=232 ID=3474 PROTO=TCP SPT=41115 DPT=24455 WINDOW=1024 RES=0x00 SYN URGP=0 
Jan 21 00:33:42 localhost kernel: [13567084.844998] [UFW BLOCK] IN=ens3 OUT= MAC=56:00:03:85:82:df:fe:00:03:85:82:df:08:00 SRC=193.201.9.161 DST=158.247.223.84 LEN=40 TOS=0x00 PREC=0x00 TTL=244 ID=7519 PROTO=TCP SPT=58326 DPT=44440 WINDOW=1024 RES=0x00 SYN URGP=0 
Jan 21 00:34:00 localhost kernel: [13567101.989139] [UFW BLOCK] IN=ens3 OUT= MAC=56:00:03:85:82:df:fe:00:03:85:82:df:08:00 SRC=45.134.26.236 DST=158.247.223.84 LEN=40 TOS=0x00 PREC=0x00 TTL=245 ID=62767 PROTO=TCP SPT=58894 DPT=61542 WINDOW=1024 RES=0x00 SYN URGP=0 
Jan 21 00:34:29 localhost kernel: [13567131.784324] [UFW BLOCK] IN=ens3 OUT= MAC=56:00:03:85:82:df:fe:00:03:85:82:df:08:00 SRC=79.124.62.34 DST=158.247.223.84 LEN=40 TOS=0x00 PREC=0x00 TTL=240 ID=65101 PROTO=TCP SPT=43361 DPT=17299 WINDOW=1024 RES=0x00 SYN URGP=0 
Jan 21 00:34:43 localhost kernel: [13567145.388338] [UFW BLOCK] IN=ens3 OUT= MAC=56:00:03:85:82:df:fe:00:03:85:82:df:08:00 SRC=45.146.165.165 DST=158.247.223.84 LEN=40 TOS=0x00 PREC=0x00 TTL=245 ID=62126 PROTO=TCP SPT=42700 DPT=6800 WINDOW=1024 RES=0x00 SYN URGP=0 
Jan 21 00:35:01 localhost CRON[19213]: (root) CMD (command -v debian-sa1 > /dev/null && debian-sa1 1 1)
Jan 21 00:35:20 localhost kernel: [13567182.815507] [UFW BLOCK] IN=ens3 OUT= MAC=56:00:03:85:82:df:fe:00:03:85:82:df:08:00 SRC=59.127.192.200 DST=158.247.223.84 LEN=40 TOS=0x00 PREC=0x00 TTL=52 ID=19976 PROTO=TCP SPT=23096 DPT=23 WINDOW=30480 RES=0x00 SYN URGP=0 
Jan 21 00:35:21 localhost kernel: [13567183.473932] [UFW BLOCK] IN=ens3 OUT= MAC=56:00:03:85:82:df:fe:00:03:85:82:df:08:00 SRC=157.230.224.104 DST=158.247.223.84 LEN=40 TOS=0x00 PREC=0x00 TTL=240 ID=11939 PROTO=TCP SPT=45277 DPT=700 WINDOW=1024 RES=0x00 SYN URGP=0 
Jan 21 00:35:50 localhost kernel: [13567212.739356] [UFW BLOCK] IN=ens3 OUT= MAC=56:00:03:85:82:df:fe:00:03:85:82:df:08:00 SRC=109.237.103.9 DST=158.247.223.84 LEN=40 TOS=0x00 PREC=0x00 TTL=245 ID=54321 PROTO=TCP SPT=39340 DPT=80 WINDOW=65535 RES=0x00 SYN URGP=0 
Jan 21 00:36:18 localhost kernel: [13567240.702281] [UFW BLOCK] IN=ens3 OUT= MAC=56:00:03:85:82:df:fe:00:03:85:82:df:08:00 SRC=79.124.62.86 DST=158.247.223.84 LEN=40 TOS=0x00 PREC=0x00 TTL=240 ID=49687 PROTO=TCP SPT=44495 DPT=58377 WINDOW=1024 RES=0x00 SYN URGP=0 
Jan 21 00:36:21 localhost kernel: [13567243.582809] [UFW BLOCK] IN=ens3 OUT= MAC=56:00:03:85:82:df:fe:00:03:85:82:df:08:00 SRC=79.124.62.78 DST=158.247.223.84 LEN=40 TOS=0x00 PREC=0x00 TTL=240 ID=51531 PROTO=TCP SPT=44497 DPT=26314 WINDOW=1024 RES=0x00 SYN URGP=0 
Jan 21 00:36:49 localhost kernel: [13567271.548382] [UFW BLOCK] IN=ens3 OUT= MAC=56:00:03:85:82:df:fe:00:03:85:82:df:08:00 SRC=138.199.32.101 DST=158.247.223.84 LEN=40 TOS=0x00 PREC=0x00 TTL=244 ID=54321 PROTO=TCP SPT=38435 DPT=873 WINDOW=65535 RES=0x00 SYN URGP=0 
Jan 21 00:37:04 localhost dockerd[8431]: time="2022-01-21T00:37:04.902469343Z" level=info msg="NetworkDB stats plemma(b3be9f6424e0) - netID:0rz6hg0qghb21juyqti61umko leaving:false netPeers:1 entries:2 Queue qLen:0 netMsg/s:0"
Jan 21 00:37:12 localhost kernel: [13567294.437872] [UFW BLOCK] IN=ens3 OUT= MAC=56:00:03:85:82:df:fe:00:03:85:82:df:08:00 SRC=5.188.206.18 DST=158.247.223.84 LEN=40 TOS=0x00 PREC=0x00 TTL=240 ID=3092 PROTO=TCP SPT=51425 DPT=4072 WINDOW=1024 RES=0x00 SYN URGP=0 
Jan 21 00:37:27 localhost kernel: [13567309.223549] [UFW BLOCK] IN=ens3 OUT= MAC=56:00:03:85:82:df:fe:00:03:85:82:df:08:00 SRC=45.134.26.236 DST=158.247.223.84 LEN=40 TOS=0x00 PREC=0x00 TTL=245 ID=45135 PROTO=TCP SPT=58894 DPT=53581 WINDOW=1024 RES=0x00 SYN URGP=0 
Jan 21 00:37:47 localhost kernel: [13567329.448290] [UFW BLOCK] IN=ens3 OUT= MAC=56:00:03:85:82:df:fe:00:03:85:82:df:08:00 SRC=209.237.154.143 DST=158.247.223.84 LEN=40 TOS=0x00 PREC=0x00 TTL=246 ID=54321 PROTO=TCP SPT=60349 DPT=4888 WINDOW=65535 RES=0x00 SYN URGP=0 
Jan 21 00:38:00 localhost kernel: [13567342.683791] [UFW BLOCK] IN=ens3 OUT= MAC=56:00:03:85:82:df:fe:00:03:85:82:df:08:00 SRC=79.124.62.34 DST=158.247.223.84 LEN=40 TOS=0x00 PREC=0x00 TTL=240 ID=51610 PROTO=TCP SPT=43361 DPT=367 WINDOW=1024 RES=0x00 SYN URGP=0 
Jan 21 00:38:27 localhost kernel: [13567369.071773] [UFW BLOCK] IN=ens3 OUT= MAC=56:00:03:85:82:df:fe:00:03:85:82:df:08:00 SRC=142.93.208.210 DST=158.247.223.84 LEN=40 TOS=0x00 PREC=0x00 TTL=242 ID=4147 PROTO=TCP SPT=45325 DPT=723 WINDOW=1024 RES=0x00 SYN URGP=0 
Jan 21 00:39:01 localhost CRON[19510]: (root) CMD (  [ -x /usr/lib/php/sessionclean ] && if [ ! -d /run/systemd/system ]; then /usr/lib/php/sessionclean; fi)
Jan 21 00:39:01 localhost systemd[1]: Starting Clean php session files...
Jan 21 00:39:01 localhost systemd[1]: phpsessionclean.service: Succeeded.
Jan 21 00:39:01 localhost systemd[1]: Started Clean php session files.
Jan 21 00:39:06 localhost kernel: [13567408.104176] [UFW BLOCK] IN=ens3 OUT= MAC=56:00:03:85:82:df:fe:00:03:85:82:df:08:00 SRC=45.134.26.233 DST=158.247.223.84 LEN=40 TOS=0x00 PREC=0x00 TTL=244 ID=26615 PROTO=TCP SPT=58855 DPT=63779 WINDOW=1024 RES=0x00 SYN URGP=0 
Jan 21 00:39:31 localhost kernel: [13567433.605470] [UFW BLOCK] IN=ens3 OUT= MAC=56:00:03:85:82:df:fe:00:03:85:82:df:08:00 SRC=39.103.169.52 DST=158.247.223.84 LEN=40 TOS=0x00 PREC=0x00 TTL=237 ID=55396 PROTO=TCP SPT=45413 DPT=2376 WINDOW=1024 RES=0x00 SYN URGP=0 
Jan 21 00:39:34 localhost kernel: [13567436.843784] [UFW BLOCK] IN=ens3 OUT= MAC=56:00:03:85:82:df:fe:00:03:85:82:df:08:00 SRC=45.134.26.235 DST=158.247.223.84 LEN=40 TOS=0x00 PREC=0x00 TTL=244 ID=44453 PROTO=TCP SPT=58881 DPT=46524 WINDOW=1024 RES=0x00 SYN URGP=0 
Jan 21 00:39:49 localhost kernel: [13567451.320588] [UFW BLOCK] IN=ens3 OUT= MAC=56:00:03:85:82:df:fe:00:03:85:82:df:08:00 SRC=34.86.35.21 DST=158.247.223.84 LEN=44 TOS=0x00 PREC=0x00 TTL=248 ID=54321 PROTO=TCP SPT=59509 DPT=3389 WINDOW=65535 RES=0x00 SYN URGP=0 
Jan 21 00:40:06 localhost kernel: [13567468.372211] [UFW BLOCK] IN=ens3 OUT= MAC=56:00:03:85:82:df:fe:00:03:85:82:df:08:00 SRC=79.124.62.130 DST=158.247.223.84 LEN=40 TOS=0x00 PREC=0x00 TTL=240 ID=59027 PROTO=TCP SPT=44498 DPT=40486 WINDOW=1024 RES=0x00 SYN URGP=0 
Jan 21 00:40:43 localhost kernel: [13567505.355696] [UFW BLOCK] IN=ens3 OUT= MAC=56:00:03:85:82:df:fe:00:03:85:82:df:08:00 SRC=45.134.26.236 DST=158.247.223.84 LEN=40 TOS=0x00 PREC=0x00 TTL=245 ID=61755 PROTO=TCP SPT=58894 DPT=20406 WINDOW=1024 RES=0x00 SYN URGP=0 
Jan 21 00:40:50 localhost kernel: [13567512.713458] [UFW BLOCK] IN=ens3 OUT= MAC=56:00:03:85:82:df:fe:00:03:85:82:df:08:00 SRC=45.143.200.110 DST=158.247.223.84 LEN=40 TOS=0x00 PREC=0x00 TTL=240 ID=57346 PROTO=TCP SPT=45276 DPT=36512 WINDOW=1024 RES=0x00 SYN URGP=0 
Jan 21 00:41:14 localhost kernel: [13567536.664470] [UFW BLOCK] IN=ens3 OUT= MAC=56:00:03:85:82:df:fe:00:03:85:82:df:08:00 SRC=79.124.62.62 DST=158.247.223.84 LEN=40 TOS=0x00 PREC=0x00 TTL=240 ID=49634 PROTO=TCP SPT=55942 DPT=3389 WINDOW=1024 RES=0x00 SYN URGP=0 
Jan 21 00:41:20 localhost kernel: [13567542.102002] [UFW BLOCK] IN=ens3 OUT= MAC=56:00:03:85:82:df:fe:00:03:85:82:df:08:00 SRC=109.116.77.111 DST=158.247.223.84 LEN=60 TOS=0x00 PREC=0x00 TTL=50 ID=31696 DF PROTO=TCP SPT=48501 DPT=5555 WINDOW=65535 RES=0x00 SYN URGP=0 
Jan 21 00:41:45 localhost kernel: [13567567.497528] [UFW BLOCK] IN=ens3 OUT= MAC=56:00:03:85:82:df:fe:00:03:85:82:df:08:00 SRC=34.77.162.31 DST=158.247.223.84 LEN=44 TOS=0x00 PREC=0x00 TTL=248 ID=54321 PROTO=TCP SPT=62671 DPT=80 WINDOW=65535 RES=0x00 SYN URGP=0 
Jan 21 00:42:05 localhost dockerd[8431]: time="2022-01-21T00:42:05.102476099Z" level=info msg="NetworkDB stats plemma(b3be9f6424e0) - netID:0rz6hg0qghb21juyqti61umko leaving:false netPeers:1 entries:2 Queue qLen:0 netMsg/s:0"
Jan 21 00:42:09 localhost kernel: [13567590.999978] [UFW BLOCK] IN=ens3 OUT= MAC=56:00:03:85:82:df:fe:00:03:85:82:df:08:00 SRC=138.229.240.98 DST=158.247.223.84 LEN=40 TOS=0x00 PREC=0x00 TTL=49 ID=28174 PROTO=TCP SPT=22862 DPT=23 WINDOW=13614 RES=0x00 SYN URGP=0 
Jan 21 00:42:47 localhost kernel: [13567629.495106] [UFW BLOCK] IN=ens3 OUT= MAC=56:00:03:85:82:df:fe:00:03:85:82:df:08:00 SRC=209.141.47.28 DST=158.247.223.84 LEN=40 TOS=0x00 PREC=0x00 TTL=245 ID=54321 PROTO=TCP SPT=58873 DPT=80 WINDOW=65535 RES=0x00 SYN URGP=0 
Jan 21 00:43:02 localhost kernel: [13567644.247651] [UFW BLOCK] IN=ens3 OUT= MAC=56:00:03:85:82:df:fe:00:03:85:82:df:08:00 SRC=161.35.236.24 DST=158.247.223.84 LEN=40 TOS=0x00 PREC=0x00 TTL=242 ID=56102 PROTO=TCP SPT=59759 DPT=22562 WINDOW=1024 RES=0x00 SYN URGP=0 
Jan 21 00:43:08 localhost kernel: [13567650.295537] [UFW BLOCK] IN=ens3 OUT= MAC=56:00:03:85:82:df:fe:00:03:85:82:df:08:00 SRC=45.146.166.119 DST=158.247.223.84 LEN=40 TOS=0x00 PREC=0x00 TTL=245 ID=28299 PROTO=TCP SPT=59024 DPT=1441 WINDOW=1024 RES=0x00 SYN URGP=0 
Jan 21 00:43:19 localhost kernel: [13567661.380466] [UFW BLOCK] IN=ens3 OUT= MAC=56:00:03:85:82:df:fe:00:03:85:82:df:08:00 SRC=45.227.254.54 DST=158.247.223.84 LEN=52 TOS=0x02 PREC=0x00 TTL=116 ID=10152 DF PROTO=TCP SPT=21175 DPT=3389 WINDOW=8192 RES=0x00 CWR ECE SYN URGP=0 
Jan 21 00:43:53 localhost kernel: [13567695.735905] [UFW BLOCK] IN=ens3 OUT= MAC=56:00:03:85:82:df:fe:00:03:85:82:df:08:00 SRC=209.141.37.211 DST=158.247.223.84 LEN=44 TOS=0x00 PREC=0x00 TTL=245 ID=54321 PROTO=TCP SPT=42265 DPT=11211 WINDOW=65535 RES=0x00 SYN URGP=0 
Jan 21 00:44:01 localhost kernel: [13567702.998633] [UFW BLOCK] IN=ens3 OUT= MAC=56:00:03:85:82:df:fe:00:03:85:82:df:08:00 SRC=51.12.87.186 DST=158.247.223.84 LEN=40 TOS=0x00 PREC=0x00 TTL=230 ID=49070 PROTO=TCP SPT=41115 DPT=24876 WINDOW=1024 RES=0x00 SYN URGP=0 
Jan 21 00:44:38 localhost kernel: [13567740.182787] [UFW BLOCK] IN=ens3 OUT= MAC=56:00:03:85:82:df:fe:00:03:85:82:df:08:00 SRC=79.124.62.82 DST=158.247.223.84 LEN=40 TOS=0x00 PREC=0x00 TTL=240 ID=25622 PROTO=TCP SPT=44493 DPT=53377 WINDOW=1024 RES=0x00 SYN URGP=0 
Jan 21 00:44:41 localhost kernel: [13567743.024314] [UFW BLOCK] IN=ens3 OUT= MAC=56:00:03:85:82:df:fe:00:03:85:82:df:08:00 SRC=45.134.26.234 DST=158.247.223.84 LEN=40 TOS=0x00 PREC=0x00 TTL=245 ID=22465 PROTO=TCP SPT=58868 DPT=57834 WINDOW=1024 RES=0x00 SYN URGP=0 
Jan 21 00:45:01 localhost CRON[19995]: (root) CMD (command -v debian-sa1 > /dev/null && debian-sa1 1 1)
Jan 21 00:45:03 localhost kernel: [13567765.114524] [UFW BLOCK] IN=ens3 OUT= MAC=56:00:03:85:82:df:fe:00:03:85:82:df:08:00 SRC=209.237.154.81 DST=158.247.223.84 LEN=40 TOS=0x00 PREC=0x00 TTL=246 ID=54321 PROTO=TCP SPT=46790 DPT=15345 WINDOW=65535 RES=0x00 SYN URGP=0 
Jan 21 00:45:25 localhost kernel: [13567787.356296] [UFW BLOCK] IN=ens3 OUT= MAC=56:00:03:85:82:df:fe:00:03:85:82:df:08:00 SRC=162.142.125.21 DST=158.247.223.84 LEN=44 TOS=0x00 PREC=0x00 TTL=40 ID=60613 PROTO=TCP SPT=43642 DPT=2080 WINDOW=1024 RES=0x00 SYN URGP=0 
Jan 21 00:46:07 localhost kernel: [13567829.264756] [UFW BLOCK] IN=ens3 OUT= MAC=56:00:03:85:82:df:fe:00:03:85:82:df:08:00 SRC=108.41.218.8 DST=158.247.223.84 LEN=60 TOS=0x00 PREC=0x00 TTL=48 ID=49009 DF PROTO=TCP SPT=51062 DPT=5555 WINDOW=65535 RES=0x00 SYN URGP=0 
Jan 21 00:46:08 localhost kernel: [13567830.267807] [UFW BLOCK] IN=ens3 OUT= MAC=56:00:03:85:82:df:fe:00:03:85:82:df:08:00 SRC=108.41.218.8 DST=158.247.223.84 LEN=60 TOS=0x00 PREC=0x00 TTL=48 ID=49010 DF PROTO=TCP SPT=51062 DPT=5555 WINDOW=65535 RES=0x00 SYN URGP=0 
Jan 21 00:46:12 localhost postfix/smtpd[20075]: warning: hostname centos-infrontsports.co does not resolve to address 159.223.147.121: Name or service not known
Jan 21 00:46:12 localhost postfix/smtpd[20075]: connect from unknown[159.223.147.121]
Jan 21 00:46:13 localhost postfix/trivial-rewrite[20078]: warning: do not list domain ermccorp.com in BOTH mydestination and virtual_alias_domains
Jan 21 00:46:13 localhost postfix/smtpd[20075]: D4C1B136E: client=unknown[159.223.147.121]
Jan 21 00:46:14 localhost postfix/cleanup[20079]: D4C1B136E: message-id=<20220120164611.853829763C813BBF@ukfcltd.com>
Jan 21 00:46:14 localhost postfix/qmgr[32066]: D4C1B136E: from=<vandanbeckers@gmail.com>, size=2072, nrcpt=4 (queue active)
Jan 21 00:46:14 localhost postfix/trivial-rewrite[20078]: warning: do not list domain fromthemachine.org in BOTH mydestination and virtual_alias_domains
Jan 21 00:46:14 localhost postfix/local[20080]: D4C1B136E: to=<adam@localhost>, orig_to=<adam@ermccorp.com>, relay=local, delay=0.59, delays=0.56/0.02/0/0, dsn=2.0.0, status=sent (delivered to maildir)
Jan 21 00:46:14 localhost postfix/local[20080]: D4C1B136E: to=<ftm@fromthemachine.org>, orig_to=<adam@ermccorp.com>, relay=local, delay=0.6, delays=0.56/0.03/0/0.01, dsn=5.1.1, status=bounced (unknown user: "ftm")
Jan 21 00:46:14 localhost postfix/smtpd[20075]: disconnect from unknown[159.223.147.121] ehlo=2 starttls=1 mail=1 rcpt=1 data=1 quit=1 commands=7
Jan 21 00:46:14 localhost postfix/smtp[20081]: connect to smtp-relay.gmail.com[2404:6800:4008:c04::1c]:587: Network is unreachable
Jan 21 00:46:16 localhost postfix/smtp[20081]: D4C1B136E: to=<0xc514f094370cfc5ee45a1dd9b72bb9675efe266f@ethmail.cc>, orig_to=<adam@ermccorp.com>, relay=smtp-relay.gmail.com[74.125.204.28]:587, delay=2.6, delays=0.56/0.03/1.5/0.55, dsn=2.0.0, status=sent (250 2.0.0 OK  1642725976 c25sm240830otu.10 - gsmtp)
Jan 21 00:46:16 localhost postfix/smtp[20081]: D4C1B136E: to=<adam.e@localhsot>, orig_to=<adam@ermccorp.com>, relay=smtp-relay.gmail.com[74.125.204.28]:587, delay=2.6, delays=0.56/0.03/1.5/0.55, dsn=2.0.0, status=sent (250 2.0.0 OK  1642725976 c25sm240830otu.10 - gsmtp)
Jan 21 00:46:16 localhost postfix/cleanup[20079]: 506F01D80: message-id=<20220121004616.506F01D80@plemma.cc>
Jan 21 00:46:16 localhost postfix/qmgr[32066]: 506F01D80: from=<>, size=3927, nrcpt=1 (queue active)
Jan 21 00:46:16 localhost postfix/bounce[20083]: D4C1B136E: sender non-delivery notification: 506F01D80
Jan 21 00:46:16 localhost postfix/qmgr[32066]: D4C1B136E: removed
Jan 21 00:46:17 localhost postfix/smtpd[20075]: warning: hostname centos-infrontsports.co does not resolve to address 159.223.147.121: Name or service not known
Jan 21 00:46:17 localhost postfix/smtpd[20075]: connect from unknown[159.223.147.121]
Jan 21 00:46:18 localhost postfix/trivial-rewrite[20078]: warning: do not list domain lamc.la in BOTH mydestination and virtual_alias_domains
Jan 21 00:46:18 localhost postfix/smtpd[20075]: 68431136E: client=unknown[159.223.147.121]
Jan 21 00:46:18 localhost postfix/smtp[20081]: 506F01D80: to=<vandanbeckers@gmail.com>, relay=smtp-relay.gmail.com[74.125.204.28]:587, delay=2.3, delays=0/0/1.8/0.56, dsn=2.0.0, status=sent (250 2.0.0 OK  1642725978 bb38sm220450oob.24 - gsmtp)
Jan 21 00:46:18 localhost postfix/qmgr[32066]: 506F01D80: removed
Jan 21 00:46:18 localhost postfix/cleanup[20079]: 68431136E: message-id=<20220120164616.0C38F4F53CE7BF9A@ukfcltd.com>
Jan 21 00:46:18 localhost postfix/qmgr[32066]: 68431136E: from=<vandanbeckers@gmail.com>, size=2062, nrcpt=1 (queue active)
Jan 21 00:46:18 localhost postfix/trivial-rewrite[20078]: warning: do not list domain lamc.la in BOTH mydestination and virtual_alias_domains
Jan 21 00:46:18 localhost postfix/local[20082]: 68431136E: to=<adam@lamc.la>, relay=local, delay=0.56, delays=0.56/0/0/0, dsn=2.0.0, status=sent (delivered to maildir)
Jan 21 00:46:18 localhost postfix/qmgr[32066]: 68431136E: removed
Jan 21 00:46:18 localhost postfix/smtpd[20075]: disconnect from unknown[159.223.147.121] ehlo=2 starttls=1 mail=1 rcpt=1 data=1 quit=1 commands=7
