Sep  1 01:55:16 localhost postfix/smtp[11054]: 5AF7E6536: to=<0xc514f094370cfc5ee45a1dd9b72bb9675efe266f@ethmail.cc>, orig_to=<adam@emplifyhr.com>, relay=none, delay=19063, delays=19033/0/30/0, dsn=4.4.1, status=deferred (connect to mail.ethmail.cc[128.199.34.175]:25: Connection timed out)
Sep  1 01:55:16 localhost postfix/smtp[11205]: connect to gmail-smtp-in.l.google.com[108.177.125.26]:25: Connection timed out
Sep  1 01:55:16 localhost postfix/smtp[11205]: connect to alt1.gmail-smtp-in.l.google.com[2607:f8b0:4023:c0b::1a]:25: Network is unreachable
Sep  1 01:55:16 localhost postfix/smtp[11210]: connect to mx.hubapi.com[50.16.187.206]:25: Connection timed out
Sep  1 01:55:16 localhost postfix/smtp[11215]: connect to listserv.JISCMAIL.AC.UK[52.156.253.37]:25: Connection timed out
Sep  1 01:55:16 localhost postfix/smtp[11212]: connect to primary.us.email.fireeyecloud.com[3.93.93.52]:25: Connection timed out
Sep  1 01:55:16 localhost postfix/smtp[11216]: connect to gmail-smtp-in.l.google.com[108.177.125.26]:25: Connection timed out
Sep  1 01:55:16 localhost postfix/smtp[11216]: connect to alt1.gmail-smtp-in.l.google.com[2607:f8b0:4023:c0b::1a]:25: Network is unreachable
Sep  1 01:55:16 localhost postfix/smtp[11215]: D98D2653F: to=<owner-ageing@JISCMAIL.AC.UK>, relay=none, delay=18699, delays=18669/0.11/30/0, dsn=4.4.1, status=deferred (connect to listserv.JISCMAIL.AC.UK[52.156.253.37]:25: Connection timed out)
Sep  1 01:55:16 localhost postfix/smtp[11213]: connect to microsoft-com.mail.protection.outlook.com[40.93.212.0]:25: Connection timed out
Sep  1 01:55:16 localhost postfix/smtp[11208]: connect to peocompass-com.mail.protection.outlook.com[104.47.51.110]:25: Connection timed out
Sep  1 01:55:16 localhost postfix/smtp[11209]: connect to retardo.com[35.186.238.101]:25: Connection timed out
Sep  1 01:55:16 localhost postfix/smtp[11209]: 1D1E76457: to=<test@retardo.com>, relay=none, delay=31728, delays=31698/0.06/30/0, dsn=4.4.1, status=deferred (connect to retardo.com[35.186.238.101]:25: Connection timed out)
Sep  1 01:55:17 localhost postfix/smtp[11211]: connect to bjunho.com[212.193.30.109]:25: Connection timed out
Sep  1 01:55:17 localhost postfix/smtp[11206]: connect to mx0b-00240c01.pphosted.com[148.163.153.42]:25: Connection timed out
Sep  1 01:55:17 localhost postfix/smtp[11211]: 29AF46552: to=<info@bjunho.com>, relay=none, delay=1401, delays=1371/0.08/30/0, dsn=4.4.1, status=deferred (connect to bjunho.com[212.193.30.109]:25: Connection timed out)
Sep  1 01:55:17 localhost postfix/smtp[11061]: connect to businessesforsale-com.mail.protection.outlook.com[104.47.8.36]:25: Connection timed out
Sep  1 01:55:17 localhost postfix/smtp[11207]: connect to aspmx.l.google.com[142.250.157.26]:25: Connection timed out
Sep  1 01:55:17 localhost postfix/smtp[11207]: connect to aspmx.l.google.com[2404:6800:4008:c06::1b]:25: Network is unreachable
Sep  1 01:55:17 localhost postfix/smtp[11207]: connect to alt1.aspmx.l.google.com[2607:f8b0:4023:c0b::1a]:25: Network is unreachable
Sep  1 01:55:17 localhost kernel: [1303116.270159] [UFW BLOCK] IN=ens3 OUT= MAC=56:00:03:85:82:df:fe:00:03:85:82:df:08:00 SRC=125.161.245.144 DST=158.247.223.84 LEN=52 TOS=0x00 PREC=0x00 TTL=48 ID=26756 DF PROTO=TCP SPT=52581 DPT=8728 WINDOW=17520 RES=0x00 SYN URGP=0 
Sep  1 01:55:19 localhost postfix/smtp[11214]: connect to mxb-00176a02.gslb.pphosted.com[67.231.157.41]:25: Connection timed out
Sep  1 01:55:37 localhost kernel: [1303136.048935] [UFW BLOCK] IN=ens3 OUT= MAC=56:00:03:85:82:df:fe:00:03:85:82:df:08:00 SRC=125.161.245.144 DST=158.247.223.84 LEN=52 TOS=0x00 PREC=0x00 TTL=48 ID=26791 DF PROTO=TCP SPT=65307 DPT=8728 WINDOW=17520 RES=0x00 SYN URGP=0 
Sep  1 01:55:46 localhost postfix/smtp[11205]: connect to alt1.gmail-smtp-in.l.google.com[142.250.141.26]:25: Connection timed out
Sep  1 01:55:46 localhost postfix/smtp[11205]: connect to alt2.gmail-smtp-in.l.google.com[2607:f8b0:4023:1004::1b]:25: Network is unreachable
Sep  1 01:55:46 localhost postfix/smtp[11205]: BA1EE6535: to=<adamsfaraza02@gmail.com>, relay=none, delay=21293, delays=21233/0.02/60/0, dsn=4.4.1, status=deferred (connect to alt2.gmail-smtp-in.l.google.com[2607:f8b0:4023:1004::1b]:25: Network is unreachable)
Sep  1 01:55:46 localhost postfix/smtp[11210]: connect to mx.hubapi.com[34.202.253.203]:25: Connection timed out
Sep  1 01:55:46 localhost postfix/smtp[11212]: connect to primary.us.email.fireeyecloud.com[3.93.93.53]:25: Connection timed out
Sep  1 01:55:46 localhost postfix/smtp[11216]: connect to alt1.gmail-smtp-in.l.google.com[142.250.141.26]:25: Connection timed out
Sep  1 01:55:46 localhost postfix/smtp[11216]: connect to alt2.gmail-smtp-in.l.google.com[2607:f8b0:4023:1004::1b]:25: Network is unreachable
Sep  1 01:55:46 localhost postfix/smtp[11216]: F40CD6541: to=<upsdeliverycompany331@gmail.com>, relay=none, delay=15699, delays=15639/0.12/60/0, dsn=4.4.1, status=deferred (connect to alt2.gmail-smtp-in.l.google.com[2607:f8b0:4023:1004::1b]:25: Network is unreachable)
Sep  1 01:55:46 localhost postfix/smtp[11213]: connect to microsoft-com.mail.protection.outlook.com[52.101.24.0]:25: Connection timed out
Sep  1 01:55:46 localhost postfix/smtp[11208]: connect to peocompass-com.mail.protection.outlook.com[104.47.57.110]:25: Connection timed out
Sep  1 01:55:46 localhost postfix/smtp[11208]: B25596510: to=<peocompassnews@peocompass.com>, relay=none, delay=22389, delays=22329/0.06/60/0, dsn=4.4.1, status=deferred (connect to peocompass-com.mail.protection.outlook.com[104.47.57.110]:25: Connection timed out)
Sep  1 01:55:46 localhost postfix/smtp[11213]: 46E0FA3FB: to=<testagin@microsoft.com>, relay=none, delay=137, delays=76/0.09/60/0, dsn=4.4.1, status=deferred (connect to microsoft-com.mail.protection.outlook.com[52.101.24.0]:25: Connection timed out)
Sep  1 01:55:47 localhost postfix/smtp[11206]: connect to mx0a-00240c01.pphosted.com[148.163.149.43]:25: Connection timed out
Sep  1 01:55:47 localhost postfix/smtp[11206]: BB0B86539: to=<helpdesk@american.edu>, relay=none, delay=19063, delays=19003/0.03/60/0, dsn=4.4.1, status=deferred (connect to mx0a-00240c01.pphosted.com[148.163.149.43]:25: Connection timed out)
Sep  1 01:55:47 localhost postfix/smtp[11061]: connect to businessesforsale-com.mail.protection.outlook.com[104.47.10.36]:25: Connection timed out
Sep  1 01:55:47 localhost postfix/smtp[11061]: 326486513: to=<info@BusinessesForSale.com>, relay=none, delay=22281, delays=22220/0/61/0, dsn=4.4.1, status=deferred (connect to businessesforsale-com.mail.protection.outlook.com[104.47.10.36]:25: Connection timed out)
Sep  1 01:55:47 localhost postfix/smtp[11207]: connect to alt1.aspmx.l.google.com[142.250.141.26]:25: Connection timed out
Sep  1 01:55:49 localhost postfix/smtp[11214]: connect to mxa-00176a02.gslb.pphosted.com[67.231.157.41]:25: Connection timed out
Sep  1 01:55:52 localhost postfix/smtpd[11120]: connect from mail-io1-f66.google.com[209.85.166.66]
Sep  1 01:55:53 localhost dovecot: imap-login: Login: user=<adam>, method=PLAIN, rip=::1, lip=::1, mpid=11267, secured, session=<j/fPXeXKtKcAAAAAAAAAAAAAAAAAAAAB>
Sep  1 01:55:53 localhost dovecot: imap(adam)<11267><j/fPXeXKtKcAAAAAAAAAAAAAAAAAAAAB>: Logged out in=119 out=1043 deleted=0 expunged=0 trashed=0 hdr_count=0 hdr_bytes=0 body_count=0 body_bytes=0
Sep  1 01:55:54 localhost postfix/trivial-rewrite[11047]: warning: do not list domain plemma.cc in BOTH mydestination and virtual_alias_domains
Sep  1 01:55:54 localhost postfix/smtpd[11120]: 0B559C949: client=mail-io1-f66.google.com[209.85.166.66]
Sep  1 01:55:54 localhost postfix/cleanup[11132]: 0B559C949: message-id=<CAKaCjJ=+O+kJHgon8P0CDQo_QDSg72VqXsgCHKxJcnUy0kcCkg@mail.gmail.com>
Sep  1 01:55:54 localhost postfix/qmgr[11025]: 0B559C949: from=<adam@carpent.us>, size=2979, nrcpt=3 (queue active)
Sep  1 01:55:54 localhost postfix/trivial-rewrite[11047]: warning: do not list domain fromthemachine.org in BOTH mydestination and virtual_alias_domains
Sep  1 01:55:54 localhost postfix/error[11094]: 0B559C949: to=<0xc514f094370cfc5ee45a1dd9b72bb9675efe266f@ethmail.cc>, orig_to=<root@plemma.cc>, relay=none, delay=0.01, delays=0/0/0/0, dsn=4.4.1, status=deferred (delivery temporarily suspended: connect to mail.ethmail.cc[128.199.34.175]:25: Connection timed out)
Sep  1 01:55:54 localhost postfix/local[11141]: 0B559C949: to=<adam@localhost>, orig_to=<root@plemma.cc>, relay=local, delay=0.01, delays=0/0/0/0, dsn=2.0.0, status=sent (delivered to maildir)
Sep  1 01:55:54 localhost postfix/local[11140]: 0B559C949: to=<ftm@fromthemachine.org>, orig_to=<root@plemma.cc>, relay=local, delay=0.01, delays=0/0/0/0, dsn=5.1.1, status=bounced (unknown user: "ftm")
Sep  1 01:55:54 localhost postfix/cleanup[11132]: 0D63ACC35: message-id=<20210901015554.0D63ACC35@plemma.cc>
Sep  1 01:55:54 localhost postfix/qmgr[11025]: 0D63ACC35: from=<>, size=4795, nrcpt=1 (queue active)
Sep  1 01:55:54 localhost postfix/bounce[11143]: 0B559C949: sender non-delivery notification: 0D63ACC35
Sep  1 01:55:54 localhost postfix/smtp[11062]: connect to aspmx.l.google.com[2404:6800:4008:c06::1b]:25: Network is unreachable
Sep  1 01:55:54 localhost postfix/smtpd[11120]: disconnect from mail-io1-f66.google.com[209.85.166.66] ehlo=2 starttls=1 mail=1 rcpt=1 bdat=1 quit=1 commands=7
Sep  1 01:56:01 localhost kernel: [1303160.088138] [UFW BLOCK] IN=ens3 OUT= MAC=56:00:03:85:82:df:fe:00:03:85:82:df:08:00 SRC=50.222.125.194 DST=158.247.223.84 LEN=60 TOS=0x00 PREC=0x00 TTL=51 ID=3166 DF PROTO=TCP SPT=34432 DPT=80 WINDOW=64240 RES=0x00 SYN URGP=0 
Sep  1 01:56:02 localhost dovecot: imap-login: Login: user=<adam>, method=PLAIN, rip=::1, lip=::1, mpid=11269, secured, session=<KMBNXuXKuKcAAAAAAAAAAAAAAAAAAAAB>
Sep  1 01:56:02 localhost dovecot: imap(adam)<11269><KMBNXuXKuKcAAAAAAAAAAAAAAAAAAAAB>: Logged out in=44 out=492 deleted=0 expunged=0 trashed=0 hdr_count=0 hdr_bytes=0 body_count=0 body_bytes=0
Sep  1 01:56:03 localhost dovecot: imap-login: Login: user=<adam>, method=PLAIN, rip=::1, lip=::1, mpid=11271, secured, session=<jrdnXuXKuqcAAAAAAAAAAAAAAAAAAAAB>
Sep  1 01:56:03 localhost dovecot: imap(adam)<11271><jrdnXuXKuqcAAAAAAAAAAAAAAAAAAAAB>: Logged out in=292 out=2408 deleted=0 expunged=0 trashed=0 hdr_count=4 hdr_bytes=494 body_count=0 body_bytes=0
Sep  1 01:56:04 localhost dovecot: imap-login: Login: user=<adam>, method=PLAIN, rip=::1, lip=::1, mpid=11273, secured, session=<N0duXuXKvKcAAAAAAAAAAAAAAAAAAAAB>
Sep  1 01:56:04 localhost dovecot: imap(adam)<11273><N0duXuXKvKcAAAAAAAAAAAAAAAAAAAAB>: Logged out in=82 out=579 deleted=0 expunged=0 trashed=0 hdr_count=0 hdr_bytes=0 body_count=0 body_bytes=0
Sep  1 01:56:06 localhost dovecot: imap-login: Login: user=<adam>, method=PLAIN, rip=::1, lip=::1, mpid=11275, secured, session=<y5CUXuXKvqcAAAAAAAAAAAAAAAAAAAAB>
Sep  1 01:56:06 localhost dovecot: imap(adam)<11275><y5CUXuXKvqcAAAAAAAAAAAAAAAAAAAAB>: Logged out in=428 out=2223 deleted=0 expunged=0 trashed=0 hdr_count=1 hdr_bytes=335 body_count=1 body_bytes=335
Sep  1 01:56:10 localhost dovecot: imap-login: Login: user=<adam>, method=PLAIN, rip=::1, lip=::1, mpid=11277, secured, session=<hSHOXuXKwKcAAAAAAAAAAAAAAAAAAAAB>
Sep  1 01:56:10 localhost dovecot: imap(adam)<11277><hSHOXuXKwKcAAAAAAAAAAAAAAAAAAAAB>: Logged out in=387 out=2141 deleted=0 expunged=0 trashed=0 hdr_count=1 hdr_bytes=335 body_count=1 body_bytes=335
Sep  1 01:56:16 localhost postfix/smtp[11210]: connect to mx.hubapi.com[54.209.72.239]:25: Connection timed out
Sep  1 01:56:16 localhost postfix/smtp[11210]: 29A0D6537: to=<1axby2a50mg0pnihaoptzhahhgemlliu90qar1-claims=emplifyhr.com@2822081m.gallagherbassett.com.au>, relay=none, delay=19510, delays=19420/0.07/90/0, dsn=4.4.1, status=deferred (connect to mx.hubapi.com[54.209.72.239]:25: Connection timed out)
Sep  1 01:56:16 localhost postfix/smtp[11212]: connect to primary.us.email.fireeyecloud.com[3.93.93.51]:25: Connection timed out
Sep  1 01:56:17 localhost postfix/smtp[11207]: connect to alt2.aspmx.l.google.com[142.250.115.27]:25: Connection timed out
Sep  1 01:56:17 localhost postfix/smtp[11207]: BE1A76543: to=<adam@carpent.us>, relay=none, delay=11400, delays=11309/0.05/91/0, dsn=4.4.1, status=deferred (connect to alt2.aspmx.l.google.com[142.250.115.27]:25: Connection timed out)
Sep  1 01:56:19 localhost postfix/smtp[11214]: connect to mx0a-00176a02.pphosted.com[67.231.149.43]:25: Connection timed out
Sep  1 01:56:24 localhost postfix/smtp[11062]: connect to aspmx.l.google.com[108.177.125.26]:25: Connection timed out
Sep  1 01:56:29 localhost kernel: [1303187.969250] [UFW BLOCK] IN=ens3 OUT= MAC=56:00:03:85:82:df:fe:00:03:85:82:df:08:00 SRC=50.222.125.194 DST=158.247.223.84 LEN=60 TOS=0x00 PREC=0x00 TTL=51 ID=36317 DF PROTO=TCP SPT=34508 DPT=80 WINDOW=64240 RES=0x00 SYN URGP=0 
Sep  1 01:56:29 localhost dovecot: imap-login: Login: user=<adam>, method=PLAIN, rip=::1, lip=::1, mpid=11285, secured, session=<hkD3X+XKyKcAAAAAAAAAAAAAAAAAAAAB>
Sep  1 01:56:29 localhost dovecot: imap(adam)<11285><hkD3X+XKyKcAAAAAAAAAAAAAAAAAAAAB>: Logged out in=44 out=492 deleted=0 expunged=0 trashed=0 hdr_count=0 hdr_bytes=0 body_count=0 body_bytes=0
Sep  1 01:56:31 localhost dovecot: imap-login: Login: user=<adam>, method=PLAIN, rip=::1, lip=::1, mpid=11287, secured, session=<KC4VYOXKyqcAAAAAAAAAAAAAAAAAAAAB>
Sep  1 01:56:31 localhost dovecot: imap(adam)<11287><KC4VYOXKyqcAAAAAAAAAAAAAAAAAAAAB>: Logged out in=292 out=2367 deleted=0 expunged=0 trashed=0 hdr_count=4 hdr_bytes=494 body_count=0 body_bytes=0
Sep  1 01:56:32 localhost dovecot: imap-login: Login: user=<adam>, method=PLAIN, rip=::1, lip=::1, mpid=11289, secured, session=<SGMYYOXKzKcAAAAAAAAAAAAAAAAAAAAB>
Sep  1 01:56:32 localhost dovecot: imap(adam)<11289><SGMYYOXKzKcAAAAAAAAAAAAAAAAAAAAB>: Logged out in=82 out=579 deleted=0 expunged=0 trashed=0 hdr_count=0 hdr_bytes=0 body_count=0 body_bytes=0
Sep  1 01:56:45 localhost kernel: [1303203.417333] [UFW BLOCK] IN=ens3 OUT= MAC=56:00:03:85:82:df:fe:00:03:85:82:df:08:00 SRC=45.155.205.117 DST=158.247.223.84 LEN=40 TOS=0x00 PREC=0x00 TTL=244 ID=47063 PROTO=TCP SPT=41288 DPT=31592 WINDOW=1024 RES=0x00 SYN URGP=0 
Sep  1 01:56:46 localhost postfix/smtp[11212]: connect to alt1.us.email.fireeyecloud.com[3.93.93.53]:25: Connection timed out
Sep  1 01:56:49 localhost postfix/smtp[11214]: connect to mx0b-00176a02.pphosted.com[67.231.157.41]:25: Connection timed out
Sep  1 01:56:49 localhost postfix/smtp[11214]: 01C21651F: to=<Service.IMWebRTMail@ge.com>, relay=none, delay=21921, delays=21798/0.1/123/0, dsn=4.4.1, status=deferred (connect to mx0b-00176a02.pphosted.com[67.231.157.41]:25: Connection timed out)
Sep  1 01:56:54 localhost postfix/smtp[11062]: connect to alt1.aspmx.l.google.com[142.250.141.26]:25: Connection timed out
Sep  1 01:56:54 localhost postfix/smtp[11062]: connect to alt1.aspmx.l.google.com[2607:f8b0:4023:c0b::1a]:25: Network is unreachable
Sep  1 01:56:54 localhost postfix/smtp[11062]: connect to alt2.aspmx.l.google.com[2607:f8b0:4023:1004::1a]:25: Network is unreachable
Sep  1 01:56:54 localhost postfix/smtp[11062]: 0D63ACC35: to=<adam@carpent.us>, relay=none, delay=60, delays=0/0/60/0, dsn=4.4.1, status=deferred (connect to alt2.aspmx.l.google.com[2607:f8b0:4023:1004::1a]:25: Network is unreachable)
Sep  1 01:56:58 localhost kernel: [1303216.577833] [UFW BLOCK] IN=ens3 OUT= MAC=56:00:03:85:82:df:fe:00:03:85:82:df:08:00 SRC=47.98.229.50 DST=158.247.223.84 LEN=40 TOS=0x00 PREC=0x00 TTL=237 ID=4588 PROTO=TCP SPT=41211 DPT=2375 WINDOW=1024 RES=0x00 SYN URGP=0 
Sep  1 01:57:16 localhost postfix/smtp[11212]: connect to alt1.us.email.fireeyecloud.com[3.93.93.51]:25: Connection timed out
Sep  1 01:57:16 localhost postfix/smtp[11212]: A4EB5653C: to=<noresponse@interactivebrokers.com>, relay=none, delay=18830, delays=18680/0.08/150/0, dsn=4.4.1, status=deferred (connect to alt1.us.email.fireeyecloud.com[3.93.93.51]:25: Connection timed out)
Sep  1 01:57:25 localhost kernel: [1303244.007833] [UFW BLOCK] IN=ens3 OUT= MAC=56:00:03:85:82:df:fe:00:03:85:82:df:08:00 SRC=146.88.240.4 DST=158.247.223.84 LEN=84 TOS=0x00 PREC=0x00 TTL=247 ID=54321 PROTO=UDP SPT=1701 DPT=1701 LEN=64 
Sep  1 01:57:32 localhost dovecot: imap-login: Login: user=<adam>, method=PLAIN, rip=::1, lip=::1, mpid=11297, secured, session=<qYGvY+XK0KcAAAAAAAAAAAAAAAAAAAAB>
Sep  1 01:57:32 localhost dovecot: imap(adam)<11297><qYGvY+XK0KcAAAAAAAAAAAAAAAAAAAAB>: Logged out in=119 out=1076 deleted=0 expunged=0 trashed=0 hdr_count=0 hdr_bytes=0 body_count=0 body_bytes=0
Sep  1 01:57:45 localhost kernel: [1303263.656302] [UFW BLOCK] IN=ens3 OUT= MAC=56:00:03:85:82:df:fe:00:03:85:82:df:08:00 SRC=183.136.226.2 DST=158.247.223.84 LEN=44 TOS=0x00 PREC=0x00 TTL=110 ID=17277 PROTO=TCP SPT=7019 DPT=5555 WINDOW=29200 RES=0x00 SYN URGP=0 
Sep  1 01:57:57 localhost kernel: [1303276.297876] [UFW BLOCK] IN=ens3 OUT= MAC=56:00:03:85:82:df:fe:00:03:85:82:df:08:00 SRC=162.142.125.16 DST=158.247.223.84 LEN=44 TOS=0x00 PREC=0x00 TTL=40 ID=4464 PROTO=TCP SPT=40336 DPT=5903 WINDOW=1024 RES=0x00 SYN URGP=0 
Sep  1 01:58:28 localhost kernel: [1303306.704300] [UFW BLOCK] IN=ens3 OUT= MAC=56:00:03:85:82:df:fe:00:03:85:82:df:08:00 SRC=161.35.108.178 DST=158.247.223.84 LEN=40 TOS=0x00 PREC=0x00 TTL=240 ID=54321 PROTO=TCP SPT=38405 DPT=81 WINDOW=65535 RES=0x00 SYN URGP=0 
Sep  1 01:58:32 localhost dovecot: imap-login: Login: user=<adam>, method=PLAIN, rip=::1, lip=::1, mpid=11309, secured, session=<wkdAZ+XK0qcAAAAAAAAAAAAAAAAAAAAB>
Sep  1 01:58:32 localhost dovecot: imap(adam)<11309><wkdAZ+XK0qcAAAAAAAAAAAAAAAAAAAAB>: Logged out in=119 out=1076 deleted=0 expunged=0 trashed=0 hdr_count=0 hdr_bytes=0 body_count=0 body_bytes=0
Sep  1 01:58:39 localhost kernel: [1303317.937047] [UFW BLOCK] IN=ens3 OUT= MAC=56:00:03:85:82:df:fe:00:03:85:82:df:08:00 SRC=185.100.87.136 DST=158.247.223.84 LEN=40 TOS=0x00 PREC=0x00 TTL=238 ID=15212 PROTO=TCP SPT=37282 DPT=444 WINDOW=65535 RES=0x00 SYN URGP=0 
Sep  1 01:58:55 localhost dovecot: imap-login: Login: user=<adam>, method=PLAIN, rip=::1, lip=::1, mpid=11311, secured, session=<ssKgaOXK1KcAAAAAAAAAAAAAAAAAAAAB>
Sep  1 01:58:55 localhost dovecot: imap(adam)<11311><ssKgaOXK1KcAAAAAAAAAAAAAAAAAAAAB>: Logged out in=44 out=492 deleted=0 expunged=0 trashed=0 hdr_count=0 hdr_bytes=0 body_count=0 body_bytes=0
Sep  1 01:58:56 localhost dovecot: imap-login: Login: user=<adam>, method=PLAIN, rip=::1, lip=::1, mpid=11313, secured, session=<Ve2waOXK1qcAAAAAAAAAAAAAAAAAAAAB>
Sep  1 01:58:56 localhost dovecot: imap(adam)<11313><Ve2waOXK1qcAAAAAAAAAAAAAAAAAAAAB>: Logged out in=292 out=2367 deleted=0 expunged=0 trashed=0 hdr_count=4 hdr_bytes=494 body_count=0 body_bytes=0
Sep  1 01:58:56 localhost dovecot: imap-login: Login: user=<adam>, method=PLAIN, rip=::1, lip=::1, mpid=11315, secured, session=<KXK0aOXK2KcAAAAAAAAAAAAAAAAAAAAB>
Sep  1 01:58:56 localhost dovecot: imap(adam)<11315><KXK0aOXK2KcAAAAAAAAAAAAAAAAAAAAB>: Logged out in=82 out=579 deleted=0 expunged=0 trashed=0 hdr_count=0 hdr_bytes=0 body_count=0 body_bytes=0
Sep  1 01:59:14 localhost postfix/anvil[11263]: statistics: max connection rate 1/60s for (smtp:209.85.166.66) at Sep  1 01:55:52
Sep  1 01:59:14 localhost postfix/anvil[11263]: statistics: max connection count 1 for (smtp:209.85.166.66) at Sep  1 01:55:52
Sep  1 01:59:14 localhost postfix/anvil[11263]: statistics: max cache size 1 at Sep  1 01:55:52
Sep  1 01:59:38 localhost kernel: [1303377.254619] [UFW BLOCK] IN=ens3 OUT= MAC=56:00:03:85:82:df:fe:00:03:85:82:df:08:00 SRC=45.143.200.6 DST=158.247.223.84 LEN=40 TOS=0x00 PREC=0x00 TTL=246 ID=17666 PROTO=TCP SPT=59686 DPT=19422 WINDOW=1024 RES=0x00 SYN URGP=0 
Sep  1 01:59:42 localhost kernel: [1303380.603287] [UFW BLOCK] IN=ens3 OUT= MAC=56:00:03:85:82:df:fe:00:03:85:82:df:08:00 SRC=192.241.215.237 DST=158.247.223.84 LEN=40 TOS=0x00 PREC=0x00 TTL=244 ID=54321 PROTO=TCP SPT=40360 DPT=443 WINDOW=65535 RES=0x00 SYN URGP=0 
Sep  1 01:59:49 localhost kernel: [1303387.910757] [UFW BLOCK] IN=ens3 OUT= MAC=56:00:03:85:82:df:fe:00:03:85:82:df:08:00 SRC=192.241.213.192 DST=158.247.223.84 LEN=40 TOS=0x00 PREC=0x00 TTL=244 ID=54321 PROTO=TCP SPT=39376 DPT=443 WINDOW=65535 RES=0x00 SYN URGP=0 
Sep  1 01:59:57 localhost dovecot: imap-login: Login: user=<adam>, method=PLAIN, rip=::1, lip=::1, mpid=11329, secured, session=<d1ZRbOXK2qcAAAAAAAAAAAAAAAAAAAAB>
Sep  1 01:59:57 localhost dovecot: imap(adam)<11329><d1ZRbOXK2qcAAAAAAAAAAAAAAAAAAAAB>: Logged out in=119 out=1076 deleted=0 expunged=0 trashed=0 hdr_count=0 hdr_bytes=0 body_count=0 body_bytes=0
Sep  1 01:59:58 localhost kernel: [1303396.594884] [UFW BLOCK] IN=ens3 OUT= MAC=56:00:03:85:82:df:fe:00:03:85:82:df:08:00 SRC=111.7.96.136 DST=158.247.223.84 LEN=52 TOS=0x00 PREC=0x00 TTL=42 ID=18230 PROTO=TCP SPT=19254 DPT=6062 WINDOW=65535 RES=0x00 SYN URGP=0 
Sep  1 02:00:23 localhost kernel: [1303421.397384] [UFW BLOCK] IN=ens3 OUT= MAC=56:00:03:85:82:df:fe:00:03:85:82:df:08:00 SRC=92.63.197.101 DST=158.247.223.84 LEN=40 TOS=0x00 PREC=0x00 TTL=240 ID=22293 PROTO=TCP SPT=51891 DPT=11608 WINDOW=1024 RES=0x00 SYN URGP=0 
Sep  1 02:00:49 localhost kernel: [1303447.513689] [UFW BLOCK] IN=ens3 OUT= MAC=56:00:03:85:82:df:fe:00:03:85:82:df:08:00 SRC=93.174.93.33 DST=158.247.223.84 LEN=40 TOS=0x00 PREC=0x00 TTL=239 ID=37629 PROTO=TCP SPT=50234 DPT=32365 WINDOW=1024 RES=0x00 SYN URGP=0 
Sep  1 02:00:57 localhost dovecot: imap-login: Login: user=<adam>, method=PLAIN, rip=::1, lip=::1, mpid=11339, secured, session=<X6Hlb+XK3KcAAAAAAAAAAAAAAAAAAAAB>
Sep  1 02:00:57 localhost dovecot: imap(adam)<11339><X6Hlb+XK3KcAAAAAAAAAAAAAAAAAAAAB>: Logged out in=119 out=1076 deleted=0 expunged=0 trashed=0 hdr_count=0 hdr_bytes=0 body_count=0 body_bytes=0
Sep  1 02:01:29 localhost kernel: [1303487.789072] [UFW BLOCK] IN=ens3 OUT= MAC=56:00:03:85:82:df:fe:00:03:85:82:df:08:00 SRC=45.146.164.196 DST=158.247.223.84 LEN=40 TOS=0x00 PREC=0x00 TTL=244 ID=56067 PROTO=TCP SPT=8080 DPT=9310 WINDOW=1024 RES=0x00 SYN URGP=0 
Sep  1 02:01:32 localhost kernel: [1303490.760964] [UFW BLOCK] IN=ens3 OUT= MAC=56:00:03:85:82:df:fe:00:03:85:82:df:08:00 SRC=89.248.165.59 DST=158.247.223.84 LEN=40 TOS=0x00 PREC=0x00 TTL=239 ID=8566 PROTO=TCP SPT=43976 DPT=7999 WINDOW=1024 RES=0x00 SYN URGP=0 
Sep  1 02:01:44 localhost postfix/qmgr[11025]: 78D4464E9: from=<testagin@microsoft.com>, size=332, nrcpt=3 (queue active)
Sep  1 02:01:44 localhost postfix/qmgr[11025]: 46E0FA3FB: from=<>, size=2184, nrcpt=1 (queue active)
Sep  1 02:01:44 localhost postfix/qmgr[11025]: 42527655C: from=<MAILER@MAILER.MAILER.COM>, size=306, nrcpt=4 (queue active)
Sep  1 02:01:44 localhost postfix/qmgr[11025]: 0B559C949: from=<adam@carpent.us>, size=2979, nrcpt=3 (queue active)
Sep  1 02:01:55 localhost kernel: [1303514.058798] [UFW BLOCK] IN=ens3 OUT= MAC=56:00:03:85:82:df:fe:00:03:85:82:df:08:00 SRC=123.56.224.135 DST=158.247.223.84 LEN=40 TOS=0x00 PREC=0x00 TTL=46 ID=28551 PROTO=TCP SPT=57329 DPT=23 WINDOW=50409 RES=0x00 SYN URGP=0 
Sep  1 02:01:57 localhost dovecot: imap-login: Login: user=<adam>, method=PLAIN, rip=::1, lip=::1, mpid=11367, secured, session=<9B54c+XK5qcAAAAAAAAAAAAAAAAAAAAB>
Sep  1 02:01:57 localhost dovecot: imap(adam)<11367><9B54c+XK5qcAAAAAAAAAAAAAAAAAAAAB>: Logged out in=119 out=1076 deleted=0 expunged=0 trashed=0 hdr_count=0 hdr_bytes=0 body_count=0 body_bytes=0
Sep  1 02:01:58 localhost kernel: [1303517.194578] [UFW BLOCK] IN=ens3 OUT= MAC=56:00:03:85:82:df:fe:00:03:85:82:df:08:00 SRC=124.36.241.24 DST=158.247.223.84 LEN=40 TOS=0x00 PREC=0x00 TTL=47 ID=39629 PROTO=TCP SPT=7823 DPT=23 WINDOW=15023 RES=0x00 SYN URGP=0 
Sep  1 02:02:14 localhost postfix/smtp[11349]: connect to mail.ethmail.cc[128.199.34.175]:25: Connection timed out
Sep  1 02:02:14 localhost postfix/smtp[11349]: 78D4464E9: to=<0xc514f094370cfc5ee45a1dd9b72bb9675efe266f@ethmail.cc>, orig_to=<idiotheee@plemma.cc>, relay=none, delay=549, delays=519/0.04/30/0, dsn=4.4.1, status=deferred (connect to mail.ethmail.cc[128.199.34.175]:25: Connection timed out)
Sep  1 02:02:14 localhost postfix/smtp[11351]: connect to mail.ethmail.cc[128.199.34.175]:25: Connection timed out
Sep  1 02:02:14 localhost postfix/smtp[11351]: 42527655C: to=<0xc514f094370cfc5ee45a1dd9b72bb9675efe266f@ethmail.cc>, orig_to=<IVAN@ERMCCORP.COM>, relay=none, delay=482, delays=452/0.03/30/0, dsn=4.4.1, status=deferred (connect to mail.ethmail.cc[128.199.34.175]:25: Connection timed out)
Sep  1 02:02:14 localhost postfix/smtp[11352]: connect to mail.ethmail.cc[128.199.34.175]:25: Connection timed out
Sep  1 02:02:14 localhost postfix/smtp[11352]: 0B559C949: to=<0xc514f094370cfc5ee45a1dd9b72bb9675efe266f@ethmail.cc>, orig_to=<root@plemma.cc>, relay=none, delay=381, delays=350/0.04/30/0, dsn=4.4.1, status=deferred (connect to mail.ethmail.cc[128.199.34.175]:25: Connection timed out)
Sep  1 02:02:15 localhost postfix/smtp[11350]: connect to microsoft-com.mail.protection.outlook.com[40.93.207.1]:25: Connection timed out
Sep  1 02:02:20 localhost kernel: [1303539.102588] [UFW BLOCK] IN=ens3 OUT= MAC=56:00:03:85:82:df:fe:00:03:85:82:df:08:00 SRC=124.36.241.24 DST=158.247.223.84 LEN=40 TOS=0x00 PREC=0x00 TTL=47 ID=39629 PROTO=TCP SPT=7823 DPT=23 WINDOW=15023 RES=0x00 SYN URGP=0 
Sep  1 02:02:45 localhost postfix/smtp[11350]: connect to microsoft-com.mail.protection.outlook.com[52.101.24.0]:25: Connection timed out
Sep  1 02:02:45 localhost postfix/smtp[11350]: 46E0FA3FB: to=<testagin@microsoft.com>, relay=none, delay=555, delays=494/0.02/61/0, dsn=4.4.1, status=deferred (connect to microsoft-com.mail.protection.outlook.com[52.101.24.0]:25: Connection timed out)
Sep  1 02:02:56 localhost kernel: [1303575.246757] [UFW BLOCK] IN=ens3 OUT= MAC=56:00:03:85:82:df:fe:00:03:85:82:df:08:00 SRC=50.222.125.194 DST=158.247.223.84 LEN=60 TOS=0x00 PREC=0x00 TTL=51 ID=63572 DF PROTO=TCP SPT=35906 DPT=80 WINDOW=64240 RES=0x00 SYN URGP=0 
Sep  1 02:02:57 localhost dovecot: imap-login: Login: user=<adam>, method=PLAIN, rip=::1, lip=::1, mpid=11382, secured, session=<UnIMd+XK6qcAAAAAAAAAAAAAAAAAAAAB>
Sep  1 02:02:57 localhost dovecot: imap(adam)<11382><UnIMd+XK6qcAAAAAAAAAAAAAAAAAAAAB>: Logged out in=119 out=1076 deleted=0 expunged=0 trashed=0 hdr_count=0 hdr_bytes=0 body_count=0 body_bytes=0
Sep  1 02:03:30 localhost kernel: [1303608.716586] [UFW BLOCK] IN=ens3 OUT= MAC=56:00:03:85:82:df:fe:00:03:85:82:df:08:00 SRC=45.143.200.46 DST=158.247.223.84 LEN=40 TOS=0x00 PREC=0x00 TTL=246 ID=6704 PROTO=TCP SPT=59697 DPT=20992 WINDOW=1024 RES=0x00 SYN URGP=0 
Sep  1 02:03:43 localhost kernel: [1303621.786127] [UFW BLOCK] IN=ens3 OUT= MAC=56:00:03:85:82:df:fe:00:03:85:82:df:08:00 SRC=45.155.205.117 DST=158.247.223.84 LEN=40 TOS=0x00 PREC=0x00 TTL=244 ID=8841 PROTO=TCP SPT=41288 DPT=12853 WINDOW=1024 RES=0x00 SYN URGP=0 
Sep  1 02:03:56 localhost kernel: [1303635.173659] [UFW BLOCK] IN=ens3 OUT= MAC=56:00:03:85:82:df:fe:00:03:85:82:df:08:00 SRC=50.222.125.194 DST=158.247.223.84 LEN=60 TOS=0x00 PREC=0x00 TTL=51 ID=55161 DF PROTO=TCP SPT=36246 DPT=80 WINDOW=64240 RES=0x00 SYN URGP=0 
Sep  1 02:03:57 localhost dovecot: imap-login: Login: user=<adam>, method=PLAIN, rip=::1, lip=::1, mpid=11392, secured, session=<s/ieeuXK7KcAAAAAAAAAAAAAAAAAAAAB>
Sep  1 02:03:57 localhost dovecot: imap(adam)<11392><s/ieeuXK7KcAAAAAAAAAAAAAAAAAAAAB>: Logged out in=119 out=1076 deleted=0 expunged=0 trashed=0 hdr_count=0 hdr_bytes=0 body_count=0 body_bytes=0
Sep  1 02:03:58 localhost kernel: [1303636.885302] [UFW BLOCK] IN=ens3 OUT= MAC=56:00:03:85:82:df:fe:00:03:85:82:df:08:00 SRC=92.63.197.101 DST=158.247.223.84 LEN=40 TOS=0x00 PREC=0x00 TTL=239 ID=9115 PROTO=TCP SPT=51891 DPT=11045 WINDOW=1024 RES=0x00 SYN URGP=0 
Sep  1 02:04:22 localhost kernel: [1303660.451732] [UFW BLOCK] IN=ens3 OUT= MAC=56:00:03:85:82:df:fe:00:03:85:82:df:08:00 SRC=74.120.14.94 DST=158.247.223.84 LEN=44 TOS=0x00 PREC=0x00 TTL=42 ID=26654 PROTO=TCP SPT=7167 DPT=21284 WINDOW=1024 RES=0x00 SYN URGP=0 
Sep  1 02:04:39 localhost kernel: [1303677.623559] [UFW BLOCK] IN=ens3 OUT= MAC=56:00:03:85:82:df:fe:00:03:85:82:df:08:00 SRC=50.222.125.194 DST=158.247.223.84 LEN=60 TOS=0x00 PREC=0x00 TTL=51 ID=60901 DF PROTO=TCP SPT=36316 DPT=80 WINDOW=64240 RES=0x00 SYN URGP=0 
Sep  1 02:04:39 localhost dovecot: imap-login: Login: user=<adam>, method=PLAIN, rip=::1, lip=::1, mpid=11399, secured, session=<SAcnfeXK7qcAAAAAAAAAAAAAAAAAAAAB>
Sep  1 02:04:39 localhost dovecot: imap(adam)<11399><SAcnfeXK7qcAAAAAAAAAAAAAAAAAAAAB>: Logged out in=44 out=492 deleted=0 expunged=0 trashed=0 hdr_count=0 hdr_bytes=0 body_count=0 body_bytes=0
Sep  1 02:04:40 localhost dovecot: imap-login: Login: user=<adam>, method=PLAIN, rip=::1, lip=::1, mpid=11402, secured, session=<nyA7feXK8KcAAAAAAAAAAAAAAAAAAAAB>
Sep  1 02:04:40 localhost dovecot: imap(adam)<11402><nyA7feXK8KcAAAAAAAAAAAAAAAAAAAAB>: Logged out in=82 out=579 deleted=0 expunged=0 trashed=0 hdr_count=0 hdr_bytes=0 body_count=0 body_bytes=0
Sep  1 02:04:40 localhost dovecot: imap-login: Login: user=<adam>, method=PLAIN, rip=::1, lip=::1, mpid=11404, secured, session=<1V47feXK8qcAAAAAAAAAAAAAAAAAAAAB>
Sep  1 02:04:40 localhost dovecot: imap(adam)<11404><1V47feXK8qcAAAAAAAAAAAAAAAAAAAAB>: Logged out in=292 out=2367 deleted=0 expunged=0 trashed=0 hdr_count=4 hdr_bytes=494 body_count=0 body_bytes=0
Sep  1 02:04:44 localhost dovecot: imap-login: Login: user=<adam>, method=PLAIN, rip=::1, lip=::1, mpid=11406, secured, session=<e6pqfeXK9KcAAAAAAAAAAAAAAAAAAAAB>
Sep  1 02:04:44 localhost dovecot: imap(adam)<11406><e6pqfeXK9KcAAAAAAAAAAAAAAAAAAAAB>: Logged out in=387 out=2141 deleted=0 expunged=0 trashed=0 hdr_count=1 hdr_bytes=335 body_count=1 body_bytes=335
Sep  1 02:04:59 localhost kernel: [1303698.288555] [UFW BLOCK] IN=ens3 OUT= MAC=56:00:03:85:82:df:fe:00:03:85:82:df:08:00 SRC=93.174.93.33 DST=158.247.223.84 LEN=40 TOS=0x00 PREC=0x00 TTL=239 ID=18957 PROTO=TCP SPT=50234 DPT=33482 WINDOW=1024 RES=0x00 SYN URGP=0 
Sep  1 02:05:05 localhost dovecot: imap-login: Login: user=<adam>, method=PLAIN, rip=::1, lip=::1, mpid=11413, secured, session=<fXCxfuXK9qcAAAAAAAAAAAAAAAAAAAAB>
Sep  1 02:05:05 localhost dovecot: imap(adam)<11413><fXCxfuXK9qcAAAAAAAAAAAAAAAAAAAAB>: Logged out in=44 out=492 deleted=0 expunged=0 trashed=0 hdr_count=0 hdr_bytes=0 body_count=0 body_bytes=0
Sep  1 02:05:07 localhost dovecot: imap-login: Login: user=<adam>, method=PLAIN, rip=::1, lip=::1, mpid=11415, secured, session=<qZnOfuXK+KcAAAAAAAAAAAAAAAAAAAAB>
Sep  1 02:05:07 localhost dovecot: imap(adam)<11415><qZnOfuXK+KcAAAAAAAAAAAAAAAAAAAAB>: Logged out in=292 out=2367 deleted=0 expunged=0 trashed=0 hdr_count=4 hdr_bytes=494 body_count=0 body_bytes=0
Sep  1 02:05:07 localhost dovecot: imap-login: Login: user=<adam>, method=PLAIN, rip=::1, lip=::1, mpid=11417, secured, session=<TkTSfuXK+qcAAAAAAAAAAAAAAAAAAAAB>
Sep  1 02:05:07 localhost dovecot: imap(adam)<11417><TkTSfuXK+qcAAAAAAAAAAAAAAAAAAAAB>: Logged out in=82 out=579 deleted=0 expunged=0 trashed=0 hdr_count=0 hdr_bytes=0 body_count=0 body_bytes=0
Sep  1 02:05:09 localhost dovecot: imap-login: Login: user=<adam>, method=PLAIN, rip=::1, lip=::1, mpid=11419, secured, session=<TvrvfuXK/KcAAAAAAAAAAAAAAAAAAAAB>
Sep  1 02:05:09 localhost dovecot: imap(adam)<11419><TvrvfuXK/KcAAAAAAAAAAAAAAAAAAAAB>: Logged out in=44 out=492 deleted=0 expunged=0 trashed=0 hdr_count=0 hdr_bytes=0 body_count=0 body_bytes=0
Sep  1 02:05:10 localhost dovecot: imap-login: Login: user=<adam>, method=PLAIN, rip=::1, lip=::1, mpid=11421, secured, session=<SKr7fuXK/qcAAAAAAAAAAAAAAAAAAAAB>
Sep  1 02:05:10 localhost dovecot: imap(adam)<11421><SKr7fuXK/qcAAAAAAAAAAAAAAAAAAAAB>: Logged out in=292 out=2367 deleted=0 expunged=0 trashed=0 hdr_count=4 hdr_bytes=494 body_count=0 body_bytes=0
Sep  1 02:05:10 localhost dovecot: imap-login: Login: user=<adam>, method=PLAIN, rip=::1, lip=::1, mpid=11423, secured, session=<khEAf+XKAKgAAAAAAAAAAAAAAAAAAAAB>
Sep  1 02:05:10 localhost dovecot: imap(adam)<11423><khEAf+XKAKgAAAAAAAAAAAAAAAAAAAAB>: Logged out in=82 out=579 deleted=0 expunged=0 trashed=0 hdr_count=0 hdr_bytes=0 body_count=0 body_bytes=0
Sep  1 02:05:11 localhost dovecot: imap-login: Login: user=<adam>, method=PLAIN, rip=::1, lip=::1, mpid=11427, secured, session=<bjwSf+XKAqgAAAAAAAAAAAAAAAAAAAAB>
Sep  1 02:05:11 localhost dovecot: imap(adam)<11427><bjwSf+XKAqgAAAAAAAAAAAAAAAAAAAAB>: Logged out in=351 out=1416 deleted=0 expunged=0 trashed=0 hdr_count=1 hdr_bytes=188 body_count=0 body_bytes=0
Sep  1 02:05:13 localhost dovecot: imap-login: Login: user=<adam>, method=PLAIN, rip=::1, lip=::1, mpid=11429, secured, session=<i0Ysf+XKBKgAAAAAAAAAAAAAAAAAAAAB>
Sep  1 02:05:13 localhost dovecot: imap(adam)<11429><i0Ysf+XKBKgAAAAAAAAAAAAAAAAAAAAB>: Logged out in=387 out=2141 deleted=0 expunged=0 trashed=0 hdr_count=1 hdr_bytes=335 body_count=1 body_bytes=335
Sep  1 02:05:14 localhost dovecot: imap-login: Login: user=<adam>, method=PLAIN, rip=::1, lip=::1, mpid=11431, secured, session=<nwNAf+XKBqgAAAAAAAAAAAAAAAAAAAAB>
Sep  1 02:05:14 localhost dovecot: imap(adam)<11431><nwNAf+XKBqgAAAAAAAAAAAAAAAAAAAAB>: Logged out in=44 out=492 deleted=0 expunged=0 trashed=0 hdr_count=0 hdr_bytes=0 body_count=0 body_bytes=0
Sep  1 02:05:15 localhost dovecot: imap-login: Login: user=<adam>, method=PLAIN, rip=::1, lip=::1, mpid=11433, secured, session=<S3xNf+XKCKgAAAAAAAAAAAAAAAAAAAAB>
Sep  1 02:05:15 localhost dovecot: imap(adam)<11433><S3xNf+XKCKgAAAAAAAAAAAAAAAAAAAAB>: Logged out in=292 out=2367 deleted=0 expunged=0 trashed=0 hdr_count=4 hdr_bytes=494 body_count=0 body_bytes=0
Sep  1 02:05:15 localhost dovecot: imap-login: Login: user=<adam>, method=PLAIN, rip=::1, lip=::1, mpid=11435, secured, session=<wttRf+XKCqgAAAAAAAAAAAAAAAAAAAAB>
Sep  1 02:05:15 localhost dovecot: imap(adam)<11435><wttRf+XKCqgAAAAAAAAAAAAAAAAAAAAB>: Logged out in=82 out=579 deleted=0 expunged=0 trashed=0 hdr_count=0 hdr_bytes=0 body_count=0 body_bytes=0
Sep  1 02:05:17 localhost postfix/smtpd[11436]: connect from mail-ej1-f46.google.com[209.85.218.46]
Sep  1 02:05:18 localhost postfix/trivial-rewrite[11439]: warning: do not list domain ermccorp.com in BOTH mydestination and virtual_alias_domains
Sep  1 02:05:18 localhost postfix/smtpd[11436]: E4748C94F: client=mail-ej1-f46.google.com[209.85.218.46]
Sep  1 02:05:18 localhost postfix/cleanup[11440]: E4748C94F: message-id=<CABQdkONHp--vF2nfEgFg4j9A0hJVkL_BMUERzim75yt9oP7L3Q@mail.gmail.com>
Sep  1 02:05:18 localhost postfix/qmgr[11025]: E4748C94F: from=<adamdrakul@gmail.com>, size=2966, nrcpt=4 (queue active)
Sep  1 02:05:18 localhost postfix/trivial-rewrite[11439]: warning: do not list domain fromthemachine.org in BOTH mydestination and virtual_alias_domains
Sep  1 02:05:18 localhost postfix/local[11442]: E4748C94F: to=<adam@localhost>, orig_to=<adam@ermccorp.com>, relay=local, delay=0.04, delays=0.02/0.03/0/0, dsn=2.0.0, status=sent (delivered to maildir)
Sep  1 02:05:18 localhost postfix/error[11441]: E4748C94F: to=<0xc514f094370cfc5ee45a1dd9b72bb9675efe266f@ethmail.cc>, orig_to=<adam@ermccorp.com>, relay=none, delay=0.07, delays=0.02/0.03/0/0.02, dsn=4.4.1, status=deferred (delivery temporarily suspended: connect to mail.ethmail.cc[128.199.34.175]:25: Connection timed out)
Sep  1 02:05:18 localhost postfix/local[11442]: E4748C94F: to=<ftm@fromthemachine.org>, orig_to=<adam@ermccorp.com>, relay=local, delay=0.07, delays=0.02/0.03/0/0.03, dsn=5.1.1, status=bounced (unknown user: "ftm")
Sep  1 02:05:18 localhost postfix/smtp[11443]: E4748C94F: to=<adam.e@localhsot>, orig_to=<adam@ermccorp.com>, relay=none, delay=0.06, delays=0.02/0.04/0.01/0, dsn=5.4.4, status=bounced (Host or domain name not found. Name service error for name=localhsot type=AAAA: Host not found)
Sep  1 02:05:19 localhost postfix/cleanup[11440]: F41A7CC38: message-id=<20210901020518.F41A7CC38@plemma.cc>
Sep  1 02:05:19 localhost postfix/qmgr[11025]: F41A7CC38: from=<>, size=5218, nrcpt=1 (queue active)
Sep  1 02:05:19 localhost postfix/bounce[11446]: E4748C94F: sender non-delivery notification: F41A7CC38
Sep  1 02:05:19 localhost postfix/smtp[11443]: connect to gmail-smtp-in.l.google.com[2404:6800:4008:c01::1b]:25: Network is unreachable
Sep  1 02:05:19 localhost postfix/smtpd[11436]: disconnect from mail-ej1-f46.google.com[209.85.218.46] ehlo=2 starttls=1 mail=1 rcpt=1 bdat=1 quit=1 commands=7
Sep  1 02:05:44 localhost kernel: [1303742.811604] [UFW BLOCK] IN=ens3 OUT= MAC=56:00:03:85:82:df:fe:00:03:85:82:df:08:00 SRC=50.222.125.194 DST=158.247.223.84 LEN=60 TOS=0x00 PREC=0x00 TTL=51 ID=11521 DF PROTO=TCP SPT=36442 DPT=80 WINDOW=64240 RES=0x00 SYN URGP=0 
Sep  1 02:05:44 localhost dovecot: imap-login: Login: user=<adam>, method=PLAIN, rip=::1, lip=::1, mpid=11463, secured, session=<1CYJgeXKDqgAAAAAAAAAAAAAAAAAAAAB>
Sep  1 02:05:44 localhost dovecot: imap(adam)<11463><1CYJgeXKDqgAAAAAAAAAAAAAAAAAAAAB>: Logged out in=44 out=492 deleted=0 expunged=0 trashed=0 hdr_count=0 hdr_bytes=0 body_count=0 body_bytes=0
Sep  1 02:05:44 localhost kernel: [1303743.286197] [UFW BLOCK] IN=ens3 OUT= MAC=56:00:03:85:82:df:fe:00:03:85:82:df:08:00 SRC=93.174.93.33 DST=158.247.223.84 LEN=40 TOS=0x00 PREC=0x00 TTL=240 ID=31120 PROTO=TCP SPT=50234 DPT=32797 WINDOW=1024 RES=0x00 SYN URGP=0 
Sep  1 02:05:45 localhost dovecot: imap-login: Login: user=<adam>, method=PLAIN, rip=::1, lip=::1, mpid=11465, secured, session=<7f8ageXKEKgAAAAAAAAAAAAAAAAAAAAB>
Sep  1 02:05:45 localhost dovecot: imap(adam)<11465><7f8ageXKEKgAAAAAAAAAAAAAAAAAAAAB>: Logged out in=292 out=2846 deleted=0 expunged=0 trashed=0 hdr_count=5 hdr_bytes=705 body_count=0 body_bytes=0
Sep  1 02:05:46 localhost dovecot: imap-login: Login: user=<adam>, method=PLAIN, rip=::1, lip=::1, mpid=11467, secured, session=<Yo4egeXKEqgAAAAAAAAAAAAAAAAAAAAB>
Sep  1 02:05:46 localhost dovecot: imap(adam)<11467><Yo4egeXKEqgAAAAAAAAAAAAAAAAAAAAB>: Logged out in=82 out=579 deleted=0 expunged=0 trashed=0 hdr_count=0 hdr_bytes=0 body_count=0 body_bytes=0
Sep  1 02:05:47 localhost dovecot: imap-login: Login: user=<adam>, method=PLAIN, rip=::1, lip=::1, mpid=11469, secured, session=<5yk4geXKFKgAAAAAAAAAAAAAAAAAAAAB>
Sep  1 02:05:47 localhost dovecot: imap(adam)<11469><5yk4geXKFKgAAAAAAAAAAAAAAAAAAAAB>: Logged out in=428 out=2225 deleted=0 expunged=0 trashed=0 hdr_count=1 hdr_bytes=330 body_count=1 body_bytes=340
Sep  1 02:05:49 localhost postfix/smtp[11443]: connect to gmail-smtp-in.l.google.com[108.177.125.27]:25: Connection timed out
Sep  1 02:05:49 localhost postfix/smtp[11443]: connect to alt1.gmail-smtp-in.l.google.com[2607:f8b0:4023:c0b::1a]:25: Network is unreachable
Sep  1 02:05:52 localhost dovecot: imap-login: Login: user=<adam>, method=PLAIN, rip=::1, lip=::1, mpid=11471, secured, session=<ooJ6geXKGKgAAAAAAAAAAAAAAAAAAAAB>
Sep  1 02:05:52 localhost dovecot: imap(adam)<11471><ooJ6geXKGKgAAAAAAAAAAAAAAAAAAAAB>: Logged out in=387 out=2151 deleted=0 expunged=0 trashed=0 hdr_count=1 hdr_bytes=330 body_count=1 body_bytes=340
Sep  1 02:05:55 localhost dovecot: imap-login: Login: user=<adam>, method=PLAIN, rip=::1, lip=::1, mpid=11473, secured, session=<x/qsgeXKGqgAAAAAAAAAAAAAAAAAAAAB>
Sep  1 02:05:55 localhost dovecot: imap(adam)<11473><x/qsgeXKGqgAAAAAAAAAAAAAAAAAAAAB>: Logged out in=44 out=492 deleted=0 expunged=0 trashed=0 hdr_count=0 hdr_bytes=0 body_count=0 body_bytes=0
Sep  1 02:05:56 localhost dovecot: imap-login: Login: user=<adam>, method=PLAIN, rip=::1, lip=::1, mpid=11475, secured, session=<2GW9geXKHKgAAAAAAAAAAAAAAAAAAAAB>
Sep  1 02:05:56 localhost dovecot: imap(adam)<11475><2GW9geXKHKgAAAAAAAAAAAAAAAAAAAAB>: Logged out in=292 out=2797 deleted=0 expunged=0 trashed=0 hdr_count=5 hdr_bytes=705 body_count=0 body_bytes=0
Sep  1 02:05:56 localhost dovecot: imap-login: Login: user=<adam>, method=PLAIN, rip=::1, lip=::1, mpid=11477, secured, session=<Z7rAgeXKHqgAAAAAAAAAAAAAAAAAAAAB>
Sep  1 02:05:56 localhost dovecot: imap(adam)<11477><Z7rAgeXKHqgAAAAAAAAAAAAAAAAAAAAB>: Logged out in=82 out=579 deleted=0 expunged=0 trashed=0 hdr_count=0 hdr_bytes=0 body_count=0 body_bytes=0
Sep  1 02:06:07 localhost kernel: [1303765.556718] [UFW BLOCK] IN=ens3 OUT= MAC=56:00:03:85:82:df:fe:00:03:85:82:df:08:00 SRC=45.155.205.117 DST=158.247.223.84 LEN=40 TOS=0x00 PREC=0x00 TTL=244 ID=45824 PROTO=TCP SPT=41288 DPT=12276 WINDOW=1024 RES=0x00 SYN URGP=0 
Sep  1 02:06:12 localhost dovecot: imap-login: Login: user=<adam>, method=PLAIN, rip=::1, lip=::1, mpid=11479, secured, session=<m1GpguXKIKgAAAAAAAAAAAAAAAAAAAAB>
Sep  1 02:06:12 localhost dovecot: imap(adam)<11479><m1GpguXKIKgAAAAAAAAAAAAAAAAAAAAB>: Logged out in=387 out=2151 deleted=0 expunged=0 trashed=0 hdr_count=1 hdr_bytes=330 body_count=1 body_bytes=340
Sep  1 02:06:13 localhost dovecot: imap-login: Login: user=<adam>, method=PLAIN, rip=::1, lip=::1, mpid=11483, secured, session=<AeLGguXKIqgAAAAAAAAAAAAAAAAAAAAB>
Sep  1 02:06:13 localhost dovecot: imap(adam)<11483><AeLGguXKIqgAAAAAAAAAAAAAAAAAAAAB>: Logged out in=387 out=2141 deleted=0 expunged=0 trashed=0 hdr_count=1 hdr_bytes=335 body_count=1 body_bytes=335
Sep  1 02:06:14 localhost dovecot: imap-login: Login: user=<adam>, method=PLAIN, rip=::1, lip=::1, mpid=11486, secured, session=<+NHVguXKJKgAAAAAAAAAAAAAAAAAAAAB>
Sep  1 02:06:14 localhost dovecot: imap(adam)<11486><+NHVguXKJKgAAAAAAAAAAAAAAAAAAAAB>: Logged out in=351 out=1416 deleted=0 expunged=0 trashed=0 hdr_count=1 hdr_bytes=188 body_count=0 body_bytes=0
Sep  1 02:06:15 localhost dovecot: imap-login: Login: user=<adam>, method=PLAIN, rip=::1, lip=::1, mpid=11488, secured, session=<jM7kguXKJqgAAAAAAAAAAAAAAAAAAAAB>
Sep  1 02:06:15 localhost dovecot: imap(adam)<11488><jM7kguXKJqgAAAAAAAAAAAAAAAAAAAAB>: Logged out in=388 out=1522 deleted=0 expunged=0 trashed=0 hdr_count=1 hdr_bytes=180 body_count=1 body_bytes=28
Sep  1 02:06:17 localhost dovecot: imap-login: Login: user=<adam>, method=PLAIN, rip=::1, lip=::1, mpid=11491, secured, session=<YV33guXKKKgAAAAAAAAAAAAAAAAAAAAB>
Sep  1 02:06:17 localhost dovecot: imap(adam)<11491><YV33guXKKKgAAAAAAAAAAAAAAAAAAAAB>: Logged out in=388 out=1516 deleted=0 expunged=0 trashed=0 hdr_count=1 hdr_bytes=166 body_count=1 body_bytes=36
Sep  1 02:06:18 localhost dovecot: imap-login: Login: user=<adam>, method=PLAIN, rip=::1, lip=::1, mpid=11493, secured, session=<zlgLg+XKKqgAAAAAAAAAAAAAAAAAAAAB>
Sep  1 02:06:18 localhost dovecot: imap(adam)<11493><zlgLg+XKKqgAAAAAAAAAAAAAAAAAAAAB>: Logged out in=387 out=2141 deleted=0 expunged=0 trashed=0 hdr_count=1 hdr_bytes=335 body_count=1 body_bytes=335
Sep  1 02:06:19 localhost postfix/smtp[11443]: connect to alt1.gmail-smtp-in.l.google.com[142.250.141.26]:25: Connection timed out
Sep  1 02:06:19 localhost postfix/smtp[11443]: connect to alt2.gmail-smtp-in.l.google.com[2607:f8b0:4023:1004::1b]:25: Network is unreachable
Sep  1 02:06:19 localhost postfix/smtp[11443]: F41A7CC38: to=<adamdrakul@gmail.com>, relay=none, delay=60, delays=0/0/60/0, dsn=4.4.1, status=deferred (connect to alt2.gmail-smtp-in.l.google.com[2607:f8b0:4023:1004::1b]:25: Network is unreachable)
Sep  1 02:06:19 localhost dovecot: imap-login: Login: user=<adam>, method=PLAIN, rip=::1, lip=::1, mpid=11495, secured, session=<HToXg+XKLKgAAAAAAAAAAAAAAAAAAAAB>
Sep  1 02:06:19 localhost dovecot: imap(adam)<11495><HToXg+XKLKgAAAAAAAAAAAAAAAAAAAAB>: Logged out in=387 out=2151 deleted=0 expunged=0 trashed=0 hdr_count=1 hdr_bytes=330 body_count=1 body_bytes=340
Sep  1 02:06:23 localhost kernel: [1303781.367965] [UFW BLOCK] IN=ens3 OUT= MAC=56:00:03:85:82:df:fe:00:03:85:82:df:08:00 SRC=50.222.125.194 DST=158.247.223.84 LEN=60 TOS=0x00 PREC=0x00 TTL=51 ID=298 DF PROTO=TCP SPT=36518 DPT=80 WINDOW=64240 RES=0x00 SYN URGP=0 
Sep  1 02:06:23 localhost dovecot: imap-login: Login: user=<adam>, method=PLAIN, rip=::1, lip=::1, mpid=11498, secured, session=<TXBVg+XKLqgAAAAAAAAAAAAAAAAAAAAB>
Sep  1 02:06:23 localhost dovecot: imap(adam)<11498><TXBVg+XKLqgAAAAAAAAAAAAAAAAAAAAB>: Logged out in=388 out=1516 deleted=0 expunged=0 trashed=0 hdr_count=1 hdr_bytes=166 body_count=1 body_bytes=36
Sep  1 02:06:23 localhost dovecot: imap-login: Login: user=<adam>, method=PLAIN, rip=::1, lip=::1, mpid=11500, secured, session=<OJBeg+XKMKgAAAAAAAAAAAAAAAAAAAAB>
Sep  1 02:06:23 localhost dovecot: imap(adam)<11500><OJBeg+XKMKgAAAAAAAAAAAAAAAAAAAAB>: Logged out in=388 out=1522 deleted=0 expunged=0 trashed=0 hdr_count=1 hdr_bytes=180 body_count=1 body_bytes=28
Sep  1 02:06:24 localhost dovecot: imap-login: Login: user=<adam>, method=PLAIN, rip=::1, lip=::1, mpid=11502, secured, session=<eItng+XKMqgAAAAAAAAAAAAAAAAAAAAB>
Sep  1 02:06:24 localhost dovecot: imap(adam)<11502><eItng+XKMqgAAAAAAAAAAAAAAAAAAAAB>: Logged out in=351 out=1416 deleted=0 expunged=0 trashed=0 hdr_count=1 hdr_bytes=188 body_count=0 body_bytes=0
Sep  1 02:06:25 localhost dovecot: imap-login: Login: user=<adam>, method=PLAIN, rip=::1, lip=::1, mpid=11504, secured, session=<maJxg+XKNKgAAAAAAAAAAAAAAAAAAAAB>
Sep  1 02:06:25 localhost dovecot: imap(adam)<11504><maJxg+XKNKgAAAAAAAAAAAAAAAAAAAAB>: Logged out in=387 out=2141 deleted=0 expunged=0 trashed=0 hdr_count=1 hdr_bytes=335 body_count=1 body_bytes=335
Sep  1 02:06:25 localhost dovecot: imap-login: Login: user=<adam>, method=PLAIN, rip=::1, lip=::1, mpid=11506, secured, session=<ucd8g+XKNqgAAAAAAAAAAAAAAAAAAAAB>
Sep  1 02:06:25 localhost dovecot: imap(adam)<11506><ucd8g+XKNqgAAAAAAAAAAAAAAAAAAAAB>: Logged out in=387 out=2151 deleted=0 expunged=0 trashed=0 hdr_count=1 hdr_bytes=330 body_count=1 body_bytes=340
Sep  1 02:06:44 localhost postfix/qmgr[11025]: 0D63ACC35: from=<>, size=4795, nrcpt=1 (queue active)
Sep  1 02:06:44 localhost postfix/smtp[11443]: connect to aspmx.l.google.com[2404:6800:4008:c03::1b]:25: Network is unreachable
Sep  1 02:06:52 localhost kernel: [1303810.590912] [UFW BLOCK] IN=ens3 OUT= MAC=56:00:03:85:82:df:fe:00:03:85:82:df:08:00 SRC=192.241.218.161 DST=158.247.223.84 LEN=40 TOS=0x00 PREC=0x00 TTL=244 ID=54321 PROTO=TCP SPT=42679 DPT=587 WINDOW=65535 RES=0x00 SYN URGP=0 
Sep  1 02:06:57 localhost dovecot: imap-login: Login: user=<adam>, method=PLAIN, rip=::1, lip=::1, mpid=11512, secured, session=<Y0RaheXKOqgAAAAAAAAAAAAAAAAAAAAB>
Sep  1 02:06:57 localhost dovecot: imap(adam)<11512><Y0RaheXKOqgAAAAAAAAAAAAAAAAAAAAB>: Logged out in=119 out=1109 deleted=0 expunged=0 trashed=0 hdr_count=0 hdr_bytes=0 body_count=0 body_bytes=0
Sep  1 02:07:14 localhost postfix/smtp[11443]: connect to aspmx.l.google.com[64.233.189.27]:25: Connection timed out
Sep  1 02:07:14 localhost postfix/smtp[11443]: connect to alt1.aspmx.l.google.com[2607:f8b0:4023:c0b::1b]:25: Network is unreachable
Sep  1 02:07:15 localhost kernel: [1303833.636105] [UFW BLOCK] IN=ens3 OUT= MAC=56:00:03:85:82:df:fe:00:03:85:82:df:08:00 SRC=45.143.200.110 DST=158.247.223.84 LEN=40 TOS=0x00 PREC=0x00 TTL=246 ID=56185 PROTO=TCP SPT=54921 DPT=4752 WINDOW=1024 RES=0x00 SYN URGP=0 
Sep  1 02:07:25 localhost kernel: [1303843.579991] [UFW BLOCK] IN=ens3 OUT= MAC=56:00:03:85:82:df:fe:00:03:85:82:df:08:00 SRC=93.174.93.33 DST=158.247.223.84 LEN=40 TOS=0x00 PREC=0x00 TTL=239 ID=52142 PROTO=TCP SPT=50234 DPT=33158 WINDOW=1024 RES=0x00 SYN URGP=0 
Sep  1 02:07:37 localhost dovecot: imap-login: Login: user=<adam>, method=PLAIN, rip=::1, lip=::1, mpid=11520, secured, session=<G5i9h+XKPqgAAAAAAAAAAAAAAAAAAAAB>
Sep  1 02:07:37 localhost dovecot: imap(adam)<11520><G5i9h+XKPqgAAAAAAAAAAAAAAAAAAAAB>: Logged out in=44 out=492 deleted=0 expunged=0 trashed=0 hdr_count=0 hdr_bytes=0 body_count=0 body_bytes=0
Sep  1 02:07:38 localhost kernel: [1303856.821538] [UFW BLOCK] IN=ens3 OUT= MAC=56:00:03:85:82:df:fe:00:03:85:82:df:08:00 SRC=50.222.125.194 DST=158.247.223.84 LEN=60 TOS=0x00 PREC=0x00 TTL=51 ID=17576 DF PROTO=TCP SPT=36746 DPT=80 WINDOW=64240 RES=0x00 SYN URGP=0 
Sep  1 02:07:38 localhost dovecot: imap-login: Login: user=<adam>, method=PLAIN, rip=::1, lip=::1, mpid=11522, secured, session=<XmbRh+XKQKgAAAAAAAAAAAAAAAAAAAAB>
Sep  1 02:07:38 localhost dovecot: imap(adam)<11522><XmbRh+XKQKgAAAAAAAAAAAAAAAAAAAAB>: Logged out in=292 out=2797 deleted=0 expunged=0 trashed=0 hdr_count=5 hdr_bytes=705 body_count=0 body_bytes=0
Sep  1 02:07:38 localhost dovecot: imap-login: Login: user=<adam>, method=PLAIN, rip=::1, lip=::1, mpid=11524, secured, session=<h93Uh+XKQqgAAAAAAAAAAAAAAAAAAAAB>
Sep  1 02:07:38 localhost dovecot: imap(adam)<11524><h93Uh+XKQqgAAAAAAAAAAAAAAAAAAAAB>: Logged out in=82 out=579 deleted=0 expunged=0 trashed=0 hdr_count=0 hdr_bytes=0 body_count=0 body_bytes=0
Sep  1 02:07:40 localhost dovecot: imap-login: Login: user=<adam>, method=PLAIN, rip=::1, lip=::1, mpid=11526, secured, session=<Q0bqh+XKRKgAAAAAAAAAAAAAAAAAAAAB>
Sep  1 02:07:40 localhost dovecot: imap(adam)<11526><Q0bqh+XKRKgAAAAAAAAAAAAAAAAAAAAB>: Logged out in=44 out=492 deleted=0 expunged=0 trashed=0 hdr_count=0 hdr_bytes=0 body_count=0 body_bytes=0
Sep  1 02:07:43 localhost postfix/smtpd[11527]: connect from mail-ej1-f54.google.com[209.85.218.54]
Sep  1 02:07:43 localhost dovecot: imap-login: Login: user=<adam>, method=PLAIN, rip=::1, lip=::1, mpid=11530, secured, session=<ErobiOXKRqgAAAAAAAAAAAAAAAAAAAAB>
Sep  1 02:07:43 localhost dovecot: imap(adam)<11530><ErobiOXKRqgAAAAAAAAAAAAAAAAAAAAB>: Logged out in=292 out=2797 deleted=0 expunged=0 trashed=0 hdr_count=5 hdr_bytes=705 body_count=0 body_bytes=0
Sep  1 02:07:43 localhost dovecot: imap-login: Login: user=<adam>, method=PLAIN, rip=::1, lip=::1, mpid=11532, secured, session=<UTojiOXKSKgAAAAAAAAAAAAAAAAAAAAB>
Sep  1 02:07:43 localhost dovecot: imap(adam)<11532><UTojiOXKSKgAAAAAAAAAAAAAAAAAAAAB>: Logged out in=82 out=579 deleted=0 expunged=0 trashed=0 hdr_count=0 hdr_bytes=0 body_count=0 body_bytes=0
Sep  1 02:07:44 localhost postfix/smtp[11443]: connect to alt1.aspmx.l.google.com[142.250.141.27]:25: Connection timed out
Sep  1 02:07:44 localhost postfix/smtp[11443]: connect to alt2.aspmx.l.google.com[2607:f8b0:4023:1004::1b]:25: Network is unreachable
Sep  1 02:07:44 localhost postfix/smtp[11443]: 0D63ACC35: to=<adam@carpent.us>, relay=none, delay=710, delays=650/0/60/0, dsn=4.4.1, status=deferred (connect to alt2.aspmx.l.google.com[2607:f8b0:4023:1004::1b]:25: Network is unreachable)
Sep  1 02:07:44 localhost postfix/trivial-rewrite[11439]: warning: do not list domain ermccorp.com in BOTH mydestination and virtual_alias_domains
