Sep  4 00:00:03 localhost rsyslogd:  [origin software="rsyslogd" swVersion="8.1901.0" x-pid="31730" x-info="https://www.rsyslog.com"] rsyslogd was HUPed
Sep  4 00:00:03 localhost systemd[1]: logrotate.service: Succeeded.
Sep  4 00:00:03 localhost systemd[1]: Started Rotate log files.
Sep  4 00:00:03 localhost systemd[1]: man-db.service: Succeeded.
Sep  4 00:00:03 localhost systemd[1]: Started Daily man-db regeneration.
Sep  4 00:00:04 localhost postfix/smtpd[17163]: NOQUEUE: reject: RCPT from mhost02h.leeds.ac.uk[129.11.77.151]: 550 5.1.1 <suac+bncBCC7XN6N3YMBBYHKZKEQMGQEQZPBM3I@lamc.la>: Recipient address rejected: User unknown in local recipient table; from=<> to=<suac+bncBCC7XN6N3YMBBYHKZKEQMGQEQZPBM3I@lamc.la> proto=ESMTP helo=<mhost02h.leeds.ac.uk>
Sep  4 00:00:04 localhost kernel: [1555404.522757] [UFW BLOCK] IN=ens3 OUT= MAC=56:00:03:85:82:df:fe:00:03:85:82:df:08:00 SRC=45.155.205.117 DST=158.247.223.84 LEN=40 TOS=0x00 PREC=0x00 TTL=245 ID=35606 PROTO=TCP SPT=55989 DPT=5123 WINDOW=1024 RES=0x00 SYN URGP=0 
Sep  4 00:00:05 localhost postfix/smtpd[17163]: disconnect from mhost02h.leeds.ac.uk[129.11.77.151] ehlo=2 starttls=1 mail=1 rcpt=0/1 data=0/1 rset=1 quit=1 commands=6/8
Sep  4 00:00:15 localhost postfix/smtpd[17162]: connect from probity.mcc.ac.uk[130.88.200.94]
Sep  4 00:00:17 localhost postfix/smtpd[17162]: NOQUEUE: reject: RCPT from probity.mcc.ac.uk[130.88.200.94]: 550 5.1.1 <suac+bncBCC7XN6N3YMBBYHKZKEQMGQEQZPBM3I@lamc.la>: Recipient address rejected: User unknown in local recipient table; from=<> to=<suac+bncBCC7XN6N3YMBBYHKZKEQMGQEQZPBM3I@lamc.la> proto=ESMTP helo=<probity.mcc.ac.uk>
Sep  4 00:00:17 localhost postfix/smtpd[17162]: disconnect from probity.mcc.ac.uk[130.88.200.94] ehlo=2 starttls=1 mail=1 rcpt=0/1 bdat=0/1 quit=1 commands=5/7
Sep  4 00:00:18 localhost kernel: [1555417.707122] [UFW BLOCK] IN=ens3 OUT= MAC=56:00:03:85:82:df:fe:00:03:85:82:df:08:00 SRC=130.88.200.94 DST=158.247.223.84 LEN=40 TOS=0x00 PREC=0x00 TTL=49 ID=0 DF PROTO=TCP SPT=12478 DPT=25 WINDOW=0 RES=0x00 RST URGP=0 
Sep  4 00:00:19 localhost postfix/smtpd[17151]: connect from serenity.mcc.ac.uk[130.88.200.93]
Sep  4 00:00:20 localhost postfix/trivial-rewrite[17243]: warning: do not list domain lAmC.la in BOTH mydestination and virtual_alias_domains
Sep  4 00:00:20 localhost postfix/smtpd[17151]: NOQUEUE: reject: RCPT from serenity.mcc.ac.uk[130.88.200.93]: 550 5.1.1 <suac+bncBCC7XN6N3YMBBYHKZKEQMGQEQZPBM3I@lAmC.la>: Recipient address rejected: User unknown in local recipient table; from=<> to=<suac+bncBCC7XN6N3YMBBYHKZKEQMGQEQZPBM3I@lAmC.la> proto=ESMTP helo=<serenity.mcc.ac.uk>
Sep  4 00:00:21 localhost postfix/smtpd[17151]: disconnect from serenity.mcc.ac.uk[130.88.200.93] ehlo=2 starttls=1 mail=1 rcpt=0/1 bdat=0/1 quit=1 commands=5/7
Sep  4 00:00:23 localhost kernel: [1555422.888271] [UFW BLOCK] IN=ens3 OUT= MAC=56:00:03:85:82:df:fe:00:03:85:82:df:08:00 SRC=130.88.200.94 DST=158.247.223.84 LEN=60 TOS=0x00 PREC=0x00 TTL=49 ID=0 DF PROTO=TCP SPT=12491 DPT=25 WINDOW=65535 RES=0x00 SYN URGP=0 
Sep  4 00:00:23 localhost postfix/smtpd[17163]: connect from probity.mcc.ac.uk[130.88.200.94]
Sep  4 00:00:25 localhost postfix/smtpd[17163]: NOQUEUE: reject: RCPT from probity.mcc.ac.uk[130.88.200.94]: 550 5.1.1 <suac+bncBCC7XN6N3YMBBYHKZKEQMGQEQZPBM3I@lamc.la>: Recipient address rejected: User unknown in local recipient table; from=<> to=<suac+bncBCC7XN6N3YMBBYHKZKEQMGQEQZPBM3I@lamc.la> proto=ESMTP helo=<probity.mcc.ac.uk>
Sep  4 00:00:25 localhost postfix/smtpd[17163]: disconnect from probity.mcc.ac.uk[130.88.200.94] ehlo=2 starttls=1 mail=1 rcpt=0/1 bdat=0/1 quit=1 commands=5/7
Sep  4 00:00:26 localhost postfix/smtpd[17162]: connect from cc-ext.ccc.osaka-u.ac.jp[133.1.138.214]
Sep  4 00:00:26 localhost postfix/smtpd[17162]: NOQUEUE: reject: RCPT from cc-ext.ccc.osaka-u.ac.jp[133.1.138.214]: 550 5.1.1 <suac+bncBCC7XN6N3YMBBYHKZKEQMGQEQZPBM3I@lamc.la>: Recipient address rejected: User unknown in local recipient table; from=<> to=<suac+bncBCC7XN6N3YMBBYHKZKEQMGQEQZPBM3I@lamc.la> proto=SMTP helo=<cc.mail.osaka-u.ac.jp>
Sep  4 00:00:26 localhost postfix/smtpd[17162]: disconnect from cc-ext.ccc.osaka-u.ac.jp[133.1.138.214] helo=1 mail=1 rcpt=0/1 quit=1 commands=3/4
Sep  4 00:00:26 localhost postfix/smtpd[17151]: connect from smtp16.cstnet.cn[159.226.251.16]
Sep  4 00:00:27 localhost postfix/smtpd[17151]: NOQUEUE: reject: RCPT from smtp16.cstnet.cn[159.226.251.16]: 550 5.1.1 <suac+bncbcc7xn6n3ymbbyhkzkeqmgqeqzpbm3i@lamc.la>: Recipient address rejected: User unknown in local recipient table; from=<> to=<suac+bncbcc7xn6n3ymbbyhkzkeqmgqeqzpbm3i@lamc.la> proto=ESMTP helo=<cstnet.cn>
Sep  4 00:00:27 localhost postfix/smtpd[17151]: disconnect from smtp16.cstnet.cn[159.226.251.16] ehlo=1 mail=1 rcpt=0/1 quit=1 commands=3/4
Sep  4 00:00:28 localhost postfix/smtpd[17162]: connect from filter001.nap.gsic.titech.ac.jp[131.112.13.91]
Sep  4 00:00:29 localhost postfix/smtpd[17162]: NOQUEUE: reject: RCPT from filter001.nap.gsic.titech.ac.jp[131.112.13.91]: 550 5.1.1 <suac+bncBCC7XN6N3YMBBYHKZKEQMGQEQZPBM3I@lamc.la>: Recipient address rejected: User unknown in local recipient table; from=<> to=<suac+bncBCC7XN6N3YMBBYHKZKEQMGQEQZPBM3I@lamc.la> proto=ESMTP helo=<filter001.nap.gsic.titech.ac.jp>
Sep  4 00:00:29 localhost postfix/smtpd[17162]: disconnect from filter001.nap.gsic.titech.ac.jp[131.112.13.91] ehlo=2 starttls=1 mail=1 rcpt=0/1 quit=1 commands=5/6
Sep  4 00:00:42 localhost postfix/smtpd[17151]: connect from ppsw-40.csi.cam.ac.uk[131.111.8.140]
Sep  4 00:00:43 localhost kernel: [1555443.188526] [UFW BLOCK] IN=ens3 OUT= MAC=56:00:03:85:82:df:fe:00:03:85:82:df:08:00 SRC=73.107.144.246 DST=158.247.223.84 LEN=60 TOS=0x00 PREC=0x00 TTL=46 ID=37725 DF PROTO=TCP SPT=43670 DPT=80 WINDOW=64240 RES=0x00 SYN URGP=0 
Sep  4 00:00:43 localhost dovecot: imap-login: Login: user=<adam>, method=PLAIN, rip=::1, lip=::1, mpid=17251, secured, session=<w0p5GyDLqu0AAAAAAAAAAAAAAAAAAAAB>
Sep  4 00:00:43 localhost dovecot: imap(adam)<17251><w0p5GyDLqu0AAAAAAAAAAAAAAAAAAAAB>: Logged out in=122 out=2551 deleted=0 expunged=0 trashed=0 hdr_count=0 hdr_bytes=0 body_count=0 body_bytes=0
Sep  4 00:00:44 localhost postfix/smtpd[17163]: connect from filter002.nap.gsic.titech.ac.jp[131.112.13.92]
Sep  4 00:00:44 localhost postfix/smtpd[17151]: NOQUEUE: reject: RCPT from ppsw-40.csi.cam.ac.uk[131.111.8.140]: 550 5.1.1 <suac+bncBCC7XN6N3YMBBYHKZKEQMGQEQZPBM3I@lamc.la>: Recipient address rejected: User unknown in local recipient table; from=<> to=<suac+bncBCC7XN6N3YMBBYHKZKEQMGQEQZPBM3I@lamc.la> proto=ESMTP helo=<ppsw-40.csi.cam.ac.uk>
Sep  4 00:00:44 localhost postfix/smtpd[17163]: NOQUEUE: reject: RCPT from filter002.nap.gsic.titech.ac.jp[131.112.13.92]: 550 5.1.1 <suac+bncBCC7XN6N3YMBBYHKZKEQMGQEQZPBM3I@lamc.la>: Recipient address rejected: User unknown in local recipient table; from=<> to=<suac+bncBCC7XN6N3YMBBYHKZKEQMGQEQZPBM3I@lamc.la> proto=ESMTP helo=<filter002.nap.gsic.titech.ac.jp>
Sep  4 00:00:44 localhost postfix/smtpd[17163]: disconnect from filter002.nap.gsic.titech.ac.jp[131.112.13.92] ehlo=2 starttls=1 mail=1 rcpt=0/1 quit=1 commands=5/6
Sep  4 00:00:44 localhost postfix/smtpd[17151]: disconnect from ppsw-40.csi.cam.ac.uk[131.111.8.140] ehlo=2 starttls=1 mail=1 rcpt=0/1 bdat=0/1 quit=1 commands=5/7
Sep  4 00:00:49 localhost postfix/smtpd[17162]: connect from smtp15.cstnet.cn[159.226.251.15]
Sep  4 00:00:49 localhost postfix/smtpd[17162]: NOQUEUE: reject: RCPT from smtp15.cstnet.cn[159.226.251.15]: 550 5.1.1 <suac+bncbcc7xn6n3ymbbyhkzkeqmgqeqzpbm3i@lamc.la>: Recipient address rejected: User unknown in local recipient table; from=<> to=<suac+bncbcc7xn6n3ymbbyhkzkeqmgqeqzpbm3i@lamc.la> proto=ESMTP helo=<cstnet.cn>
Sep  4 00:00:50 localhost postfix/smtpd[17162]: disconnect from smtp15.cstnet.cn[159.226.251.15] ehlo=1 mail=1 rcpt=0/1 quit=1 commands=3/4
Sep  4 00:00:58 localhost postfix/smtpd[17151]: connect from smtp26.cstnet.cn[159.226.251.26]
Sep  4 00:00:58 localhost postfix/smtpd[17162]: connect from tranquility.mcc.ac.uk[130.88.200.145]
Sep  4 00:00:58 localhost postfix/smtpd[17163]: connect from filter001.nap.gsic.titech.ac.jp[131.112.13.91]
Sep  4 00:00:58 localhost postfix/smtpd[17151]: NOQUEUE: reject: RCPT from smtp26.cstnet.cn[159.226.251.26]: 550 5.1.1 <suac+bncbcc7xn6n3ymbbyhkzkeqmgqeqzpbm3i@lamc.la>: Recipient address rejected: User unknown in local recipient table; from=<> to=<suac+bncbcc7xn6n3ymbbyhkzkeqmgqeqzpbm3i@lamc.la> proto=ESMTP helo=<cstnet.cn>
Sep  4 00:00:59 localhost postfix/smtpd[17151]: disconnect from smtp26.cstnet.cn[159.226.251.26] ehlo=1 mail=1 rcpt=0/1 quit=1 commands=3/4
Sep  4 00:00:59 localhost postfix/smtpd[17163]: NOQUEUE: reject: RCPT from filter001.nap.gsic.titech.ac.jp[131.112.13.91]: 550 5.1.1 <suac+bncBCC7XN6N3YMBBYHKZKEQMGQEQZPBM3I@lamc.la>: Recipient address rejected: User unknown in local recipient table; from=<> to=<suac+bncBCC7XN6N3YMBBYHKZKEQMGQEQZPBM3I@lamc.la> proto=ESMTP helo=<filter001.nap.gsic.titech.ac.jp>
Sep  4 00:00:59 localhost postfix/smtpd[17163]: disconnect from filter001.nap.gsic.titech.ac.jp[131.112.13.91] ehlo=2 starttls=1 mail=1 rcpt=0/1 quit=1 commands=5/6
Sep  4 00:00:59 localhost postfix/smtpd[17151]: connect from tranquility.mcc.ac.uk[130.88.200.145]
Sep  4 00:01:00 localhost postfix/trivial-rewrite[17243]: warning: do not list domain LamC.la in BOTH mydestination and virtual_alias_domains
Sep  4 00:01:00 localhost postfix/smtpd[17162]: NOQUEUE: reject: RCPT from tranquility.mcc.ac.uk[130.88.200.145]: 550 5.1.1 <suac+bncBCC7XN6N3YMBBYHKZKEQMGQEQZPBM3I@LamC.la>: Recipient address rejected: User unknown in local recipient table; from=<> to=<suac+bncBCC7XN6N3YMBBYHKZKEQMGQEQZPBM3I@LamC.la> proto=ESMTP helo=<tranquility.mcc.ac.uk>
Sep  4 00:01:00 localhost postfix/smtpd[17162]: disconnect from tranquility.mcc.ac.uk[130.88.200.145] ehlo=2 starttls=1 mail=1 rcpt=0/1 bdat=0/1 quit=1 commands=5/7
Sep  4 00:01:01 localhost postfix/trivial-rewrite[17243]: warning: do not list domain LamC.la in BOTH mydestination and virtual_alias_domains
Sep  4 00:01:01 localhost postfix/smtpd[17151]: NOQUEUE: reject: RCPT from tranquility.mcc.ac.uk[130.88.200.145]: 550 5.1.1 <suac+bncBCC7XN6N3YMBBYHKZKEQMGQEQZPBM3I@LamC.la>: Recipient address rejected: User unknown in local recipient table; from=<> to=<suac+bncBCC7XN6N3YMBBYHKZKEQMGQEQZPBM3I@LamC.la> proto=ESMTP helo=<tranquility.mcc.ac.uk>
Sep  4 00:01:01 localhost postfix/smtpd[17151]: disconnect from tranquility.mcc.ac.uk[130.88.200.145] ehlo=2 starttls=1 mail=1 rcpt=0/1 bdat=0/1 quit=1 commands=5/7
Sep  4 00:01:03 localhost postfix/smtpd[17163]: connect from tranquility.mcc.ac.uk[130.88.200.145]
Sep  4 00:01:04 localhost postfix/trivial-rewrite[17243]: warning: do not list domain LamC.la in BOTH mydestination and virtual_alias_domains
Sep  4 00:01:04 localhost postfix/smtpd[17163]: NOQUEUE: reject: RCPT from tranquility.mcc.ac.uk[130.88.200.145]: 550 5.1.1 <suac+bncBCC7XN6N3YMBBYHKZKEQMGQEQZPBM3I@LamC.la>: Recipient address rejected: User unknown in local recipient table; from=<> to=<suac+bncBCC7XN6N3YMBBYHKZKEQMGQEQZPBM3I@LamC.la> proto=ESMTP helo=<tranquility.mcc.ac.uk>
Sep  4 00:01:05 localhost postfix/smtpd[17163]: disconnect from tranquility.mcc.ac.uk[130.88.200.145] ehlo=2 starttls=1 mail=1 rcpt=0/1 bdat=0/1 quit=1 commands=5/7
Sep  4 00:01:05 localhost kernel: [1555465.520163] [UFW BLOCK] IN=ens3 OUT= MAC=56:00:03:85:82:df:fe:00:03:85:82:df:08:00 SRC=149.148.224.72 DST=158.247.223.84 LEN=60 TOS=0x00 PREC=0x00 TTL=52 ID=26307 DF PROTO=TCP SPT=49310 DPT=25 WINDOW=29200 RES=0x00 SYN URGP=0 
Sep  4 00:01:06 localhost postfix/smtpd[17151]: connect from mail.meduniwien.ac.at[149.148.224.72]
Sep  4 00:01:08 localhost postfix/smtpd[17151]: NOQUEUE: reject: RCPT from mail.meduniwien.ac.at[149.148.224.72]: 550 5.1.1 <suac+bncBCC7XN6N3YMBBYHKZKEQMGQEQZPBM3I@lamc.la>: Recipient address rejected: User unknown in local recipient table; from=<> to=<suac+bncBCC7XN6N3YMBBYHKZKEQMGQEQZPBM3I@lamc.la> proto=ESMTP helo=<mailfp2.srv.meduniwien.ac.at>
Sep  4 00:01:08 localhost postfix/smtpd[17162]: connect from smtp26.cstnet.cn[159.226.251.26]
Sep  4 00:01:08 localhost postfix/smtpd[17151]: disconnect from mail.meduniwien.ac.at[149.148.224.72] ehlo=2 starttls=1 mail=1 rcpt=0/1 data=0/1 rset=1 quit=1 commands=6/8
Sep  4 00:01:09 localhost postfix/smtpd[17162]: NOQUEUE: reject: RCPT from smtp26.cstnet.cn[159.226.251.26]: 550 5.1.1 <suac+bncbcc7xn6n3ymbbyhkzkeqmgqeqzpbm3i@lamc.la>: Recipient address rejected: User unknown in local recipient table; from=<> to=<suac+bncbcc7xn6n3ymbbyhkzkeqmgqeqzpbm3i@lamc.la> proto=ESMTP helo=<cstnet.cn>
Sep  4 00:01:09 localhost postfix/smtpd[17162]: disconnect from smtp26.cstnet.cn[159.226.251.26] ehlo=1 mail=1 rcpt=0/1 quit=1 commands=3/4
Sep  4 00:01:10 localhost postfix/smtpd[17163]: connect from serenity.mcc.ac.uk[130.88.200.93]
Sep  4 00:01:12 localhost postfix/trivial-rewrite[17243]: warning: do not list domain lAmC.la in BOTH mydestination and virtual_alias_domains
Sep  4 00:01:12 localhost postfix/smtpd[17163]: NOQUEUE: reject: RCPT from serenity.mcc.ac.uk[130.88.200.93]: 550 5.1.1 <suac+bncBCC7XN6N3YMBBYHKZKEQMGQEQZPBM3I@lAmC.la>: Recipient address rejected: User unknown in local recipient table; from=<> to=<suac+bncBCC7XN6N3YMBBYHKZKEQMGQEQZPBM3I@lAmC.la> proto=ESMTP helo=<serenity.mcc.ac.uk>
Sep  4 00:01:12 localhost postfix/smtpd[17163]: disconnect from serenity.mcc.ac.uk[130.88.200.93] ehlo=2 starttls=1 mail=1 rcpt=0/1 bdat=0/1 quit=1 commands=5/7
Sep  4 00:01:12 localhost postfix/smtpd[17151]: connect from smtp15.cstnet.cn[159.226.251.15]
Sep  4 00:01:13 localhost postfix/smtpd[17151]: NOQUEUE: reject: RCPT from smtp15.cstnet.cn[159.226.251.15]: 550 5.1.1 <suac+bncbcc7xn6n3ymbbyhkzkeqmgqeqzpbm3i@lamc.la>: Recipient address rejected: User unknown in local recipient table; from=<> to=<suac+bncbcc7xn6n3ymbbyhkzkeqmgqeqzpbm3i@lamc.la> proto=ESMTP helo=<cstnet.cn>
Sep  4 00:01:13 localhost postfix/smtpd[17162]: connect from filter002.nap.gsic.titech.ac.jp[131.112.13.92]
Sep  4 00:01:13 localhost postfix/smtpd[17151]: disconnect from smtp15.cstnet.cn[159.226.251.15] ehlo=1 mail=1 rcpt=0/1 quit=1 commands=3/4
Sep  4 00:01:13 localhost postfix/smtpd[17162]: NOQUEUE: reject: RCPT from filter002.nap.gsic.titech.ac.jp[131.112.13.92]: 550 5.1.1 <suac+bncBCC7XN6N3YMBBYHKZKEQMGQEQZPBM3I@lamc.la>: Recipient address rejected: User unknown in local recipient table; from=<> to=<suac+bncBCC7XN6N3YMBBYHKZKEQMGQEQZPBM3I@lamc.la> proto=ESMTP helo=<filter002.nap.gsic.titech.ac.jp>
Sep  4 00:01:13 localhost postfix/smtpd[17162]: disconnect from filter002.nap.gsic.titech.ac.jp[131.112.13.92] ehlo=2 starttls=1 mail=1 rcpt=0/1 quit=1 commands=5/6
Sep  4 00:01:13 localhost postfix/smtpd[17163]: connect from filter002.nap.gsic.titech.ac.jp[131.112.13.92]
Sep  4 00:01:13 localhost postfix/smtpd[17163]: NOQUEUE: reject: RCPT from filter002.nap.gsic.titech.ac.jp[131.112.13.92]: 550 5.1.1 <suac+bncBCC7XN6N3YMBBYHKZKEQMGQEQZPBM3I@lamc.la>: Recipient address rejected: User unknown in local recipient table; from=<> to=<suac+bncBCC7XN6N3YMBBYHKZKEQMGQEQZPBM3I@lamc.la> proto=ESMTP helo=<filter002.nap.gsic.titech.ac.jp>
Sep  4 00:01:13 localhost postfix/smtpd[17163]: disconnect from filter002.nap.gsic.titech.ac.jp[131.112.13.92] ehlo=2 starttls=1 mail=1 rcpt=0/1 quit=1 commands=5/6
Sep  4 00:01:15 localhost postfix/smtpd[17151]: connect from ppsw-40.csi.cam.ac.uk[131.111.8.140]
Sep  4 00:01:17 localhost postfix/smtpd[17151]: NOQUEUE: reject: RCPT from ppsw-40.csi.cam.ac.uk[131.111.8.140]: 550 5.1.1 <suac+bncBCC7XN6N3YMBBYHKZKEQMGQEQZPBM3I@lamc.la>: Recipient address rejected: User unknown in local recipient table; from=<> to=<suac+bncBCC7XN6N3YMBBYHKZKEQMGQEQZPBM3I@lamc.la> proto=ESMTP helo=<ppsw-40.csi.cam.ac.uk>
Sep  4 00:01:17 localhost postfix/smtpd[17151]: disconnect from ppsw-40.csi.cam.ac.uk[131.111.8.140] ehlo=2 starttls=1 mail=1 rcpt=0/1 bdat=0/1 quit=1 commands=5/7
Sep  4 00:01:17 localhost postfix/smtpd[17162]: connect from smtp15.cstnet.cn[159.226.251.15]
Sep  4 00:01:17 localhost postfix/smtpd[17162]: NOQUEUE: reject: RCPT from smtp15.cstnet.cn[159.226.251.15]: 550 5.1.1 <suac+bncbcc7xn6n3ymbbyhkzkeqmgqeqzpbm3i@lamc.la>: Recipient address rejected: User unknown in local recipient table; from=<> to=<suac+bncbcc7xn6n3ymbbyhkzkeqmgqeqzpbm3i@lamc.la> proto=ESMTP helo=<cstnet.cn>
Sep  4 00:01:18 localhost postfix/smtpd[17162]: disconnect from smtp15.cstnet.cn[159.226.251.15] ehlo=1 mail=1 rcpt=0/1 quit=1 commands=3/4
Sep  4 00:01:22 localhost postfix/smtpd[17163]: connect from ppsw-30.csi.cam.ac.uk[131.111.8.130]
Sep  4 00:01:23 localhost postfix/smtpd[17151]: connect from ms.sojo-u.ac.jp[202.16.130.5]
Sep  4 00:01:23 localhost postfix/smtpd[17151]: NOQUEUE: reject: RCPT from ms.sojo-u.ac.jp[202.16.130.5]: 550 5.1.1 <suac+bncBCC7XN6N3YMBBYHKZKEQMGQEQZPBM3I@lamc.la>: Recipient address rejected: User unknown in local recipient table; from=<> to=<suac+bncBCC7XN6N3YMBBYHKZKEQMGQEQZPBM3I@lamc.la> proto=ESMTP helo=<ms.sojo-u.ac.jp>
Sep  4 00:01:23 localhost postfix/smtpd[17151]: disconnect from ms.sojo-u.ac.jp[202.16.130.5] ehlo=1 mail=1 rcpt=0/1 data=0/1 rset=1 quit=1 commands=4/6
Sep  4 00:01:23 localhost postfix/smtpd[17163]: NOQUEUE: reject: RCPT from ppsw-30.csi.cam.ac.uk[131.111.8.130]: 550 5.1.1 <suac+bncBCC7XN6N3YMBBYHKZKEQMGQEQZPBM3I@lamc.la>: Recipient address rejected: User unknown in local recipient table; from=<> to=<suac+bncBCC7XN6N3YMBBYHKZKEQMGQEQZPBM3I@lamc.la> proto=ESMTP helo=<ppsw-30.csi.cam.ac.uk>
Sep  4 00:01:24 localhost postfix/smtpd[17163]: disconnect from ppsw-30.csi.cam.ac.uk[131.111.8.130] ehlo=2 starttls=1 mail=1 rcpt=0/1 bdat=0/1 quit=1 commands=5/7
Sep  4 00:01:24 localhost postfix/smtpd[17162]: connect from clarity.mcc.ac.uk[130.88.200.144]
Sep  4 00:01:26 localhost postfix/smtpd[17162]: NOQUEUE: reject: RCPT from clarity.mcc.ac.uk[130.88.200.144]: 550 5.1.1 <suac+bncBCC7XN6N3YMBBYHKZKEQMGQEQZPBM3I@LamC.la>: Recipient address rejected: User unknown in local recipient table; from=<> to=<suac+bncBCC7XN6N3YMBBYHKZKEQMGQEQZPBM3I@LamC.la> proto=ESMTP helo=<clarity.mcc.ac.uk>
Sep  4 00:01:26 localhost postfix/smtpd[17162]: disconnect from clarity.mcc.ac.uk[130.88.200.144] ehlo=2 starttls=1 mail=1 rcpt=0/1 quit=1 commands=5/6
Sep  4 00:01:29 localhost kernel: [1555489.319290] [UFW BLOCK] IN=ens3 OUT= MAC=56:00:03:85:82:df:fe:00:03:85:82:df:08:00 SRC=159.226.251.24 DST=158.247.223.84 LEN=60 TOS=0x00 PREC=0x00 TTL=53 ID=28321 DF PROTO=TCP SPT=39432 DPT=25 WINDOW=14600 RES=0x00 SYN URGP=0 
Sep  4 00:01:29 localhost postfix/smtpd[17151]: connect from smtp24.cstnet.cn[159.226.251.24]
Sep  4 00:01:30 localhost postfix/smtpd[17151]: NOQUEUE: reject: RCPT from smtp24.cstnet.cn[159.226.251.24]: 550 5.1.1 <suac+bncbcc7xn6n3ymbbyhkzkeqmgqeqzpbm3i@lamc.la>: Recipient address rejected: User unknown in local recipient table; from=<> to=<suac+bncbcc7xn6n3ymbbyhkzkeqmgqeqzpbm3i@lamc.la> proto=ESMTP helo=<cstnet.cn>
Sep  4 00:01:30 localhost postfix/smtpd[17151]: disconnect from smtp24.cstnet.cn[159.226.251.24] ehlo=1 mail=1 rcpt=0/1 quit=1 commands=3/4
Sep  4 00:01:31 localhost kernel: [1555491.391933] [UFW BLOCK] IN=ens3 OUT= MAC=56:00:03:85:82:df:fe:00:03:85:82:df:08:00 SRC=40.94.103.73 DST=158.247.223.84 LEN=40 TOS=0x00 PREC=0x00 TTL=235 ID=10533 DF PROTO=TCP SPT=49678 DPT=80 WINDOW=0 RES=0x00 ACK RST URGP=0 
Sep  4 00:01:36 localhost postfix/smtpd[17163]: connect from mxsc-23.srv.nagoya-u.ac.jp[133.6.1.20]
Sep  4 00:01:36 localhost postfix/smtpd[17163]: NOQUEUE: reject: RCPT from mxsc-23.srv.nagoya-u.ac.jp[133.6.1.20]: 550 5.1.1 <suac+bncBCC7XN6N3YMBBYHKZKEQMGQEQZPBM3I@lamc.la>: Recipient address rejected: User unknown in local recipient table; from=<> to=<suac+bncBCC7XN6N3YMBBYHKZKEQMGQEQZPBM3I@lamc.la> proto=ESMTP helo=<mxsc-23.srv.nagoya-u.ac.jp>
Sep  4 00:01:36 localhost postfix/smtpd[17163]: disconnect from mxsc-23.srv.nagoya-u.ac.jp[133.6.1.20] ehlo=1 mail=1 rcpt=0/1 data=0/1 rset=1 quit=1 commands=4/6
Sep  4 00:01:43 localhost kernel: [1555503.191391] [UFW BLOCK] IN=ens3 OUT= MAC=56:00:03:85:82:df:fe:00:03:85:82:df:08:00 SRC=73.107.144.246 DST=158.247.223.84 LEN=60 TOS=0x00 PREC=0x00 TTL=46 ID=26320 DF PROTO=TCP SPT=43730 DPT=80 WINDOW=64240 RES=0x00 SYN URGP=0 
Sep  4 00:01:43 localhost dovecot: imap-login: Login: user=<adam>, method=PLAIN, rip=::1, lip=::1, mpid=17259, secured, session=<vrALHyDLrO0AAAAAAAAAAAAAAAAAAAAB>
Sep  4 00:01:43 localhost dovecot: imap(adam)<17259><vrALHyDLrO0AAAAAAAAAAAAAAAAAAAAB>: Logged out in=122 out=2551 deleted=0 expunged=0 trashed=0 hdr_count=0 hdr_bytes=0 body_count=0 body_bytes=0
Sep  4 00:01:46 localhost postfix/smtpd[17162]: connect from ppsw-30.csi.cam.ac.uk[131.111.8.130]
Sep  4 00:01:48 localhost postfix/smtpd[17162]: NOQUEUE: reject: RCPT from ppsw-30.csi.cam.ac.uk[131.111.8.130]: 550 5.1.1 <suac+bncBCC7XN6N3YMBBYHKZKEQMGQEQZPBM3I@lamc.la>: Recipient address rejected: User unknown in local recipient table; from=<> to=<suac+bncBCC7XN6N3YMBBYHKZKEQMGQEQZPBM3I@lamc.la> proto=ESMTP helo=<ppsw-30.csi.cam.ac.uk>
Sep  4 00:01:48 localhost postfix/smtpd[17162]: disconnect from ppsw-30.csi.cam.ac.uk[131.111.8.130] ehlo=2 starttls=1 mail=1 rcpt=0/1 bdat=0/1 quit=1 commands=5/7
Sep  4 00:01:48 localhost postfix/smtpd[17151]: connect from ppsw-40.csi.cam.ac.uk[131.111.8.140]
Sep  4 00:01:48 localhost postfix/smtpd[17163]: connect from ppsw-40.csi.cam.ac.uk[131.111.8.140]
Sep  4 00:01:49 localhost postfix/smtpd[17162]: connect from ppsw-31.csi.cam.ac.uk[131.111.8.131]
Sep  4 00:01:49 localhost postfix/smtpd[17260]: connect from ppsw-30.csi.cam.ac.uk[131.111.8.130]
Sep  4 00:01:50 localhost kernel: [1555509.742232] [UFW BLOCK] IN=ens3 OUT= MAC=56:00:03:85:82:df:fe:00:03:85:82:df:08:00 SRC=40.94.89.34 DST=158.247.223.84 LEN=40 TOS=0x00 PREC=0x00 TTL=232 ID=26803 DF PROTO=TCP SPT=49673 DPT=80 WINDOW=0 RES=0x00 ACK RST URGP=0 
Sep  4 00:01:50 localhost postfix/smtpd[17151]: NOQUEUE: reject: RCPT from ppsw-40.csi.cam.ac.uk[131.111.8.140]: 550 5.1.1 <suac+bncBCC7XN6N3YMBBYHKZKEQMGQEQZPBM3I@lamc.la>: Recipient address rejected: User unknown in local recipient table; from=<> to=<suac+bncBCC7XN6N3YMBBYHKZKEQMGQEQZPBM3I@lamc.la> proto=ESMTP helo=<ppsw-40.csi.cam.ac.uk>
Sep  4 00:01:50 localhost postfix/smtpd[17163]: NOQUEUE: reject: RCPT from ppsw-40.csi.cam.ac.uk[131.111.8.140]: 550 5.1.1 <suac+bncBCC7XN6N3YMBBYHKZKEQMGQEQZPBM3I@lamc.la>: Recipient address rejected: User unknown in local recipient table; from=<> to=<suac+bncBCC7XN6N3YMBBYHKZKEQMGQEQZPBM3I@lamc.la> proto=ESMTP helo=<ppsw-40.csi.cam.ac.uk>
Sep  4 00:01:50 localhost postfix/smtpd[17162]: NOQUEUE: reject: RCPT from ppsw-31.csi.cam.ac.uk[131.111.8.131]: 550 5.1.1 <suac+bncBCC7XN6N3YMBBYHKZKEQMGQEQZPBM3I@lamc.la>: Recipient address rejected: User unknown in local recipient table; from=<> to=<suac+bncBCC7XN6N3YMBBYHKZKEQMGQEQZPBM3I@lamc.la> proto=ESMTP helo=<ppsw-31.csi.cam.ac.uk>
Sep  4 00:01:50 localhost postfix/smtpd[17151]: disconnect from ppsw-40.csi.cam.ac.uk[131.111.8.140] ehlo=2 starttls=1 mail=1 rcpt=0/1 bdat=0/1 quit=1 commands=5/7
Sep  4 00:01:50 localhost postfix/smtpd[17163]: disconnect from ppsw-40.csi.cam.ac.uk[131.111.8.140] ehlo=2 starttls=1 mail=1 rcpt=0/1 bdat=0/1 quit=1 commands=5/7
Sep  4 00:01:50 localhost postfix/trivial-rewrite[17243]: warning: do not list domain lamc.la in BOTH mydestination and virtual_alias_domains
Sep  4 00:01:50 localhost postfix/smtpd[17260]: NOQUEUE: reject: RCPT from ppsw-30.csi.cam.ac.uk[131.111.8.130]: 550 5.1.1 <suac+bncBCC7XN6N3YMBBYHKZKEQMGQEQZPBM3I@lamc.la>: Recipient address rejected: User unknown in local recipient table; from=<> to=<suac+bncBCC7XN6N3YMBBYHKZKEQMGQEQZPBM3I@lamc.la> proto=ESMTP helo=<ppsw-30.csi.cam.ac.uk>
Sep  4 00:01:50 localhost postfix/smtpd[17162]: disconnect from ppsw-31.csi.cam.ac.uk[131.111.8.131] ehlo=2 starttls=1 mail=1 rcpt=0/1 bdat=0/1 quit=1 commands=5/7
Sep  4 00:01:51 localhost postfix/smtpd[17260]: disconnect from ppsw-30.csi.cam.ac.uk[131.111.8.130] ehlo=2 starttls=1 mail=1 rcpt=0/1 bdat=0/1 quit=1 commands=5/7
Sep  4 00:01:57 localhost postfix/smtpd[17151]: connect from ppsw-40.csi.cam.ac.uk[131.111.8.140]
Sep  4 00:01:59 localhost postfix/smtpd[17151]: NOQUEUE: reject: RCPT from ppsw-40.csi.cam.ac.uk[131.111.8.140]: 550 5.1.1 <suac+bncBCC7XN6N3YMBBYHKZKEQMGQEQZPBM3I@lamc.la>: Recipient address rejected: User unknown in local recipient table; from=<> to=<suac+bncBCC7XN6N3YMBBYHKZKEQMGQEQZPBM3I@lamc.la> proto=ESMTP helo=<ppsw-40.csi.cam.ac.uk>
Sep  4 00:01:59 localhost postfix/smtpd[17151]: disconnect from ppsw-40.csi.cam.ac.uk[131.111.8.140] ehlo=2 starttls=1 mail=1 rcpt=0/1 bdat=0/1 quit=1 commands=5/7
Sep  4 00:02:17 localhost kernel: [1555536.647410] [UFW BLOCK] IN=ens3 OUT= MAC=56:00:03:85:82:df:fe:00:03:85:82:df:08:00 SRC=180.12.167.153 DST=158.247.223.84 LEN=60 TOS=0x00 PREC=0x00 TTL=52 ID=38189 DF PROTO=TCP SPT=55230 DPT=25 WINDOW=29200 RES=0x00 SYN URGP=0 
Sep  4 00:02:17 localhost postfix/smtpd[17163]: connect from ssv0.keio.ac.jp[180.12.167.153]
Sep  4 00:02:17 localhost postfix/smtpd[17163]: NOQUEUE: reject: RCPT from ssv0.keio.ac.jp[180.12.167.153]: 550 5.1.1 <suac+bncBCC7XN6N3YMBBYHKZKEQMGQEQZPBM3I@lamc.la>: Recipient address rejected: User unknown in local recipient table; from=<> to=<suac+bncBCC7XN6N3YMBBYHKZKEQMGQEQZPBM3I@lamc.la> proto=ESMTP helo=<ssv0.keio.ac.jp>
Sep  4 00:02:17 localhost postfix/smtpd[17163]: disconnect from ssv0.keio.ac.jp[180.12.167.153] ehlo=2 starttls=1 mail=1 rcpt=0/1 quit=1 commands=5/6
Sep  4 00:02:23 localhost postfix/qmgr[17132]: 78D4464E9: from=<testagin@microsoft.com>, size=332, nrcpt=3 (queue active)
Sep  4 00:02:23 localhost postfix/qmgr[17132]: 5DDACD095: from=<>, size=15568, nrcpt=1 (queue active)
Sep  4 00:02:23 localhost postfix/qmgr[17132]: 519A2D119: from=<>, size=7938, nrcpt=1 (queue active)
Sep  4 00:02:23 localhost postfix/qmgr[17132]: EBB336282: from=<>, size=36166, nrcpt=1 (queue active)
Sep  4 00:02:23 localhost postfix/qmgr[17132]: 188B0D152: from=<0100017badf9916f-e0f1e23b-dc14-44b6-8a52-39d8753cc406-000000@email.dropbox.com>, size=10837, nrcpt=3 (queue active)
Sep  4 00:02:23 localhost postfix/qmgr[17132]: A08C9D141: from=<owner-lrnasst-l@lists.ufl.edu>, size=34293, nrcpt=3 (queue active)
Sep  4 00:02:23 localhost postfix/qmgr[17132]: 4FC39D13A: from=<n087304eb31-cf35b50eb1594adb-anneb===fromthemachine.org@bounce.twitter.com>, size=110305, nrcpt=3 (queue active)
Sep  4 00:02:23 localhost postfix/qmgr[17132]: 42527655C: from=<MAILER@MAILER.MAILER.COM>, size=306, nrcpt=4 (queue active)
Sep  4 00:02:23 localhost postfix/qmgr[17132]: 0ED1BD116: from=<phm-exchange-bounces@phm.phmovement.org>, size=54930, nrcpt=3 (queue active)
Sep  4 00:02:23 localhost postfix/qmgr[17132]: 0B559C949: from=<adam@carpent.us>, size=2979, nrcpt=3 (queue active)
Sep  4 00:02:23 localhost postfix/qmgr[17132]: 8FEABCF41: from=<adamdrakul@gmail.com>, size=1966301, nrcpt=4 (queue active)
Sep  4 00:02:24 localhost postfix/smtp[17270]: connect to smtp-relay.gmail.com[2404:6800:4008:c03::1c]:587: Network is unreachable
Sep  4 00:02:24 localhost postfix/smtp[17266]: connect to smtp-relay.gmail.com[2404:6800:4008:c03::1c]:587: Network is unreachable
Sep  4 00:02:25 localhost postfix/smtp[17268]: 519A2D119: to=<phm-exchange-bounces@phm.phmovement.org>, relay=smtp-relay.gmail.com[74.125.203.28]:587, delay=33968, delays=33966/0.04/0.97/0.26, dsn=5.1.1, status=bounced (host smtp-relay.gmail.com[74.125.203.28] said: 550-5.1.1 The email account that you tried to reach does not exist. Please try 550-5.1.1 double-checking the recipient's email address for typos or 550-5.1.1 unnecessary spaces. Learn more at 550 5.1.1  https://support.google.com/mail/?p=NoSuchUser b12sm275066ooq.0 - gsmtp (in reply to RCPT TO command))
Sep  4 00:02:25 localhost postfix/smtp[17270]: 188B0D152: to=<0xc514f094370cfc5ee45a1dd9b72bb9675efe266f@ethmail.cc>, orig_to=<dropbox@fromthemachine.org>, relay=smtp-relay.gmail.com[74.125.203.28]:587, delay=2323, delays=2322/0.06/0.95/0.25, dsn=5.7.1, status=bounced (host smtp-relay.gmail.com[74.125.203.28] said: 550-5.7.1 Invalid credentials for relay [158.247.223.84]. The IP address you've 550-5.7.1 registered in your G Suite SMTP Relay service doesn't match domain of 550-5.7.1 the account this email is being sent from. If you are trying to relay 550-5.7.1 mail from a domain that isn't registered under your G Suite account 550-5.7.1 or has empty envelope-from, you must configure your mail server 550-5.7.1 either to use SMTP AUTH to identify the sending domain or to present 550-5.7.1 one of your domain names in the HELO or EHLO command. For more 550-5.7.1 information, please visit 550 5.7.1  https://support.google.com/a/answer/6140680#invalidcred y129sm257022ooa.2 - gsmtp (in reply to MAIL FROM command))
Sep  4 00:02:25 localhost postfix/smtp[17270]: connect to smtp-relay.gmail.com[2404:6800:4008:c03::1c]:587: Network is unreachable
Sep  4 00:02:25 localhost postfix/cleanup[17276]: 0D8C1D158: message-id=<20210904000225.0D8C1D158@plemma.cc>
Sep  4 00:02:25 localhost postfix/qmgr[17132]: 0D8C1D158: from=<>, size=14451, nrcpt=1 (queue active)
Sep  4 00:02:25 localhost postfix/bounce[17273]: 188B0D152: sender non-delivery notification: 0D8C1D158
Sep  4 00:02:25 localhost postfix/qmgr[17132]: 188B0D152: removed
Sep  4 00:02:25 localhost postfix/qmgr[17132]: 519A2D119: removed
Sep  4 00:02:25 localhost postfix/smtp[17268]: connect to smtp-relay.gmail.com[2404:6800:4008:c03::1c]:587: Network is unreachable
Sep  4 00:02:25 localhost postfix/smtp[17278]: connect to smtp-relay.gmail.com[2404:6800:4008:c03::1c]:587: Network is unreachable
Sep  4 00:02:25 localhost postfix/smtp[17267]: 5DDACD095: to=<david3951wri@gmail.com>, relay=smtp-relay.gmail.com[74.125.203.28]:587, delay=116158, delays=116156/0.03/1.6/0.24, dsn=5.2.1, status=bounced (host smtp-relay.gmail.com[74.125.203.28] said: 550-5.2.1 The email account that you tried to reach is disabled. Learn more at 550 5.2.1  https://support.google.com/mail/?p=DisabledUser j28sm280981ooj.3 - gsmtp (in reply to RCPT TO command))
Sep  4 00:02:25 localhost postfix/smtp[17269]: EBB336282: to=<owner-lrnasst-l@lists.ufl.edu>, relay=smtp-relay.gmail.com[74.125.203.28]:587, delay=19524, delays=19522/0.05/1.6/0.25, dsn=5.1.1, status=bounced (host smtp-relay.gmail.com[74.125.203.28] said: 550-5.1.1 The email account that you tried to reach does not exist. Please try 550-5.1.1 double-checking the recipient's email address for typos or 550-5.1.1 unnecessary spaces. Learn more at 550 5.1.1  https://support.google.com/mail/?p=NoSuchUser m12sm267211oom.1 - gsmtp (in reply to RCPT TO command))
Sep  4 00:02:25 localhost postfix/qmgr[17132]: 5DDACD095: removed
Sep  4 00:02:25 localhost postfix/smtp[17266]: 78D4464E9: to=<0xc514f094370cfc5ee45a1dd9b72bb9675efe266f@ethmail.cc>, orig_to=<idiotheee@plemma.cc>, relay=smtp-relay.gmail.com[74.125.203.28]:587, delay=252560, delays=252558/0.02/1.9/0.27, dsn=5.7.0, status=bounced (host smtp-relay.gmail.com[74.125.203.28] said: 550-5.7.0 Mail relay denied [158.247.223.84]. Invalid credentials for relay for 550-5.7.0 one of the domains in: microsoft.com (as obtained from HELO and MAIL 550-5.7.0 FROM). 550-5.7.0 Email is being sent from a domain or IP address which isn't registered 550-5.7.0 in your G Suite account. Please login to your G Suite account and 550-5.7.0 verify that your sending device IP address has been registered within 550-5.7.0 the G Suite SMTP Relay Settings. For more information, please visit 550 5.7.0  https://support.google.com/a/answer/6140680#maildenied w4sm215009vkd.10 - gsmtp (in reply to MAIL FROM command))
Sep  4 00:02:25 localhost postfix/cleanup[17276]: DA747D095: message-id=<20210904000225.DA747D095@plemma.cc>
Sep  4 00:02:25 localhost postfix/qmgr[17132]: DA747D095: from=<>, size=3567, nrcpt=1 (queue active)
Sep  4 00:02:25 localhost postfix/bounce[17273]: 78D4464E9: sender non-delivery notification: DA747D095
Sep  4 00:02:25 localhost postfix/qmgr[17132]: 78D4464E9: removed
Sep  4 00:02:25 localhost postfix/smtp[17266]: connect to smtp-relay.gmail.com[2404:6800:4008:c03::1c]:587: Network is unreachable
Sep  4 00:02:25 localhost postfix/qmgr[17132]: EBB336282: removed
Sep  4 00:02:26 localhost postfix/smtp[17268]: 42527655C: to=<0xc514f094370cfc5ee45a1dd9b72bb9675efe266f@ethmail.cc>, orig_to=<IVAN@ERMCCORP.COM>, relay=smtp-relay.gmail.com[74.125.203.28]:587, delay=252494, delays=252491/1.5/0.58/0.25, dsn=5.7.0, status=bounced (host smtp-relay.gmail.com[74.125.203.28] said: 550-5.7.0 Mail relay denied [158.247.223.84]. Invalid credentials for relay for 550-5.7.0 one of the domains in: mailer.com, mailer.mailer.com, plemma.cc (as 550-5.7.0 obtained from HELO and MAIL FROM). 550-5.7.0 Email is being sent from a domain or IP address which isn't registered 550-5.7.0 in your G Suite account. Please login to your G Suite account and 550-5.7.0 verify that your sending device IP address has been registered within 550-5.7.0 the G Suite SMTP Relay Settings. For more information, please visit 550 5.7.0  https://support.google.com/a/answer/6140680#maildenied p14sm265554oot.7 - gsmtp (in reply to MAIL FROM command))
Sep  4 00:02:26 localhost postfix/cleanup[17276]: 15D906282: message-id=<20210904000226.15D906282@plemma.cc>
Sep  4 00:02:26 localhost postfix/qmgr[17132]: 15D906282: from=<>, size=3602, nrcpt=1 (queue active)
Sep  4 00:02:26 localhost postfix/bounce[17273]: 42527655C: sender non-delivery notification: 15D906282
Sep  4 00:02:26 localhost postfix/qmgr[17132]: 42527655C: removed
Sep  4 00:02:26 localhost postfix/smtp[17280]: connect to smtp-relay.gmail.com[2404:6800:4008:c03::1c]:587: Network is unreachable
Sep  4 00:02:26 localhost postfix/smtp[17270]: A08C9D141: to=<0xc514f094370cfc5ee45a1dd9b72bb9675efe266f@ethmail.cc>, orig_to=<adam5@reallyhim.com>, relay=smtp-relay.gmail.com[74.125.203.28]:587, delay=19555, delays=19552/1.3/0.98/0.21, dsn=5.7.0, status=bounced (host smtp-relay.gmail.com[74.125.203.28] said: 550-5.7.0 Mail relay denied [158.247.223.84]. Invalid credentials for relay for 550-5.7.0 one of the domains in: lists.ufl.edu, ufl.edu (as obtained from HELO 550-5.7.0 and MAIL FROM). 550-5.7.0 Email is being sent from a domain or IP address which isn't registered 550-5.7.0 in your G Suite account. Please login to your G Suite account and 550-5.7.0 verify that your sending device IP address has been registered within 550-5.7.0 the G Suite SMTP Relay Settings. For more information, please visit 550 5.7.0  https://support.google.com/a/answer/6140680#maildenied y4sm189975pjp.1 - gsmtp (in reply to MAIL FROM command))
Sep  4 00:02:26 localhost postfix/cleanup[17276]: 336C664E9: message-id=<20210904000226.336C664E9@plemma.cc>
Sep  4 00:02:26 localhost postfix/qmgr[17132]: 336C664E9: from=<>, size=37565, nrcpt=1 (queue active)
Sep  4 00:02:26 localhost postfix/bounce[17273]: A08C9D141: sender non-delivery notification: 336C664E9
Sep  4 00:02:26 localhost postfix/qmgr[17132]: A08C9D141: removed
Sep  4 00:02:26 localhost postfix/smtp[17275]: 4FC39D13A: to=<0xc514f094370cfc5ee45a1dd9b72bb9675efe266f@ethmail.cc>, orig_to=<anneb@fromthemachine.org>, relay=smtp-relay.gmail.com[74.125.203.28]:587, delay=21400, delays=21397/1.3/0.96/0.28, dsn=5.7.0, status=bounced (host smtp-relay.gmail.com[74.125.203.28] said: 550-5.7.0 Mail relay denied [158.247.223.84]. Invalid credentials for relay for 550-5.7.0 one of the domains in: bounce.twitter.com, twitter.com (as obtained 550-5.7.0 from HELO and MAIL FROM). 550-5.7.0 Email is being sent from a domain or IP address which isn't registered 550-5.7.0 in your G Suite account. Please login to your G Suite account and 550-5.7.0 verify that your sending device IP address has been registered within 550-5.7.0 the G Suite SMTP Relay Settings. For more information, please visit 550 5.7.0  https://support.google.com/a/answer/6140680#maildenied y4sm182778pjw.12 - gsmtp (in reply to MAIL FROM command))
Sep  4 00:02:26 localhost postfix/smtp[17275]: 4FC39D13A: lost connection with smtp-relay.gmail.com[74.125.203.28] while sending RCPT TO
Sep  4 00:02:26 localhost postfix/cleanup[17276]: 48E75655C: message-id=<20210904000226.48E75655C@plemma.cc>
Sep  4 00:02:26 localhost postfix/qmgr[17132]: 48E75655C: from=<>, size=9477, nrcpt=1 (queue active)
Sep  4 00:02:26 localhost postfix/bounce[17273]: 4FC39D13A: sender non-delivery notification: 48E75655C
Sep  4 00:02:26 localhost postfix/qmgr[17132]: 4FC39D13A: removed
Sep  4 00:02:26 localhost postfix/smtp[17278]: 0ED1BD116: to=<0xc514f094370cfc5ee45a1dd9b72bb9675efe266f@ethmail.cc>, orig_to=<raelitwhy@fromthemachine.org>, relay=smtp-relay.gmail.com[74.125.203.28]:587, delay=34000, delays=33997/1.5/1.2/0.25, dsn=5.7.0, status=bounced (host smtp-relay.gmail.com[74.125.203.28] said: 550-5.7.0 Mail relay denied [158.247.223.84]. Invalid credentials for relay for 550-5.7.0 one of the domains in: phm.phmovement.org, phmovement.org (as 550-5.7.0 obtained from HELO and MAIL FROM). 550-5.7.0 Email is being sent from a domain or IP address which isn't registered 550-5.7.0 in your G Suite account. Please login to your G Suite account and 550-5.7.0 verify that your sending device IP address has been registered within 550-5.7.0 the G Suite SMTP Relay Settings. For more information, please visit 550 5.7.0  https://support.google.com/a/answer/6140680#maildenied v16sm248760oob.21 - gsmtp (in reply to MAIL FROM command))
Sep  4 00:02:26 localhost postfix/cleanup[17276]: B03DDD119: message-id=<20210904000226.B03DDD119@plemma.cc>
Sep  4 00:02:26 localhost postfix/qmgr[17132]: B03DDD119: from=<>, size=9374, nrcpt=1 (queue active)
Sep  4 00:02:26 localhost postfix/bounce[17273]: 0ED1BD116: sender non-delivery notification: B03DDD119
Sep  4 00:02:26 localhost postfix/qmgr[17132]: 0ED1BD116: removed
Sep  4 00:02:26 localhost postfix/smtp[17280]: 15D906282: to=<MAILER@MAILER.MAILER.COM>, relay=smtp-relay.gmail.com[74.125.203.28]:587, delay=0.71, delays=0/0/0.5/0.21, dsn=5.1.1, status=bounced (host smtp-relay.gmail.com[74.125.203.28] said: 550-5.1.1 The email account that you tried to reach does not exist. Please try 550-5.1.1 double-checking the recipient's email address for typos or 550-5.1.1 unnecessary spaces. Learn more at 550 5.1.1  https://support.google.com/mail/?p=NoSuchUser n6sm178843pjo.9 - gsmtp (in reply to RCPT TO command))
Sep  4 00:02:27 localhost postfix/qmgr[17132]: 15D906282: removed
Sep  4 00:02:27 localhost postfix/smtp[17269]: DA747D095: to=<testagin@microsoft.com>, relay=smtp-relay.gmail.com[74.125.203.28]:587, delay=1.4, delays=0/0.01/1.2/0.25, dsn=5.1.1, status=bounced (host smtp-relay.gmail.com[74.125.203.28] said: 550-5.1.1 The email account that you tried to reach does not exist. Please try 550-5.1.1 double-checking the recipient's email address for typos or 550-5.1.1 unnecessary spaces. Learn more at 550 5.1.1  https://support.google.com/mail/?p=NoSuchUser a23sm275672ook.9 - gsmtp (in reply to RCPT TO command))
Sep  4 00:02:27 localhost postfix/smtp[17266]: 8FEABCF41: to=<0xc514f094370cfc5ee45a1dd9b72bb9675efe266f@ethmail.cc>, orig_to=<ivan@ermccorp.com>, relay=smtp-relay.gmail.com[74.125.203.28]:587, delay=201985, delays=201981/2.1/1.4/0.27, dsn=5.7.0, status=bounced (host smtp-relay.gmail.com[74.125.203.28] said: 550-5.7.0 Mail relay denied [158.247.223.84]. Invalid credentials for relay for 550-5.7.0 one of the domains in: plemma.cc (as obtained from HELO and MAIL 550-5.7.0 FROM). 550-5.7.0 Email is being sent from a domain or IP address which isn't registered 550-5.7.0 in your G Suite account. Please login to your G Suite account and 550-5.7.0 verify that your sending device IP address has been registered within 550-5.7.0 the G Suite SMTP Relay Settings. For more information, please visit 550 5.7.0  https://support.google.com/a/answer/6140680#maildenied l20sm32035vkk.9 - gsmtp (in reply to MAIL FROM command))
Sep  4 00:02:27 localhost postfix/cleanup[17276]: 7F211D116: message-id=<20210904000227.7F211D116@plemma.cc>
Sep  4 00:02:27 localhost postfix/qmgr[17132]: 7F211D116: from=<>, size=5534, nrcpt=1 (queue active)
Sep  4 00:02:27 localhost postfix/bounce[17273]: 8FEABCF41: sender non-delivery notification: 7F211D116
Sep  4 00:02:27 localhost postfix/qmgr[17132]: 8FEABCF41: removed
Sep  4 00:02:27 localhost postfix/smtp[17279]: 0D8C1D158: to=<0100017badf9916f-e0f1e23b-dc14-44b6-8a52-39d8753cc406-000000@email.dropbox.com>, relay=smtp-relay.gmail.com[74.125.203.28]:587, delay=2.5, delays=0.03/0.84/1.3/0.28, dsn=5.7.0, status=bounced (host smtp-relay.gmail.com[74.125.203.28] said: 550-5.7.0 Mail relay denied [158.247.223.84]. Invalid credentials for relay for 550-5.7.0 one of the domains in:  (as obtained from HELO and MAIL FROM). 550-5.7.0 Email is being sent from a domain or IP address which isn't registered 550-5.7.0 in your G Suite account. Please login to your G Suite account and 550-5.7.0 verify that your sending device IP address has been registered within 550-5.7.0 the G Suite SMTP Relay Settings. For more information, please visit 550 5.7.0  https://support.google.com/a/answer/6140680#maildenied y26sm189104vkb.6 - gsmtp (in reply to RCPT TO command))
Sep  4 00:02:27 localhost postfix/smtp[17279]: 0D8C1D158: lost connection with smtp-relay.gmail.com[74.125.203.28] while sending DATA command
Sep  4 00:02:27 localhost postfix/qmgr[17132]: 0D8C1D158: removed
Sep  4 00:02:27 localhost postfix/qmgr[17132]: DA747D095: removed
Sep  4 00:02:27 localhost postfix/smtp[17268]: 336C664E9: to=<owner-lrnasst-l@lists.ufl.edu>, relay=smtp-relay.gmail.com[74.125.203.28]:587, delay=1.5, delays=0/0/1.2/0.25, dsn=5.1.1, status=bounced (host smtp-relay.gmail.com[74.125.203.28] said: 550-5.1.1 The email account that you tried to reach does not exist. Please try 550-5.1.1 double-checking the recipient's email address for typos or 550-5.1.1 unnecessary spaces. Learn more at 550 5.1.1  https://support.google.com/mail/?p=NoSuchUser y129sm257051ooa.2 - gsmtp (in reply to RCPT TO command))
Sep  4 00:02:27 localhost postfix/smtp[17267]: 0B559C949: to=<0xc514f094370cfc5ee45a1dd9b72bb9675efe266f@ethmail.cc>, orig_to=<root@plemma.cc>, relay=smtp-relay.gmail.com[74.125.203.28]:587, delay=252394, delays=252390/2.1/1.4/0.64, dsn=2.0.0, status=sent (250 2.0.0 OK  1630713747 72sm218197oth.0 - gsmtp)
Sep  4 00:02:27 localhost postfix/qmgr[17132]: 0B559C949: removed
Sep  4 00:02:27 localhost postfix/qmgr[17132]: 336C664E9: removed
Sep  4 00:02:27 localhost postfix/smtp[17278]: 7F211D116: to=<adamdrakul@gmail.com>, relay=smtp-relay.gmail.com[74.125.203.28]:587, conn_use=2, delay=0.41, delays=0/0/0.2/0.21, dsn=5.7.0, status=bounced (host smtp-relay.gmail.com[74.125.203.28] said: 550-5.7.0 Mail relay denied [158.247.223.84]. Invalid credentials for relay for 550-5.7.0 one of the domains in:  (as obtained from HELO and MAIL FROM). 550-5.7.0 Email is being sent from a domain or IP address which isn't registered 550-5.7.0 in your G Suite account. Please login to your G Suite account and 550-5.7.0 verify that your sending device IP address has been registered within 550-5.7.0 the G Suite SMTP Relay Settings. For more information, please visit 550 5.7.0  https://support.google.com/a/answer/6140680#maildenied n6sm178843pjo.9 - gsmtp (in reply to RCPT TO command))
Sep  4 00:02:27 localhost postfix/smtp[17278]: 7F211D116: lost connection with smtp-relay.gmail.com[74.125.203.28] while sending DATA command
Sep  4 00:02:27 localhost postfix/qmgr[17132]: 7F211D116: removed
Sep  4 00:02:27 localhost postfix/smtp[17270]: 48E75655C: to=<n087304eb31-cf35b50eb1594adb-anneb===fromthemachine.org@bounce.twitter.com>, relay=smtp-relay.gmail.com[74.125.203.28]:587, delay=1.6, delays=0/0/1.4/0.29, dsn=5.7.0, status=bounced (host smtp-relay.gmail.com[74.125.203.28] said: 550-5.7.0 Mail relay denied [158.247.223.84]. Invalid credentials for relay for 550-5.7.0 one of the domains in:  (as obtained from HELO and MAIL FROM). 550-5.7.0 Email is being sent from a domain or IP address which isn't registered 550-5.7.0 in your G Suite account. Please login to your G Suite account and 550-5.7.0 verify that your sending device IP address has been registered within 550-5.7.0 the G Suite SMTP Relay Settings. For more information, please visit 550 5.7.0  https://support.google.com/a/answer/6140680#maildenied n18sm299254vsm.0 - gsmtp (in reply to RCPT TO command))
Sep  4 00:02:27 localhost postfix/smtp[17270]: 48E75655C: lost connection with smtp-relay.gmail.com[74.125.203.28] while sending DATA command
Sep  4 00:02:27 localhost postfix/qmgr[17132]: 48E75655C: removed
Sep  4 00:02:28 localhost postfix/smtp[17275]: B03DDD119: to=<phm-exchange-bounces@phm.phmovement.org>, relay=smtp-relay.gmail.com[74.125.203.28]:587, delay=1.4, delays=0/0/1.2/0.25, dsn=5.1.1, status=bounced (host smtp-relay.gmail.com[74.125.203.28] said: 550-5.1.1 The email account that you tried to reach does not exist. Please try 550-5.1.1 double-checking the recipient's email address for typos or 550-5.1.1 unnecessary spaces. Learn more at 550 5.1.1  https://support.google.com/mail/?p=NoSuchUser o125sm240746ooo.20 - gsmtp (in reply to RCPT TO command))
Sep  4 00:02:28 localhost postfix/qmgr[17132]: B03DDD119: removed
Sep  4 00:02:36 localhost kernel: [1555555.825535] [UFW BLOCK] IN=ens3 OUT= MAC=56:00:03:85:82:df:fe:00:03:85:82:df:08:00 SRC=133.6.1.18 DST=158.247.223.84 LEN=60 TOS=0x00 PREC=0x00 TTL=51 ID=1968 DF PROTO=TCP SPT=47274 DPT=25 WINDOW=29200 RES=0x00 SYN URGP=0 
Sep  4 00:02:36 localhost postfix/smtpd[17162]: connect from mxsc-21.srv.nagoya-u.ac.jp[133.6.1.18]
Sep  4 00:02:36 localhost postfix/smtpd[17162]: NOQUEUE: reject: RCPT from mxsc-21.srv.nagoya-u.ac.jp[133.6.1.18]: 550 5.1.1 <suac+bncBCC7XN6N3YMBBYHKZKEQMGQEQZPBM3I@lamc.la>: Recipient address rejected: User unknown in local recipient table; from=<> to=<suac+bncBCC7XN6N3YMBBYHKZKEQMGQEQZPBM3I@lamc.la> proto=ESMTP helo=<mxsc-21.srv.nagoya-u.ac.jp>
Sep  4 00:02:36 localhost postfix/smtpd[17162]: disconnect from mxsc-21.srv.nagoya-u.ac.jp[133.6.1.18] ehlo=1 mail=1 rcpt=0/1 data=0/1 rset=1 quit=1 commands=4/6
Sep  4 00:02:36 localhost postfix/smtpd[17260]: connect from ppsw-30.csi.cam.ac.uk[131.111.8.130]
Sep  4 00:02:38 localhost postfix/smtpd[17260]: NOQUEUE: reject: RCPT from ppsw-30.csi.cam.ac.uk[131.111.8.130]: 550 5.1.1 <suac+bncBCC7XN6N3YMBBYHKZKEQMGQEQZPBM3I@lamc.la>: Recipient address rejected: User unknown in local recipient table; from=<> to=<suac+bncBCC7XN6N3YMBBYHKZKEQMGQEQZPBM3I@lamc.la> proto=ESMTP helo=<ppsw-30.csi.cam.ac.uk>
Sep  4 00:02:38 localhost postfix/smtpd[17260]: disconnect from ppsw-30.csi.cam.ac.uk[131.111.8.130] ehlo=2 starttls=1 mail=1 rcpt=0/1 quit=1 commands=5/6
Sep  4 00:02:43 localhost kernel: [1555563.270330] [UFW BLOCK] IN=ens3 OUT= MAC=56:00:03:85:82:df:fe:00:03:85:82:df:08:00 SRC=73.107.144.246 DST=158.247.223.84 LEN=60 TOS=0x00 PREC=0x00 TTL=46 ID=52450 DF PROTO=TCP SPT=43804 DPT=80 WINDOW=64240 RES=0x00 SYN URGP=0 
Sep  4 00:02:43 localhost dovecot: imap-login: Login: user=<adam>, method=PLAIN, rip=::1, lip=::1, mpid=17285, secured, session=<0H+gIiDL0O0AAAAAAAAAAAAAAAAAAAAB>
Sep  4 00:02:43 localhost dovecot: imap(adam)<17285><0H+gIiDL0O0AAAAAAAAAAAAAAAAAAAAB>: Logged out in=122 out=2551 deleted=0 expunged=0 trashed=0 hdr_count=0 hdr_bytes=0 body_count=0 body_bytes=0
Sep  4 00:02:45 localhost postfix/smtpd[17151]: connect from smtp16.cstnet.cn[159.226.251.16]
Sep  4 00:02:45 localhost postfix/smtpd[17151]: NOQUEUE: reject: RCPT from smtp16.cstnet.cn[159.226.251.16]: 550 5.1.1 <suac+bncbcc7xn6n3ymbbyhkzkeqmgqeqzpbm3i@lamc.la>: Recipient address rejected: User unknown in local recipient table; from=<> to=<suac+bncbcc7xn6n3ymbbyhkzkeqmgqeqzpbm3i@lamc.la> proto=ESMTP helo=<cstnet.cn>
Sep  4 00:02:46 localhost postfix/smtpd[17151]: disconnect from smtp16.cstnet.cn[159.226.251.16] ehlo=1 mail=1 rcpt=0/1 quit=1 commands=3/4
Sep  4 00:02:48 localhost postfix/smtpd[17163]: connect from ssv0.keio.ac.jp[180.12.167.153]
Sep  4 00:02:48 localhost postfix/smtpd[17163]: NOQUEUE: reject: RCPT from ssv0.keio.ac.jp[180.12.167.153]: 550 5.1.1 <suac+bncBCC7XN6N3YMBBYHKZKEQMGQEQZPBM3I@lamc.la>: Recipient address rejected: User unknown in local recipient table; from=<> to=<suac+bncBCC7XN6N3YMBBYHKZKEQMGQEQZPBM3I@lamc.la> proto=ESMTP helo=<ssv0.keio.ac.jp>
Sep  4 00:02:48 localhost postfix/smtpd[17163]: disconnect from ssv0.keio.ac.jp[180.12.167.153] ehlo=2 starttls=1 mail=1 rcpt=0/1 quit=1 commands=5/6
Sep  4 00:03:10 localhost kernel: [1555590.357733] [UFW BLOCK] IN=ens3 OUT= MAC=56:00:03:85:82:df:fe:00:03:85:82:df:08:00 SRC=45.155.205.117 DST=158.247.223.84 LEN=40 TOS=0x00 PREC=0x00 TTL=244 ID=30981 PROTO=TCP SPT=55989 DPT=3132 WINDOW=1024 RES=0x00 SYN URGP=0 
Sep  4 00:03:29 localhost kernel: [1555609.069134] [UFW BLOCK] IN=ens3 OUT= MAC=56:00:03:85:82:df:fe:00:03:85:82:df:08:00 SRC=223.195.97.20 DST=158.247.223.84 LEN=60 TOS=0x00 PREC=0x00 TTL=52 ID=28439 DF PROTO=TCP SPT=51702 DPT=25 WINDOW=5840 RES=0x00 SYN URGP=0 
Sep  4 00:03:29 localhost postfix/smtpd[17162]: connect from spam.suwon.ac.kr[223.195.97.20]
Sep  4 00:03:29 localhost postfix/smtpd[17162]: NOQUEUE: reject: RCPT from spam.suwon.ac.kr[223.195.97.20]: 550 5.1.1 <suac+bncBCC7XN6N3YMBBYHKZKEQMGQEQZPBM3I@lamc.la>: Recipient address rejected: User unknown in local recipient table; from=<> to=<suac+bncBCC7XN6N3YMBBYHKZKEQMGQEQZPBM3I@lamc.la> proto=SMTP helo=<suwon.ac.kr>
Sep  4 00:03:29 localhost postfix/smtpd[17162]: disconnect from spam.suwon.ac.kr[223.195.97.20] helo=1 mail=1 rcpt=0/1 quit=1 commands=3/4
Sep  4 00:03:43 localhost kernel: [1555623.182050] [UFW BLOCK] IN=ens3 OUT= MAC=56:00:03:85:82:df:fe:00:03:85:82:df:08:00 SRC=73.107.144.246 DST=158.247.223.84 LEN=60 TOS=0x00 PREC=0x00 TTL=46 ID=62058 DF PROTO=TCP SPT=43874 DPT=80 WINDOW=64240 RES=0x00 SYN URGP=0 
Sep  4 00:03:43 localhost dovecot: imap-login: Login: user=<adam>, method=PLAIN, rip=::1, lip=::1, mpid=17358, secured, session=<ajcyJiDL0u0AAAAAAAAAAAAAAAAAAAAB>
