Jan 25 02:52:37 localhost postfix/qmgr[32066]: 10EABF6C7: removed
Jan 25 02:52:52 localhost kernel: [13921036.160609] [UFW BLOCK] IN=ens3 OUT= MAC=56:00:03:85:82:df:fe:00:03:85:82:df:08:00 SRC=159.203.125.237 DST=158.247.223.84 LEN=40 TOS=0x00 PREC=0x00 TTL=240 ID=48943 PROTO=TCP SPT=61953 DPT=2300 WINDOW=1024 RES=0x00 SYN URGP=0 
Jan 25 02:53:03 localhost kernel: [13921047.210512] [UFW BLOCK] IN=ens3 OUT= MAC=56:00:03:85:82:df:fe:00:03:85:82:df:08:00 SRC=60.205.205.69 DST=158.247.223.84 LEN=40 TOS=0x00 PREC=0x00 TTL=237 ID=3553 PROTO=TCP SPT=44965 DPT=3002 WINDOW=1024 RES=0x00 SYN URGP=0 
Jan 25 02:53:35 localhost kernel: [13921078.909400] [UFW BLOCK] IN=ens3 OUT= MAC=56:00:03:85:82:df:fe:00:03:85:82:df:08:00 SRC=89.248.163.133 DST=158.247.223.84 LEN=40 TOS=0x00 PREC=0x00 TTL=241 ID=50486 PROTO=TCP SPT=50008 DPT=6785 WINDOW=1024 RES=0x00 SYN URGP=0 
Jan 25 02:53:57 localhost kernel: [13921101.362268] [UFW BLOCK] IN=ens3 OUT= MAC=56:00:03:85:82:df:fe:00:03:85:82:df:08:00 SRC=185.189.182.234 DST=158.247.223.84 LEN=40 TOS=0x00 PREC=0x00 TTL=245 ID=54321 PROTO=TCP SPT=39191 DPT=443 WINDOW=65535 RES=0x00 SYN URGP=0 
Jan 25 02:54:27 localhost kernel: [13921131.241747] [UFW BLOCK] IN=ens3 OUT= MAC=56:00:03:85:82:df:fe:00:03:85:82:df:08:00 SRC=58.18.66.180 DST=158.247.223.84 LEN=40 TOS=0x00 PREC=0x00 TTL=49 ID=78 PROTO=TCP SPT=4444 DPT=5555 WINDOW=62237 RES=0x00 SYN URGP=0 
Jan 25 02:54:32 localhost kernel: [13921135.768570] [UFW BLOCK] IN=ens3 OUT= MAC=56:00:03:85:82:df:fe:00:03:85:82:df:08:00 SRC=104.156.155.12 DST=158.247.223.84 LEN=40 TOS=0x00 PREC=0x00 TTL=241 ID=48667 PROTO=TCP SPT=49733 DPT=2554 WINDOW=1024 RES=0x00 SYN URGP=0 
Jan 25 02:54:45 localhost kernel: [13921149.113393] [UFW BLOCK] IN=ens3 OUT= MAC=56:00:03:85:82:df:fe:00:03:85:82:df:08:00 SRC=64.62.197.108 DST=158.247.223.84 LEN=49 TOS=0x00 PREC=0x00 TTL=54 ID=46618 DF PROTO=UDP SPT=51340 DPT=5683 LEN=29 
Jan 25 02:55:01 localhost CRON[24304]: (root) CMD (command -v debian-sa1 > /dev/null && debian-sa1 1 1)
Jan 25 02:55:02 localhost kernel: [13921166.229591] [UFW BLOCK] IN=ens3 OUT= MAC=56:00:03:85:82:df:fe:00:03:85:82:df:08:00 SRC=79.124.62.78 DST=158.247.223.84 LEN=40 TOS=0x00 PREC=0x00 TTL=240 ID=35093 PROTO=TCP SPT=59913 DPT=24493 WINDOW=1024 RES=0x00 SYN URGP=0 
Jan 25 02:55:38 localhost kernel: [13921202.242845] [UFW BLOCK] IN=ens3 OUT= MAC=56:00:03:85:82:df:fe:00:03:85:82:df:08:00 SRC=110.42.247.85 DST=158.247.223.84 LEN=40 TOS=0x00 PREC=0x00 TTL=45 ID=15297 PROTO=TCP SPT=60469 DPT=23 WINDOW=55813 RES=0x00 SYN URGP=0 
Jan 25 02:55:43 localhost kernel: [13921207.543244] [UFW BLOCK] IN=ens3 OUT= MAC=56:00:03:85:82:df:fe:00:03:85:82:df:08:00 SRC=167.99.186.4 DST=158.247.223.84 LEN=40 TOS=0x00 PREC=0x00 TTL=241 ID=24056 PROTO=TCP SPT=61953 DPT=6969 WINDOW=1024 RES=0x00 SYN URGP=0 
Jan 25 02:55:52 localhost postfix/anvil[24065]: statistics: max connection rate 2/60s for (smtp:192.192.241.8) at Jan 25 02:47:33
Jan 25 02:55:52 localhost postfix/anvil[24065]: statistics: max connection count 1 for (smtp:209.85.166.197) at Jan 25 02:47:18
Jan 25 02:55:52 localhost postfix/anvil[24065]: statistics: max cache size 3 at Jan 25 02:47:33
Jan 25 02:56:03 localhost kernel: [13921226.870598] [UFW BLOCK] IN=ens3 OUT= MAC=56:00:03:85:82:df:fe:00:03:85:82:df:08:00 SRC=104.156.155.12 DST=158.247.223.84 LEN=40 TOS=0x00 PREC=0x00 TTL=241 ID=37867 PROTO=TCP SPT=49733 DPT=56017 WINDOW=1024 RES=0x00 SYN URGP=0 
Jan 25 02:56:17 localhost postfix/smtpd[24336]: connect from unknown[113.88.250.169]
Jan 25 02:56:18 localhost postfix/trivial-rewrite[24339]: warning: do not list domain lamc.la in BOTH mydestination and virtual_alias_domains
Jan 25 02:56:18 localhost postfix/smtpd[24336]: NOQUEUE: reject: RCPT from unknown[113.88.250.169]: 550 5.1.1 <car@lamc.la>: Recipient address rejected: User unknown in local recipient table; from=<nooeueddv@qsl.com.au> to=<car@lamc.la> proto=ESMTP helo=<utoronto-ca.mail.protection.outlook.com>
Jan 25 02:56:18 localhost postfix/smtpd[24336]: disconnect from unknown[113.88.250.169] ehlo=1 mail=1 rcpt=0/1 rset=1 quit=1 commands=4/5
Jan 25 02:56:21 localhost kernel: [13921245.164917] [UFW BLOCK] IN=ens3 OUT= MAC=56:00:03:85:82:df:fe:00:03:85:82:df:08:00 SRC=92.63.197.94 DST=158.247.223.84 LEN=40 TOS=0x00 PREC=0x00 TTL=239 ID=32141 PROTO=TCP SPT=53179 DPT=8899 WINDOW=1024 RES=0x00 SYN URGP=0 
Jan 25 02:56:33 localhost dockerd[8431]: time="2022-01-25T02:56:33.702642005Z" level=info msg="NetworkDB stats plemma(b3be9f6424e0) - netID:0rz6hg0qghb21juyqti61umko leaving:false netPeers:1 entries:2 Queue qLen:0 netMsg/s:0"
Jan 25 02:56:43 localhost kernel: [13921267.648374] [UFW BLOCK] IN=ens3 OUT= MAC=56:00:03:85:82:df:fe:00:03:85:82:df:08:00 SRC=45.146.165.37 DST=158.247.223.84 LEN=60 TOS=0x00 PREC=0x00 TTL=53 ID=56273 DF PROTO=TCP SPT=52282 DPT=5432 WINDOW=64240 RES=0x00 SYN URGP=0 
Jan 25 02:57:10 localhost kernel: [13921294.147365] [UFW BLOCK] IN=ens3 OUT= MAC=56:00:03:85:82:df:fe:00:03:85:82:df:08:00 SRC=79.124.62.82 DST=158.247.223.84 LEN=40 TOS=0x00 PREC=0x00 TTL=240 ID=2916 PROTO=TCP SPT=59907 DPT=34343 WINDOW=1024 RES=0x00 SYN URGP=0 
Jan 25 02:57:22 localhost kernel: [13921306.229978] [UFW BLOCK] IN=ens3 OUT= MAC=56:00:03:85:82:df:fe:00:03:85:82:df:08:00 SRC=137.184.93.216 DST=158.247.223.84 LEN=40 TOS=0x00 PREC=0x00 TTL=242 ID=18356 PROTO=TCP SPT=61953 DPT=8183 WINDOW=1024 RES=0x00 SYN URGP=0 
Jan 25 02:57:42 localhost kernel: [13921326.211674] [UFW BLOCK] IN=ens3 OUT= MAC=56:00:03:85:82:df:fe:00:03:85:82:df:08:00 SRC=64.62.197.228 DST=158.247.223.84 LEN=33 TOS=0x00 PREC=0x00 TTL=53 ID=10010 DF PROTO=UDP SPT=58565 DPT=3283 LEN=13 
Jan 25 02:58:07 localhost kernel: [13921351.041985] [UFW BLOCK] IN=ens3 OUT= MAC=56:00:03:85:82:df:fe:00:03:85:82:df:08:00 SRC=104.156.155.12 DST=158.247.223.84 LEN=40 TOS=0x00 PREC=0x00 TTL=241 ID=31780 PROTO=TCP SPT=49733 DPT=179 WINDOW=1024 RES=0x00 SYN URGP=0 
Jan 25 02:58:21 localhost kernel: [13921365.209917] [UFW BLOCK] IN=ens3 OUT= MAC=56:00:03:85:82:df:fe:00:03:85:82:df:08:00 SRC=104.156.155.12 DST=158.247.223.84 LEN=40 TOS=0x00 PREC=0x00 TTL=241 ID=19704 PROTO=TCP SPT=49733 DPT=7548 WINDOW=1024 RES=0x00 SYN URGP=0 
Jan 25 02:58:54 localhost kernel: [13921397.796781] [UFW BLOCK] IN=ens3 OUT= MAC=56:00:03:85:82:df:fe:00:03:85:82:df:08:00 SRC=104.156.155.12 DST=158.247.223.84 LEN=40 TOS=0x00 PREC=0x00 TTL=241 ID=10042 PROTO=TCP SPT=49733 DPT=1515 WINDOW=1024 RES=0x00 SYN URGP=0 
Jan 25 02:59:11 localhost kernel: [13921415.254214] [UFW BLOCK] IN=ens3 OUT= MAC=56:00:03:85:82:df:fe:00:03:85:82:df:08:00 SRC=79.124.62.78 DST=158.247.223.84 LEN=40 TOS=0x00 PREC=0x00 TTL=240 ID=13004 PROTO=TCP SPT=59913 DPT=29428 WINDOW=1024 RES=0x00 SYN URGP=0 
Jan 25 02:59:23 localhost kernel: [13921427.666015] [UFW BLOCK] IN=ens3 OUT= MAC=56:00:03:85:82:df:fe:00:03:85:82:df:08:00 SRC=130.88.41.161 DST=158.247.223.84 LEN=60 TOS=0x00 PREC=0x00 TTL=48 ID=59280 DF PROTO=TCP SPT=52156 DPT=25 WINDOW=29200 RES=0x00 SYN URGP=0 
Jan 25 02:59:25 localhost postfix/smtpd[24429]: connect from mx4.cs.man.ac.uk[130.88.41.161]
Jan 25 02:59:27 localhost postfix/trivial-rewrite[24432]: warning: do not list domain lamc.la in BOTH mydestination and virtual_alias_domains
Jan 25 02:59:27 localhost postfix/smtpd[24429]: NOQUEUE: reject: RCPT from mx4.cs.man.ac.uk[130.88.41.161]: 550 5.1.1 <suac+bncBCC7XN6N3YMBBXW6VOHQMGQERWQJYYQ@lamc.la>: Recipient address rejected: User unknown in local recipient table; from=<> to=<suac+bncBCC7XN6N3YMBBXW6VOHQMGQERWQJYYQ@lamc.la> proto=ESMTP helo=<mx4.cs.man.ac.uk>
Jan 25 02:59:27 localhost postfix/smtpd[24429]: disconnect from mx4.cs.man.ac.uk[130.88.41.161] ehlo=2 starttls=1 mail=1 rcpt=0/1 bdat=0/1 quit=1 commands=5/7
Jan 25 02:59:54 localhost kernel: [13921457.822258] [UFW BLOCK] IN=ens3 OUT= MAC=56:00:03:85:82:df:fe:00:03:85:82:df:08:00 SRC=104.156.155.12 DST=158.247.223.84 LEN=40 TOS=0x00 PREC=0x00 TTL=241 ID=62408 PROTO=TCP SPT=49733 DPT=2008 WINDOW=1024 RES=0x00 SYN URGP=0 
Jan 25 03:00:09 localhost kernel: [13921473.682675] [UFW BLOCK] IN=ens3 OUT= MAC=56:00:03:85:82:df:fe:00:03:85:82:df:08:00 SRC=104.156.155.12 DST=158.247.223.84 LEN=40 TOS=0x00 PREC=0x00 TTL=241 ID=5822 PROTO=TCP SPT=49733 DPT=12136 WINDOW=1024 RES=0x00 SYN URGP=0 
Jan 25 03:00:26 localhost kernel: [13921489.983520] [UFW BLOCK] IN=ens3 OUT= MAC=56:00:03:85:82:df:fe:00:03:85:82:df:08:00 SRC=161.97.75.197 DST=158.247.223.84 LEN=40 TOS=0x00 PREC=0x00 TTL=240 ID=42598 PROTO=TCP SPT=32767 DPT=8545 WINDOW=1024 RES=0x00 SYN URGP=0 
Jan 25 03:00:43 localhost kernel: [13921507.064899] [UFW BLOCK] IN=ens3 OUT= MAC=56:00:03:85:82:df:fe:00:03:85:82:df:08:00 SRC=45.143.203.2 DST=158.247.223.84 LEN=40 TOS=0x00 PREC=0x00 TTL=241 ID=45282 PROTO=TCP SPT=57651 DPT=3355 WINDOW=1024 RES=0x00 SYN URGP=0 
Jan 25 03:01:02 localhost kernel: [13921525.756043] [UFW BLOCK] IN=ens3 OUT= MAC=56:00:03:85:82:df:fe:00:03:85:82:df:08:00 SRC=79.124.62.82 DST=158.247.223.84 LEN=40 TOS=0x00 PREC=0x00 TTL=240 ID=48687 PROTO=TCP SPT=59907 DPT=33322 WINDOW=1024 RES=0x00 SYN URGP=0 
Jan 25 03:01:24 localhost kernel: [13921547.838533] [UFW BLOCK] IN=ens3 OUT= MAC=56:00:03:85:82:df:fe:00:03:85:82:df:08:00 SRC=108.177.16.13 DST=158.247.223.84 LEN=60 TOS=0x00 PREC=0x00 TTL=57 ID=53605 PROTO=TCP SPT=64361 DPT=25 WINDOW=65535 RES=0x00 SYN URGP=0 
Jan 25 03:01:24 localhost postfix/smtpd[24485]: connect from 13.r1.unverified-forwarding.1e100.net[108.177.16.13]
Jan 25 03:01:25 localhost postfix/smtpd[24485]: NOQUEUE: reject: RCPT from 13.r1.unverified-forwarding.1e100.net[108.177.16.13]: 454 4.7.1 <adamvideos@carpent.us>: Relay access denied; from=<0100017e83189972-263f1e1e-e38f-48b5-8ea9-7ecf1feccc6f-000000@bounce.imgur.com> to=<adamvideos@carpent.us> proto=ESMTP helo=<13.r1.unverified-forwarding.1e100.net>
Jan 25 03:01:25 localhost postfix/smtpd[24485]: disconnect from 13.r1.unverified-forwarding.1e100.net[108.177.16.13] ehlo=2 starttls=1 mail=1 rcpt=0/1 bdat=0/1 quit=1 commands=5/7
Jan 25 03:01:33 localhost dockerd[8431]: time="2022-01-25T03:01:33.902515679Z" level=info msg="NetworkDB stats plemma(b3be9f6424e0) - netID:0rz6hg0qghb21juyqti61umko leaving:false netPeers:1 entries:2 Queue qLen:0 netMsg/s:0"
Jan 25 03:01:41 localhost kernel: [13921565.187119] [UFW BLOCK] IN=ens3 OUT= MAC=56:00:03:85:82:df:fe:00:03:85:82:df:08:00 SRC=89.248.165.13 DST=158.247.223.84 LEN=40 TOS=0x00 PREC=0x00 TTL=238 ID=19804 PROTO=TCP SPT=59695 DPT=1888 WINDOW=1024 RES=0x00 SYN URGP=0 
Jan 25 03:02:01 localhost kernel: [13921585.028025] [UFW BLOCK] IN=ens3 OUT= MAC=56:00:03:85:82:df:fe:00:03:85:82:df:08:00 SRC=89.248.165.13 DST=158.247.223.84 LEN=40 TOS=0x00 PREC=0x00 TTL=238 ID=44315 PROTO=TCP SPT=59695 DPT=1677 WINDOW=1024 RES=0x00 SYN URGP=0 
Jan 25 03:02:21 localhost kernel: [13921605.075038] [UFW BLOCK] IN=ens3 OUT= MAC=56:00:03:85:82:df:fe:00:03:85:82:df:08:00 SRC=89.248.165.13 DST=158.247.223.84 LEN=40 TOS=0x00 PREC=0x00 TTL=241 ID=30222 PROTO=TCP SPT=59695 DPT=1478 WINDOW=1024 RES=0x00 SYN URGP=0 
Jan 25 03:02:47 localhost kernel: [13921630.904588] [UFW BLOCK] IN=ens3 OUT= MAC=56:00:03:85:82:df:fe:00:03:85:82:df:08:00 SRC=45.134.26.42 DST=158.247.223.84 LEN=40 TOS=0x00 PREC=0x00 TTL=244 ID=29234 PROTO=TCP SPT=55988 DPT=82 WINDOW=1024 RES=0x00 SYN URGP=0 
Jan 25 03:03:07 localhost kernel: [13921651.507648] [UFW BLOCK] IN=ens3 OUT= MAC=56:00:03:85:82:df:fe:00:03:85:82:df:08:00 SRC=89.248.165.13 DST=158.247.223.84 LEN=60 TOS=0x00 PREC=0x00 TTL=50 ID=61042 DF PROTO=TCP SPT=60296 DPT=80 WINDOW=64240 RES=0x00 SYN URGP=0 
Jan 25 03:03:21 localhost kernel: [13921665.171359] [UFW BLOCK] IN=ens3 OUT= MAC=56:00:03:85:82:df:fe:00:03:85:82:df:08:00 SRC=193.3.19.132 DST=158.247.223.84 LEN=40 TOS=0x00 PREC=0x00 TTL=245 ID=4303 PROTO=TCP SPT=48579 DPT=28522 WINDOW=1024 RES=0x00 SYN URGP=0 
Jan 25 03:03:42 localhost kernel: [13921686.319284] [UFW BLOCK] IN=ens3 OUT= MAC=56:00:03:85:82:df:fe:00:03:85:82:df:08:00 SRC=104.156.155.12 DST=158.247.223.84 LEN=40 TOS=0x00 PREC=0x00 TTL=241 ID=53108 PROTO=TCP SPT=49733 DPT=1883 WINDOW=1024 RES=0x00 SYN URGP=0 
Jan 25 03:04:08 localhost kernel: [13921712.011289] [UFW BLOCK] IN=ens3 OUT= MAC=56:00:03:85:82:df:fe:00:03:85:82:df:08:00 SRC=89.248.163.130 DST=158.247.223.84 LEN=40 TOS=0x00 PREC=0x00 TTL=241 ID=40718 PROTO=TCP SPT=50078 DPT=5876 WINDOW=1024 RES=0x00 SYN URGP=0 
Jan 25 03:04:22 localhost kernel: [13921726.029468] [UFW BLOCK] IN=ens3 OUT= MAC=56:00:03:85:82:df:fe:00:03:85:82:df:08:00 SRC=104.156.155.12 DST=158.247.223.84 LEN=40 TOS=0x00 PREC=0x00 TTL=241 ID=11798 PROTO=TCP SPT=49733 DPT=50011 WINDOW=1024 RES=0x00 SYN URGP=0 
Jan 25 03:04:44 localhost kernel: [13921748.056196] [UFW BLOCK] IN=ens3 OUT= MAC=56:00:03:85:82:df:fe:00:03:85:82:df:08:00 SRC=89.248.163.132 DST=158.247.223.84 LEN=40 TOS=0x00 PREC=0x00 TTL=239 ID=42638 PROTO=TCP SPT=50043 DPT=50088 WINDOW=1024 RES=0x00 SYN URGP=0 
Jan 25 03:04:46 localhost postfix/anvil[24338]: statistics: max connection rate 1/60s for (smtp:113.88.250.169) at Jan 25 02:56:17
Jan 25 03:04:46 localhost postfix/anvil[24338]: statistics: max connection count 1 for (smtp:113.88.250.169) at Jan 25 02:56:17
Jan 25 03:04:46 localhost postfix/anvil[24338]: statistics: max cache size 1 at Jan 25 02:56:17
Jan 25 03:05:01 localhost CRON[24583]: (root) CMD (command -v debian-sa1 > /dev/null && debian-sa1 1 1)
Jan 25 03:05:08 localhost kernel: [13921772.319608] [UFW BLOCK] IN=ens3 OUT= MAC=56:00:03:85:82:df:fe:00:03:85:82:df:08:00 SRC=104.156.155.12 DST=158.247.223.84 LEN=40 TOS=0x00 PREC=0x00 TTL=241 ID=27085 PROTO=TCP SPT=49733 DPT=34964 WINDOW=1024 RES=0x00 SYN URGP=0 
Jan 25 03:05:32 localhost kernel: [13921795.939279] [UFW BLOCK] IN=ens3 OUT= MAC=56:00:03:85:82:df:fe:00:03:85:82:df:08:00 SRC=45.135.232.96 DST=158.247.223.84 LEN=40 TOS=0x00 PREC=0x00 TTL=244 ID=52124 PROTO=TCP SPT=57207 DPT=6412 WINDOW=1024 RES=0x00 SYN URGP=0 
Jan 25 03:06:10 localhost kernel: [13921833.837874] [UFW BLOCK] IN=ens3 OUT= MAC=56:00:03:85:82:df:fe:00:03:85:82:df:08:00 SRC=216.218.206.68 DST=158.247.223.84 LEN=40 TOS=0x00 PREC=0x00 TTL=244 ID=54321 PROTO=TCP SPT=41010 DPT=11211 WINDOW=65535 RES=0x00 SYN URGP=0 
Jan 25 03:06:11 localhost kernel: [13921835.423103] [UFW BLOCK] IN=ens3 OUT= MAC=56:00:03:85:82:df:fe:00:03:85:82:df:08:00 SRC=45.134.26.238 DST=158.247.223.84 LEN=40 TOS=0x00 PREC=0x00 TTL=245 ID=40892 PROTO=TCP SPT=56123 DPT=40063 WINDOW=1024 RES=0x00 SYN URGP=0 
Jan 25 03:06:25 localhost kernel: [13921848.825741] [UFW BLOCK] IN=ens3 OUT= MAC=56:00:03:85:82:df:fe:00:03:85:82:df:08:00 SRC=89.248.165.248 DST=158.247.223.84 LEN=40 TOS=0x00 PREC=0x00 TTL=238 ID=54321 PROTO=TCP SPT=57919 DPT=8080 WINDOW=65535 RES=0x00 SYN URGP=0 
Jan 25 03:06:34 localhost dockerd[8431]: time="2022-01-25T03:06:34.102572268Z" level=info msg="NetworkDB stats plemma(b3be9f6424e0) - netID:0rz6hg0qghb21juyqti61umko leaving:false netPeers:1 entries:2 Queue qLen:0 netMsg/s:0"
Jan 25 03:06:54 localhost kernel: [13921878.269474] [UFW BLOCK] IN=ens3 OUT= MAC=56:00:03:85:82:df:fe:00:03:85:82:df:08:00 SRC=222.136.225.137 DST=158.247.223.84 LEN=60 TOS=0x00 PREC=0x00 TTL=50 ID=61944 DF PROTO=TCP SPT=27254 DPT=23201 WINDOW=0 RES=0x00 SYN URGP=0 
Jan 25 03:07:35 localhost kernel: [13921919.675669] [UFW BLOCK] IN=ens3 OUT= MAC=56:00:03:85:82:df:fe:00:03:85:82:df:08:00 SRC=104.156.155.12 DST=158.247.223.84 LEN=40 TOS=0x00 PREC=0x00 TTL=241 ID=8662 PROTO=TCP SPT=49733 DPT=7500 WINDOW=1024 RES=0x00 SYN URGP=0 
Jan 25 03:07:42 localhost kernel: [13921925.723842] [UFW BLOCK] IN=ens3 OUT= MAC=56:00:03:85:82:df:fe:00:03:85:82:df:08:00 SRC=89.248.163.138 DST=158.247.223.84 LEN=40 TOS=0x00 PREC=0x00 TTL=238 ID=31355 PROTO=TCP SPT=49965 DPT=7433 WINDOW=1024 RES=0x00 SYN URGP=0 
Jan 25 03:07:52 localhost kernel: [13921936.356512] [UFW BLOCK] IN=ens3 OUT= MAC=56:00:03:85:82:df:fe:00:03:85:82:df:08:00 SRC=104.156.155.12 DST=158.247.223.84 LEN=40 TOS=0x00 PREC=0x00 TTL=241 ID=37488 PROTO=TCP SPT=49733 DPT=4700 WINDOW=1024 RES=0x00 SYN URGP=0 
Jan 25 03:08:09 localhost kernel: [13921952.726231] [UFW BLOCK] IN=ens3 OUT= MAC=56:00:03:85:82:df:fe:00:03:85:82:df:08:00 SRC=45.143.203.3 DST=158.247.223.84 LEN=40 TOS=0x00 PREC=0x00 TTL=239 ID=35957 PROTO=TCP SPT=57086 DPT=3399 WINDOW=1024 RES=0x00 SYN URGP=0 
Jan 25 03:08:22 localhost kernel: [13921966.138990] [UFW BLOCK] IN=ens3 OUT= MAC=56:00:03:85:82:df:fe:00:03:85:82:df:08:00 SRC=104.156.155.12 DST=158.247.223.84 LEN=40 TOS=0x00 PREC=0x00 TTL=241 ID=39884 PROTO=TCP SPT=49733 DPT=9704 WINDOW=1024 RES=0x00 SYN URGP=0 
Jan 25 03:08:46 localhost kernel: [13921990.154670] [UFW BLOCK] IN=ens3 OUT= MAC=56:00:03:85:82:df:fe:00:03:85:82:df:08:00 SRC=183.136.226.4 DST=158.247.223.84 LEN=44 TOS=0x00 PREC=0x00 TTL=110 ID=62698 PROTO=TCP SPT=48111 DPT=2525 WINDOW=29200 RES=0x00 SYN URGP=0 
Jan 25 03:09:01 localhost systemd[1]: Starting Clean php session files...
Jan 25 03:09:01 localhost CRON[24721]: (root) CMD (  [ -x /usr/lib/php/sessionclean ] && if [ ! -d /run/systemd/system ]; then /usr/lib/php/sessionclean; fi)
Jan 25 03:09:01 localhost systemd[1]: phpsessionclean.service: Succeeded.
Jan 25 03:09:01 localhost systemd[1]: Started Clean php session files.
Jan 25 03:09:08 localhost kernel: [13922012.091133] [UFW BLOCK] IN=ens3 OUT= MAC=56:00:03:85:82:df:fe:00:03:85:82:df:08:00 SRC=104.156.155.12 DST=158.247.223.84 LEN=40 TOS=0x00 PREC=0x00 TTL=241 ID=26837 PROTO=TCP SPT=49733 DPT=3557 WINDOW=1024 RES=0x00 SYN URGP=0 
Jan 25 03:09:48 localhost kernel: [13922052.667078] [UFW BLOCK] IN=ens3 OUT= MAC=56:00:03:85:82:df:fe:00:03:85:82:df:08:00 SRC=167.248.133.78 DST=158.247.223.84 LEN=44 TOS=0x00 PREC=0x00 TTL=39 ID=63166 PROTO=TCP SPT=5505 DPT=7801 WINDOW=1024 RES=0x00 SYN URGP=0 
Jan 25 03:10:11 localhost kernel: [13922075.297569] [UFW BLOCK] IN=ens3 OUT= MAC=56:00:03:85:82:df:fe:00:03:85:82:df:08:00 SRC=109.122.227.55 DST=158.247.223.84 LEN=44 TOS=0x00 PREC=0x00 TTL=43 ID=62425 PROTO=TCP SPT=21848 DPT=23 WINDOW=43448 RES=0x00 SYN URGP=0 
Jan 25 03:10:14 localhost kernel: [13922078.173884] [UFW BLOCK] IN=ens3 OUT= MAC=56:00:03:85:82:df:fe:00:03:85:82:df:08:00 SRC=89.248.163.138 DST=158.247.223.84 LEN=40 TOS=0x00 PREC=0x00 TTL=239 ID=37385 PROTO=TCP SPT=49965 DPT=59159 WINDOW=1024 RES=0x00 SYN URGP=0 
Jan 25 03:10:28 localhost kernel: [13922092.336789] [UFW BLOCK] IN=ens3 OUT= MAC=56:00:03:85:82:df:fe:00:03:85:82:df:08:00 SRC=45.143.203.2 DST=158.247.223.84 LEN=40 TOS=0x00 PREC=0x00 TTL=239 ID=59324 PROTO=TCP SPT=57651 DPT=3320 WINDOW=1024 RES=0x00 SYN URGP=0 
Jan 25 03:10:46 localhost kernel: [13922110.410118] [UFW BLOCK] IN=ens3 OUT= MAC=56:00:03:85:82:df:fe:00:03:85:82:df:08:00 SRC=209.85.219.197 DST=158.247.223.84 LEN=60 TOS=0x00 PREC=0x00 TTL=57 ID=19293 PROTO=TCP SPT=45948 DPT=25 WINDOW=65535 RES=0x00 SYN URGP=0 
Jan 25 03:10:47 localhost postfix/smtpd[24819]: connect from mail-yb1-f197.google.com[209.85.219.197]
Jan 25 03:10:48 localhost postfix/smtpd[24819]: NOQUEUE: reject: RCPT from mail-yb1-f197.google.com[209.85.219.197]: 454 4.7.1 <prvs=0136a63dc=arwaxm+bncBCC7XN6N3YMBBXW6VOHQMGQE4IN3IXQ@liber-t.xyz>: Relay access denied; from=<> to=<prvs=0136a63dc=arwaxm+bncBCC7XN6N3YMBBXW6VOHQMGQE4IN3IXQ@liber-t.xyz> proto=ESMTP helo=<mail-yb1-f197.google.com>
Jan 25 03:10:48 localhost postfix/smtpd[24819]: disconnect from mail-yb1-f197.google.com[209.85.219.197] ehlo=2 starttls=1 mail=1 rcpt=0/1 bdat=0/1 quit=1 commands=5/7
Jan 25 03:11:02 localhost kernel: [13922126.427460] [UFW BLOCK] IN=ens3 OUT= MAC=56:00:03:85:82:df:fe:00:03:85:82:df:08:00 SRC=192.241.212.117 DST=158.247.223.84 LEN=40 TOS=0x00 PREC=0x00 TTL=243 ID=54321 PROTO=TCP SPT=59808 DPT=8192 WINDOW=65535 RES=0x00 SYN URGP=0 
Jan 25 03:11:23 localhost kernel: [13922147.686592] [UFW BLOCK] IN=ens3 OUT= MAC=56:00:03:85:82:df:fe:00:03:85:82:df:08:00 SRC=104.156.155.12 DST=158.247.223.84 LEN=40 TOS=0x00 PREC=0x00 TTL=241 ID=35625 PROTO=TCP SPT=49733 DPT=4999 WINDOW=1024 RES=0x00 SYN URGP=0 
Jan 25 03:11:34 localhost dockerd[8431]: time="2022-01-25T03:11:34.302572516Z" level=info msg="NetworkDB stats plemma(b3be9f6424e0) - netID:0rz6hg0qghb21juyqti61umko leaving:false netPeers:1 entries:2 Queue qLen:0 netMsg/s:0"
Jan 25 03:11:41 localhost kernel: [13922165.185373] [UFW BLOCK] IN=ens3 OUT= MAC=56:00:03:85:82:df:fe:00:03:85:82:df:08:00 SRC=46.71.84.76 DST=158.247.223.84 LEN=60 TOS=0x00 PREC=0x00 TTL=46 ID=24159 DF PROTO=TCP SPT=29632 DPT=5555 WINDOW=65535 RES=0x00 SYN URGP=0 
Jan 25 03:12:11 localhost kernel: [13922195.120762] [UFW BLOCK] IN=ens3 OUT= MAC=56:00:03:85:82:df:fe:00:03:85:82:df:08:00 SRC=104.236.226.237 DST=158.247.223.84 LEN=40 TOS=0x00 PREC=0x00 TTL=240 ID=40153 PROTO=TCP SPT=43344 DPT=20100 WINDOW=1024 RES=0x00 SYN URGP=0 
Jan 25 03:13:07 localhost kernel: [13922251.579583] [UFW BLOCK] IN=ens3 OUT= MAC=56:00:03:85:82:df:fe:00:03:85:82:df:08:00 SRC=104.156.155.12 DST=158.247.223.84 LEN=40 TOS=0x00 PREC=0x00 TTL=241 ID=16668 PROTO=TCP SPT=49733 DPT=8863 WINDOW=1024 RES=0x00 SYN URGP=0 
Jan 25 03:13:16 localhost kernel: [13922259.968625] [UFW BLOCK] IN=ens3 OUT= MAC=56:00:03:85:82:df:fe:00:03:85:82:df:08:00 SRC=104.156.155.12 DST=158.247.223.84 LEN=40 TOS=0x00 PREC=0x00 TTL=241 ID=53433 PROTO=TCP SPT=49733 DPT=10000 WINDOW=1024 RES=0x00 SYN URGP=0 
Jan 25 03:13:31 localhost kernel: [13922275.025811] [UFW BLOCK] IN=ens3 OUT= MAC=56:00:03:85:82:df:fe:00:03:85:82:df:08:00 SRC=159.65.171.74 DST=158.247.223.84 LEN=40 TOS=0x00 PREC=0x00 TTL=240 ID=40905 PROTO=TCP SPT=61953 DPT=9206 WINDOW=1024 RES=0x00 SYN URGP=0 
Jan 25 03:13:32 localhost kernel: [13922276.550390] [UFW BLOCK] IN=ens3 OUT= MAC=56:00:03:85:82:df:fe:00:03:85:82:df:08:00 SRC=45.146.166.115 DST=158.247.223.84 LEN=40 TOS=0x00 PREC=0x00 TTL=244 ID=21310 PROTO=TCP SPT=56192 DPT=17066 WINDOW=1024 RES=0x00 SYN URGP=0 
Jan 25 03:13:45 localhost kernel: [13922289.080496] [UFW BLOCK] IN=ens3 OUT= MAC=56:00:03:85:82:df:fe:00:03:85:82:df:08:00 SRC=104.248.114.184 DST=158.247.223.84 LEN=40 TOS=0x00 PREC=0x00 TTL=240 ID=23642 PROTO=TCP SPT=40286 DPT=6533 WINDOW=1024 RES=0x00 SYN URGP=0 
Jan 25 03:14:02 localhost kernel: [13922306.057205] [UFW BLOCK] IN=ens3 OUT= MAC=56:00:03:85:82:df:fe:00:03:85:82:df:08:00 SRC=167.94.138.87 DST=158.247.223.84 LEN=44 TOS=0x00 PREC=0x00 TTL=37 ID=17175 PROTO=TCP SPT=10182 DPT=16081 WINDOW=1024 RES=0x00 SYN URGP=0 
Jan 25 03:14:08 localhost postfix/anvil[24821]: statistics: max connection rate 1/60s for (smtp:209.85.219.197) at Jan 25 03:10:47
Jan 25 03:14:08 localhost postfix/anvil[24821]: statistics: max connection count 1 for (smtp:209.85.219.197) at Jan 25 03:10:47
Jan 25 03:14:08 localhost postfix/anvil[24821]: statistics: max cache size 1 at Jan 25 03:10:47
Jan 25 03:14:32 localhost kernel: [13922336.564149] [UFW BLOCK] IN=ens3 OUT= MAC=56:00:03:85:82:df:fe:00:03:85:82:df:08:00 SRC=46.148.21.66 DST=158.247.223.84 LEN=40 TOS=0x00 PREC=0x00 TTL=237 ID=23846 PROTO=TCP SPT=60000 DPT=58522 WINDOW=1024 RES=0x00 SYN URGP=0 
Jan 25 03:14:42 localhost kernel: [13922346.286581] [UFW BLOCK] IN=ens3 OUT= MAC=56:00:03:85:82:df:fe:00:03:85:82:df:08:00 SRC=190.190.197.86 DST=158.247.223.84 LEN=52 TOS=0x00 PREC=0x00 TTL=110 ID=3831 DF PROTO=TCP SPT=63470 DPT=25 WINDOW=8192 RES=0x00 SYN URGP=0 
Jan 25 03:14:45 localhost postfix/smtpd[24926]: warning: hostname 86-197-190-190.cab.prima.net.ar does not resolve to address 190.190.197.86: Name or service not known
Jan 25 03:14:45 localhost postfix/smtpd[24926]: connect from unknown[190.190.197.86]
Jan 25 03:14:46 localhost postfix/trivial-rewrite[24929]: warning: do not list domain emplifyhr.com in BOTH mydestination and virtual_alias_domains
Jan 25 03:14:46 localhost postfix/smtpd[24926]: 61EF6EAE1: client=unknown[190.190.197.86]
Jan 25 03:14:47 localhost postfix/cleanup[24930]: 61EF6EAE1: message-id=<DAB6B5FA.474897@prima.net.ar>
Jan 25 03:14:47 localhost postfix/qmgr[32066]: 61EF6EAE1: from=<phpanoply@menasa.es>, size=12087, nrcpt=3 (queue active)
Jan 25 03:14:47 localhost postfix/trivial-rewrite[24929]: warning: do not list domain fromthemachine.org in BOTH mydestination and virtual_alias_domains
Jan 25 03:14:47 localhost postfix/local[24932]: 61EF6EAE1: to=<adam@localhost>, orig_to=<ivan@emplifyhr.com>, relay=local, delay=1.7, delays=1.7/0.02/0/0, dsn=2.0.0, status=sent (delivered to maildir)
Jan 25 03:14:47 localhost postfix/local[24932]: 61EF6EAE1: to=<ftm@fromthemachine.org>, orig_to=<ivan@emplifyhr.com>, relay=local, delay=1.8, delays=1.7/0.02/0/0.02, dsn=5.1.1, status=bounced (unknown user: "ftm")
Jan 25 03:14:47 localhost postfix/smtpd[24936]: connect from central.jrtelecom.psi.br[177.71.92.23]
Jan 25 03:14:48 localhost postfix/smtpd[24926]: disconnect from unknown[190.190.197.86] ehlo=1 mail=1 rcpt=1 data=1 quit=1 commands=5
Jan 25 03:14:48 localhost postfix/smtp[24933]: connect to smtp-relay.gmail.com[2404:6800:4008:c07::1c]:587: Network is unreachable
Jan 25 03:14:49 localhost postfix/trivial-rewrite[24929]: warning: do not list domain lamc.la in BOTH mydestination and virtual_alias_domains
Jan 25 03:14:49 localhost postfix/smtpd[24936]: B60A2F6C7: client=central.jrtelecom.psi.br[177.71.92.23]
Jan 25 03:14:50 localhost postfix/smtp[24933]: 61EF6EAE1: to=<0xc514f094370cfc5ee45a1dd9b72bb9675efe266f@ethmail.cc>, orig_to=<ivan@emplifyhr.com>, relay=smtp-relay.gmail.com[64.233.189.28]:587, delay=4.1, delays=1.7/0.03/1.7/0.64, dsn=2.0.0, status=sent (250 2.0.0 OK  1643080490 x17sm3400102ooj.14 - gsmtp)
Jan 25 03:14:50 localhost postfix/cleanup[24937]: 27F03F6D1: message-id=<20220125031450.27F03F6D1@plemma.cc>
Jan 25 03:14:50 localhost postfix/qmgr[32066]: 27F03F6D1: from=<>, size=13932, nrcpt=1 (queue active)
Jan 25 03:14:50 localhost postfix/bounce[24935]: 61EF6EAE1: sender non-delivery notification: 27F03F6D1
Jan 25 03:14:50 localhost postfix/qmgr[32066]: 61EF6EAE1: removed
Jan 25 03:14:50 localhost postfix/smtp[24933]: connect to smtp-relay.gmail.com[2404:6800:4008:c07::1c]:587: Network is unreachable
Jan 25 03:14:50 localhost postfix/cleanup[24930]: B60A2F6C7: message-id=<20220125131633.AF6694AC8A3CBF67@juniornet.psi.br>
Jan 25 03:14:50 localhost postfix/qmgr[32066]: B60A2F6C7: from=<maria@juniornet.psi.br>, size=10628, nrcpt=1 (queue active)
Jan 25 03:14:50 localhost postfix/trivial-rewrite[24929]: warning: do not list domain lamc.la in BOTH mydestination and virtual_alias_domains
Jan 25 03:14:50 localhost postfix/local[24934]: B60A2F6C7: to=<adam@lamc.la>, relay=local, delay=0.66, delays=0.65/0/0/0, dsn=2.0.0, status=sent (delivered to maildir)
Jan 25 03:14:50 localhost postfix/qmgr[32066]: B60A2F6C7: removed
Jan 25 03:14:50 localhost postfix/smtpd[24936]: disconnect from central.jrtelecom.psi.br[177.71.92.23] ehlo=2 starttls=1 mail=1 rcpt=1 bdat=2 quit=1 commands=8
Jan 25 03:14:51 localhost postfix/smtp[24933]: 27F03F6D1: to=<phpanoply@menasa.es>, relay=smtp-relay.gmail.com[64.233.189.28]:587, delay=1.6, delays=0.02/0/0.98/0.59, dsn=2.0.0, status=sent (250 2.0.0 OK  1643080491 mw5sm347695pjb.11 - gsmtp)
Jan 25 03:14:51 localhost postfix/qmgr[32066]: 27F03F6D1: removed
Jan 25 03:15:01 localhost CRON[24947]: (root) CMD (command -v debian-sa1 > /dev/null && debian-sa1 1 1)
Jan 25 03:15:08 localhost kernel: [13922372.197943] [UFW BLOCK] IN=ens3 OUT= MAC=56:00:03:85:82:df:fe:00:03:85:82:df:08:00 SRC=45.143.200.110 DST=158.247.223.84 LEN=40 TOS=0x00 PREC=0x00 TTL=240 ID=42279 PROTO=TCP SPT=45276 DPT=26360 WINDOW=1024 RES=0x00 SYN URGP=0 
Jan 25 03:15:34 localhost kernel: [13922397.928558] [UFW BLOCK] IN=ens3 OUT= MAC=56:00:03:85:82:df:fe:00:03:85:82:df:08:00 SRC=43.129.40.155 DST=158.247.223.84 LEN=52 TOS=0x00 PREC=0x00 TTL=50 ID=27516 DF PROTO=TCP SPT=28540 DPT=12233 WINDOW=65535 RES=0x00 SYN URGP=0 
Jan 25 03:15:54 localhost kernel: [13922418.495069] [UFW BLOCK] IN=ens3 OUT= MAC=56:00:03:85:82:df:fe:00:03:85:82:df:08:00 SRC=79.124.62.130 DST=158.247.223.84 LEN=40 TOS=0x00 PREC=0x00 TTL=240 ID=37362 PROTO=TCP SPT=59914 DPT=37960 WINDOW=1024 RES=0x00 SYN URGP=0 
Jan 25 03:16:06 localhost kernel: [13922430.634935] [UFW BLOCK] IN=ens3 OUT= MAC=56:00:03:85:82:df:fe:00:03:85:82:df:08:00 SRC=79.124.62.130 DST=158.247.223.84 LEN=40 TOS=0x00 PREC=0x00 TTL=240 ID=19901 PROTO=TCP SPT=59914 DPT=30626 WINDOW=1024 RES=0x00 SYN URGP=0 
Jan 25 03:16:22 localhost kernel: [13922446.095660] [UFW BLOCK] IN=ens3 OUT= MAC=56:00:03:85:82:df:fe:00:03:85:82:df:08:00 SRC=79.124.62.82 DST=158.247.223.84 LEN=40 TOS=0x00 PREC=0x00 TTL=240 ID=49170 PROTO=TCP SPT=59907 DPT=60666 WINDOW=1024 RES=0x00 SYN URGP=0 
Jan 25 03:16:34 localhost dockerd[8431]: time="2022-01-25T03:16:34.502503833Z" level=info msg="NetworkDB stats plemma(b3be9f6424e0) - netID:0rz6hg0qghb21juyqti61umko leaving:false netPeers:1 entries:2 Queue qLen:0 netMsg/s:0"
Jan 25 03:17:01 localhost CRON[25005]: (root) CMD (   cd / && run-parts --report /etc/cron.hourly)
Jan 25 03:17:02 localhost kernel: [13922485.782494] [UFW BLOCK] IN=ens3 OUT= MAC=56:00:03:85:82:df:fe:00:03:85:82:df:08:00 SRC=104.156.155.12 DST=158.247.223.84 LEN=40 TOS=0x00 PREC=0x00 TTL=241 ID=58774 PROTO=TCP SPT=49733 DPT=48899 WINDOW=1024 RES=0x00 SYN URGP=0 
Jan 25 03:17:07 localhost kernel: [13922490.885217] [UFW BLOCK] IN=ens3 OUT= MAC=56:00:03:85:82:df:fe:00:03:85:82:df:08:00 SRC=104.156.155.12 DST=158.247.223.84 LEN=40 TOS=0x00 PREC=0x00 TTL=241 ID=57599 PROTO=TCP SPT=49733 DPT=8104 WINDOW=1024 RES=0x00 SYN URGP=0 
Jan 25 03:17:50 localhost kernel: [13922534.621710] [UFW BLOCK] IN=ens3 OUT= MAC=56:00:03:85:82:df:fe:00:03:85:82:df:08:00 SRC=104.156.155.12 DST=158.247.223.84 LEN=40 TOS=0x00 PREC=0x00 TTL=241 ID=54126 PROTO=TCP SPT=49733 DPT=18245 WINDOW=1024 RES=0x00 SYN URGP=0 
Jan 25 03:18:10 localhost postfix/anvil[24928]: statistics: max connection rate 1/60s for (smtp:190.190.197.86) at Jan 25 03:14:45
Jan 25 03:18:10 localhost postfix/anvil[24928]: statistics: max connection count 1 for (smtp:190.190.197.86) at Jan 25 03:14:45
Jan 25 03:18:10 localhost postfix/anvil[24928]: statistics: max cache size 2 at Jan 25 03:14:47
Jan 25 03:18:10 localhost kernel: [13922554.470584] [UFW BLOCK] IN=ens3 OUT= MAC=56:00:03:85:82:df:fe:00:03:85:82:df:08:00 SRC=43.131.66.209 DST=158.247.223.84 LEN=52 TOS=0x00 PREC=0x00 TTL=47 ID=32640 DF PROTO=TCP SPT=33664 DPT=7701 WINDOW=65535 RES=0x00 SYN URGP=0 
Jan 25 03:18:39 localhost kernel: [13922582.834549] [UFW BLOCK] IN=ens3 OUT= MAC=56:00:03:85:82:df:fe:00:03:85:82:df:08:00 SRC=104.156.155.12 DST=158.247.223.84 LEN=40 TOS=0x00 PREC=0x00 TTL=241 ID=39300 PROTO=TCP SPT=49733 DPT=3084 WINDOW=1024 RES=0x00 SYN URGP=0 
Jan 25 03:18:41 localhost kernel: [13922584.720357] [UFW BLOCK] IN=ens3 OUT= MAC=56:00:03:85:82:df:fe:00:03:85:82:df:08:00 SRC=66.94.98.24 DST=158.247.223.84 LEN=40 TOS=0x00 PREC=0x00 TTL=237 ID=33623 PROTO=TCP SPT=56437 DPT=3389 WINDOW=1024 RES=0x00 SYN URGP=0 
Jan 25 03:18:52 localhost kernel: [13922596.300215] [UFW BLOCK] IN=ens3 OUT= MAC=56:00:03:85:82:df:fe:00:03:85:82:df:08:00 SRC=192.241.212.111 DST=158.247.223.84 LEN=40 TOS=0x00 PREC=0x00 TTL=243 ID=54321 PROTO=TCP SPT=53826 DPT=26 WINDOW=65535 RES=0x00 SYN URGP=0 
Jan 25 03:19:12 localhost kernel: [13922616.309362] [UFW BLOCK] IN=ens3 OUT= MAC=56:00:03:85:82:df:fe:00:03:85:82:df:08:00 SRC=89.248.163.130 DST=158.247.223.84 LEN=40 TOS=0x00 PREC=0x00 TTL=238 ID=6323 PROTO=TCP SPT=50078 DPT=47936 WINDOW=1024 RES=0x00 SYN URGP=0 
Jan 25 03:19:24 localhost kernel: [13922628.636919] [UFW BLOCK] IN=ens3 OUT= MAC=56:00:03:85:82:df:fe:00:03:85:82:df:08:00 SRC=23.225.180.199 DST=158.247.223.84 LEN=44 TOS=0x00 PREC=0x00 TTL=51 ID=0 DF PROTO=TCP SPT=49057 DPT=49156 WINDOW=1024 RES=0x00 SYN URGP=0 
Jan 25 03:20:18 localhost kernel: [13922682.525155] [UFW BLOCK] IN=ens3 OUT= MAC=56:00:03:85:82:df:fe:00:03:85:82:df:08:00 SRC=5.188.206.18 DST=158.247.223.84 LEN=40 TOS=0x00 PREC=0x00 TTL=240 ID=50560 PROTO=TCP SPT=51425 DPT=12311 WINDOW=1024 RES=0x00 SYN URGP=0 
Jan 25 03:20:21 localhost kernel: [13922685.306008] [UFW BLOCK] IN=ens3 OUT= MAC=56:00:03:85:82:df:fe:00:03:85:82:df:08:00 SRC=79.124.62.110 DST=158.247.223.84 LEN=40 TOS=0x00 PREC=0x00 TTL=240 ID=47554 PROTO=TCP SPT=59911 DPT=64796 WINDOW=1024 RES=0x00 SYN URGP=0 
Jan 25 03:20:25 localhost kernel: [13922689.350613] [UFW BLOCK] IN=ens3 OUT= MAC=56:00:03:85:82:df:fe:00:03:85:82:df:08:00 SRC=104.156.155.12 DST=158.247.223.84 LEN=40 TOS=0x00 PREC=0x00 TTL=241 ID=39783 PROTO=TCP SPT=49733 DPT=8875 WINDOW=1024 RES=0x00 SYN URGP=0 
Jan 25 03:20:42 localhost kernel: [13922706.036630] [UFW BLOCK] IN=ens3 OUT= MAC=56:00:03:85:82:df:fe:00:03:85:82:df:08:00 SRC=183.136.226.4 DST=158.247.223.84 LEN=44 TOS=0x00 PREC=0x00 TTL=110 ID=20716 PROTO=TCP SPT=32223 DPT=512 WINDOW=29200 RES=0x00 SYN URGP=0 
Jan 25 03:21:20 localhost kernel: [13922744.609282] [UFW BLOCK] IN=ens3 OUT= MAC=56:00:03:85:82:df:fe:00:03:85:82:df:08:00 SRC=193.163.125.91 DST=158.247.223.84 LEN=44 TOS=0x00 PREC=0x00 TTL=243 ID=58301 PROTO=TCP SPT=43284 DPT=515 WINDOW=14600 RES=0x00 SYN URGP=0 
Jan 25 03:21:21 localhost kernel: [13922745.692562] [UFW BLOCK] IN=ens3 OUT= MAC=56:00:03:85:82:df:fe:00:03:85:82:df:08:00 SRC=104.156.155.12 DST=158.247.223.84 LEN=40 TOS=0x00 PREC=0x00 TTL=241 ID=47037 PROTO=TCP SPT=49733 DPT=137 WINDOW=1024 RES=0x00 SYN URGP=0 
Jan 25 03:21:34 localhost dockerd[8431]: time="2022-01-25T03:21:34.702510597Z" level=info msg="NetworkDB stats plemma(b3be9f6424e0) - netID:0rz6hg0qghb21juyqti61umko leaving:false netPeers:1 entries:2 Queue qLen:0 netMsg/s:0"
Jan 25 03:21:50 localhost kernel: [13922774.278330] [UFW BLOCK] IN=ens3 OUT= MAC=56:00:03:85:82:df:fe:00:03:85:82:df:08:00 SRC=45.146.165.37 DST=158.247.223.84 LEN=60 TOS=0x00 PREC=0x00 TTL=54 ID=45887 DF PROTO=TCP SPT=60014 DPT=5432 WINDOW=64240 RES=0x00 SYN URGP=0 
Jan 25 03:22:13 localhost kernel: [13922796.898582] [UFW BLOCK] IN=ens3 OUT= MAC=56:00:03:85:82:df:fe:00:03:85:82:df:08:00 SRC=183.136.226.4 DST=158.247.223.84 LEN=44 TOS=0x00 PREC=0x00 TTL=110 ID=25801 PROTO=TCP SPT=14307 DPT=8443 WINDOW=29200 RES=0x00 SYN URGP=0 
Jan 25 03:22:33 localhost kernel: [13922816.963933] [UFW BLOCK] IN=ens3 OUT= MAC=56:00:03:85:82:df:fe:00:03:85:82:df:08:00 SRC=104.156.155.12 DST=158.247.223.84 LEN=40 TOS=0x00 PREC=0x00 TTL=241 ID=9241 PROTO=TCP SPT=49733 DPT=3412 WINDOW=1024 RES=0x00 SYN URGP=0 
Jan 25 03:22:49 localhost kernel: [13922832.804046] [UFW BLOCK] IN=ens3 OUT= MAC=56:00:03:85:82:df:fe:00:03:85:82:df:08:00 SRC=89.248.163.137 DST=158.247.223.84 LEN=40 TOS=0x00 PREC=0x00 TTL=239 ID=43534 PROTO=TCP SPT=49918 DPT=43890 WINDOW=1024 RES=0x00 SYN URGP=0 
Jan 25 03:23:07 localhost kernel: [13922851.669765] [UFW BLOCK] IN=ens3 OUT= MAC=56:00:03:85:82:df:fe:00:03:85:82:df:08:00 SRC=14.32.124.121 DST=158.247.223.84 LEN=60 TOS=0x00 PREC=0x00 TTL=52 ID=6585 DF PROTO=TCP SPT=50858 DPT=5555 WINDOW=65535 RES=0x00 SYN URGP=0 
Jan 25 03:23:23 localhost kernel: [13922867.430974] [UFW BLOCK] IN=ens3 OUT= MAC=56:00:03:85:82:df:fe:00:03:85:82:df:08:00 SRC=104.156.155.12 DST=158.247.223.84 LEN=40 TOS=0x00 PREC=0x00 TTL=241 ID=28348 PROTO=TCP SPT=49733 DPT=4010 WINDOW=1024 RES=0x00 SYN URGP=0 
Jan 25 03:24:00 localhost kernel: [13922904.144137] [UFW BLOCK] IN=ens3 OUT= MAC=56:00:03:85:82:df:fe:00:03:85:82:df:08:00 SRC=79.124.62.78 DST=158.247.223.84 LEN=40 TOS=0x00 PREC=0x00 TTL=240 ID=11353 PROTO=TCP SPT=59913 DPT=27937 WINDOW=1024 RES=0x00 SYN URGP=0 
Jan 25 03:24:04 localhost kernel: [13922908.553621] [UFW BLOCK] IN=ens3 OUT= MAC=56:00:03:85:82:df:fe:00:03:85:82:df:08:00 SRC=104.156.155.12 DST=158.247.223.84 LEN=40 TOS=0x00 PREC=0x00 TTL=241 ID=35485 PROTO=TCP SPT=49733 DPT=63031 WINDOW=1024 RES=0x00 SYN URGP=0 
Jan 25 03:24:22 localhost kernel: [13922925.735167] [UFW BLOCK] IN=ens3 OUT= MAC=56:00:03:85:82:df:fe:00:03:85:82:df:08:00 SRC=104.156.155.12 DST=158.247.223.84 LEN=40 TOS=0x00 PREC=0x00 TTL=241 ID=11212 PROTO=TCP SPT=49733 DPT=3067 WINDOW=1024 RES=0x00 SYN URGP=0 
Jan 25 03:24:45 localhost kernel: [13922949.324968] [UFW BLOCK] IN=ens3 OUT= MAC=56:00:03:85:82:df:fe:00:03:85:82:df:08:00 SRC=79.124.62.78 DST=158.247.223.84 LEN=40 TOS=0x00 PREC=0x00 TTL=240 ID=53930 PROTO=TCP SPT=59913 DPT=25853 WINDOW=1024 RES=0x00 SYN URGP=0 
Jan 25 03:25:01 localhost CRON[25234]: (root) CMD (command -v debian-sa1 > /dev/null && debian-sa1 1 1)
Jan 25 03:25:16 localhost kernel: [13922979.778317] [UFW BLOCK] IN=ens3 OUT= MAC=56:00:03:85:82:df:fe:00:03:85:82:df:08:00 SRC=89.248.163.137 DST=158.247.223.84 LEN=40 TOS=0x00 PREC=0x00 TTL=238 ID=47952 PROTO=TCP SPT=49918 DPT=8097 WINDOW=1024 RES=0x00 SYN URGP=0 
Jan 25 03:25:24 localhost kernel: [13922987.906515] [UFW BLOCK] IN=ens3 OUT= MAC=56:00:03:85:82:df:fe:00:03:85:82:df:08:00 SRC=68.183.200.208 DST=158.247.223.84 LEN=40 TOS=0x00 PREC=0x00 TTL=241 ID=43992 PROTO=TCP SPT=61953 DPT=9184 WINDOW=1024 RES=0x00 SYN URGP=0 
Jan 25 03:25:44 localhost kernel: [13923008.423533] [UFW BLOCK] IN=ens3 OUT= MAC=56:00:03:85:82:df:fe:00:03:85:82:df:08:00 SRC=89.248.163.140 DST=158.247.223.84 LEN=40 TOS=0x00 PREC=0x00 TTL=241 ID=54321 PROTO=TCP SPT=48761 DPT=1017 WINDOW=65535 RES=0x00 SYN URGP=0 
Jan 25 03:26:01 localhost kernel: [13923025.637410] [UFW BLOCK] IN=ens3 OUT= MAC=56:00:03:85:82:df:fe:00:03:85:82:df:08:00 SRC=167.94.145.17 DST=158.247.223.84 LEN=44 TOS=0x00 PREC=0x00 TTL=35 ID=17121 PROTO=TCP SPT=21731 DPT=56369 WINDOW=1024 RES=0x00 SYN URGP=0 
Jan 25 03:26:05 localhost postfix/smtpd[25262]: connect from mail-pg1-f199.google.com[209.85.215.199]
Jan 25 03:26:06 localhost postfix/smtpd[25262]: NOQUEUE: reject: RCPT from mail-pg1-f199.google.com[209.85.215.199]: 454 4.7.1 <unsubscribe@carpent.us>: Relay access denied; from=<RDHardaway@nwosu.edu> to=<unsubscribe@carpent.us> proto=ESMTP helo=<mail-pg1-f199.google.com>
Jan 25 03:26:07 localhost postfix/smtpd[25262]: disconnect from mail-pg1-f199.google.com[209.85.215.199] ehlo=2 starttls=1 mail=1 rcpt=0/1 bdat=0/1 quit=1 commands=5/7
Jan 25 03:26:31 localhost kernel: [13923055.139421] [UFW BLOCK] IN=ens3 OUT= MAC=56:00:03:85:82:df:fe:00:03:85:82:df:08:00 SRC=121.40.142.117 DST=158.247.223.84 LEN=40 TOS=0x00 PREC=0x00 TTL=237 ID=12692 PROTO=TCP SPT=49483 DPT=2375 WINDOW=1024 RES=0x00 SYN URGP=0 
Jan 25 03:26:34 localhost dockerd[8431]: time="2022-01-25T03:26:34.902598941Z" level=info msg="NetworkDB stats plemma(b3be9f6424e0) - netID:0rz6hg0qghb21juyqti61umko leaving:false netPeers:1 entries:2 Queue qLen:0 netMsg/s:0"
Jan 25 03:26:50 localhost kernel: [13923073.720680] [UFW BLOCK] IN=ens3 OUT= MAC=56:00:03:85:82:df:fe:00:03:85:82:df:08:00 SRC=82.221.105.7 DST=158.247.223.84 LEN=44 TOS=0x00 PREC=0x00 TTL=111 ID=5467 PROTO=TCP SPT=26492 DPT=5025 WINDOW=60613 RES=0x00 SYN URGP=0 
Jan 25 03:27:10 localhost kernel: [13923094.396601] [UFW BLOCK] IN=ens3 OUT= MAC=56:00:03:85:82:df:fe:00:03:85:82:df:08:00 SRC=24.102.100.61 DST=158.247.223.84 LEN=44 TOS=0x00 PREC=0x00 TTL=243 ID=31990 DF PROTO=TCP SPT=14922 DPT=23 WINDOW=14600 RES=0x00 SYN URGP=0 
Jan 25 03:27:33 localhost kernel: [13923117.699241] [UFW BLOCK] IN=ens3 OUT= MAC=56:00:03:85:82:df:fe:00:03:85:82:df:08:00 SRC=104.156.155.12 DST=158.247.223.84 LEN=40 TOS=0x00 PREC=0x00 TTL=241 ID=27138 PROTO=TCP SPT=49733 DPT=8032 WINDOW=1024 RES=0x00 SYN URGP=0 
Jan 25 03:28:00 localhost kernel: [13923144.420228] [UFW BLOCK] IN=ens3 OUT= MAC=56:00:03:85:82:df:fe:00:03:85:82:df:08:00 SRC=79.124.62.82 DST=158.247.223.84 LEN=40 TOS=0x00 PREC=0x00 TTL=240 ID=50969 PROTO=TCP SPT=59907 DPT=7101 WINDOW=1024 RES=0x00 SYN URGP=0 
Jan 25 03:28:02 localhost kernel: [13923146.229383] [UFW BLOCK] IN=ens3 OUT= MAC=56:00:03:85:82:df:fe:00:03:85:82:df:08:00 SRC=104.156.155.12 DST=158.247.223.84 LEN=40 TOS=0x00 PREC=0x00 TTL=241 ID=3724 PROTO=TCP SPT=49733 DPT=50007 WINDOW=1024 RES=0x00 SYN URGP=0 
Jan 25 03:28:33 localhost kernel: [13923177.118089] [UFW BLOCK] IN=ens3 OUT= MAC=56:00:03:85:82:df:fe:00:03:85:82:df:08:00 SRC=45.125.65.126 DST=158.247.223.84 LEN=29 TOS=0x00 PREC=0x00 TTL=236 ID=54321 PROTO=UDP SPT=51238 DPT=54673 LEN=9 
Jan 25 03:28:43 localhost kernel: [13923187.450847] [UFW BLOCK] IN=ens3 OUT= MAC=56:00:03:85:82:df:fe:00:03:85:82:df:08:00 SRC=89.248.163.131 DST=158.247.223.84 LEN=40 TOS=0x00 PREC=0x00 TTL=238 ID=52477 PROTO=TCP SPT=54183 DPT=12306 WINDOW=1024 RES=0x00 SYN URGP=0 
Jan 25 03:29:16 localhost kernel: [13923219.801221] [UFW BLOCK] IN=ens3 OUT= MAC=56:00:03:85:82:df:fe:00:03:85:82:df:08:00 SRC=89.248.163.136 DST=158.247.223.84 LEN=40 TOS=0x00 PREC=0x00 TTL=241 ID=64060 PROTO=TCP SPT=50116 DPT=33390 WINDOW=1024 RES=0x00 SYN URGP=0 
Jan 25 03:29:27 localhost postfix/anvil[25264]: statistics: max connection rate 1/60s for (smtp:209.85.215.199) at Jan 25 03:26:05
Jan 25 03:29:27 localhost postfix/anvil[25264]: statistics: max connection count 1 for (smtp:209.85.215.199) at Jan 25 03:26:05
Jan 25 03:29:27 localhost postfix/anvil[25264]: statistics: max cache size 1 at Jan 25 03:26:05
Jan 25 03:29:31 localhost kernel: [13923235.161112] [UFW BLOCK] IN=ens3 OUT= MAC=56:00:03:85:82:df:fe:00:03:85:82:df:08:00 SRC=104.156.155.12 DST=158.247.223.84 LEN=40 TOS=0x00 PREC=0x00 TTL=241 ID=61669 PROTO=TCP SPT=49733 DPT=3100 WINDOW=1024 RES=0x00 SYN URGP=0 
Jan 25 03:29:39 localhost postfix/smtpd[25363]: connect from 5.r1.unverified-forwarding.1e100.net[108.177.16.5]
Jan 25 03:29:39 localhost postfix/trivial-rewrite[25366]: warning: do not list domain fromthemachine.org in BOTH mydestination and virtual_alias_domains
Jan 25 03:29:39 localhost postfix/smtpd[25363]: EC847EAE1: client=5.r1.unverified-forwarding.1e100.net[108.177.16.5]
Jan 25 03:29:40 localhost postfix/cleanup[25367]: EC847EAE1: message-id=<CH2PR01MB57810B1943A47CAE5DA4A428EA5F9@CH2PR01MB5781.prod.exchangelabs.com>
Jan 25 03:29:40 localhost postfix/qmgr[32066]: EC847EAE1: from=<ashe-l-bounces@lists.fsu.edu>, size=344618, nrcpt=3 (queue active)
Jan 25 03:29:40 localhost postfix/trivial-rewrite[25366]: warning: do not list domain fromthemachine.org in BOTH mydestination and virtual_alias_domains
Jan 25 03:29:40 localhost postfix/local[25375]: EC847EAE1: to=<adam@localhost>, orig_to=<raelitwhy@fromthemachine.org>, relay=local, delay=0.77, delays=0.75/0.02/0/0.01, dsn=2.0.0, status=sent (delivered to maildir)
Jan 25 03:29:40 localhost postfix/local[25375]: EC847EAE1: to=<ftm@fromthemachine.org>, orig_to=<raelitwhy@fromthemachine.org>, relay=local, delay=0.79, delays=0.75/0.02/0/0.02, dsn=5.1.1, status=bounced (unknown user: "ftm")
Jan 25 03:29:40 localhost postfix/smtpd[25363]: disconnect from 5.r1.unverified-forwarding.1e100.net[108.177.16.5] ehlo=2 starttls=1 mail=1 rcpt=1 bdat=2 quit=1 commands=8
Jan 25 03:29:41 localhost postfix/smtp[25374]: connect to smtp-relay.gmail.com[2404:6800:4008:c07::1c]:587: Network is unreachable
Jan 25 03:29:45 localhost postfix/smtp[25374]: EC847EAE1: to=<0xc514f094370cfc5ee45a1dd9b72bb9675efe266f@ethmail.cc>, orig_to=<raelitwhy@fromthemachine.org>, relay=smtp-relay.gmail.com[64.233.189.28]:587, delay=5.9, delays=0.75/0.03/1.8/3.2, dsn=2.0.0, status=sent (250 2.0.0 OK  1643081385 s7sm1269602otv.0 - gsmtp)
Jan 25 03:29:45 localhost postfix/cleanup[25367]: C593CF6C7: message-id=<20220125032945.C593CF6C7@plemma.cc>
Jan 25 03:29:45 localhost postfix/qmgr[32066]: C593CF6C7: from=<>, size=25470, nrcpt=1 (queue active)
Jan 25 03:29:45 localhost postfix/bounce[25377]: EC847EAE1: sender non-delivery notification: C593CF6C7
Jan 25 03:29:45 localhost postfix/qmgr[32066]: EC847EAE1: removed
Jan 25 03:29:47 localhost postfix/smtp[25374]: C593CF6C7: to=<ashe-l-bounces@lists.fsu.edu>, relay=smtp-relay.gmail.com[64.233.189.28]:587, delay=1.9, delays=0/0/1.2/0.71, dsn=2.0.0, status=sent (250 2.0.0 OK  1643081387 w12sm2968550ooj.13 - gsmtp)
Jan 25 03:29:47 localhost postfix/qmgr[32066]: C593CF6C7: removed
Jan 25 03:30:04 localhost kernel: [13923268.456268] [UFW BLOCK] IN=ens3 OUT= MAC=56:00:03:85:82:df:fe:00:03:85:82:df:08:00 SRC=104.156.155.12 DST=158.247.223.84 LEN=40 TOS=0x00 PREC=0x00 TTL=241 ID=29452 PROTO=TCP SPT=49733 DPT=56048 WINDOW=1024 RES=0x00 SYN URGP=0 
Jan 25 03:30:42 localhost kernel: [13923305.753598] [UFW BLOCK] IN=ens3 OUT= MAC=56:00:03:85:82:df:fe:00:03:85:82:df:08:00 SRC=79.124.62.130 DST=158.247.223.84 LEN=40 TOS=0x00 PREC=0x00 TTL=240 ID=50135 PROTO=TCP SPT=59914 DPT=37964 WINDOW=1024 RES=0x00 SYN URGP=0 
Jan 25 03:30:45 localhost kernel: [13923309.347949] [UFW BLOCK] IN=ens3 OUT= MAC=56:00:03:85:82:df:fe:00:03:85:82:df:08:00 SRC=167.248.133.68 DST=158.247.223.84 LEN=44 TOS=0x00 PREC=0x00 TTL=39 ID=45604 PROTO=TCP SPT=19974 DPT=1270 WINDOW=1024 RES=0x00 SYN URGP=0 
Jan 25 03:30:46 localhost kernel: [13923310.454038] [UFW BLOCK] IN=ens3 OUT= MAC=56:00:03:85:82:df:fe:00:03:85:82:df:08:00 SRC=167.94.138.95 DST=158.247.223.84 LEN=44 TOS=0x00 PREC=0x00 TTL=37 ID=33999 PROTO=TCP SPT=44431 DPT=16062 WINDOW=1024 RES=0x00 SYN URGP=0 
Jan 25 03:31:22 localhost kernel: [13923346.040293] [UFW BLOCK] IN=ens3 OUT= MAC=56:00:03:85:82:df:fe:00:03:85:82:df:08:00 SRC=92.63.197.94 DST=158.247.223.84 LEN=40 TOS=0x00 PREC=0x00 TTL=239 ID=34074 PROTO=TCP SPT=53179 DPT=5000 WINDOW=1024 RES=0x00 SYN URGP=0 
Jan 25 03:31:22 localhost kernel: [13923346.434708] [UFW BLOCK] IN=ens3 OUT= MAC=56:00:03:85:82:df:fe:00:03:85:82:df:08:00 SRC=104.156.155.12 DST=158.247.223.84 LEN=40 TOS=0x00 PREC=0x00 TTL=241 ID=15765 PROTO=TCP SPT=49733 DPT=8803 WINDOW=1024 RES=0x00 SYN URGP=0 
Jan 25 03:31:35 localhost dockerd[8431]: time="2022-01-25T03:31:35.102466040Z" level=info msg="NetworkDB stats plemma(b3be9f6424e0) - netID:0rz6hg0qghb21juyqti61umko leaving:false netPeers:1 entries:2 Queue qLen:0 netMsg/s:0"
Jan 25 03:31:44 localhost kernel: [13923367.874128] [UFW BLOCK] IN=ens3 OUT= MAC=56:00:03:85:82:df:fe:00:03:85:82:df:08:00 SRC=89.248.163.132 DST=158.247.223.84 LEN=40 TOS=0x00 PREC=0x00 TTL=239 ID=6526 PROTO=TCP SPT=50043 DPT=20033 WINDOW=1024 RES=0x00 SYN URGP=0 
Jan 25 03:32:21 localhost kernel: [13923404.840490] [UFW BLOCK] IN=ens3 OUT= MAC=56:00:03:85:82:df:fe:00:03:85:82:df:08:00 SRC=45.227.254.55 DST=158.247.223.84 LEN=52 TOS=0x02 PREC=0x00 TTL=116 ID=28028 DF PROTO=TCP SPT=38275 DPT=3389 WINDOW=8192 RES=0x00 CWR ECE SYN URGP=0 
Jan 25 03:32:23 localhost kernel: [13923407.100798] [UFW BLOCK] IN=ens3 OUT= MAC=56:00:03:85:82:df:fe:00:03:85:82:df:08:00 SRC=192.241.205.220 DST=158.247.223.84 LEN=40 TOS=0x00 PREC=0x00 TTL=243 ID=54321 PROTO=TCP SPT=47666 DPT=443 WINDOW=65535 RES=0x00 SYN URGP=0 
Jan 25 03:32:54 localhost kernel: [13923438.333666] [UFW BLOCK] IN=ens3 OUT= MAC=56:00:03:85:82:df:fe:00:03:85:82:df:08:00 SRC=104.156.155.12 DST=158.247.223.84 LEN=40 TOS=0x00 PREC=0x00 TTL=241 ID=63688 PROTO=TCP SPT=49733 DPT=13783 WINDOW=1024 RES=0x00 SYN URGP=0 
Jan 25 03:33:01 localhost postfix/anvil[25365]: statistics: max connection rate 1/60s for (smtp:108.177.16.5) at Jan 25 03:29:39
Jan 25 03:33:01 localhost postfix/anvil[25365]: statistics: max connection count 1 for (smtp:108.177.16.5) at Jan 25 03:29:39
Jan 25 03:33:01 localhost postfix/anvil[25365]: statistics: max cache size 1 at Jan 25 03:29:39
Jan 25 03:33:06 localhost kernel: [13923450.060485] [UFW BLOCK] IN=ens3 OUT= MAC=56:00:03:85:82:df:fe:00:03:85:82:df:08:00 SRC=34.96.130.31 DST=158.247.223.84 LEN=44 TOS=0x00 PREC=0x00 TTL=249 ID=54321 PROTO=TCP SPT=60212 DPT=8088 WINDOW=65535 RES=0x00 SYN URGP=0 
Jan 25 03:33:33 localhost kernel: [13923477.266940] [UFW BLOCK] IN=ens3 OUT= MAC=56:00:03:85:82:df:fe:00:03:85:82:df:08:00 SRC=104.156.155.12 DST=158.247.223.84 LEN=40 TOS=0x00 PREC=0x00 TTL=241 ID=18893 PROTO=TCP SPT=49733 DPT=7535 WINDOW=1024 RES=0x00 SYN URGP=0 
Jan 25 03:33:48 localhost kernel: [13923492.314685] [UFW BLOCK] IN=ens3 OUT= MAC=56:00:03:85:82:df:fe:00:03:85:82:df:08:00 SRC=104.156.155.12 DST=158.247.223.84 LEN=40 TOS=0x00 PREC=0x00 TTL=241 ID=54897 PROTO=TCP SPT=49733 DPT=800 WINDOW=1024 RES=0x00 SYN URGP=0 
Jan 25 03:34:01 localhost kernel: [13923505.270958] [UFW BLOCK] IN=ens3 OUT= MAC=56:00:03:85:82:df:fe:00:03:85:82:df:08:00 SRC=164.90.213.64 DST=158.247.223.84 LEN=48 TOS=0x00 PREC=0x00 TTL=112 ID=49270 PROTO=TCP SPT=8248 DPT=5017 WINDOW=65535 RES=0x00 SYN URGP=0 
Jan 25 03:34:22 localhost kernel: [13923526.621489] [UFW BLOCK] IN=ens3 OUT= MAC=56:00:03:85:82:df:fe:00:03:85:82:df:08:00 SRC=45.143.200.110 DST=158.247.223.84 LEN=40 TOS=0x00 PREC=0x00 TTL=240 ID=55906 PROTO=TCP SPT=45276 DPT=31851 WINDOW=1024 RES=0x00 SYN URGP=0 
Jan 25 03:34:41 localhost kernel: [13923545.321276] [UFW BLOCK] IN=ens3 OUT= MAC=56:00:03:85:82:df:fe:00:03:85:82:df:08:00 SRC=104.156.155.12 DST=158.247.223.84 LEN=40 TOS=0x00 PREC=0x00 TTL=241 ID=63511 PROTO=TCP SPT=49733 DPT=8418 WINDOW=1024 RES=0x00 SYN URGP=0 
Jan 25 03:35:01 localhost CRON[25511]: (root) CMD (command -v debian-sa1 > /dev/null && debian-sa1 1 1)
Jan 25 03:35:03 localhost kernel: [13923567.568997] [UFW BLOCK] IN=ens3 OUT= MAC=56:00:03:85:82:df:fe:00:03:85:82:df:08:00 SRC=193.3.19.119 DST=158.247.223.84 LEN=40 TOS=0x00 PREC=0x00 TTL=244 ID=23275 PROTO=TCP SPT=57060 DPT=13000 WINDOW=1024 RES=0x00 SYN URGP=0 
Jan 25 03:35:25 localhost kernel: [13923588.966021] [UFW BLOCK] IN=ens3 OUT= MAC=56:00:03:85:82:df:fe:00:03:85:82:df:08:00 SRC=109.237.103.9 DST=158.247.223.84 LEN=60 TOS=0x00 PREC=0x00 TTL=54 ID=57033 DF PROTO=TCP SPT=37668 DPT=80 WINDOW=29200 RES=0x00 SYN URGP=0 
Jan 25 03:35:43 localhost kernel: [13923607.574947] [UFW BLOCK] IN=ens3 OUT= MAC=56:00:03:85:82:df:fe:00:03:85:82:df:08:00 SRC=146.88.240.4 DST=158.247.223.84 LEN=68 TOS=0x00 PREC=0x00 TTL=243 ID=54321 PROTO=UDP SPT=57439 DPT=111 LEN=48 
Jan 25 03:36:06 localhost kernel: [13923629.972153] [UFW BLOCK] IN=ens3 OUT= MAC=56:00:03:85:82:df:fe:00:03:85:82:df:08:00 SRC=159.224.41.95 DST=158.247.223.84 LEN=60 TOS=0x00 PREC=0x00 TTL=46 ID=28220 DF PROTO=TCP SPT=34507 DPT=5555 WINDOW=65535 RES=0x00 SYN URGP=0 
Jan 25 03:36:24 localhost kernel: [13923648.120624] [UFW BLOCK] IN=ens3 OUT= MAC=56:00:03:85:82:df:fe:00:03:85:82:df:08:00 SRC=162.142.125.75 DST=158.247.223.84 LEN=44 TOS=0x00 PREC=0x00 TTL=40 ID=28939 PROTO=TCP SPT=51540 DPT=5640 WINDOW=1024 RES=0x00 SYN URGP=0 
Jan 25 03:36:35 localhost dockerd[8431]: time="2022-01-25T03:36:35.302527611Z" level=info msg="NetworkDB stats plemma(b3be9f6424e0) - netID:0rz6hg0qghb21juyqti61umko leaving:false netPeers:1 entries:2 Queue qLen:0 netMsg/s:0"
