Sep 14 02:05:13 localhost kernel: [2426917.589607] [UFW BLOCK] IN=ens3 OUT= MAC=56:00:03:85:82:df:fe:00:03:85:82:df:08:00 SRC=82.102.173.66 DST=158.247.223.84 LEN=40 TOS=0x00 PREC=0x00 TTL=244 ID=29903 PROTO=TCP SPT=50288 DPT=8810 WINDOW=1024 RES=0x00 SYN URGP=0 
Sep 14 02:05:30 localhost kernel: [2426935.097994] [UFW BLOCK] IN=ens3 OUT= MAC=56:00:03:85:82:df:fe:00:03:85:82:df:08:00 SRC=128.199.141.66 DST=158.247.223.84 LEN=40 TOS=0x00 PREC=0x00 TTL=242 ID=27459 PROTO=TCP SPT=32767 DPT=8545 WINDOW=1024 RES=0x00 SYN URGP=0 
Sep 14 02:05:57 localhost kernel: [2426962.164272] [UFW BLOCK] IN=ens3 OUT= MAC=56:00:03:85:82:df:fe:00:03:85:82:df:08:00 SRC=185.156.73.119 DST=158.247.223.84 LEN=40 TOS=0x00 PREC=0x00 TTL=240 ID=44521 PROTO=TCP SPT=43303 DPT=46473 WINDOW=1024 RES=0x00 SYN URGP=0 
Sep 14 02:06:07 localhost postfix/smtpd[27830]: connect from unknown[45.87.62.127]
Sep 14 02:06:07 localhost postfix/trivial-rewrite[27833]: warning: do not list domain lamc.la in BOTH mydestination and virtual_alias_domains
Sep 14 02:06:07 localhost postfix/smtpd[27830]: E4CCA1E8F: client=unknown[45.87.62.127]
Sep 14 02:06:08 localhost postfix/cleanup[27834]: E4CCA1E8F: message-id=<20210914040606.12D05B5A07B567DF@kelington-group.com>
Sep 14 02:06:08 localhost postfix/qmgr[19627]: E4CCA1E8F: from=<kaichun.guo@kelington-group.com>, size=6043, nrcpt=1 (queue active)
Sep 14 02:06:08 localhost postfix/trivial-rewrite[27833]: warning: do not list domain lamc.la in BOTH mydestination and virtual_alias_domains
Sep 14 02:06:08 localhost postfix/local[27835]: E4CCA1E8F: to=<adam@lamc.la>, relay=local, delay=0.8, delays=0.79/0.01/0/0, dsn=2.0.0, status=sent (delivered to maildir)
Sep 14 02:06:08 localhost postfix/qmgr[19627]: E4CCA1E8F: removed
Sep 14 02:06:08 localhost postfix/smtpd[27830]: disconnect from unknown[45.87.62.127] ehlo=1 mail=1 rcpt=1 data=1 quit=1 commands=5
Sep 14 02:06:26 localhost kernel: [2426990.944385] [UFW BLOCK] IN=ens3 OUT= MAC=56:00:03:85:82:df:fe:00:03:85:82:df:08:00 SRC=185.156.73.119 DST=158.247.223.84 LEN=40 TOS=0x00 PREC=0x00 TTL=240 ID=33705 PROTO=TCP SPT=43303 DPT=46514 WINDOW=1024 RES=0x00 SYN URGP=0 
Sep 14 02:06:27 localhost kernel: [2426991.920407] [UFW BLOCK] IN=ens3 OUT= MAC=56:00:03:85:82:df:fe:00:03:85:82:df:08:00 SRC=205.185.116.29 DST=158.247.223.84 LEN=44 TOS=0x00 PREC=0x00 TTL=244 ID=54321 PROTO=TCP SPT=48878 DPT=23 WINDOW=65535 RES=0x00 SYN URGP=0 
Sep 14 02:06:45 localhost dockerd[8431]: time="2021-09-14T02:06:45.102403169Z" level=info msg="NetworkDB stats plemma(b3be9f6424e0) - netID:0rz6hg0qghb21juyqti61umko leaving:false netPeers:1 entries:2 Queue qLen:0 netMsg/s:0"
Sep 14 02:06:53 localhost kernel: [2427017.749536] [UFW BLOCK] IN=ens3 OUT= MAC=56:00:03:85:82:df:fe:00:03:85:82:df:08:00 SRC=27.42.202.212 DST=158.247.223.84 LEN=40 TOS=0x00 PREC=0x00 TTL=50 ID=48351 PROTO=TCP SPT=13270 DPT=23 WINDOW=37442 RES=0x00 SYN URGP=0 
Sep 14 02:07:26 localhost kernel: [2427050.874983] [UFW BLOCK] IN=ens3 OUT= MAC=56:00:03:85:82:df:fe:00:03:85:82:df:08:00 SRC=185.156.73.119 DST=158.247.223.84 LEN=40 TOS=0x00 PREC=0x00 TTL=240 ID=51390 PROTO=TCP SPT=43303 DPT=46524 WINDOW=1024 RES=0x00 SYN URGP=0 
Sep 14 02:08:06 localhost kernel: [2427090.270094] [UFW BLOCK] IN=ens3 OUT= MAC=56:00:03:85:82:df:fe:00:03:85:82:df:08:00 SRC=172.245.23.145 DST=158.247.223.84 LEN=52 TOS=0x02 PREC=0x00 TTL=118 ID=41873 DF PROTO=TCP SPT=53210 DPT=25 WINDOW=64240 RES=0x00 CWR ECE SYN URGP=0 
Sep 14 02:08:06 localhost postfix/smtpd[27972]: warning: hostname 172-245-23-145-host.colocrossing.com does not resolve to address 172.245.23.145: Name or service not known
Sep 14 02:08:06 localhost postfix/smtpd[27972]: connect from unknown[172.245.23.145]
Sep 14 02:08:07 localhost postfix/trivial-rewrite[27974]: warning: do not list domain lamc.la in BOTH mydestination and virtual_alias_domains
Sep 14 02:08:07 localhost postfix/smtpd[27972]: 72CED1E8F: client=unknown[172.245.23.145]
Sep 14 02:08:07 localhost postfix/cleanup[27975]: 72CED1E8F: message-id=<20210914040803.CA4C372A9FC9F4C6@redlineegypt.com>
Sep 14 02:08:08 localhost postfix/qmgr[19627]: 72CED1E8F: from=<export@redlineegypt.com>, size=436740, nrcpt=1 (queue active)
Sep 14 02:08:08 localhost postfix/trivial-rewrite[27974]: warning: do not list domain lamc.la in BOTH mydestination and virtual_alias_domains
Sep 14 02:08:08 localhost postfix/local[27976]: 72CED1E8F: to=<adam@lamc.la>, relay=local, delay=1.3, delays=1.3/0.01/0/0, dsn=2.0.0, status=sent (delivered to maildir)
Sep 14 02:08:08 localhost postfix/qmgr[19627]: 72CED1E8F: removed
Sep 14 02:08:08 localhost postfix/smtpd[27972]: disconnect from unknown[172.245.23.145] ehlo=1 mail=1 rcpt=1 data=1 quit=1 commands=5
Sep 14 02:08:11 localhost kernel: [2427095.697094] [UFW BLOCK] IN=ens3 OUT= MAC=56:00:03:85:82:df:fe:00:03:85:82:df:08:00 SRC=89.248.165.204 DST=158.247.223.84 LEN=40 TOS=0x00 PREC=0x00 TTL=239 ID=46725 PROTO=TCP SPT=52500 DPT=5197 WINDOW=1024 RES=0x00 SYN URGP=0 
Sep 14 02:08:23 localhost kernel: [2427107.772882] [UFW BLOCK] IN=ens3 OUT= MAC=56:00:03:85:82:df:fe:00:03:85:82:df:08:00 SRC=185.156.73.119 DST=158.247.223.84 LEN=40 TOS=0x00 PREC=0x00 TTL=240 ID=6050 PROTO=TCP SPT=43303 DPT=46437 WINDOW=1024 RES=0x00 SYN URGP=0 
Sep 14 02:08:27 localhost kernel: [2427112.111743] [UFW BLOCK] IN=ens3 OUT= MAC=56:00:03:85:82:df:fe:00:03:85:82:df:08:00 SRC=185.156.73.119 DST=158.247.223.84 LEN=40 TOS=0x00 PREC=0x00 TTL=240 ID=9108 PROTO=TCP SPT=43303 DPT=46434 WINDOW=1024 RES=0x00 SYN URGP=0 
Sep 14 02:08:49 localhost kernel: [2427133.603655] [UFW BLOCK] IN=ens3 OUT= MAC=56:00:03:85:82:df:fe:00:03:85:82:df:08:00 SRC=185.156.73.119 DST=158.247.223.84 LEN=40 TOS=0x00 PREC=0x00 TTL=240 ID=42542 PROTO=TCP SPT=43303 DPT=46517 WINDOW=1024 RES=0x00 SYN URGP=0 
Sep 14 02:09:01 localhost CRON[28041]: (root) CMD (  [ -x /usr/lib/php/sessionclean ] && if [ ! -d /run/systemd/system ]; then /usr/lib/php/sessionclean; fi)
Sep 14 02:09:01 localhost systemd[1]: Starting Clean php session files...
Sep 14 02:09:01 localhost systemd[1]: phpsessionclean.service: Succeeded.
Sep 14 02:09:01 localhost systemd[1]: Started Clean php session files.
Sep 14 02:09:13 localhost kernel: [2427157.721702] [UFW BLOCK] IN=ens3 OUT= MAC=56:00:03:85:82:df:fe:00:03:85:82:df:08:00 SRC=185.156.73.119 DST=158.247.223.84 LEN=40 TOS=0x00 PREC=0x00 TTL=240 ID=11867 PROTO=TCP SPT=43303 DPT=46389 WINDOW=1024 RES=0x00 SYN URGP=0 
Sep 14 02:09:47 localhost kernel: [2427191.507372] [UFW BLOCK] IN=ens3 OUT= MAC=56:00:03:85:82:df:fe:00:03:85:82:df:08:00 SRC=107.180.43.9 DST=158.247.223.84 LEN=40 TOS=0x00 PREC=0x00 TTL=54 ID=64272 PROTO=TCP SPT=443 DPT=14616 WINDOW=16384 RES=0x00 ACK URGP=0 
Sep 14 02:09:49 localhost kernel: [2427194.236917] [UFW BLOCK] IN=ens3 OUT= MAC=56:00:03:85:82:df:fe:00:03:85:82:df:08:00 SRC=79.124.62.234 DST=158.247.223.84 LEN=40 TOS=0x00 PREC=0x00 TTL=246 ID=50733 PROTO=TCP SPT=55223 DPT=5389 WINDOW=1024 RES=0x00 SYN URGP=0 
Sep 14 02:10:23 localhost kernel: [2427227.810694] [UFW BLOCK] IN=ens3 OUT= MAC=56:00:03:85:82:df:fe:00:03:85:82:df:08:00 SRC=112.26.144.217 DST=158.247.223.84 LEN=60 TOS=0x00 PREC=0x00 TTL=111 ID=20589 DF PROTO=TCP SPT=63807 DPT=37218 WINDOW=0 RES=0x00 SYN URGP=0 
Sep 14 02:10:36 localhost kernel: [2427240.563409] [UFW BLOCK] IN=ens3 OUT= MAC=56:00:03:85:82:df:fe:00:03:85:82:df:08:00 SRC=192.241.221.186 DST=158.247.223.84 LEN=40 TOS=0x00 PREC=0x00 TTL=244 ID=54321 PROTO=TCP SPT=33158 DPT=29015 WINDOW=65535 RES=0x00 SYN URGP=0 
Sep 14 02:10:48 localhost kernel: [2427252.657175] [UFW BLOCK] IN=ens3 OUT= MAC=56:00:03:85:82:df:fe:00:03:85:82:df:08:00 SRC=185.156.73.119 DST=158.247.223.84 LEN=40 TOS=0x00 PREC=0x00 TTL=240 ID=14099 PROTO=TCP SPT=43303 DPT=46418 WINDOW=1024 RES=0x00 SYN URGP=0 
Sep 14 02:11:16 localhost kernel: [2427280.684132] [UFW BLOCK] IN=ens3 OUT= MAC=56:00:03:85:82:df:fe:00:03:85:82:df:08:00 SRC=73.107.144.246 DST=158.247.223.84 LEN=60 TOS=0x00 PREC=0x00 TTL=52 ID=52590 DF PROTO=TCP SPT=49458 DPT=143 WINDOW=65535 RES=0x00 SYN URGP=0 
Sep 14 02:11:21 localhost dovecot: imap-login: Login: user=<adam>, method=PLAIN, rip=73.107.144.246, lip=158.247.223.84, mpid=28247, TLS, session=<Gi8FGevLMsFJa5D2>
Sep 14 02:11:21 localhost dovecot: imap-login: Login: user=<adam>, method=PLAIN, rip=73.107.144.246, lip=158.247.223.84, mpid=28248, TLS, session=<aF0SGevLRMFJa5D2>
Sep 14 02:11:22 localhost dovecot: imap(adam)<28247><Gi8FGevLMsFJa5D2>: Connection closed (LIST finished 0.319 secs ago) in=50 out=1194 deleted=0 expunged=0 trashed=0 hdr_count=0 hdr_bytes=0 body_count=0 body_bytes=0
Sep 14 02:11:25 localhost dovecot: imap-login: Login: user=<adam>, method=PLAIN, rip=73.107.144.246, lip=158.247.223.84, mpid=28250, TLS, session=<BBVDGevLWsFJa5D2>
Sep 14 02:11:28 localhost postfix/anvil[27832]: statistics: max connection rate 1/60s for (smtp:45.87.62.127) at Sep 14 02:06:07
Sep 14 02:11:28 localhost postfix/anvil[27832]: statistics: max connection count 1 for (smtp:45.87.62.127) at Sep 14 02:06:07
Sep 14 02:11:28 localhost postfix/anvil[27832]: statistics: max cache size 1 at Sep 14 02:06:07
Sep 14 02:11:32 localhost dovecot: imap(adam)<28248><aF0SGevLRMFJa5D2>: Connection closed (UID FETCH finished 9.046 secs ago) in=82 out=5769 deleted=0 expunged=0 trashed=0 hdr_count=0 hdr_bytes=0 body_count=1 body_bytes=4424
Sep 14 02:11:32 localhost dovecot: imap(adam)<28250><BBVDGevLWsFJa5D2>: Connection closed (UID FETCH finished 0.721 secs ago) in=1441 out=29068 deleted=0 expunged=0 trashed=0 hdr_count=3 hdr_bytes=991 body_count=3 body_bytes=17257
Sep 14 02:11:32 localhost kernel: [2427296.583598] [UFW BLOCK] IN=ens3 OUT= MAC=56:00:03:85:82:df:fe:00:03:85:82:df:08:00 SRC=73.107.144.246 DST=158.247.223.84 LEN=60 TOS=0x00 PREC=0x00 TTL=52 ID=42550 DF PROTO=TCP SPT=49502 DPT=143 WINDOW=65535 RES=0x00 SYN URGP=0 
Sep 14 02:11:36 localhost dovecot: imap-login: Login: user=<adam>, method=PLAIN, rip=73.107.144.246, lip=158.247.223.84, mpid=28262, TLS, session=<a3PxGevLXsFJa5D2>
Sep 14 02:11:38 localhost dovecot: imap(adam)<28262><a3PxGevLXsFJa5D2>: Connection closed (UID SEARCH finished 0.269 secs ago) in=121 out=1345 deleted=0 expunged=0 trashed=0 hdr_count=0 hdr_bytes=0 body_count=0 body_bytes=0
Sep 14 02:11:45 localhost dockerd[8431]: time="2021-09-14T02:11:45.302668073Z" level=info msg="NetworkDB stats plemma(b3be9f6424e0) - netID:0rz6hg0qghb21juyqti61umko leaving:false netPeers:1 entries:2 Queue qLen:0 netMsg/s:0"
Sep 14 02:11:52 localhost kernel: [2427316.302912] [UFW BLOCK] IN=ens3 OUT= MAC=56:00:03:85:82:df:fe:00:03:85:82:df:08:00 SRC=185.156.73.119 DST=158.247.223.84 LEN=40 TOS=0x00 PREC=0x00 TTL=240 ID=1496 PROTO=TCP SPT=43303 DPT=46374 WINDOW=1024 RES=0x00 SYN URGP=0 
Sep 14 02:12:04 localhost postfix/smtpd[28313]: connect from mail-lj1-f197.google.com[209.85.208.197]
Sep 14 02:12:06 localhost postfix/smtpd[28313]: NOQUEUE: reject: RCPT from mail-lj1-f197.google.com[209.85.208.197]: 454 4.7.1 <prvs=880e3dd4e=arwaxm+bncBCC7XN6N3YMBBD5B52EQMGQEWSXIWFQ@liber-t.xyz>: Relay access denied; from=<> to=<prvs=880e3dd4e=arwaxm+bncBCC7XN6N3YMBBD5B52EQMGQEWSXIWFQ@liber-t.xyz> proto=ESMTP helo=<mail-lj1-f197.google.com>
Sep 14 02:12:07 localhost postfix/smtpd[28313]: disconnect from mail-lj1-f197.google.com[209.85.208.197] ehlo=2 starttls=1 mail=1 rcpt=0/1 bdat=0/1 quit=1 commands=5/7
Sep 14 02:12:15 localhost kernel: [2427339.337169] [UFW BLOCK] IN=ens3 OUT= MAC=56:00:03:85:82:df:fe:00:03:85:82:df:08:00 SRC=188.166.234.126 DST=158.247.223.84 LEN=40 TOS=0x00 PREC=0x00 TTL=242 ID=10341 PROTO=TCP SPT=61953 DPT=8006 WINDOW=1024 RES=0x00 SYN URGP=0 
Sep 14 02:12:35 localhost kernel: [2427360.067882] [UFW BLOCK] IN=ens3 OUT= MAC=56:00:03:85:82:df:fe:00:03:85:82:df:08:00 SRC=185.156.73.119 DST=158.247.223.84 LEN=40 TOS=0x00 PREC=0x00 TTL=240 ID=6937 PROTO=TCP SPT=43303 DPT=46421 WINDOW=1024 RES=0x00 SYN URGP=0 
Sep 14 02:12:49 localhost kernel: [2427373.440376] [UFW BLOCK] IN=ens3 OUT= MAC=56:00:03:85:82:df:fe:00:03:85:82:df:08:00 SRC=185.156.73.119 DST=158.247.223.84 LEN=40 TOS=0x00 PREC=0x00 TTL=240 ID=31211 PROTO=TCP SPT=43303 DPT=46376 WINDOW=1024 RES=0x00 SYN URGP=0 
Sep 14 02:13:29 localhost kernel: [2427414.173731] [UFW BLOCK] IN=ens3 OUT= MAC=56:00:03:85:82:df:fe:00:03:85:82:df:08:00 SRC=185.156.73.119 DST=158.247.223.84 LEN=40 TOS=0x00 PREC=0x00 TTL=240 ID=54473 PROTO=TCP SPT=43303 DPT=46456 WINDOW=1024 RES=0x00 SYN URGP=0 
Sep 14 02:13:32 localhost kernel: [2427417.102773] [UFW BLOCK] IN=ens3 OUT= MAC=56:00:03:85:82:df:fe:00:03:85:82:df:08:00 SRC=185.156.73.119 DST=158.247.223.84 LEN=40 TOS=0x00 PREC=0x00 TTL=240 ID=30815 PROTO=TCP SPT=43303 DPT=46441 WINDOW=1024 RES=0x00 SYN URGP=0 
Sep 14 02:14:07 localhost kernel: [2427451.535835] [UFW BLOCK] IN=ens3 OUT= MAC=56:00:03:85:82:df:fe:00:03:85:82:df:08:00 SRC=185.156.73.119 DST=158.247.223.84 LEN=40 TOS=0x00 PREC=0x00 TTL=240 ID=56354 PROTO=TCP SPT=43303 DPT=46562 WINDOW=1024 RES=0x00 SYN URGP=0 
Sep 14 02:14:27 localhost kernel: [2427471.643536] [UFW BLOCK] IN=ens3 OUT= MAC=56:00:03:85:82:df:fe:00:03:85:82:df:08:00 SRC=185.156.73.119 DST=158.247.223.84 LEN=40 TOS=0x00 PREC=0x00 TTL=240 ID=23025 PROTO=TCP SPT=43303 DPT=46382 WINDOW=1024 RES=0x00 SYN URGP=0 
Sep 14 02:14:46 localhost kernel: [2427490.828247] [UFW BLOCK] IN=ens3 OUT= MAC=56:00:03:85:82:df:fe:00:03:85:82:df:08:00 SRC=185.156.73.119 DST=158.247.223.84 LEN=40 TOS=0x00 PREC=0x00 TTL=240 ID=21498 PROTO=TCP SPT=43303 DPT=46371 WINDOW=1024 RES=0x00 SYN URGP=0 
Sep 14 02:14:50 localhost kernel: [2427495.191239] [UFW BLOCK] IN=ens3 OUT= MAC=56:00:03:85:82:df:fe:00:03:85:82:df:08:00 SRC=185.189.167.53 DST=158.247.223.84 LEN=40 TOS=0x00 PREC=0x00 TTL=245 ID=185 PROTO=TCP SPT=18840 DPT=33389 WINDOW=1024 RES=0x00 SYN URGP=0 
Sep 14 02:15:01 localhost CRON[28522]: (root) CMD (command -v debian-sa1 > /dev/null && debian-sa1 1 1)
Sep 14 02:15:12 localhost kernel: [2427516.506512] [UFW BLOCK] IN=ens3 OUT= MAC=56:00:03:85:82:df:fe:00:03:85:82:df:08:00 SRC=185.156.73.119 DST=158.247.223.84 LEN=40 TOS=0x00 PREC=0x00 TTL=240 ID=50449 PROTO=TCP SPT=43303 DPT=46451 WINDOW=1024 RES=0x00 SYN URGP=0 
Sep 14 02:15:27 localhost postfix/anvil[28315]: statistics: max connection rate 1/60s for (smtp:209.85.208.197) at Sep 14 02:12:04
Sep 14 02:15:27 localhost postfix/anvil[28315]: statistics: max connection count 1 for (smtp:209.85.208.197) at Sep 14 02:12:04
Sep 14 02:15:27 localhost postfix/anvil[28315]: statistics: max cache size 1 at Sep 14 02:12:04
Sep 14 02:15:51 localhost kernel: [2427556.211823] [UFW BLOCK] IN=ens3 OUT= MAC=56:00:03:85:82:df:fe:00:03:85:82:df:08:00 SRC=193.57.40.49 DST=158.247.223.84 LEN=40 TOS=0x00 PREC=0x00 TTL=242 ID=51624 PROTO=TCP SPT=56874 DPT=3026 WINDOW=1024 RES=0x00 SYN URGP=0 
Sep 14 02:15:55 localhost kernel: [2427559.337401] [UFW BLOCK] IN=ens3 OUT= MAC=56:00:03:85:82:df:fe:00:03:85:82:df:08:00 SRC=192.241.217.174 DST=158.247.223.84 LEN=40 TOS=0x00 PREC=0x00 TTL=244 ID=54321 PROTO=TCP SPT=59522 DPT=8040 WINDOW=65535 RES=0x00 SYN URGP=0 
Sep 14 02:16:17 localhost kernel: [2427581.304642] [UFW BLOCK] IN=ens3 OUT= MAC=56:00:03:85:82:df:fe:00:03:85:82:df:08:00 SRC=45.146.164.196 DST=158.247.223.84 LEN=40 TOS=0x00 PREC=0x00 TTL=245 ID=47178 PROTO=TCP SPT=8080 DPT=26005 WINDOW=1024 RES=0x00 SYN URGP=0 
Sep 14 02:16:28 localhost kernel: [2427592.930149] [UFW BLOCK] IN=ens3 OUT= MAC=56:00:03:85:82:df:fe:00:03:85:82:df:08:00 SRC=84.38.184.155 DST=158.247.223.84 LEN=40 TOS=0x00 PREC=0x00 TTL=244 ID=50129 PROTO=TCP SPT=17742 DPT=3390 WINDOW=1024 RES=0x00 SYN URGP=0 
Sep 14 02:16:45 localhost dockerd[8431]: time="2021-09-14T02:16:45.502484167Z" level=info msg="NetworkDB stats plemma(b3be9f6424e0) - netID:0rz6hg0qghb21juyqti61umko leaving:false netPeers:1 entries:2 Queue qLen:0 netMsg/s:0"
Sep 14 02:17:01 localhost CRON[28670]: (root) CMD (   cd / && run-parts --report /etc/cron.hourly)
Sep 14 02:17:02 localhost kernel: [2427627.177738] [UFW BLOCK] IN=ens3 OUT= MAC=56:00:03:85:82:df:fe:00:03:85:82:df:08:00 SRC=45.155.205.117 DST=158.247.223.84 LEN=40 TOS=0x00 PREC=0x00 TTL=245 ID=29749 PROTO=TCP SPT=41654 DPT=7993 WINDOW=1024 RES=0x00 SYN URGP=0 
Sep 14 02:17:08 localhost kernel: [2427632.337986] [UFW BLOCK] IN=ens3 OUT= MAC=56:00:03:85:82:df:fe:00:03:85:82:df:08:00 SRC=45.143.200.110 DST=158.247.223.84 LEN=40 TOS=0x00 PREC=0x00 TTL=246 ID=48307 PROTO=TCP SPT=53780 DPT=11240 WINDOW=1024 RES=0x00 SYN URGP=0 
Sep 14 02:17:32 localhost kernel: [2427656.394643] [UFW BLOCK] IN=ens3 OUT= MAC=56:00:03:85:82:df:fe:00:03:85:82:df:08:00 SRC=89.248.165.48 DST=158.247.223.84 LEN=40 TOS=0x00 PREC=0x00 TTL=239 ID=54321 PROTO=TCP SPT=43121 DPT=8080 WINDOW=65535 RES=0x00 SYN URGP=0 
Sep 14 02:17:47 localhost kernel: [2427672.050264] [UFW BLOCK] IN=ens3 OUT= MAC=56:00:03:85:82:df:fe:00:03:85:82:df:08:00 SRC=185.156.73.119 DST=158.247.223.84 LEN=40 TOS=0x00 PREC=0x00 TTL=240 ID=27376 PROTO=TCP SPT=43303 DPT=46410 WINDOW=1024 RES=0x00 SYN URGP=0 
Sep 14 02:18:14 localhost kernel: [2427699.115507] [UFW BLOCK] IN=ens3 OUT= MAC=56:00:03:85:82:df:fe:00:03:85:82:df:08:00 SRC=45.155.205.117 DST=158.247.223.84 LEN=40 TOS=0x00 PREC=0x00 TTL=244 ID=19765 PROTO=TCP SPT=41654 DPT=52362 WINDOW=1024 RES=0x00 SYN URGP=0 
Sep 14 02:18:33 localhost kernel: [2427717.491952] [UFW BLOCK] IN=ens3 OUT= MAC=56:00:03:85:82:df:fe:00:03:85:82:df:08:00 SRC=45.143.200.110 DST=158.247.223.84 LEN=40 TOS=0x00 PREC=0x00 TTL=246 ID=29544 PROTO=TCP SPT=53780 DPT=8918 WINDOW=1024 RES=0x00 SYN URGP=0 
Sep 14 02:18:54 localhost kernel: [2427738.632659] [UFW BLOCK] IN=ens3 OUT= MAC=56:00:03:85:82:df:fe:00:03:85:82:df:08:00 SRC=185.156.73.119 DST=158.247.223.84 LEN=40 TOS=0x00 PREC=0x00 TTL=240 ID=63580 PROTO=TCP SPT=43303 DPT=46510 WINDOW=1024 RES=0x00 SYN URGP=0 
Sep 14 02:19:16 localhost kernel: [2427761.022799] [UFW BLOCK] IN=ens3 OUT= MAC=56:00:03:85:82:df:fe:00:03:85:82:df:08:00 SRC=185.156.73.119 DST=158.247.223.84 LEN=40 TOS=0x00 PREC=0x00 TTL=240 ID=24279 PROTO=TCP SPT=43303 DPT=46417 WINDOW=1024 RES=0x00 SYN URGP=0 
Sep 14 02:19:30 localhost kernel: [2427775.236693] [UFW BLOCK] IN=ens3 OUT= MAC=56:00:03:85:82:df:fe:00:03:85:82:df:08:00 SRC=209.85.219.200 DST=158.247.223.84 LEN=60 TOS=0x00 PREC=0x00 TTL=57 ID=17374 PROTO=TCP SPT=56004 DPT=25 WINDOW=65535 RES=0x00 SYN URGP=0 
Sep 14 02:19:31 localhost postfix/smtpd[28817]: connect from mail-yb1-f200.google.com[209.85.219.200]
Sep 14 02:19:32 localhost postfix/trivial-rewrite[28820]: warning: do not list domain fromthemachine.org in BOTH mydestination and virtual_alias_domains
Sep 14 02:19:32 localhost postfix/smtpd[28817]: 504A51E8F: client=mail-yb1-f200.google.com[209.85.219.200]
Sep 14 02:19:32 localhost postfix/cleanup[28821]: 504A51E8F: message-id=<D4.57.11986.2B600416@twitter.com>
Sep 14 02:19:32 localhost postfix/qmgr[19627]: 504A51E8F: from=<n08848dbd98-8c684c97b5994a6e-adam_flash===fromthemachine.org@bounce.twitter.com>, size=36558, nrcpt=3 (queue active)
Sep 14 02:19:32 localhost postfix/trivial-rewrite[28820]: warning: do not list domain fromthemachine.org in BOTH mydestination and virtual_alias_domains
Sep 14 02:19:32 localhost postfix/local[28823]: 504A51E8F: to=<adam@localhost>, orig_to=<adam_flash@fromthemachine.org>, relay=local, delay=0.29, delays=0.27/0.02/0/0, dsn=2.0.0, status=sent (delivered to maildir)
Sep 14 02:19:32 localhost postfix/local[28823]: 504A51E8F: to=<ftm@fromthemachine.org>, orig_to=<adam_flash@fromthemachine.org>, relay=local, delay=0.3, delays=0.27/0.02/0/0.01, dsn=5.1.1, status=bounced (unknown user: "ftm")
Sep 14 02:19:32 localhost postfix/smtpd[28817]: disconnect from mail-yb1-f200.google.com[209.85.219.200] ehlo=2 starttls=1 mail=1 rcpt=1 bdat=1 quit=1 commands=7
Sep 14 02:19:34 localhost postfix/smtp[28822]: 504A51E8F: to=<0xc514f094370cfc5ee45a1dd9b72bb9675efe266f@ethmail.cc>, orig_to=<adam_flash@fromthemachine.org>, relay=smtp-relay.gmail.com[108.177.97.28]:587, delay=2.2, delays=0.27/0.03/1.1/0.76, dsn=2.0.0, status=sent (250 2.0.0 OK  1631585974 r7sm2416564pjp.10 - gsmtp)
Sep 14 02:19:34 localhost postfix/cleanup[28821]: 737A5DD67: message-id=<20210914021934.737A5DD67@plemma.cc>
Sep 14 02:19:34 localhost postfix/qmgr[19627]: 737A5DD67: from=<>, size=38605, nrcpt=1 (queue active)
Sep 14 02:19:34 localhost postfix/bounce[28825]: 504A51E8F: sender non-delivery notification: 737A5DD67
Sep 14 02:19:34 localhost postfix/qmgr[19627]: 504A51E8F: removed
Sep 14 02:19:34 localhost postfix/smtp[28822]: connect to smtp-relay.gmail.com[2404:6800:4008:c00::1c]:587: Network is unreachable
Sep 14 02:19:36 localhost postfix/smtp[28822]: 737A5DD67: to=<n08848dbd98-8c684c97b5994a6e-adam_flash===fromthemachine.org@bounce.twitter.com>, relay=smtp-relay.gmail.com[108.177.97.28]:587, delay=1.7, delays=0/0/0.89/0.77, dsn=2.0.0, status=sent (250 2.0.0 OK  1631585976 n6sm2220293pjo.9 - gsmtp)
Sep 14 02:19:36 localhost postfix/qmgr[19627]: 737A5DD67: removed
Sep 14 02:19:48 localhost kernel: [2427792.400902] [UFW BLOCK] IN=ens3 OUT= MAC=56:00:03:85:82:df:fe:00:03:85:82:df:08:00 SRC=185.156.73.119 DST=158.247.223.84 LEN=40 TOS=0x00 PREC=0x00 TTL=240 ID=51070 PROTO=TCP SPT=43303 DPT=46414 WINDOW=1024 RES=0x00 SYN URGP=0 
Sep 14 02:20:19 localhost kernel: [2427823.956745] [UFW BLOCK] IN=ens3 OUT= MAC=56:00:03:85:82:df:fe:00:03:85:82:df:08:00 SRC=185.156.73.119 DST=158.247.223.84 LEN=40 TOS=0x00 PREC=0x00 TTL=240 ID=2978 PROTO=TCP SPT=43303 DPT=46398 WINDOW=1024 RES=0x00 SYN URGP=0 
Sep 14 02:21:01 localhost kernel: [2427866.005712] [UFW BLOCK] IN=ens3 OUT= MAC=56:00:03:85:82:df:fe:00:03:85:82:df:08:00 SRC=45.146.164.196 DST=158.247.223.84 LEN=40 TOS=0x00 PREC=0x00 TTL=245 ID=4476 PROTO=TCP SPT=8080 DPT=65004 WINDOW=1024 RES=0x00 SYN URGP=0 
Sep 14 02:21:38 localhost kernel: [2427902.512399] [UFW BLOCK] IN=ens3 OUT= MAC=56:00:03:85:82:df:fe:00:03:85:82:df:08:00 SRC=193.46.255.225 DST=158.247.223.84 LEN=487 TOS=0x00 PREC=0x00 TTL=45 ID=52554 DF PROTO=UDP SPT=5061 DPT=3030 LEN=467 
Sep 14 02:21:44 localhost kernel: [2427908.735168] [UFW BLOCK] IN=ens3 OUT= MAC=56:00:03:85:82:df:fe:00:03:85:82:df:08:00 SRC=45.146.164.196 DST=158.247.223.84 LEN=40 TOS=0x00 PREC=0x00 TTL=244 ID=9655 PROTO=TCP SPT=8080 DPT=39580 WINDOW=1024 RES=0x00 SYN URGP=0 
Sep 14 02:21:45 localhost dockerd[8431]: time="2021-09-14T02:21:45.702418098Z" level=info msg="NetworkDB stats plemma(b3be9f6424e0) - netID:0rz6hg0qghb21juyqti61umko leaving:false netPeers:1 entries:2 Queue qLen:0 netMsg/s:0"
Sep 14 02:21:54 localhost kernel: [2427918.792972] [UFW BLOCK] IN=ens3 OUT= MAC=56:00:03:85:82:df:fe:00:03:85:82:df:08:00 SRC=45.143.200.46 DST=158.247.223.84 LEN=40 TOS=0x00 PREC=0x00 TTL=246 ID=55379 PROTO=TCP SPT=59697 DPT=21003 WINDOW=1024 RES=0x00 SYN URGP=0 
Sep 14 02:22:01 localhost kernel: [2427925.347820] [UFW BLOCK] IN=ens3 OUT= MAC=56:00:03:85:82:df:fe:00:03:85:82:df:08:00 SRC=185.156.73.119 DST=158.247.223.84 LEN=40 TOS=0x00 PREC=0x00 TTL=240 ID=12863 PROTO=TCP SPT=43303 DPT=46408 WINDOW=1024 RES=0x00 SYN URGP=0 
Sep 14 02:22:14 localhost kernel: [2427938.670493] [UFW BLOCK] IN=ens3 OUT= MAC=56:00:03:85:82:df:fe:00:03:85:82:df:08:00 SRC=142.93.221.133 DST=158.247.223.84 LEN=40 TOS=0x00 PREC=0x00 TTL=239 ID=54553 PROTO=TCP SPT=61953 DPT=8510 WINDOW=1024 RES=0x00 SYN URGP=0 
Sep 14 02:22:29 localhost kernel: [2427953.879263] [UFW BLOCK] IN=ens3 OUT= MAC=56:00:03:85:82:df:fe:00:03:85:82:df:08:00 SRC=185.156.73.119 DST=158.247.223.84 LEN=40 TOS=0x00 PREC=0x00 TTL=240 ID=6247 PROTO=TCP SPT=43303 DPT=46388 WINDOW=1024 RES=0x00 SYN URGP=0 
Sep 14 02:22:48 localhost kernel: [2427972.552973] [UFW BLOCK] IN=ens3 OUT= MAC=56:00:03:85:82:df:fe:00:03:85:82:df:08:00 SRC=185.156.73.119 DST=158.247.223.84 LEN=40 TOS=0x00 PREC=0x00 TTL=240 ID=34160 PROTO=TCP SPT=43303 DPT=46547 WINDOW=1024 RES=0x00 SYN URGP=0 
Sep 14 02:22:52 localhost postfix/anvil[28819]: statistics: max connection rate 1/60s for (smtp:209.85.219.200) at Sep 14 02:19:31
Sep 14 02:22:52 localhost postfix/anvil[28819]: statistics: max connection count 1 for (smtp:209.85.219.200) at Sep 14 02:19:31
Sep 14 02:22:52 localhost postfix/anvil[28819]: statistics: max cache size 1 at Sep 14 02:19:31
Sep 14 02:22:57 localhost postfix/smtpd[29044]: connect from mail2.mtel.net[213.226.6.98]
Sep 14 02:22:59 localhost postfix/trivial-rewrite[29047]: warning: do not list domain lamc.la in BOTH mydestination and virtual_alias_domains
Sep 14 02:22:59 localhost postfix/smtpd[29044]: 332841E8F: client=mail2.mtel.net[213.226.6.98]
Sep 14 02:22:59 localhost postfix/cleanup[29048]: 332841E8F: message-id=<20210914022255.0A74143B9@mail2.mtel.net>
Sep 14 02:22:59 localhost postfix/qmgr[19627]: 332841E8F: from=<support@mtel.net>, size=2408, nrcpt=1 (queue active)
Sep 14 02:22:59 localhost postfix/trivial-rewrite[29047]: warning: do not list domain lamc.la in BOTH mydestination and virtual_alias_domains
Sep 14 02:22:59 localhost postfix/smtpd[29044]: disconnect from mail2.mtel.net[213.226.6.98] ehlo=2 starttls=1 mail=1 rcpt=1 data=1 quit=1 commands=7
Sep 14 02:22:59 localhost postfix/local[29049]: 332841E8F: to=<adam@lamc.la>, relay=local, delay=0.31, delays=0.28/0.01/0/0.01, dsn=2.0.0, status=sent (delivered to maildir)
Sep 14 02:22:59 localhost postfix/qmgr[19627]: 332841E8F: removed
Sep 14 02:23:22 localhost kernel: [2428006.416359] [UFW BLOCK] IN=ens3 OUT= MAC=56:00:03:85:82:df:fe:00:03:85:82:df:08:00 SRC=45.146.164.196 DST=158.247.223.84 LEN=40 TOS=0x00 PREC=0x00 TTL=244 ID=62900 PROTO=TCP SPT=8080 DPT=7474 WINDOW=1024 RES=0x00 SYN URGP=0 
Sep 14 02:23:49 localhost kernel: [2428034.181909] [UFW BLOCK] IN=ens3 OUT= MAC=56:00:03:85:82:df:fe:00:03:85:82:df:08:00 SRC=185.156.73.119 DST=158.247.223.84 LEN=40 TOS=0x00 PREC=0x00 TTL=240 ID=18700 PROTO=TCP SPT=43303 DPT=46394 WINDOW=1024 RES=0x00 SYN URGP=0 
Sep 14 02:23:50 localhost kernel: [2428035.197417] [UFW BLOCK] IN=ens3 OUT= MAC=56:00:03:85:82:df:fe:00:03:85:82:df:08:00 SRC=185.156.73.119 DST=158.247.223.84 LEN=40 TOS=0x00 PREC=0x00 TTL=240 ID=36314 PROTO=TCP SPT=43303 DPT=46565 WINDOW=1024 RES=0x00 SYN URGP=0 
Sep 14 02:24:13 localhost kernel: [2428057.270678] [UFW BLOCK] IN=ens3 OUT= MAC=56:00:03:85:82:df:fe:00:03:85:82:df:08:00 SRC=185.156.73.119 DST=158.247.223.84 LEN=40 TOS=0x00 PREC=0x00 TTL=240 ID=58037 PROTO=TCP SPT=43303 DPT=46429 WINDOW=1024 RES=0x00 SYN URGP=0 
Sep 14 02:24:48 localhost kernel: [2428092.658528] [UFW BLOCK] IN=ens3 OUT= MAC=56:00:03:85:82:df:fe:00:03:85:82:df:08:00 SRC=45.155.205.117 DST=158.247.223.84 LEN=40 TOS=0x00 PREC=0x00 TTL=245 ID=18281 PROTO=TCP SPT=41654 DPT=8151 WINDOW=1024 RES=0x00 SYN URGP=0 
Sep 14 02:24:49 localhost kernel: [2428093.967928] [UFW BLOCK] IN=ens3 OUT= MAC=56:00:03:85:82:df:fe:00:03:85:82:df:08:00 SRC=185.156.73.119 DST=158.247.223.84 LEN=40 TOS=0x00 PREC=0x00 TTL=240 ID=51282 PROTO=TCP SPT=43303 DPT=46495 WINDOW=1024 RES=0x00 SYN URGP=0 
Sep 14 02:25:01 localhost CRON[29187]: (root) CMD (command -v debian-sa1 > /dev/null && debian-sa1 1 1)
Sep 14 02:25:16 localhost kernel: [2428120.759617] [UFW BLOCK] IN=ens3 OUT= MAC=56:00:03:85:82:df:fe:00:03:85:82:df:08:00 SRC=89.248.165.60 DST=158.247.223.84 LEN=40 TOS=0x00 PREC=0x00 TTL=239 ID=54321 PROTO=TCP SPT=53894 DPT=5919 WINDOW=65535 RES=0x00 SYN URGP=0 
Sep 14 02:25:32 localhost kernel: [2428136.593211] [UFW BLOCK] IN=ens3 OUT= MAC=56:00:03:85:82:df:fe:00:03:85:82:df:08:00 SRC=185.167.98.154 DST=158.247.223.84 LEN=40 TOS=0x00 PREC=0x00 TTL=243 ID=54321 PROTO=TCP SPT=34521 DPT=27017 WINDOW=65535 RES=0x00 SYN URGP=0 
Sep 14 02:25:56 localhost kernel: [2428160.324388] [UFW BLOCK] IN=ens3 OUT= MAC=56:00:03:85:82:df:fe:00:03:85:82:df:08:00 SRC=34.86.35.20 DST=158.247.223.84 LEN=44 TOS=0x00 PREC=0x00 TTL=248 ID=54321 PROTO=TCP SPT=55325 DPT=3000 WINDOW=65535 RES=0x00 SYN URGP=0 
Sep 14 02:26:09 localhost kernel: [2428174.020258] [UFW BLOCK] IN=ens3 OUT= MAC=56:00:03:85:82:df:fe:00:03:85:82:df:08:00 SRC=61.242.54.198 DST=158.247.223.84 LEN=60 TOS=0x00 PREC=0x00 TTL=50 ID=25781 DF PROTO=TCP SPT=22286 DPT=49152 WINDOW=14520 RES=0x00 SYN URGP=0 
Sep 14 02:26:19 localhost postfix/anvil[29046]: statistics: max connection rate 1/60s for (smtp:213.226.6.98) at Sep 14 02:22:57
Sep 14 02:26:19 localhost postfix/anvil[29046]: statistics: max connection count 1 for (smtp:213.226.6.98) at Sep 14 02:22:57
Sep 14 02:26:19 localhost postfix/anvil[29046]: statistics: max cache size 1 at Sep 14 02:22:57
Sep 14 02:26:30 localhost kernel: [2428195.121253] [UFW BLOCK] IN=ens3 OUT= MAC=56:00:03:85:82:df:fe:00:03:85:82:df:08:00 SRC=185.156.73.119 DST=158.247.223.84 LEN=40 TOS=0x00 PREC=0x00 TTL=240 ID=60039 PROTO=TCP SPT=43303 DPT=46369 WINDOW=1024 RES=0x00 SYN URGP=0 
Sep 14 02:26:45 localhost dockerd[8431]: time="2021-09-14T02:26:45.902886634Z" level=info msg="NetworkDB stats plemma(b3be9f6424e0) - netID:0rz6hg0qghb21juyqti61umko leaving:false netPeers:1 entries:2 Queue qLen:0 netMsg/s:0"
Sep 14 02:26:51 localhost kernel: [2428215.834451] [UFW BLOCK] IN=ens3 OUT= MAC=56:00:03:85:82:df:fe:00:03:85:82:df:08:00 SRC=185.156.73.119 DST=158.247.223.84 LEN=40 TOS=0x00 PREC=0x00 TTL=240 ID=8339 PROTO=TCP SPT=43303 DPT=46420 WINDOW=1024 RES=0x00 SYN URGP=0 
Sep 14 02:27:32 localhost kernel: [2428256.639137] [UFW BLOCK] IN=ens3 OUT= MAC=56:00:03:85:82:df:fe:00:03:85:82:df:08:00 SRC=167.172.78.72 DST=158.247.223.84 LEN=40 TOS=0x00 PREC=0x00 TTL=242 ID=52180 PROTO=TCP SPT=61953 DPT=1941 WINDOW=1024 RES=0x00 SYN URGP=0 
Sep 14 02:27:59 localhost kernel: [2428283.760697] [UFW BLOCK] IN=ens3 OUT= MAC=56:00:03:85:82:df:fe:00:03:85:82:df:08:00 SRC=185.156.73.119 DST=158.247.223.84 LEN=40 TOS=0x00 PREC=0x00 TTL=240 ID=37560 PROTO=TCP SPT=43303 DPT=46431 WINDOW=1024 RES=0x00 SYN URGP=0 
Sep 14 02:28:02 localhost kernel: [2428286.743497] [UFW BLOCK] IN=ens3 OUT= MAC=56:00:03:85:82:df:fe:00:03:85:82:df:08:00 SRC=195.54.160.82 DST=158.247.223.84 LEN=40 TOS=0x00 PREC=0x00 TTL=245 ID=60840 PROTO=TCP SPT=55422 DPT=29431 WINDOW=1024 RES=0x00 SYN URGP=0 
Sep 14 02:28:08 localhost kernel: [2428292.577421] [UFW BLOCK] IN=ens3 OUT= MAC=56:00:03:85:82:df:fe:00:03:85:82:df:08:00 SRC=92.63.197.74 DST=158.247.223.84 LEN=40 TOS=0x00 PREC=0x00 TTL=240 ID=51290 PROTO=TCP SPT=59701 DPT=20378 WINDOW=1024 RES=0x00 SYN URGP=0 
Sep 14 02:28:29 localhost kernel: [2428313.886475] [UFW BLOCK] IN=ens3 OUT= MAC=56:00:03:85:82:df:fe:00:03:85:82:df:08:00 SRC=185.156.73.119 DST=158.247.223.84 LEN=40 TOS=0x00 PREC=0x00 TTL=240 ID=26478 PROTO=TCP SPT=43303 DPT=46455 WINDOW=1024 RES=0x00 SYN URGP=0 
Sep 14 02:28:53 localhost kernel: [2428338.168730] [UFW BLOCK] IN=ens3 OUT= MAC=56:00:03:85:82:df:fe:00:03:85:82:df:08:00 SRC=89.248.165.56 DST=158.247.223.84 LEN=40 TOS=0x00 PREC=0x00 TTL=239 ID=52668 PROTO=TCP SPT=44190 DPT=10750 WINDOW=1024 RES=0x00 SYN URGP=0 
Sep 14 02:29:08 localhost kernel: [2428352.944991] [UFW BLOCK] IN=ens3 OUT= MAC=56:00:03:85:82:df:fe:00:03:85:82:df:08:00 SRC=185.156.73.119 DST=158.247.223.84 LEN=40 TOS=0x00 PREC=0x00 TTL=240 ID=26370 PROTO=TCP SPT=43303 DPT=46448 WINDOW=1024 RES=0x00 SYN URGP=0 
Sep 14 02:29:29 localhost kernel: [2428374.126557] [UFW BLOCK] IN=ens3 OUT= MAC=56:00:03:85:82:df:fe:00:03:85:82:df:08:00 SRC=45.155.205.117 DST=158.247.223.84 LEN=40 TOS=0x00 PREC=0x00 TTL=245 ID=7173 PROTO=TCP SPT=41654 DPT=6816 WINDOW=1024 RES=0x00 SYN URGP=0 
Sep 14 02:29:40 localhost postfix/smtpd[29517]: connect from unknown[186.148.211.52]
Sep 14 02:29:41 localhost postfix/smtpd[29519]: connect from mail-oi1-f197.google.com[209.85.167.197]
Sep 14 02:29:42 localhost postfix/trivial-rewrite[29522]: warning: do not list domain fromthemachine.org in BOTH mydestination and virtual_alias_domains
Sep 14 02:29:42 localhost postfix/smtpd[29519]: 2F2521E8F: client=mail-oi1-f197.google.com[209.85.167.197]
Sep 14 02:29:42 localhost postfix/cleanup[29523]: 2F2521E8F: message-id=<20210914022918.1.87A483BA305B6691@win.donaldjtrump.com>
Sep 14 02:29:42 localhost postfix/qmgr[19627]: 2F2521E8F: from=<bounce+9ced3f.2c82cc-godtan=fromthemachine.org@win.donaldjtrump.com>, size=29796, nrcpt=3 (queue active)
Sep 14 02:29:42 localhost postfix/trivial-rewrite[29522]: warning: do not list domain fromthemachine.org in BOTH mydestination and virtual_alias_domains
Sep 14 02:29:42 localhost postfix/local[29525]: 2F2521E8F: to=<adam@localhost>, orig_to=<godtan@fromthemachine.org>, relay=local, delay=0.26, delays=0.23/0.02/0/0, dsn=2.0.0, status=sent (delivered to maildir)
Sep 14 02:29:42 localhost postfix/local[29525]: 2F2521E8F: to=<ftm@fromthemachine.org>, orig_to=<godtan@fromthemachine.org>, relay=local, delay=0.27, delays=0.23/0.02/0/0.01, dsn=5.1.1, status=bounced (unknown user: "ftm")
Sep 14 02:29:42 localhost postfix/smtpd[29521]: connect from unknown[128.199.167.103]
Sep 14 02:29:42 localhost postfix/smtp[29524]: connect to smtp-relay.gmail.com[2404:6800:4008:c00::1c]:587: Network is unreachable
Sep 14 02:29:42 localhost postfix/smtpd[29519]: disconnect from mail-oi1-f197.google.com[209.85.167.197] ehlo=2 starttls=1 mail=1 rcpt=1 bdat=1 quit=1 commands=7
Sep 14 02:29:43 localhost postfix/smtpd[29517]: lost connection after EHLO from unknown[186.148.211.52]
Sep 14 02:29:43 localhost postfix/smtpd[29517]: disconnect from unknown[186.148.211.52] ehlo=1 commands=1
Sep 14 02:29:43 localhost postfix/trivial-rewrite[29522]: warning: do not list domain lamc.la in BOTH mydestination and virtual_alias_domains
Sep 14 02:29:43 localhost postfix/smtpd[29521]: DE260DD67: client=unknown[128.199.167.103]
Sep 14 02:29:44 localhost postfix/cleanup[29523]: DE260DD67: message-id=<>
Sep 14 02:29:44 localhost postfix/smtp[29524]: 2F2521E8F: to=<0xc514f094370cfc5ee45a1dd9b72bb9675efe266f@ethmail.cc>, orig_to=<godtan@fromthemachine.org>, relay=smtp-relay.gmail.com[108.177.97.28]:587, delay=2.5, delays=0.23/0.03/1.5/0.67, dsn=2.0.0, status=sent (250 2.0.0 OK  1631586584 n3sm2372456ooo.12 - gsmtp)
Sep 14 02:29:44 localhost postfix/cleanup[29529]: A0FA4DD6A: message-id=<20210914022944.A0FA4DD6A@plemma.cc>
Sep 14 02:29:44 localhost postfix/qmgr[19627]: A0FA4DD6A: from=<>, size=31799, nrcpt=1 (queue active)
Sep 14 02:29:44 localhost postfix/bounce[29527]: 2F2521E8F: sender non-delivery notification: A0FA4DD6A
Sep 14 02:29:44 localhost postfix/qmgr[19627]: 2F2521E8F: removed
Sep 14 02:29:44 localhost postfix/smtp[29524]: connect to smtp-relay.gmail.com[2404:6800:4008:c00::1c]:587: Network is unreachable
Sep 14 02:29:45 localhost postfix/qmgr[19627]: DE260DD67: from=<bella.zhang@ahijianlong.com>, size=491617, nrcpt=1 (queue active)
Sep 14 02:29:45 localhost postfix/trivial-rewrite[29522]: warning: do not list domain lamc.la in BOTH mydestination and virtual_alias_domains
Sep 14 02:29:45 localhost postfix/local[29526]: DE260DD67: to=<adam@lamc.la>, relay=local, delay=1.6, delays=1.6/0/0/0, dsn=2.0.0, status=sent (delivered to maildir)
Sep 14 02:29:45 localhost postfix/qmgr[19627]: DE260DD67: removed
Sep 14 02:29:45 localhost postfix/smtpd[29521]: disconnect from unknown[128.199.167.103] ehlo=2 starttls=1 mail=1 rcpt=1 data=1 quit=1 commands=7
Sep 14 02:29:46 localhost postfix/smtp[29524]: A0FA4DD6A: to=<bounce+9ced3f.2c82cc-godtan=fromthemachine.org@win.donaldjtrump.com>, relay=smtp-relay.gmail.com[108.177.97.28]:587, delay=1.8, delays=0.01/0/0.96/0.79, dsn=2.0.0, status=sent (250 2.0.0 OK  1631586586 jx3sm2424585pjb.15 - gsmtp)
Sep 14 02:29:46 localhost postfix/qmgr[19627]: A0FA4DD6A: removed
Sep 14 02:29:50 localhost kernel: [2428395.245833] [UFW BLOCK] IN=ens3 OUT= MAC=56:00:03:85:82:df:fe:00:03:85:82:df:08:00 SRC=71.64.109.234 DST=158.247.223.84 LEN=60 TOS=0x00 PREC=0x00 TTL=50 ID=60110 DF PROTO=TCP SPT=50362 DPT=465 WINDOW=29200 RES=0x00 SYN URGP=0 
Sep 14 02:30:10 localhost kernel: [2428415.067841] [UFW BLOCK] IN=ens3 OUT= MAC=56:00:03:85:82:df:fe:00:03:85:82:df:08:00 SRC=95.210.45.11 DST=158.247.223.84 LEN=52 TOS=0x00 PREC=0x00 TTL=42 ID=45134 PROTO=TCP SPT=39136 DPT=587 WINDOW=64240 RES=0x00 SYN URGP=0 
Sep 14 02:30:32 localhost kernel: [2428436.579236] [UFW BLOCK] IN=ens3 OUT= MAC=56:00:03:85:82:df:fe:00:03:85:82:df:08:00 SRC=45.141.84.57 DST=158.247.223.84 LEN=40 TOS=0x00 PREC=0x00 TTL=240 ID=54822 PROTO=TCP SPT=57266 DPT=3354 WINDOW=1024 RES=0x00 SYN URGP=0 
Sep 14 02:30:48 localhost kernel: [2428452.481934] [UFW BLOCK] IN=ens3 OUT= MAC=56:00:03:85:82:df:fe:00:03:85:82:df:08:00 SRC=61.134.23.206 DST=158.247.223.84 LEN=40 TOS=0x00 PREC=0x00 TTL=240 ID=17951 PROTO=TCP SPT=15806 DPT=1433 WINDOW=1024 RES=0x00 SYN URGP=0 
Sep 14 02:31:08 localhost kernel: [2428473.149910] [UFW BLOCK] IN=ens3 OUT= MAC=56:00:03:85:82:df:fe:00:03:85:82:df:08:00 SRC=89.248.165.48 DST=158.247.223.84 LEN=40 TOS=0x00 PREC=0x00 TTL=239 ID=54321 PROTO=TCP SPT=38076 DPT=8080 WINDOW=65535 RES=0x00 SYN URGP=0 
Sep 14 02:31:31 localhost kernel: [2428496.068247] [UFW BLOCK] IN=ens3 OUT= MAC=56:00:03:85:82:df:fe:00:03:85:82:df:08:00 SRC=185.156.73.119 DST=158.247.223.84 LEN=40 TOS=0x00 PREC=0x00 TTL=240 ID=32897 PROTO=TCP SPT=43303 DPT=46404 WINDOW=1024 RES=0x00 SYN URGP=0 
Sep 14 02:31:46 localhost dockerd[8431]: time="2021-09-14T02:31:46.102412940Z" level=info msg="NetworkDB stats plemma(b3be9f6424e0) - netID:0rz6hg0qghb21juyqti61umko leaving:false netPeers:1 entries:2 Queue qLen:0 netMsg/s:0"
Sep 14 02:31:48 localhost kernel: [2428512.481347] [UFW BLOCK] IN=ens3 OUT= MAC=56:00:03:85:82:df:fe:00:03:85:82:df:08:00 SRC=51.161.50.178 DST=158.247.223.84 LEN=60 TOS=0x00 PREC=0x00 TTL=49 ID=59878 DF PROTO=TCP SPT=51050 DPT=80 WINDOW=5840 RES=0x00 SYN URGP=0 
Sep 14 02:32:19 localhost kernel: [2428543.893426] [UFW BLOCK] IN=ens3 OUT= MAC=56:00:03:85:82:df:fe:00:03:85:82:df:08:00 SRC=185.156.73.119 DST=158.247.223.84 LEN=40 TOS=0x00 PREC=0x00 TTL=240 ID=39585 PROTO=TCP SPT=43303 DPT=46395 WINDOW=1024 RES=0x00 SYN URGP=0 
Sep 14 02:32:27 localhost kernel: [2428552.043346] [UFW BLOCK] IN=ens3 OUT= MAC=56:00:03:85:82:df:fe:00:03:85:82:df:08:00 SRC=185.156.73.119 DST=158.247.223.84 LEN=40 TOS=0x00 PREC=0x00 TTL=240 ID=13124 PROTO=TCP SPT=43303 DPT=46405 WINDOW=1024 RES=0x00 SYN URGP=0 
Sep 14 02:32:48 localhost kernel: [2428572.580599] [UFW BLOCK] IN=ens3 OUT= MAC=56:00:03:85:82:df:fe:00:03:85:82:df:08:00 SRC=185.156.73.119 DST=158.247.223.84 LEN=40 TOS=0x00 PREC=0x00 TTL=240 ID=41611 PROTO=TCP SPT=43303 DPT=46416 WINDOW=1024 RES=0x00 SYN URGP=0 
Sep 14 02:33:06 localhost postfix/anvil[29520]: statistics: max connection rate 1/60s for (smtp:186.148.211.52) at Sep 14 02:29:40
Sep 14 02:33:06 localhost postfix/anvil[29520]: statistics: max connection count 1 for (smtp:186.148.211.52) at Sep 14 02:29:40
Sep 14 02:33:06 localhost postfix/anvil[29520]: statistics: max cache size 3 at Sep 14 02:29:42
Sep 14 02:33:10 localhost kernel: [2428594.744929] [UFW BLOCK] IN=ens3 OUT= MAC=56:00:03:85:82:df:fe:00:03:85:82:df:08:00 SRC=185.156.73.119 DST=158.247.223.84 LEN=40 TOS=0x00 PREC=0x00 TTL=240 ID=14063 PROTO=TCP SPT=43303 DPT=46504 WINDOW=1024 RES=0x00 SYN URGP=0 
Sep 14 02:33:28 localhost kernel: [2428612.316419] [UFW BLOCK] IN=ens3 OUT= MAC=56:00:03:85:82:df:fe:00:03:85:82:df:08:00 SRC=185.156.73.119 DST=158.247.223.84 LEN=40 TOS=0x00 PREC=0x00 TTL=240 ID=14377 PROTO=TCP SPT=43303 DPT=46458 WINDOW=1024 RES=0x00 SYN URGP=0 
Sep 14 02:33:39 localhost dovecot: imap-login: Login: user=<adam>, method=PLAIN, rip=73.107.144.246, lip=158.247.223.84, mpid=29834, TLS, session=<dgbKaOvLfMJJa5D2>
Sep 14 02:33:41 localhost dovecot: imap(adam)<29834><dgbKaOvLfMJJa5D2>: Connection closed (LIST finished 0.732 secs ago) in=50 out=1186 deleted=0 expunged=0 trashed=0 hdr_count=0 hdr_bytes=0 body_count=0 body_bytes=0
Sep 14 02:33:47 localhost dovecot: imap-login: Login: user=<adam>, method=PLAIN, rip=73.107.144.246, lip=158.247.223.84, mpid=29838, TLS, session=<0f8+aevLpMJJa5D2>
Sep 14 02:33:56 localhost dovecot: imap(adam)<29838><0f8+aevLpMJJa5D2>: Connection closed (UID FETCH finished 1.313 secs ago) in=1509 out=68091 deleted=0 expunged=0 trashed=0 hdr_count=4 hdr_bytes=1139 body_count=4 body_bytes=55356
Sep 14 02:33:59 localhost kernel: [2428643.329512] [UFW BLOCK] IN=ens3 OUT= MAC=56:00:03:85:82:df:fe:00:03:85:82:df:08:00 SRC=185.156.73.119 DST=158.247.223.84 LEN=40 TOS=0x00 PREC=0x00 TTL=240 ID=45137 PROTO=TCP SPT=43303 DPT=46518 WINDOW=1024 RES=0x00 SYN URGP=0 
Sep 14 02:34:01 localhost postfix/smtpd[29846]: connect from unknown[31.130.184.55]
Sep 14 02:34:04 localhost postfix/smtpd[29846]: disconnect from unknown[31.130.184.55] ehlo=1 auth=0/1 rset=1 quit=1 commands=3/4
Sep 14 02:34:07 localhost kernel: [2428652.185425] [UFW BLOCK] IN=ens3 OUT= MAC=56:00:03:85:82:df:fe:00:03:85:82:df:08:00 SRC=185.156.73.119 DST=158.247.223.84 LEN=40 TOS=0x00 PREC=0x00 TTL=240 ID=37249 PROTO=TCP SPT=43303 DPT=46484 WINDOW=1024 RES=0x00 SYN URGP=0 
Sep 14 02:34:10 localhost dovecot: imap-login: Login: user=<adam>, method=PLAIN, rip=73.107.144.246, lip=158.247.223.84, mpid=29885, TLS, session=<joCqauvLwMJJa5D2>
Sep 14 02:34:13 localhost dovecot: imap(adam)<29885><joCqauvLwMJJa5D2>: Connection closed (UID SEARCH finished 0.294 secs ago) in=121 out=1345 deleted=0 expunged=0 trashed=0 hdr_count=0 hdr_bytes=0 body_count=0 body_bytes=0
Sep 14 02:34:37 localhost kernel: [2428682.081666] [UFW BLOCK] IN=ens3 OUT= MAC=56:00:03:85:82:df:fe:00:03:85:82:df:08:00 SRC=101.201.45.131 DST=158.247.223.84 LEN=40 TOS=0x00 PREC=0x00 TTL=238 ID=30158 PROTO=TCP SPT=46667 DPT=2375 WINDOW=1024 RES=0x00 SYN URGP=0 
Sep 14 02:34:41 localhost postfix/smtpd[29846]: connect from unknown[219.83.162.124]
Sep 14 02:34:42 localhost postfix/trivial-rewrite[29908]: warning: do not list domain lamc.la in BOTH mydestination and virtual_alias_domains
Sep 14 02:34:42 localhost postfix/smtpd[29846]: E6B171E8F: client=unknown[219.83.162.124]
Sep 14 02:34:43 localhost postfix/cleanup[29909]: E6B171E8F: message-id=<>
Sep 14 02:34:43 localhost postfix/qmgr[19627]: E6B171E8F: from=<bradleyatkin8@gmail.com>, size=1721, nrcpt=1 (queue active)
Sep 14 02:34:43 localhost postfix/trivial-rewrite[29908]: warning: do not list domain lamc.la in BOTH mydestination and virtual_alias_domains
Sep 14 02:34:43 localhost postfix/smtpd[29846]: disconnect from unknown[219.83.162.124] ehlo=1 mail=1 rcpt=1 data=1 quit=1 commands=5
Sep 14 02:34:43 localhost postfix/local[29910]: E6B171E8F: to=<adam@lamc.la>, relay=local, delay=0.13, delays=0.12/0.01/0/0, dsn=2.0.0, status=sent (delivered to maildir)
Sep 14 02:34:43 localhost postfix/qmgr[19627]: E6B171E8F: removed
Sep 14 02:34:54 localhost kernel: [2428699.065811] [UFW BLOCK] IN=ens3 OUT= MAC=56:00:03:85:82:df:fe:00:03:85:82:df:08:00 SRC=104.149.148.42 DST=158.247.223.84 LEN=443 TOS=0x00 PREC=0x00 TTL=52 ID=19031 DF PROTO=UDP SPT=5323 DPT=5080 LEN=423 
Sep 14 02:35:01 localhost CRON[29922]: (root) CMD (command -v debian-sa1 > /dev/null && debian-sa1 1 1)
Sep 14 02:35:25 localhost kernel: [2428729.991198] [UFW BLOCK] IN=ens3 OUT= MAC=56:00:03:85:82:df:fe:00:03:85:82:df:08:00 SRC=185.156.73.119 DST=158.247.223.84 LEN=40 TOS=0x00 PREC=0x00 TTL=240 ID=46879 PROTO=TCP SPT=43303 DPT=46423 WINDOW=1024 RES=0x00 SYN URGP=0 
Sep 14 02:35:37 localhost kernel: [2428741.854606] [UFW BLOCK] IN=ens3 OUT= MAC=56:00:03:85:82:df:fe:00:03:85:82:df:08:00 SRC=23.120.232.225 DST=158.247.223.84 LEN=40 TOS=0x00 PREC=0x00 TTL=52 ID=62234 PROTO=TCP SPT=19094 DPT=52869 WINDOW=20805 RES=0x00 SYN URGP=0 
Sep 14 02:36:05 localhost kernel: [2428770.093285] [UFW BLOCK] IN=ens3 OUT= MAC=56:00:03:85:82:df:fe:00:03:85:82:df:08:00 SRC=212.192.241.212 DST=158.247.223.84 LEN=40 TOS=0x00 PREC=0x00 TTL=238 ID=54321 PROTO=TCP SPT=43099 DPT=4669 WINDOW=65535 RES=0x00 SYN URGP=0 
Sep 14 02:36:32 localhost kernel: [2428796.768913] [UFW BLOCK] IN=ens3 OUT= MAC=56:00:03:85:82:df:fe:00:03:85:82:df:08:00 SRC=185.156.73.119 DST=158.247.223.84 LEN=40 TOS=0x00 PREC=0x00 TTL=240 ID=3007 PROTO=TCP SPT=43303 DPT=46384 WINDOW=1024 RES=0x00 SYN URGP=0 
Sep 14 02:36:42 localhost kernel: [2428806.906725] [UFW BLOCK] IN=ens3 OUT= MAC=56:00:03:85:82:df:fe:00:03:85:82:df:08:00 SRC=45.155.205.117 DST=158.247.223.84 LEN=40 TOS=0x00 PREC=0x00 TTL=244 ID=64438 PROTO=TCP SPT=41654 DPT=54042 WINDOW=1024 RES=0x00 SYN URGP=0 
Sep 14 02:36:46 localhost dockerd[8431]: time="2021-09-14T02:36:46.302449764Z" level=info msg="NetworkDB stats plemma(b3be9f6424e0) - netID:0rz6hg0qghb21juyqti61umko leaving:false netPeers:1 entries:2 Queue qLen:0 netMsg/s:0"
Sep 14 02:37:06 localhost kernel: [2428830.460027] [UFW BLOCK] IN=ens3 OUT= MAC=56:00:03:85:82:df:fe:00:03:85:82:df:08:00 SRC=92.63.197.74 DST=158.247.223.84 LEN=40 TOS=0x00 PREC=0x00 TTL=240 ID=52934 PROTO=TCP SPT=59701 DPT=19960 WINDOW=1024 RES=0x00 SYN URGP=0 
Sep 14 02:37:42 localhost kernel: [2428866.590952] [UFW BLOCK] IN=ens3 OUT= MAC=56:00:03:85:82:df:fe:00:03:85:82:df:08:00 SRC=194.36.102.20 DST=158.247.223.84 LEN=40 TOS=0x00 PREC=0x00 TTL=241 ID=61225 PROTO=TCP SPT=46999 DPT=37810 WINDOW=1024 RES=0x00 SYN URGP=0 
Sep 14 02:37:43 localhost kernel: [2428867.525879] [UFW BLOCK] IN=ens3 OUT= MAC=56:00:03:85:82:df:fe:00:03:85:82:df:08:00 SRC=138.197.68.184 DST=158.247.223.84 LEN=40 TOS=0x00 PREC=0x00 TTL=240 ID=63166 PROTO=TCP SPT=32767 DPT=38081 WINDOW=1024 RES=0x00 SYN URGP=0 
Sep 14 02:37:55 localhost kernel: [2428880.022428] [UFW BLOCK] IN=ens3 OUT= MAC=56:00:03:85:82:df:fe:00:03:85:82:df:08:00 SRC=115.231.83.82 DST=158.247.223.84 LEN=97 TOS=0x00 PREC=0x00 TTL=47 ID=13541 DF PROTO=UDP SPT=30301 DPT=8000 LEN=77 
Sep 14 02:38:03 localhost postfix/anvil[29848]: statistics: max connection rate 1/60s for (smtp:31.130.184.55) at Sep 14 02:34:01
Sep 14 02:38:03 localhost postfix/anvil[29848]: statistics: max connection count 1 for (smtp:31.130.184.55) at Sep 14 02:34:01
Sep 14 02:38:03 localhost postfix/anvil[29848]: statistics: max cache size 2 at Sep 14 02:34:41
Sep 14 02:38:10 localhost kernel: [2428894.420377] [UFW BLOCK] IN=ens3 OUT= MAC=56:00:03:85:82:df:fe:00:03:85:82:df:08:00 SRC=185.156.73.119 DST=158.247.223.84 LEN=40 TOS=0x00 PREC=0x00 TTL=240 ID=15264 PROTO=TCP SPT=43303 DPT=46508 WINDOW=1024 RES=0x00 SYN URGP=0 
Sep 14 02:38:30 localhost kernel: [2428914.692999] [UFW BLOCK] IN=ens3 OUT= MAC=56:00:03:85:82:df:fe:00:03:85:82:df:08:00 SRC=91.132.58.162 DST=158.247.223.84 LEN=40 TOS=0x00 PREC=0x00 TTL=246 ID=39433 PROTO=TCP SPT=42619 DPT=446 WINDOW=1024 RES=0x00 SYN URGP=0 
Sep 14 02:38:51 localhost kernel: [2428936.200794] [UFW BLOCK] IN=ens3 OUT= MAC=56:00:03:85:82:df:fe:00:03:85:82:df:08:00 SRC=159.89.116.118 DST=158.247.223.84 LEN=40 TOS=0x00 PREC=0x00 TTL=242 ID=20955 PROTO=TCP SPT=61953 DPT=8015 WINDOW=1024 RES=0x00 SYN URGP=0 
Sep 14 02:39:01 localhost CRON[30204]: (root) CMD (  [ -x /usr/lib/php/sessionclean ] && if [ ! -d /run/systemd/system ]; then /usr/lib/php/sessionclean; fi)
Sep 14 02:39:01 localhost systemd[1]: Starting Clean php session files...
Sep 14 02:39:01 localhost systemd[1]: phpsessionclean.service: Succeeded.
Sep 14 02:39:01 localhost systemd[1]: Started Clean php session files.
Sep 14 02:39:13 localhost kernel: [2428957.829280] [UFW BLOCK] IN=ens3 OUT= MAC=56:00:03:85:82:df:fe:00:03:85:82:df:08:00 SRC=185.156.73.119 DST=158.247.223.84 LEN=40 TOS=0x00 PREC=0x00 TTL=240 ID=14769 PROTO=TCP SPT=43303 DPT=46419 WINDOW=1024 RES=0x00 SYN URGP=0 
Sep 14 02:39:30 localhost kernel: [2428975.023787] [UFW BLOCK] IN=ens3 OUT= MAC=56:00:03:85:82:df:fe:00:03:85:82:df:08:00 SRC=146.88.240.4 DST=158.247.223.84 LEN=29 TOS=0x00 PREC=0x00 TTL=247 ID=54321 PROTO=UDP SPT=36747 DPT=1434 LEN=9 
Sep 14 02:39:54 localhost kernel: [2428998.762944] [UFW BLOCK] IN=ens3 OUT= MAC=56:00:03:85:82:df:fe:00:03:85:82:df:08:00 SRC=185.156.73.119 DST=158.247.223.84 LEN=40 TOS=0x00 PREC=0x00 TTL=240 ID=8174 PROTO=TCP SPT=43303 DPT=46534 WINDOW=1024 RES=0x00 SYN URGP=0 
Sep 14 02:40:09 localhost kernel: [2429013.927727] [UFW BLOCK] IN=ens3 OUT= MAC=56:00:03:85:82:df:fe:00:03:85:82:df:08:00 SRC=185.156.73.119 DST=158.247.223.84 LEN=40 TOS=0x00 PREC=0x00 TTL=240 ID=41906 PROTO=TCP SPT=43303 DPT=46474 WINDOW=1024 RES=0x00 SYN URGP=0 
Sep 14 02:40:53 localhost kernel: [2429058.111386] [UFW BLOCK] IN=ens3 OUT= MAC=56:00:03:85:82:df:fe:00:03:85:82:df:08:00 SRC=172.104.116.36 DST=158.247.223.84 LEN=40 TOS=0x00 PREC=0x00 TTL=247 ID=54321 PROTO=TCP SPT=57281 DPT=2121 WINDOW=65535 RES=0x00 SYN URGP=0 
Sep 14 02:40:54 localhost kernel: [2429058.813900] [UFW BLOCK] IN=ens3 OUT= MAC=56:00:03:85:82:df:fe:00:03:85:82:df:08:00 SRC=185.156.73.119 DST=158.247.223.84 LEN=40 TOS=0x00 PREC=0x00 TTL=240 ID=52968 PROTO=TCP SPT=43303 DPT=46409 WINDOW=1024 RES=0x00 SYN URGP=0 
Sep 14 02:41:12 localhost kernel: [2429076.828007] [UFW BLOCK] IN=ens3 OUT= MAC=56:00:03:85:82:df:fe:00:03:85:82:df:08:00 SRC=159.65.114.118 DST=158.247.223.84 LEN=40 TOS=0x00 PREC=0x00 TTL=239 ID=54283 PROTO=TCP SPT=61953 DPT=9002 WINDOW=1024 RES=0x00 SYN URGP=0 
Sep 14 02:41:29 localhost kernel: [2429093.998480] [UFW BLOCK] IN=ens3 OUT= MAC=56:00:03:85:82:df:fe:00:03:85:82:df:08:00 SRC=45.155.205.117 DST=158.247.223.84 LEN=40 TOS=0x00 PREC=0x00 TTL=244 ID=58680 PROTO=TCP SPT=41654 DPT=40050 WINDOW=1024 RES=0x00 SYN URGP=0 
Sep 14 02:41:46 localhost dockerd[8431]: time="2021-09-14T02:41:46.502485148Z" level=info msg="NetworkDB stats plemma(b3be9f6424e0) - netID:0rz6hg0qghb21juyqti61umko leaving:false netPeers:1 entries:2 Queue qLen:0 netMsg/s:0"
Sep 14 02:41:57 localhost kernel: [2429121.905611] [UFW BLOCK] IN=ens3 OUT= MAC=56:00:03:85:82:df:fe:00:03:85:82:df:08:00 SRC=84.38.184.155 DST=158.247.223.84 LEN=40 TOS=0x00 PREC=0x00 TTL=244 ID=55480 PROTO=TCP SPT=44736 DPT=4389 WINDOW=1024 RES=0x00 SYN URGP=0 
Sep 14 02:42:23 localhost kernel: [2429148.009334] [UFW BLOCK] IN=ens3 OUT= MAC=56:00:03:85:82:df:fe:00:03:85:82:df:08:00 SRC=120.48.30.81 DST=158.247.223.84 LEN=52 TOS=0x02 PREC=0x00 TTL=109 ID=15632 DF PROTO=TCP SPT=56375 DPT=21 WINDOW=8192 RES=0x00 CWR ECE SYN URGP=0 
Sep 14 02:42:30 localhost kernel: [2429155.052502] [UFW BLOCK] IN=ens3 OUT= MAC=56:00:03:85:82:df:fe:00:03:85:82:df:08:00 SRC=185.156.73.119 DST=158.247.223.84 LEN=40 TOS=0x00 PREC=0x00 TTL=240 ID=44514 PROTO=TCP SPT=43303 DPT=46470 WINDOW=1024 RES=0x00 SYN URGP=0 
Sep 14 02:42:48 localhost kernel: [2429172.470181] [UFW BLOCK] IN=ens3 OUT= MAC=56:00:03:85:82:df:fe:00:03:85:82:df:08:00 SRC=185.191.34.205 DST=158.247.223.84 LEN=40 TOS=0x00 PREC=0x00 TTL=245 ID=43816 PROTO=TCP SPT=45345 DPT=7084 WINDOW=1024 RES=0x00 SYN URGP=0 
