40.94.95.6 - - [03/Sep/2021:23:53:38 +0000] "GET /highlight.css HTTP/1.1" 404 488 "http://plemma.cc/" "Mozilla/5.0 (Windows NT 10.0; Win64; x64) AppleWebKit/537.36 (KHTML, like Gecko) Chrome/79.0.3945.136 Safari/537.36"
40.94.95.86 - - [03/Sep/2021:23:53:38 +0000] "GET /tomorrow-night.css HTTP/1.1" 404 488 "http://plemma.cc/" "Mozilla/5.0 (Windows NT 10.0; Win64; x64) AppleWebKit/537.36 (KHTML, like Gecko) Chrome/79.0.3945.136 Safari/537.36"
40.94.96.72 - - [03/Sep/2021:23:53:38 +0000] "GET / HTTP/1.1" 200 13804 "https://t.co/t42i5t8hJC?amp=1" "Mozilla/5.0 (Windows NT 10.0; Win64; x64) AppleWebKit/537.36 (KHTML, like Gecko) Chrome/80.0.3987.87 Safari/537.36"
40.94.89.49 - - [03/Sep/2021:23:53:38 +0000] "GET /css/general.css HTTP/1.1" 200 1860 "http://plemma.cc/" "Mozilla/5.0 (Windows NT 10.0; Win64; x64) AppleWebKit/537.36 (KHTML, like Gecko) Chrome/72.0.3626.109 Safari/537.36"
20.53.76.223 - - [03/Sep/2021:23:53:38 +0000] "GET /css/general.css HTTP/1.1" 200 1860 "http://plemma.cc/" "Mozilla/5.0 (Windows NT 10.0; Win64; x64) AppleWebKit/537.36 (KHTML, like Gecko) Chrome/70.0.3538.102 Safari/537.36"
40.94.88.74 - - [03/Sep/2021:23:53:38 +0000] "GET /css/general.css HTTP/1.1" 200 1860 "http://plemma.cc/" "Mozilla/5.0 (Windows NT 10.0; Win64; x64) AppleWebKit/537.36 (KHTML, like Gecko) Chrome/64.0.3282.140 Safari/537.36"
20.39.177.12 - - [03/Sep/2021:23:53:38 +0000] "GET / HTTP/1.1" 200 13804 "https://t.co/t42i5t8hJC?amp=1" "Mozilla/5.0 (Windows NT 10.0; Win64; x64) AppleWebKit/537.36 (KHTML, like Gecko) Chrome/80.0.3987.87 Safari/537.36"
20.194.187.182 - - [03/Sep/2021:23:53:38 +0000] "GET / HTTP/1.1" 200 13804 "https://t.co/t42i5t8hJC?amp=1" "Mozilla/5.0 (Windows NT 10.0; Win64; x64) AppleWebKit/537.36 (KHTML, like Gecko) Chrome/64.0.3282.140 Safari/537.36"
20.53.76.223 - - [03/Sep/2021:23:53:38 +0000] "GET /FontAwesome/css/font-awesome.css HTTP/1.1" 404 488 "http://plemma.cc/" "Mozilla/5.0 (Windows NT 10.0; Win64; x64) AppleWebKit/537.36 (KHTML, like Gecko) Chrome/70.0.3538.102 Safari/537.36"
40.94.89.64 - - [03/Sep/2021:23:53:38 +0000] "GET /FontAwesome/css/font-awesome.css HTTP/1.1" 404 488 "http://plemma.cc/" "Mozilla/5.0 (Windows NT 10.0; Win64; x64) AppleWebKit/537.36 (KHTML, like Gecko) Chrome/72.0.3626.109 Safari/537.36"
40.94.105.53 - - [03/Sep/2021:23:53:38 +0000] "GET /usedjolie.png HTTP/1.1" 200 373194 "http://plemma.cc/" "Mozilla/5.0 (Windows NT 10.0; Win64; x64) AppleWebKit/537.36 (KHTML, like Gecko) Chrome/64.0.3282.140 Safari/537.36"
40.94.89.38 - - [03/Sep/2021:23:53:38 +0000] "GET /fonts/fonts.css HTTP/1.1" 404 488 "http://plemma.cc/" "Mozilla/5.0 (Windows NT 10.0; Win64; x64) AppleWebKit/537.36 (KHTML, like Gecko) Chrome/72.0.3626.109 Safari/537.36"
40.94.89.4 - - [03/Sep/2021:23:53:39 +0000] "GET /highlight.css HTTP/1.1" 404 488 "http://plemma.cc/" "Mozilla/5.0 (Windows NT 10.0; Win64; x64) AppleWebKit/537.36 (KHTML, like Gecko) Chrome/72.0.3626.109 Safari/537.36"
40.94.96.6 - - [03/Sep/2021:23:53:38 +0000] "GET /usedjolie.png HTTP/1.1" 200 373194 "http://plemma.cc/" "Mozilla/5.0 (Windows NT 10.0; Win64; x64) AppleWebKit/537.36 (KHTML, like Gecko) Chrome/80.0.3987.87 Safari/537.36"
20.194.187.182 - - [03/Sep/2021:23:53:39 +0000] "GET /css/variables.css HTTP/1.1" 200 1498 "http://plemma.cc/" "Mozilla/5.0 (Windows NT 10.0; Win64; x64) AppleWebKit/537.36 (KHTML, like Gecko) Chrome/64.0.3282.140 Safari/537.36"
20.39.177.12 - - [03/Sep/2021:23:53:39 +0000] "GET /css/variables.css HTTP/1.1" 200 1498 "http://plemma.cc/" "Mozilla/5.0 (Windows NT 10.0; Win64; x64) AppleWebKit/537.36 (KHTML, like Gecko) Chrome/80.0.3987.87 Safari/537.36"
20.194.187.182 - - [03/Sep/2021:23:53:39 +0000] "GET /FontAwesome/css/font-awesome.css HTTP/1.1" 404 487 "http://plemma.cc/" "Mozilla/5.0 (Windows NT 10.0; Win64; x64) AppleWebKit/537.36 (KHTML, like Gecko) Chrome/64.0.3282.140 Safari/537.36"
20.39.177.12 - - [03/Sep/2021:23:53:39 +0000] "GET /css/general.css HTTP/1.1" 200 1859 "http://plemma.cc/" "Mozilla/5.0 (Windows NT 10.0; Win64; x64) AppleWebKit/537.36 (KHTML, like Gecko) Chrome/80.0.3987.87 Safari/537.36"
20.194.187.182 - - [03/Sep/2021:23:53:39 +0000] "GET /ayu-highlight.css HTTP/1.1" 404 487 "http://plemma.cc/" "Mozilla/5.0 (Windows NT 10.0; Win64; x64) AppleWebKit/537.36 (KHTML, like Gecko) Chrome/64.0.3282.140 Safari/537.36"
40.94.88.30 - - [03/Sep/2021:23:53:39 +0000] "GET /FontAwesome/css/font-awesome.css HTTP/1.1" 404 488 "http://plemma.cc/" "Mozilla/5.0 (Windows NT 10.0; Win64; x64) AppleWebKit/537.36 (KHTML, like Gecko) Chrome/64.0.3282.140 Safari/537.36"
40.94.88.21 - - [03/Sep/2021:23:53:39 +0000] "GET /fonts/fonts.css HTTP/1.1" 404 488 "http://plemma.cc/" "Mozilla/5.0 (Windows NT 10.0; Win64; x64) AppleWebKit/537.36 (KHTML, like Gecko) Chrome/64.0.3282.140 Safari/537.36"
40.94.89.42 - - [03/Sep/2021:23:53:39 +0000] "GET /tomorrow-night.css HTTP/1.1" 404 488 "http://plemma.cc/" "Mozilla/5.0 (Windows NT 10.0; Win64; x64) AppleWebKit/537.36 (KHTML, like Gecko) Chrome/72.0.3626.109 Safari/537.36"
40.94.88.57 - - [03/Sep/2021:23:53:39 +0000] "GET /highlight.css HTTP/1.1" 404 488 "http://plemma.cc/" "Mozilla/5.0 (Windows NT 10.0; Win64; x64) AppleWebKit/537.36 (KHTML, like Gecko) Chrome/64.0.3282.140 Safari/537.36"
40.94.88.69 - - [03/Sep/2021:23:53:39 +0000] "GET /tomorrow-night.css HTTP/1.1" 404 488 "http://plemma.cc/" "Mozilla/5.0 (Windows NT 10.0; Win64; x64) AppleWebKit/537.36 (KHTML, like Gecko) Chrome/64.0.3282.140 Safari/537.36"
20.53.76.223 - - [03/Sep/2021:23:53:39 +0000] "GET /tomorrow-night.css HTTP/1.1" 404 488 "http://plemma.cc/" "Mozilla/5.0 (Windows NT 10.0; Win64; x64) AppleWebKit/537.36 (KHTML, like Gecko) Chrome/70.0.3538.102 Safari/537.36"
20.53.76.223 - - [03/Sep/2021:23:53:39 +0000] "GET /fonts/fonts.css HTTP/1.1" 404 488 "http://plemma.cc/" "Mozilla/5.0 (Windows NT 10.0; Win64; x64) AppleWebKit/537.36 (KHTML, like Gecko) Chrome/70.0.3538.102 Safari/537.36"
20.39.177.12 - - [03/Sep/2021:23:53:39 +0000] "GET /ayu-highlight.css HTTP/1.1" 404 487 "http://plemma.cc/" "Mozilla/5.0 (Windows NT 10.0; Win64; x64) AppleWebKit/537.36 (KHTML, like Gecko) Chrome/80.0.3987.87 Safari/537.36"
40.94.96.72 - - [03/Sep/2021:23:53:39 +0000] "GET /css/variables.css HTTP/1.1" 200 1498 "http://plemma.cc/" "Mozilla/5.0 (Windows NT 10.0; Win64; x64) AppleWebKit/537.36 (KHTML, like Gecko) Chrome/80.0.3987.87 Safari/537.36"
20.194.187.182 - - [03/Sep/2021:23:53:39 +0000] "GET /xcaliber.dao.jpg HTTP/1.1" 200 14201 "http://plemma.cc/" "Mozilla/5.0 (Windows NT 10.0; Win64; x64) AppleWebKit/537.36 (KHTML, like Gecko) Chrome/64.0.3282.140 Safari/537.36"
40.94.97.4 - - [03/Sep/2021:23:53:39 +0000] "GET /css/variables.css HTTP/1.1" 200 1498 "http://plemma.cc/" "Mozilla/5.0 (Windows NT 10.0; Win64; x64) AppleWebKit/537.36 (KHTML, like Gecko) Chrome/79.0.3945.136 Safari/537.36"
20.39.177.12 - - [03/Sep/2021:23:53:39 +0000] "GET /xcaliber.dao.jpg HTTP/1.1" 200 14201 "http://plemma.cc/" "Mozilla/5.0 (Windows NT 10.0; Win64; x64) AppleWebKit/537.36 (KHTML, like Gecko) Chrome/80.0.3987.87 Safari/537.36"
20.53.76.223 - - [03/Sep/2021:23:53:39 +0000] "GET /highlight.css HTTP/1.1" 404 488 "http://plemma.cc/" "Mozilla/5.0 (Windows NT 10.0; Win64; x64) AppleWebKit/537.36 (KHTML, like Gecko) Chrome/70.0.3538.102 Safari/537.36"
20.194.187.182 - - [03/Sep/2021:23:53:39 +0000] "GET /usedjolie.png HTTP/1.1" 200 373194 "http://plemma.cc/" "Mozilla/5.0 (Windows NT 10.0; Win64; x64) AppleWebKit/537.36 (KHTML, like Gecko) Chrome/64.0.3282.140 Safari/537.36"
20.39.177.12 - - [03/Sep/2021:23:53:39 +0000] "GET /usedjolie.png HTTP/1.1" 200 373194 "http://plemma.cc/" "Mozilla/5.0 (Windows NT 10.0; Win64; x64) AppleWebKit/537.36 (KHTML, like Gecko) Chrome/80.0.3987.87 Safari/537.36"
40.94.94.92 - - [03/Sep/2021:23:53:39 +0000] "GET /css/general.css HTTP/1.1" 200 1860 "http://plemma.cc/" "Mozilla/5.0 (Windows NT 10.0; Win64; x64) AppleWebKit/537.36 (KHTML, like Gecko) Chrome/72.0.3626.109 Safari/537.36"
40.94.94.88 - - [03/Sep/2021:23:53:39 +0000] "GET /FontAwesome/css/font-awesome.css HTTP/1.1" 404 488 "http://plemma.cc/" "Mozilla/5.0 (Windows NT 10.0; Win64; x64) AppleWebKit/537.36 (KHTML, like Gecko) Chrome/72.0.3626.109 Safari/537.36"
40.94.94.54 - - [03/Sep/2021:23:53:39 +0000] "GET /css/chrome.css HTTP/1.1" 200 2692 "http://plemma.cc/" "Mozilla/5.0 (Windows NT 10.0; Win64; x64) AppleWebKit/537.36 (KHTML, like Gecko) Chrome/72.0.3626.109 Safari/537.36"
40.94.94.45 - - [03/Sep/2021:23:53:39 +0000] "GET /fonts/fonts.css HTTP/1.1" 404 488 "http://plemma.cc/" "Mozilla/5.0 (Windows NT 10.0; Win64; x64) AppleWebKit/537.36 (KHTML, like Gecko) Chrome/72.0.3626.109 Safari/537.36"
40.94.94.11 - - [03/Sep/2021:23:53:39 +0000] "GET /highlight.css HTTP/1.1" 404 488 "http://plemma.cc/" "Mozilla/5.0 (Windows NT 10.0; Win64; x64) AppleWebKit/537.36 (KHTML, like Gecko) Chrome/72.0.3626.109 Safari/537.36"
40.94.89.85 - - [03/Sep/2021:23:53:39 +0000] "GET /usedjolie.png HTTP/1.1" 200 373194 "http://plemma.cc/" "Mozilla/5.0 (Windows NT 10.0; Win64; x64) AppleWebKit/537.36 (KHTML, like Gecko) Chrome/72.0.3626.109 Safari/537.36"
20.194.187.182 - - [03/Sep/2021:23:53:39 +0000] "GET /css/print.css HTTP/1.1" 200 734 "http://plemma.cc/" "Mozilla/5.0 (Windows NT 10.0; Win64; x64) AppleWebKit/537.36 (KHTML, like Gecko) Chrome/64.0.3282.140 Safari/537.36"
40.94.96.72 - - [03/Sep/2021:23:53:39 +0000] "GET /tomorrow-night.css HTTP/1.1" 404 487 "http://plemma.cc/" "Mozilla/5.0 (Windows NT 10.0; Win64; x64) AppleWebKit/537.36 (KHTML, like Gecko) Chrome/80.0.3987.87 Safari/537.36"
40.94.94.14 - - [03/Sep/2021:23:53:39 +0000] "GET /css/print.css HTTP/1.1" 200 734 "http://plemma.cc/" "Mozilla/5.0 (Windows NT 10.0; Win64; x64) AppleWebKit/537.36 (KHTML, like Gecko) Chrome/79.0.3945.136 Safari/537.36"
40.94.97.4 - - [03/Sep/2021:23:53:39 +0000] "GET /tomorrow-night.css HTTP/1.1" 404 487 "http://plemma.cc/" "Mozilla/5.0 (Windows NT 10.0; Win64; x64) AppleWebKit/537.36 (KHTML, like Gecko) Chrome/79.0.3945.136 Safari/537.36"
40.94.105.48 - - [03/Sep/2021:23:53:39 +0000] "GET / HTTP/1.1" 200 13804 "https://t.co/t42i5t8hJC?amp=1" "Mozilla/5.0 (Windows NT 10.0; Win64; x64) AppleWebKit/537.36 (KHTML, like Gecko) Chrome/70.0.3538.102 Safari/537.36"
20.39.177.12 - - [03/Sep/2021:23:53:39 +0000] "GET /css/print.css HTTP/1.1" 200 734 "http://plemma.cc/" "Mozilla/5.0 (Windows NT 10.0; Win64; x64) AppleWebKit/537.36 (KHTML, like Gecko) Chrome/80.0.3987.87 Safari/537.36"
40.94.94.87 - - [03/Sep/2021:23:53:39 +0000] "GET / HTTP/1.1" 200 13804 "https://t.co/t42i5t8hJC?amp=1" "Mozilla/5.0 (Windows NT 10.0; Win64; x64) AppleWebKit/537.36 (KHTML, like Gecko) Chrome/72.0.3626.109 Safari/537.36"
40.94.89.97 - - [03/Sep/2021:23:53:39 +0000] "GET / HTTP/1.1" 200 13804 "https://t.co/t42i5t8hJC?amp=1" "Mozilla/5.0 (Windows NT 10.0; Win64; x64) AppleWebKit/537.36 (KHTML, like Gecko) Chrome/79.0.3945.136 Safari/537.36"
40.94.90.82 - - [03/Sep/2021:23:53:39 +0000] "GET /css/general.css HTTP/1.1" 200 1860 "http://plemma.cc/" "Mozilla/5.0 (Windows NT 10.0; Win64; x64) AppleWebKit/537.36 (KHTML, like Gecko) Chrome/79.0.3945.136 Safari/537.36"
40.94.90.5 - - [03/Sep/2021:23:53:39 +0000] "GET /FontAwesome/css/font-awesome.css HTTP/1.1" 404 488 "http://plemma.cc/" "Mozilla/5.0 (Windows NT 10.0; Win64; x64) AppleWebKit/537.36 (KHTML, like Gecko) Chrome/79.0.3945.136 Safari/537.36"
40.94.90.57 - - [03/Sep/2021:23:53:39 +0000] "GET /fonts/fonts.css HTTP/1.1" 404 488 "http://plemma.cc/" "Mozilla/5.0 (Windows NT 10.0; Win64; x64) AppleWebKit/537.36 (KHTML, like Gecko) Chrome/79.0.3945.136 Safari/537.36"
40.94.94.67 - - [03/Sep/2021:23:53:39 +0000] "GET / HTTP/1.1" 200 13804 "https://t.co/t42i5t8hJC?amp=1" "Mozilla/5.0 (Windows NT 10.0; Win64; x64) AppleWebKit/537.36 (KHTML, like Gecko) Chrome/79.0.3945.130 Safari/537.36"
40.94.90.73 - - [03/Sep/2021:23:53:39 +0000] "GET /highlight.css HTTP/1.1" 404 488 "http://plemma.cc/" "Mozilla/5.0 (Windows NT 10.0; Win64; x64) AppleWebKit/537.36 (KHTML, like Gecko) Chrome/79.0.3945.136 Safari/537.36"
40.94.96.72 - - [03/Sep/2021:23:53:39 +0000] "GET /ayu-highlight.css HTTP/1.1" 404 487 "http://plemma.cc/" "Mozilla/5.0 (Windows NT 10.0; Win64; x64) AppleWebKit/537.36 (KHTML, like Gecko) Chrome/80.0.3987.87 Safari/537.36"
40.94.90.29 - - [03/Sep/2021:23:53:39 +0000] "GET /tomorrow-night.css HTTP/1.1" 404 488 "http://plemma.cc/" "Mozilla/5.0 (Windows NT 10.0; Win64; x64) AppleWebKit/537.36 (KHTML, like Gecko) Chrome/79.0.3945.136 Safari/537.36"
40.94.93.65 - - [03/Sep/2021:23:53:39 +0000] "GET /favicon.png HTTP/1.1" 404 488 "http://plemma.cc/" "Mozilla/5.0 (Windows NT 10.0; Win64; x64) AppleWebKit/537.36 (KHTML, like Gecko) Chrome/79.0.3945.136 Safari/537.36"
40.94.90.32 - - [03/Sep/2021:23:53:39 +0000] "GET / HTTP/1.1" 200 13804 "https://t.co/t42i5t8hJC?amp=1" "Mozilla/5.0 (Windows NT 10.0; Win64; x64) AppleWebKit/537.36 (KHTML, like Gecko) Chrome/79.0.3945.130 Safari/537.36"
40.94.96.35 - - [03/Sep/2021:23:53:39 +0000] "GET /highlight.css HTTP/1.1" 404 488 "http://plemma.cc/" "Mozilla/5.0 (Windows NT 10.0; Win64; x64) AppleWebKit/537.36 (KHTML, like Gecko) Chrome/79.0.3945.136 Safari/537.36"
54.248.142.198 - - [03/Sep/2021:23:53:39 +0000] "GET / HTTP/1.1" 200 13804 "-" "Mozilla/5.0 (Windows NT 10.0; Win64; x64) AppleWebKit/537.36 (KHTML, like Gecko) Chrome/83.0.4103.61 Safari/537.36"
40.94.97.4 - - [03/Sep/2021:23:53:39 +0000] "GET /ayu-highlight.css HTTP/1.1" 404 487 "http://plemma.cc/" "Mozilla/5.0 (Windows NT 10.0; Win64; x64) AppleWebKit/537.36 (KHTML, like Gecko) Chrome/79.0.3945.136 Safari/537.36"
40.94.103.75 - - [03/Sep/2021:23:53:39 +0000] "GET / HTTP/1.1" 200 13804 "https://t.co/t42i5t8hJC?amp=1" "Mozilla/5.0 (Windows NT 10.0; Win64; x64) AppleWebKit/537.36 (KHTML, like Gecko) Chrome/79.0.3945.130 Safari/537.36"
20.39.177.12 - - [03/Sep/2021:23:53:39 +0000] "GET / HTTP/1.1" 200 13804 "https://t.co/t42i5t8hJC?amp=1" "Mozilla/5.0 (Windows NT 10.0; Win64; x64) AppleWebKit/537.36 (KHTML, like Gecko) Chrome/80.0.3987.87 Safari/537.36"
40.94.96.35 - - [03/Sep/2021:23:53:39 +0000] "GET /FontAwesome/css/font-awesome.css HTTP/1.1" 404 488 "http://plemma.cc/" "Mozilla/5.0 (Windows NT 10.0; Win64; x64) AppleWebKit/537.36 (KHTML, like Gecko) Chrome/79.0.3945.136 Safari/537.36"
40.94.96.45 - - [03/Sep/2021:23:53:39 +0000] "GET /css/general.css HTTP/1.1" 200 1860 "http://plemma.cc/" "Mozilla/5.0 (Windows NT 10.0; Win64; x64) AppleWebKit/537.36 (KHTML, like Gecko) Chrome/79.0.3945.136 Safari/537.36"
40.94.102.57 - - [03/Sep/2021:23:53:39 +0000] "GET / HTTP/1.1" 200 13804 "https://t.co/t42i5t8hJC?amp=1" "Mozilla/5.0 (Windows NT 10.0; Win64; x64) AppleWebKit/537.36 (KHTML, like Gecko) Chrome/64.0.3282.140 Safari/537.36"
40.94.90.98 - - [03/Sep/2021:23:53:39 +0000] "GET / HTTP/1.1" 200 13804 "https://t.co/t42i5t8hJC?amp=1" "Mozilla/5.0 (Windows NT 10.0; Win64; x64) AppleWebKit/537.36 (KHTML, like Gecko) Chrome/72.0.3626.109 Safari/537.36"
40.94.105.48 - - [03/Sep/2021:23:53:39 +0000] "GET /css/variables.css HTTP/1.1" 200 1498 "http://plemma.cc/" "Mozilla/5.0 (Windows NT 10.0; Win64; x64) AppleWebKit/537.36 (KHTML, like Gecko) Chrome/70.0.3538.102 Safari/537.36"
20.46.108.116 - - [03/Sep/2021:23:53:39 +0000] "GET /favicon.ico HTTP/1.1" 404 487 "http://plemma.co/rsync" "Mozilla/5.0 (Windows NT 10.0; Win64; x64) AppleWebKit/537.36 (KHTML, like Gecko) Chrome/79.0.3945.130 Safari/537.36"
40.94.94.87 - - [03/Sep/2021:23:53:39 +0000] "GET /css/variables.css HTTP/1.1" 200 1498 "http://plemma.cc/" "Mozilla/5.0 (Windows NT 10.0; Win64; x64) AppleWebKit/537.36 (KHTML, like Gecko) Chrome/72.0.3626.109 Safari/537.36"
20.39.177.12 - - [03/Sep/2021:23:53:39 +0000] "GET /css/variables.css HTTP/1.1" 200 1498 "http://plemma.cc/" "Mozilla/5.0 (Windows NT 10.0; Win64; x64) AppleWebKit/537.36 (KHTML, like Gecko) Chrome/80.0.3987.87 Safari/537.36"
188.165.57.73 - - [03/Sep/2021:23:53:39 +0000] "GET /rsync HTTP/1.1" 404 432 "-" "Mozilla/5.0 (Windows NT 10.0; Win64; x64) AppleWebKit/537.36 (KHTML, like Gecko) Chrome/79.0.3945.136 Safari/537.36"
104.46.236.41 - - [03/Sep/2021:23:53:39 +0000] "GET / HTTP/1.1" 200 13804 "https://t.co/t42i5t8hJC?amp=1" "Mozilla/5.0 (Windows NT 10.0; Win64; x64) AppleWebKit/537.36 (KHTML, like Gecko) Chrome/70.0.3538.102 Safari/537.36"
40.94.87.99 - - [03/Sep/2021:23:53:39 +0000] "GET / HTTP/1.1" 200 13804 "https://t.co/t42i5t8hJC?amp=1" "Mozilla/5.0 (Windows NT 10.0; Win64; x64) AppleWebKit/537.36 (KHTML, like Gecko) Chrome/80.0.3987.87 Safari/537.36"
40.94.94.43 - - [03/Sep/2021:23:53:39 +0000] "GET / HTTP/1.1" 200 13804 "https://t.co/t42i5t8hJC?amp=1" "Mozilla/5.0 (Windows NT 10.0; Win64; x64) AppleWebKit/537.36 (KHTML, like Gecko) Chrome/72.0.3626.109 Safari/537.36"
40.94.90.88 - - [03/Sep/2021:23:53:39 +0000] "GET / HTTP/1.1" 200 13804 "https://t.co/t42i5t8hJC?amp=1" "Mozilla/5.0 (Windows NT 10.0; Win64; x64) AppleWebKit/537.36 (KHTML, like Gecko) Chrome/80.0.3987.87 Safari/537.36"
20.39.177.12 - - [03/Sep/2021:23:53:39 +0000] "GET /css/general.css HTTP/1.1" 200 1859 "http://plemma.cc/" "Mozilla/5.0 (Windows NT 10.0; Win64; x64) AppleWebKit/537.36 (KHTML, like Gecko) Chrome/80.0.3987.87 Safari/537.36"
40.94.94.67 - - [03/Sep/2021:23:53:39 +0000] "GET /css/variables.css HTTP/1.1" 200 1498 "http://plemma.cc/" "Mozilla/5.0 (Windows NT 10.0; Win64; x64) AppleWebKit/537.36 (KHTML, like Gecko) Chrome/79.0.3945.130 Safari/537.36"
40.94.96.72 - - [03/Sep/2021:23:53:39 +0000] "GET /xcaliber.dao.jpg HTTP/1.1" 200 14201 "http://plemma.cc/" "Mozilla/5.0 (Windows NT 10.0; Win64; x64) AppleWebKit/537.36 (KHTML, like Gecko) Chrome/80.0.3987.87 Safari/537.36"
20.39.177.12 - - [03/Sep/2021:23:53:39 +0000] "GET /ayu-highlight.css HTTP/1.1" 404 487 "http://plemma.cc/" "Mozilla/5.0 (Windows NT 10.0; Win64; x64) AppleWebKit/537.36 (KHTML, like Gecko) Chrome/80.0.3987.87 Safari/537.36"
40.94.97.4 - - [03/Sep/2021:23:53:39 +0000] "GET /xcaliber.dao.jpg HTTP/1.1" 200 14201 "http://plemma.cc/" "Mozilla/5.0 (Windows NT 10.0; Win64; x64) AppleWebKit/537.36 (KHTML, like Gecko) Chrome/79.0.3945.136 Safari/537.36"
40.94.93.65 - - [03/Sep/2021:23:53:39 +0000] "GET /favicon.svg HTTP/1.1" 404 487 "http://plemma.cc/" "Mozilla/5.0 (Windows NT 10.0; Win64; x64) AppleWebKit/537.36 (KHTML, like Gecko) Chrome/79.0.3945.136 Safari/537.36"
20.39.177.12 - - [03/Sep/2021:23:53:40 +0000] "GET /xcaliber.dao.jpg HTTP/1.1" 200 14201 "http://plemma.cc/" "Mozilla/5.0 (Windows NT 10.0; Win64; x64) AppleWebKit/537.36 (KHTML, like Gecko) Chrome/80.0.3987.87 Safari/537.36"
40.94.105.48 - - [03/Sep/2021:23:53:40 +0000] "GET /tomorrow-night.css HTTP/1.1" 404 487 "http://plemma.cc/" "Mozilla/5.0 (Windows NT 10.0; Win64; x64) AppleWebKit/537.36 (KHTML, like Gecko) Chrome/70.0.3538.102 Safari/537.36"
40.94.90.32 - - [03/Sep/2021:23:53:40 +0000] "GET /css/variables.css HTTP/1.1" 200 1498 "http://plemma.cc/" "Mozilla/5.0 (Windows NT 10.0; Win64; x64) AppleWebKit/537.36 (KHTML, like Gecko) Chrome/79.0.3945.130 Safari/537.36"
40.94.90.98 - - [03/Sep/2021:23:53:40 +0000] "GET /css/variables.css HTTP/1.1" 200 1498 "http://plemma.cc/" "Mozilla/5.0 (Windows NT 10.0; Win64; x64) AppleWebKit/537.36 (KHTML, like Gecko) Chrome/72.0.3626.109 Safari/537.36"
104.46.236.41 - - [03/Sep/2021:23:53:40 +0000] "GET /css/variables.css HTTP/1.1" 200 1498 "http://plemma.cc/" "Mozilla/5.0 (Windows NT 10.0; Win64; x64) AppleWebKit/537.36 (KHTML, like Gecko) Chrome/70.0.3538.102 Safari/537.36"
20.48.12.67 - - [03/Sep/2021:23:53:40 +0000] "GET /css/general.css HTTP/1.1" 200 1860 "http://plemma.cc/" "Mozilla/5.0 (Windows NT 10.0; Win64; x64) AppleWebKit/537.36 (KHTML, like Gecko) Chrome/80.0.3987.87 Safari/537.36"
20.48.12.67 - - [03/Sep/2021:23:53:40 +0000] "GET /highlight.css HTTP/1.1" 404 488 "http://plemma.cc/" "Mozilla/5.0 (Windows NT 10.0; Win64; x64) AppleWebKit/537.36 (KHTML, like Gecko) Chrome/80.0.3987.87 Safari/537.36"
20.48.12.67 - - [03/Sep/2021:23:53:40 +0000] "GET /css/chrome.css HTTP/1.1" 200 2692 "http://plemma.cc/" "Mozilla/5.0 (Windows NT 10.0; Win64; x64) AppleWebKit/537.36 (KHTML, like Gecko) Chrome/80.0.3987.87 Safari/537.36"
20.48.12.67 - - [03/Sep/2021:23:53:40 +0000] "GET /fonts/fonts.css HTTP/1.1" 404 488 "http://plemma.cc/" "Mozilla/5.0 (Windows NT 10.0; Win64; x64) AppleWebKit/537.36 (KHTML, like Gecko) Chrome/80.0.3987.87 Safari/537.36"
20.39.177.12 - - [03/Sep/2021:23:53:40 +0000] "GET /usedjolie.png HTTP/1.1" 200 373194 "http://plemma.cc/" "Mozilla/5.0 (Windows NT 10.0; Win64; x64) AppleWebKit/537.36 (KHTML, like Gecko) Chrome/80.0.3987.87 Safari/537.36"
20.48.12.67 - - [03/Sep/2021:23:53:40 +0000] "GET /tomorrow-night.css HTTP/1.1" 404 488 "http://plemma.cc/" "Mozilla/5.0 (Windows NT 10.0; Win64; x64) AppleWebKit/537.36 (KHTML, like Gecko) Chrome/80.0.3987.87 Safari/537.36"
104.46.236.41 - - [03/Sep/2021:23:53:40 +0000] "GET /css/general.css HTTP/1.1" 200 1859 "http://plemma.cc/" "Mozilla/5.0 (Windows NT 10.0; Win64; x64) AppleWebKit/537.36 (KHTML, like Gecko) Chrome/70.0.3538.102 Safari/537.36"
40.94.103.75 - - [03/Sep/2021:23:53:40 +0000] "GET /css/variables.css HTTP/1.1" 200 1498 "http://plemma.cc/" "Mozilla/5.0 (Windows NT 10.0; Win64; x64) AppleWebKit/537.36 (KHTML, like Gecko) Chrome/79.0.3945.130 Safari/537.36"
40.94.94.87 - - [03/Sep/2021:23:53:40 +0000] "GET /tomorrow-night.css HTTP/1.1" 404 487 "http://plemma.cc/" "Mozilla/5.0 (Windows NT 10.0; Win64; x64) AppleWebKit/537.36 (KHTML, like Gecko) Chrome/72.0.3626.109 Safari/537.36"
40.94.102.57 - - [03/Sep/2021:23:53:40 +0000] "GET /css/variables.css HTTP/1.1" 200 1498 "http://plemma.cc/" "Mozilla/5.0 (Windows NT 10.0; Win64; x64) AppleWebKit/537.36 (KHTML, like Gecko) Chrome/64.0.3282.140 Safari/537.36"
104.46.236.41 - - [03/Sep/2021:23:53:40 +0000] "GET /ayu-highlight.css HTTP/1.1" 404 487 "http://plemma.cc/" "Mozilla/5.0 (Windows NT 10.0; Win64; x64) AppleWebKit/537.36 (KHTML, like Gecko) Chrome/70.0.3538.102 Safari/537.36"
40.94.94.67 - - [03/Sep/2021:23:53:40 +0000] "GET /tomorrow-night.css HTTP/1.1" 404 487 "http://plemma.cc/" "Mozilla/5.0 (Windows NT 10.0; Win64; x64) AppleWebKit/537.36 (KHTML, like Gecko) Chrome/79.0.3945.130 Safari/537.36"
40.94.89.97 - - [03/Sep/2021:23:53:40 +0000] "GET /css/variables.css HTTP/1.1" 200 1498 "http://plemma.cc/" "Mozilla/5.0 (Windows NT 10.0; Win64; x64) AppleWebKit/537.36 (KHTML, like Gecko) Chrome/79.0.3945.136 Safari/537.36"
40.94.95.8 - - [03/Sep/2021:23:53:40 +0000] "GET /css/general.css HTTP/1.1" 200 1860 "http://plemma.cc/" "Mozilla/5.0 (Windows NT 10.0; Win64; x64) AppleWebKit/537.36 (KHTML, like Gecko) Chrome/64.0.3282.140 Safari/537.36"
104.46.236.41 - - [03/Sep/2021:23:53:40 +0000] "GET /xcaliber.dao.jpg HTTP/1.1" 200 14201 "http://plemma.cc/" "Mozilla/5.0 (Windows NT 10.0; Win64; x64) AppleWebKit/537.36 (KHTML, like Gecko) Chrome/70.0.3538.102 Safari/537.36"
40.94.90.88 - - [03/Sep/2021:23:53:40 +0000] "GET /css/variables.css HTTP/1.1" 200 1498 "http://plemma.cc/" "Mozilla/5.0 (Windows NT 10.0; Win64; x64) AppleWebKit/537.36 (KHTML, like Gecko) Chrome/80.0.3987.87 Safari/537.36"
40.94.87.99 - - [03/Sep/2021:23:53:40 +0000] "GET /css/variables.css HTTP/1.1" 200 1498 "http://plemma.cc/" "Mozilla/5.0 (Windows NT 10.0; Win64; x64) AppleWebKit/537.36 (KHTML, like Gecko) Chrome/80.0.3987.87 Safari/537.36"
40.94.90.32 - - [03/Sep/2021:23:53:40 +0000] "GET /css/general.css HTTP/1.1" 200 1859 "http://plemma.cc/" "Mozilla/5.0 (Windows NT 10.0; Win64; x64) AppleWebKit/537.36 (KHTML, like Gecko) Chrome/79.0.3945.130 Safari/537.36"
20.39.177.12 - - [03/Sep/2021:23:53:40 +0000] "GET /css/print.css HTTP/1.1" 200 734 "http://plemma.cc/" "Mozilla/5.0 (Windows NT 10.0; Win64; x64) AppleWebKit/537.36 (KHTML, like Gecko) Chrome/80.0.3987.87 Safari/537.36"
40.94.105.48 - - [03/Sep/2021:23:53:40 +0000] "GET /ayu-highlight.css HTTP/1.1" 404 487 "http://plemma.cc/" "Mozilla/5.0 (Windows NT 10.0; Win64; x64) AppleWebKit/537.36 (KHTML, like Gecko) Chrome/70.0.3538.102 Safari/537.36"
40.94.89.85 - - [03/Sep/2021:23:53:40 +0000] "GET /css/print.css HTTP/1.1" 200 734 "http://plemma.cc/" "Mozilla/5.0 (Windows NT 10.0; Win64; x64) AppleWebKit/537.36 (KHTML, like Gecko) Chrome/72.0.3626.109 Safari/537.36"
104.46.236.41 - - [03/Sep/2021:23:53:40 +0000] "GET /usedjolie.png HTTP/1.1" 200 373194 "http://plemma.cc/" "Mozilla/5.0 (Windows NT 10.0; Win64; x64) AppleWebKit/537.36 (KHTML, like Gecko) Chrome/70.0.3538.102 Safari/537.36"
40.94.94.43 - - [03/Sep/2021:23:53:40 +0000] "GET /css/variables.css HTTP/1.1" 200 1498 "http://plemma.cc/" "Mozilla/5.0 (Windows NT 10.0; Win64; x64) AppleWebKit/537.36 (KHTML, like Gecko) Chrome/72.0.3626.109 Safari/537.36"
40.94.90.98 - - [03/Sep/2021:23:53:40 +0000] "GET /css/chrome.css HTTP/1.1" 200 2691 "http://plemma.cc/" "Mozilla/5.0 (Windows NT 10.0; Win64; x64) AppleWebKit/537.36 (KHTML, like Gecko) Chrome/72.0.3626.109 Safari/537.36"
40.94.94.87 - - [03/Sep/2021:23:53:40 +0000] "GET / HTTP/1.1" 200 13804 "https://t.co/t42i5t8hJC?amp=1" "Mozilla/5.0 (Windows NT 10.0; Win64; x64) AppleWebKit/537.36 (KHTML, like Gecko) Chrome/79.0.3945.136 Safari/537.36"
40.94.94.37 - - [03/Sep/2021:23:53:40 +0000] "GET /rsync HTTP/1.1" 404 488 "-" "Mozilla/5.0 (Windows NT 10.0; Win64; x64) AppleWebKit/537.36 (KHTML, like Gecko) Chrome/72.0.3626.109 Safari/537.36"
20.39.177.12 - - [03/Sep/2021:23:53:40 +0000] "GET / HTTP/1.1" 200 13804 "https://t.co/t42i5t8hJC?amp=1" "Mozilla/5.0 (Windows NT 10.0; Win64; x64) AppleWebKit/537.36 (KHTML, like Gecko) Chrome/72.0.3626.109 Safari/537.36"
20.48.73.70 - - [03/Sep/2021:23:53:40 +0000] "GET / HTTP/1.1" 200 13804 "https://t.co/t42i5t8hJC?amp=1" "Mozilla/5.0 (Windows NT 10.0; Win64; x64) AppleWebKit/537.36 (KHTML, like Gecko) Chrome/70.0.3538.102 Safari/537.36"
40.94.105.33 - - [03/Sep/2021:23:53:40 +0000] "GET / HTTP/1.1" 200 13804 "https://t.co/t42i5t8hJC?amp=1" "Mozilla/5.0 (Windows NT 10.0; Win64; x64) AppleWebKit/537.36 (KHTML, like Gecko) Chrome/79.0.3945.130 Safari/537.36"
20.39.177.12 - - [03/Sep/2021:23:53:40 +0000] "GET / HTTP/1.1" 200 13804 "https://t.co/t42i5t8hJC?amp=1" "Mozilla/5.0 (Windows NT 10.0; Win64; x64) AppleWebKit/537.36 (KHTML, like Gecko) Chrome/70.0.3538.102 Safari/537.36"
40.94.103.75 - - [03/Sep/2021:23:53:40 +0000] "GET /FontAwesome/css/font-awesome.css HTTP/1.1" 404 487 "http://plemma.cc/" "Mozilla/5.0 (Windows NT 10.0; Win64; x64) AppleWebKit/537.36 (KHTML, like Gecko) Chrome/79.0.3945.130 Safari/537.36"
40.94.102.57 - - [03/Sep/2021:23:53:40 +0000] "GET /css/chrome.css HTTP/1.1" 200 2691 "http://plemma.cc/" "Mozilla/5.0 (Windows NT 10.0; Win64; x64) AppleWebKit/537.36 (KHTML, like Gecko) Chrome/64.0.3282.140 Safari/537.36"
40.94.87.75 - - [03/Sep/2021:23:53:40 +0000] "GET / HTTP/1.1" 200 13804 "https://t.co/t42i5t8hJC?amp=1" "Mozilla/5.0 (Windows NT 10.0; Win64; x64) AppleWebKit/537.36 (KHTML, like Gecko) Chrome/79.0.3945.136 Safari/537.36"
40.94.103.77 - - [03/Sep/2021:23:53:40 +0000] "GET / HTTP/1.1" 200 13804 "https://t.co/t42i5t8hJC?amp=1" "Mozilla/5.0 (Windows NT 10.0; Win64; x64) AppleWebKit/537.36 (KHTML, like Gecko) Chrome/79.0.3945.136 Safari/537.36"
40.94.94.100 - - [03/Sep/2021:23:53:40 +0000] "GET /highlight.css HTTP/1.1" 404 488 "http://plemma.cc/" "Mozilla/5.0 (Windows NT 10.0; Win64; x64) AppleWebKit/537.36 (KHTML, like Gecko) Chrome/79.0.3945.136 Safari/537.36"
40.94.94.39 - - [03/Sep/2021:23:53:40 +0000] "GET /fonts/fonts.css HTTP/1.1" 404 488 "http://plemma.cc/" "Mozilla/5.0 (Windows NT 10.0; Win64; x64) AppleWebKit/537.36 (KHTML, like Gecko) Chrome/79.0.3945.136 Safari/537.36"
20.194.187.182 - - [03/Sep/2021:23:53:40 +0000] "GET / HTTP/1.1" 200 13804 "https://t.co/t42i5t8hJC?amp=1" "Mozilla/5.0 (Windows NT 10.0; Win64; x64) AppleWebKit/537.36 (KHTML, like Gecko) Chrome/79.0.3945.130 Safari/537.36"
40.94.94.87 - - [03/Sep/2021:23:53:40 +0000] "GET /ayu-highlight.css HTTP/1.1" 404 487 "http://plemma.cc/" "Mozilla/5.0 (Windows NT 10.0; Win64; x64) AppleWebKit/537.36 (KHTML, like Gecko) Chrome/72.0.3626.109 Safari/537.36"
40.94.105.53 - - [03/Sep/2021:23:53:40 +0000] "GET /css/print.css HTTP/1.1" 200 734 "http://plemma.cc/" "Mozilla/5.0 (Windows NT 10.0; Win64; x64) AppleWebKit/537.36 (KHTML, like Gecko) Chrome/64.0.3282.140 Safari/537.36"
40.94.89.97 - - [03/Sep/2021:23:53:40 +0000] "GET /css/general.css HTTP/1.1" 200 1859 "http://plemma.cc/" "Mozilla/5.0 (Windows NT 10.0; Win64; x64) AppleWebKit/537.36 (KHTML, like Gecko) Chrome/79.0.3945.136 Safari/537.36"
40.94.94.67 - - [03/Sep/2021:23:53:40 +0000] "GET /ayu-highlight.css HTTP/1.1" 404 487 "http://plemma.cc/" "Mozilla/5.0 (Windows NT 10.0; Win64; x64) AppleWebKit/537.36 (KHTML, like Gecko) Chrome/79.0.3945.130 Safari/537.36"
40.94.94.32 - - [03/Sep/2021:23:53:40 +0000] "GET /FontAwesome/css/font-awesome.css HTTP/1.1" 404 488 "http://plemma.cc/" "Mozilla/5.0 (Windows NT 10.0; Win64; x64) AppleWebKit/537.36 (KHTML, like Gecko) Chrome/79.0.3945.136 Safari/537.36"
40.94.94.75 - - [03/Sep/2021:23:53:40 +0000] "GET /css/chrome.css HTTP/1.1" 200 2692 "http://plemma.cc/" "Mozilla/5.0 (Windows NT 10.0; Win64; x64) AppleWebKit/537.36 (KHTML, like Gecko) Chrome/79.0.3945.136 Safari/537.36"
40.94.90.88 - - [03/Sep/2021:23:53:40 +0000] "GET /css/chrome.css HTTP/1.1" 200 2691 "http://plemma.cc/" "Mozilla/5.0 (Windows NT 10.0; Win64; x64) AppleWebKit/537.36 (KHTML, like Gecko) Chrome/80.0.3987.87 Safari/537.36"
40.94.87.99 - - [03/Sep/2021:23:53:40 +0000] "GET /css/chrome.css HTTP/1.1" 200 2691 "http://plemma.cc/" "Mozilla/5.0 (Windows NT 10.0; Win64; x64) AppleWebKit/537.36 (KHTML, like Gecko) Chrome/80.0.3987.87 Safari/537.36"
20.39.177.12 - - [03/Sep/2021:23:53:40 +0000] "GET /css/variables.css HTTP/1.1" 200 1498 "http://plemma.cc/" "Mozilla/5.0 (Windows NT 10.0; Win64; x64) AppleWebKit/537.36 (KHTML, like Gecko) Chrome/70.0.3538.102 Safari/537.36"
104.46.236.41 - - [03/Sep/2021:23:53:40 +0000] "GET /css/print.css HTTP/1.1" 200 734 "http://plemma.cc/" "Mozilla/5.0 (Windows NT 10.0; Win64; x64) AppleWebKit/537.36 (KHTML, like Gecko) Chrome/70.0.3538.102 Safari/537.36"
20.39.177.12 - - [03/Sep/2021:23:53:40 +0000] "GET /css/variables.css HTTP/1.1" 200 1498 "http://plemma.cc/" "Mozilla/5.0 (Windows NT 10.0; Win64; x64) AppleWebKit/537.36 (KHTML, like Gecko) Chrome/72.0.3626.109 Safari/537.36"
40.94.94.11 - - [03/Sep/2021:23:53:40 +0000] "GET /css/general.css HTTP/1.1" 200 1860 "http://plemma.cc/" "Mozilla/5.0 (Windows NT 10.0; Win64; x64) AppleWebKit/537.36 (KHTML, like Gecko) Chrome/79.0.3945.136 Safari/537.36"
40.94.90.24 - - [03/Sep/2021:23:53:40 +0000] "GET / HTTP/1.1" 200 13804 "https://t.co/t42i5t8hJC?amp=1" "Mozilla/5.0 (Windows NT 10.0; Win64; x64) AppleWebKit/537.36 (KHTML, like Gecko) Chrome/70.0.3538.102 Safari/537.36"
40.94.95.81 - - [03/Sep/2021:23:53:40 +0000] "GET /css/print.css HTTP/1.1" 200 735 "http://plemma.cc/" "Mozilla/5.0 (Windows NT 10.0; Win64; x64) AppleWebKit/537.36 (KHTML, like Gecko) Chrome/64.0.3282.140 Safari/537.36"
157.82.223.4 - - [03/Sep/2021:23:53:40 +0000] "GET /rsync HTTP/1.1" 404 432 "-" "Mozilla/4.0 (compatible)"
20.39.177.12 - - [03/Sep/2021:23:53:40 +0000] "GET / HTTP/1.1" 200 13804 "https://t.co/t42i5t8hJC?amp=1" "Mozilla/5.0 (Windows NT 10.0; Win64; x64) AppleWebKit/537.36 (KHTML, like Gecko) Chrome/79.0.3945.130 Safari/537.36"
40.94.90.32 - - [03/Sep/2021:23:53:40 +0000] "GET /tomorrow-night.css HTTP/1.1" 404 487 "http://plemma.cc/" "Mozilla/5.0 (Windows NT 10.0; Win64; x64) AppleWebKit/537.36 (KHTML, like Gecko) Chrome/79.0.3945.130 Safari/537.36"
40.94.94.56 - - [03/Sep/2021:23:53:40 +0000] "GET / HTTP/1.1" 200 13804 "https://t.co/t42i5t8hJC?amp=1" "Mozilla/5.0 (Windows NT 10.0; Win64; x64) AppleWebKit/537.36 (KHTML, like Gecko) Chrome/79.0.3945.136 Safari/537.36"
40.94.105.48 - - [03/Sep/2021:23:53:40 +0000] "GET /xcaliber.dao.jpg HTTP/1.1" 200 14201 "http://plemma.cc/" "Mozilla/5.0 (Windows NT 10.0; Win64; x64) AppleWebKit/537.36 (KHTML, like Gecko) Chrome/70.0.3538.102 Safari/537.36"
20.48.73.70 - - [03/Sep/2021:23:53:40 +0000] "GET /css/variables.css HTTP/1.1" 200 1498 "http://plemma.cc/" "Mozilla/5.0 (Windows NT 10.0; Win64; x64) AppleWebKit/537.36 (KHTML, like Gecko) Chrome/70.0.3538.102 Safari/537.36"
20.39.177.12 - - [03/Sep/2021:23:53:40 +0000] "GET /css/chrome.css HTTP/1.1" 200 2691 "http://plemma.cc/" "Mozilla/5.0 (Windows NT 10.0; Win64; x64) AppleWebKit/537.36 (KHTML, like Gecko) Chrome/70.0.3538.102 Safari/537.36"
20.194.187.182 - - [03/Sep/2021:23:53:40 +0000] "GET /css/variables.css HTTP/1.1" 200 1498 "http://plemma.cc/" "Mozilla/5.0 (Windows NT 10.0; Win64; x64) AppleWebKit/537.36 (KHTML, like Gecko) Chrome/79.0.3945.130 Safari/537.36"
20.39.177.12 - - [03/Sep/2021:23:53:40 +0000] "GET /css/chrome.css HTTP/1.1" 200 2691 "http://plemma.cc/" "Mozilla/5.0 (Windows NT 10.0; Win64; x64) AppleWebKit/537.36 (KHTML, like Gecko) Chrome/72.0.3626.109 Safari/537.36"
20.48.73.70 - - [03/Sep/2021:23:53:40 +0000] "GET /css/chrome.css HTTP/1.1" 200 2691 "http://plemma.cc/" "Mozilla/5.0 (Windows NT 10.0; Win64; x64) AppleWebKit/537.36 (KHTML, like Gecko) Chrome/70.0.3538.102 Safari/537.36"
40.94.96.6 - - [03/Sep/2021:23:53:40 +0000] "GET /css/print.css HTTP/1.1" 200 734 "http://plemma.cc/" "Mozilla/5.0 (Windows NT 10.0; Win64; x64) AppleWebKit/537.36 (KHTML, like Gecko) Chrome/80.0.3987.87 Safari/537.36"
40.94.90.98 - - [03/Sep/2021:23:53:40 +0000] "GET /highlight.css HTTP/1.1" 404 487 "http://plemma.cc/" "Mozilla/5.0 (Windows NT 10.0; Win64; x64) AppleWebKit/537.36 (KHTML, like Gecko) Chrome/72.0.3626.109 Safari/537.36"
20.194.187.182 - - [03/Sep/2021:23:53:40 +0000] "GET /css/general.css HTTP/1.1" 200 1859 "http://plemma.cc/" "Mozilla/5.0 (Windows NT 10.0; Win64; x64) AppleWebKit/537.36 (KHTML, like Gecko) Chrome/79.0.3945.130 Safari/537.36"
20.39.177.12 - - [03/Sep/2021:23:53:40 +0000] "GET /ayu-highlight.css HTTP/1.1" 404 487 "http://plemma.cc/" "Mozilla/5.0 (Windows NT 10.0; Win64; x64) AppleWebKit/537.36 (KHTML, like Gecko) Chrome/70.0.3538.102 Safari/537.36"
40.94.97.4 - - [03/Sep/2021:23:53:40 +0000] "GET /usedjolie.png HTTP/1.1" 200 373194 "http://plemma.cc/" "Mozilla/5.0 (Windows NT 10.0; Win64; x64) AppleWebKit/537.36 (KHTML, like Gecko) Chrome/79.0.3945.136 Safari/537.36"
40.94.94.43 - - [03/Sep/2021:23:53:40 +0000] "GET /tomorrow-night.css HTTP/1.1" 404 487 "http://plemma.cc/" "Mozilla/5.0 (Windows NT 10.0; Win64; x64) AppleWebKit/537.36 (KHTML, like Gecko) Chrome/72.0.3626.109 Safari/537.36"
20.48.73.70 - - [03/Sep/2021:23:53:40 +0000] "GET /ayu-highlight.css HTTP/1.1" 404 487 "http://plemma.cc/" "Mozilla/5.0 (Windows NT 10.0; Win64; x64) AppleWebKit/537.36 (KHTML, like Gecko) Chrome/70.0.3538.102 Safari/537.36"
20.39.177.12 - - [03/Sep/2021:23:53:40 +0000] "GET /ayu-highlight.css HTTP/1.1" 404 487 "http://plemma.cc/" "Mozilla/5.0 (Windows NT 10.0; Win64; x64) AppleWebKit/537.36 (KHTML, like Gecko) Chrome/72.0.3626.109 Safari/537.36"
20.194.187.182 - - [03/Sep/2021:23:53:40 +0000] "GET /ayu-highlight.css HTTP/1.1" 404 487 "http://plemma.cc/" "Mozilla/5.0 (Windows NT 10.0; Win64; x64) AppleWebKit/537.36 (KHTML, like Gecko) Chrome/79.0.3945.130 Safari/537.36"
40.94.96.72 - - [03/Sep/2021:23:53:40 +0000] "GET /usedjolie.png HTTP/1.1" 200 373194 "http://plemma.cc/" "Mozilla/5.0 (Windows NT 10.0; Win64; x64) AppleWebKit/537.36 (KHTML, like Gecko) Chrome/80.0.3987.87 Safari/537.36"
40.94.103.75 - - [03/Sep/2021:23:53:40 +0000] "GET /fonts/fonts.css HTTP/1.1" 404 487 "http://plemma.cc/" "Mozilla/5.0 (Windows NT 10.0; Win64; x64) AppleWebKit/537.36 (KHTML, like Gecko) Chrome/79.0.3945.130 Safari/537.36"
40.94.102.57 - - [03/Sep/2021:23:53:40 +0000] "GET /FontAwesome/css/font-awesome.css HTTP/1.1" 404 487 "http://plemma.cc/" "Mozilla/5.0 (Windows NT 10.0; Win64; x64) AppleWebKit/537.36 (KHTML, like Gecko) Chrome/64.0.3282.140 Safari/537.36"
40.94.102.83 - - [03/Sep/2021:23:53:40 +0000] "GET / HTTP/1.1" 200 13804 "https://t.co/t42i5t8hJC?amp=1" "Mozilla/5.0 (Windows NT 10.0; Win64; x64) AppleWebKit/537.36 (KHTML, like Gecko) Chrome/80.0.3987.87 Safari/537.36"
20.39.177.12 - - [03/Sep/2021:23:53:40 +0000] "GET /xcaliber.dao.jpg HTTP/1.1" 200 14201 "http://plemma.cc/" "Mozilla/5.0 (Windows NT 10.0; Win64; x64) AppleWebKit/537.36 (KHTML, like Gecko) Chrome/70.0.3538.102 Safari/537.36"
40.94.103.78 - - [03/Sep/2021:23:53:40 +0000] "GET /rsync HTTP/1.1" 404 488 "-" "Mozilla/5.0 (Windows NT 10.0; Win64; x64) AppleWebKit/537.36 (KHTML, like Gecko) Chrome/79.0.3945.130 Safari/537.36"
20.48.73.70 - - [03/Sep/2021:23:53:40 +0000] "GET /xcaliber.dao.jpg HTTP/1.1" 200 14201 "http://plemma.cc/" "Mozilla/5.0 (Windows NT 10.0; Win64; x64) AppleWebKit/537.36 (KHTML, like Gecko) Chrome/70.0.3538.102 Safari/537.36"
40.94.96.1 - - [03/Sep/2021:23:53:40 +0000] "GET /fonts/fonts.css HTTP/1.1" 404 488 "http://plemma.cc/" "Mozilla/5.0 (Windows NT 10.0; Win64; x64) AppleWebKit/537.36 (KHTML, like Gecko) Chrome/79.0.3945.136 Safari/537.36"
40.94.96.8 - - [03/Sep/2021:23:53:40 +0000] "GET /css/chrome.css HTTP/1.1" 200 2692 "http://plemma.cc/" "Mozilla/5.0 (Windows NT 10.0; Win64; x64) AppleWebKit/537.36 (KHTML, like Gecko) Chrome/79.0.3945.136 Safari/537.36"
51.132.66.157 - - [03/Sep/2021:23:53:40 +0000] "GET /favicon.png HTTP/1.1" 404 488 "http://plemma.cc/" "Mozilla/5.0 (Windows NT 10.0; Win64; x64) AppleWebKit/537.36 (KHTML, like Gecko) Chrome/72.0.3626.109 Safari/537.36"
20.39.177.12 - - [03/Sep/2021:23:53:40 +0000] "GET / HTTP/1.1" 200 13804 "https://t.co/t42i5t8hJC?amp=1" "Mozilla/5.0 (Windows NT 10.0; Win64; x64) AppleWebKit/537.36 (KHTML, like Gecko) Chrome/72.0.3626.109 Safari/537.36"
40.94.87.55 - - [03/Sep/2021:23:53:40 +0000] "GET / HTTP/1.1" 200 13804 "https://t.co/t42i5t8hJC?amp=1" "Mozilla/5.0 (Windows NT 10.0; Win64; x64) AppleWebKit/537.36 (KHTML, like Gecko) Chrome/79.0.3945.130 Safari/537.36"
20.194.187.182 - - [03/Sep/2021:23:53:40 +0000] "GET /xcaliber.dao.jpg HTTP/1.1" 200 14201 "http://plemma.cc/" "Mozilla/5.0 (Windows NT 10.0; Win64; x64) AppleWebKit/537.36 (KHTML, like Gecko) Chrome/79.0.3945.130 Safari/537.36"
20.39.177.12 - - [03/Sep/2021:23:53:40 +0000] "GET /xcaliber.dao.jpg HTTP/1.1" 200 14201 "http://plemma.cc/" "Mozilla/5.0 (Windows NT 10.0; Win64; x64) AppleWebKit/537.36 (KHTML, like Gecko) Chrome/72.0.3626.109 Safari/537.36"
40.94.94.87 - - [03/Sep/2021:23:53:40 +0000] "GET /css/variables.css HTTP/1.1" 200 1498 "http://plemma.cc/" "Mozilla/5.0 (Windows NT 10.0; Win64; x64) AppleWebKit/537.36 (KHTML, like Gecko) Chrome/79.0.3945.136 Safari/537.36"
40.94.94.87 - - [03/Sep/2021:23:53:40 +0000] "GET /xcaliber.dao.jpg HTTP/1.1" 200 14201 "http://plemma.cc/" "Mozilla/5.0 (Windows NT 10.0; Win64; x64) AppleWebKit/537.36 (KHTML, like Gecko) Chrome/72.0.3626.109 Safari/537.36"
20.39.177.12 - - [03/Sep/2021:23:53:40 +0000] "GET /css/variables.css HTTP/1.1" 200 1498 "http://plemma.cc/" "Mozilla/5.0 (Windows NT 10.0; Win64; x64) AppleWebKit/537.36 (KHTML, like Gecko) Chrome/79.0.3945.130 Safari/537.36"
40.94.89.97 - - [03/Sep/2021:23:53:40 +0000] "GET /css/chrome.css HTTP/1.1" 200 2691 "http://plemma.cc/" "Mozilla/5.0 (Windows NT 10.0; Win64; x64) AppleWebKit/537.36 (KHTML, like Gecko) Chrome/79.0.3945.136 Safari/537.36"
40.94.96.95 - - [03/Sep/2021:23:53:40 +0000] "GET /favicon.png HTTP/1.1" 404 488 "http://plemma.cc/" "Mozilla/5.0 (Windows NT 10.0; Win64; x64) AppleWebKit/537.36 (KHTML, like Gecko) Chrome/70.0.3538.102 Safari/537.36"
40.74.128.1 - - [03/Sep/2021:23:53:40 +0000] "GET / HTTP/1.1" 200 13804 "https://t.co/t42i5t8hJC?amp=1" "Mozilla/5.0 (Windows NT 10.0; Win64; x64) AppleWebKit/537.36 (KHTML, like Gecko) Chrome/79.0.3945.130 Safari/537.36"
51.132.66.157 - - [03/Sep/2021:23:53:40 +0000] "GET /favicon.png HTTP/1.1" 404 488 "http://plemma.cc/" "Mozilla/5.0 (Windows NT 10.0; Win64; x64) AppleWebKit/537.36 (KHTML, like Gecko) Chrome/79.0.3945.136 Safari/537.36"
40.94.105.49 - - [03/Sep/2021:23:53:40 +0000] "GET /favicon.png HTTP/1.1" 404 488 "http://plemma.cc/" "Mozilla/5.0 (Windows NT 10.0; Win64; x64) AppleWebKit/537.36 (KHTML, like Gecko) Chrome/79.0.3945.130 Safari/537.36"
20.48.12.67 - - [03/Sep/2021:23:53:40 +0000] "GET / HTTP/1.1" 200 13804 "https://t.co/t42i5t8hJC?amp=1" "Mozilla/5.0 (Windows NT 10.0; Win64; x64) AppleWebKit/537.36 (KHTML, like Gecko) Chrome/79.0.3945.136 Safari/537.36"
20.39.177.12 - - [03/Sep/2021:23:53:40 +0000] "GET /usedjolie.png HTTP/1.1" 200 373194 "http://plemma.cc/" "Mozilla/5.0 (Windows NT 10.0; Win64; x64) AppleWebKit/537.36 (KHTML, like Gecko) Chrome/70.0.3538.102 Safari/537.36"
20.48.73.70 - - [03/Sep/2021:23:53:40 +0000] "GET /usedjolie.png HTTP/1.1" 200 373194 "http://plemma.cc/" "Mozilla/5.0 (Windows NT 10.0; Win64; x64) AppleWebKit/537.36 (KHTML, like Gecko) Chrome/70.0.3538.102 Safari/537.36"
20.194.187.182 - - [03/Sep/2021:23:53:40 +0000] "GET /usedjolie.png HTTP/1.1" 200 373194 "http://plemma.cc/" "Mozilla/5.0 (Windows NT 10.0; Win64; x64) AppleWebKit/537.36 (KHTML, like Gecko) Chrome/79.0.3945.130 Safari/537.36"
40.94.90.88 - - [03/Sep/2021:23:53:40 +0000] "GET /FontAwesome/css/font-awesome.css HTTP/1.1" 404 487 "http://plemma.cc/" "Mozilla/5.0 (Windows NT 10.0; Win64; x64) AppleWebKit/537.36 (KHTML, like Gecko) Chrome/80.0.3987.87 Safari/537.36"
40.94.87.75 - - [03/Sep/2021:23:53:40 +0000] "GET /css/variables.css HTTP/1.1" 200 1498 "http://plemma.cc/" "Mozilla/5.0 (Windows NT 10.0; Win64; x64) AppleWebKit/537.36 (KHTML, like Gecko) Chrome/79.0.3945.136 Safari/537.36"
40.94.94.67 - - [03/Sep/2021:23:53:40 +0000] "GET /xcaliber.dao.jpg HTTP/1.1" 200 14201 "http://plemma.cc/" "Mozilla/5.0 (Windows NT 10.0; Win64; x64) AppleWebKit/537.36 (KHTML, like Gecko) Chrome/79.0.3945.130 Safari/537.36"
40.94.87.99 - - [03/Sep/2021:23:53:40 +0000] "GET /FontAwesome/css/font-awesome.css HTTP/1.1" 404 487 "http://plemma.cc/" "Mozilla/5.0 (Windows NT 10.0; Win64; x64) AppleWebKit/537.36 (KHTML, like Gecko) Chrome/80.0.3987.87 Safari/537.36"
20.39.177.12 - - [03/Sep/2021:23:53:40 +0000] "GET /css/general.css HTTP/1.1" 200 1859 "http://plemma.cc/" "Mozilla/5.0 (Windows NT 10.0; Win64; x64) AppleWebKit/537.36 (KHTML, like Gecko) Chrome/79.0.3945.130 Safari/537.36"
20.39.177.12 - - [03/Sep/2021:23:53:40 +0000] "GET /usedjolie.png HTTP/1.1" 200 373194 "http://plemma.cc/" "Mozilla/5.0 (Windows NT 10.0; Win64; x64) AppleWebKit/537.36 (KHTML, like Gecko) Chrome/72.0.3626.109 Safari/537.36"
40.94.90.32 - - [03/Sep/2021:23:53:40 +0000] "GET /ayu-highlight.css HTTP/1.1" 404 487 "http://plemma.cc/" "Mozilla/5.0 (Windows NT 10.0; Win64; x64) AppleWebKit/537.36 (KHTML, like Gecko) Chrome/79.0.3945.130 Safari/537.36"
20.39.177.12 - - [03/Sep/2021:23:53:40 +0000] "GET /ayu-highlight.css HTTP/1.1" 404 487 "http://plemma.cc/" "Mozilla/5.0 (Windows NT 10.0; Win64; x64) AppleWebKit/537.36 (KHTML, like Gecko) Chrome/79.0.3945.130 Safari/537.36"
40.94.103.77 - - [03/Sep/2021:23:53:40 +0000] "GET /css/variables.css HTTP/1.1" 200 1498 "http://plemma.cc/" "Mozilla/5.0 (Windows NT 10.0; Win64; x64) AppleWebKit/537.36 (KHTML, like Gecko) Chrome/79.0.3945.136 Safari/537.36"
20.39.177.12 - - [03/Sep/2021:23:53:40 +0000] "GET /css/variables.css HTTP/1.1" 200 1498 "http://plemma.cc/" "Mozilla/5.0 (Windows NT 10.0; Win64; x64) AppleWebKit/537.36 (KHTML, like Gecko) Chrome/72.0.3626.109 Safari/537.36"
40.94.90.98 - - [03/Sep/2021:23:53:40 +0000] "GET /tomorrow-night.css HTTP/1.1" 404 487 "http://plemma.cc/" "Mozilla/5.0 (Windows NT 10.0; Win64; x64) AppleWebKit/537.36 (KHTML, like Gecko) Chrome/72.0.3626.109 Safari/537.36"
20.39.177.12 - - [03/Sep/2021:23:53:40 +0000] "GET /xcaliber.dao.jpg HTTP/1.1" 200 14201 "http://plemma.cc/" "Mozilla/5.0 (Windows NT 10.0; Win64; x64) AppleWebKit/537.36 (KHTML, like Gecko) Chrome/79.0.3945.130 Safari/537.36"
40.94.90.24 - - [03/Sep/2021:23:53:40 +0000] "GET /css/variables.css HTTP/1.1" 200 1498 "http://plemma.cc/" "Mozilla/5.0 (Windows NT 10.0; Win64; x64) AppleWebKit/537.36 (KHTML, like Gecko) Chrome/70.0.3538.102 Safari/537.36"
40.74.128.1 - - [03/Sep/2021:23:53:40 +0000] "GET /css/variables.css HTTP/1.1" 200 1498 "http://plemma.cc/" "Mozilla/5.0 (Windows NT 10.0; Win64; x64) AppleWebKit/537.36 (KHTML, like Gecko) Chrome/79.0.3945.130 Safari/537.36"
20.39.177.12 - - [03/Sep/2021:23:53:40 +0000] "GET /css/general.css HTTP/1.1" 200 1859 "http://plemma.cc/" "Mozilla/5.0 (Windows NT 10.0; Win64; x64) AppleWebKit/537.36 (KHTML, like Gecko) Chrome/72.0.3626.109 Safari/537.36"
20.48.12.67 - - [03/Sep/2021:23:53:40 +0000] "GET /css/variables.css HTTP/1.1" 200 1498 "http://plemma.cc/" "Mozilla/5.0 (Windows NT 10.0; Win64; x64) AppleWebKit/537.36 (KHTML, like Gecko) Chrome/79.0.3945.136 Safari/537.36"
40.94.103.75 - - [03/Sep/2021:23:53:40 +0000] "GET /highlight.css HTTP/1.1" 404 487 "http://plemma.cc/" "Mozilla/5.0 (Windows NT 10.0; Win64; x64) AppleWebKit/537.36 (KHTML, like Gecko) Chrome/79.0.3945.130 Safari/537.36"
20.194.187.182 - - [03/Sep/2021:23:53:40 +0000] "GET /css/print.css HTTP/1.1" 200 734 "http://plemma.cc/" "Mozilla/5.0 (Windows NT 10.0; Win64; x64) AppleWebKit/537.36 (KHTML, like Gecko) Chrome/79.0.3945.130 Safari/537.36"
40.94.94.43 - - [03/Sep/2021:23:53:40 +0000] "GET /ayu-highlight.css HTTP/1.1" 404 487 "http://plemma.cc/" "Mozilla/5.0 (Windows NT 10.0; Win64; x64) AppleWebKit/537.36 (KHTML, like Gecko) Chrome/72.0.3626.109 Safari/537.36"
40.94.102.57 - - [03/Sep/2021:23:53:40 +0000] "GET /fonts/fonts.css HTTP/1.1" 404 487 "http://plemma.cc/" "Mozilla/5.0 (Windows NT 10.0; Win64; x64) AppleWebKit/537.36 (KHTML, like Gecko) Chrome/64.0.3282.140 Safari/537.36"
40.94.94.56 - - [03/Sep/2021:23:53:40 +0000] "GET /css/variables.css HTTP/1.1" 200 1498 "http://plemma.cc/" "Mozilla/5.0 (Windows NT 10.0; Win64; x64) AppleWebKit/537.36 (KHTML, like Gecko) Chrome/79.0.3945.136 Safari/537.36"
20.48.73.70 - - [03/Sep/2021:23:53:40 +0000] "GET /css/print.css HTTP/1.1" 200 734 "http://plemma.cc/" "Mozilla/5.0 (Windows NT 10.0; Win64; x64) AppleWebKit/537.36 (KHTML, like Gecko) Chrome/70.0.3538.102 Safari/537.36"
40.74.128.1 - - [03/Sep/2021:23:53:40 +0000] "GET /css/general.css HTTP/1.1" 200 1859 "http://plemma.cc/" "Mozilla/5.0 (Windows NT 10.0; Win64; x64) AppleWebKit/537.36 (KHTML, like Gecko) Chrome/79.0.3945.130 Safari/537.36"
20.48.12.67 - - [03/Sep/2021:23:53:40 +0000] "GET /css/general.css HTTP/1.1" 200 1859 "http://plemma.cc/" "Mozilla/5.0 (Windows NT 10.0; Win64; x64) AppleWebKit/537.36 (KHTML, like Gecko) Chrome/79.0.3945.136 Safari/537.36"
20.39.177.12 - - [03/Sep/2021:23:53:40 +0000] "GET /css/chrome.css HTTP/1.1" 200 2691 "http://plemma.cc/" "Mozilla/5.0 (Windows NT 10.0; Win64; x64) AppleWebKit/537.36 (KHTML, like Gecko) Chrome/72.0.3626.109 Safari/537.36"
20.39.177.12 - - [03/Sep/2021:23:53:40 +0000] "GET /css/print.css HTTP/1.1" 200 734 "http://plemma.cc/" "Mozilla/5.0 (Windows NT 10.0; Win64; x64) AppleWebKit/537.36 (KHTML, like Gecko) Chrome/70.0.3538.102 Safari/537.36"
40.94.105.33 - - [03/Sep/2021:23:53:40 +0000] "GET /highlight.css HTTP/1.1" 404 487 "http://plemma.cc/" "Mozilla/5.0 (Windows NT 10.0; Win64; x64) AppleWebKit/537.36 (KHTML, like Gecko) Chrome/79.0.3945.130 Safari/537.36"
20.39.177.12 - - [03/Sep/2021:23:53:40 +0000] "GET /usedjolie.png HTTP/1.1" 200 373194 "http://plemma.cc/" "Mozilla/5.0 (Windows NT 10.0; Win64; x64) AppleWebKit/537.36 (KHTML, like Gecko) Chrome/79.0.3945.130 Safari/537.36"
20.39.177.12 - - [03/Sep/2021:23:53:40 +0000] "GET /css/print.css HTTP/1.1" 200 734 "http://plemma.cc/" "Mozilla/5.0 (Windows NT 10.0; Win64; x64) AppleWebKit/537.36 (KHTML, like Gecko) Chrome/72.0.3626.109 Safari/537.36"
20.48.12.67 - - [03/Sep/2021:23:53:40 +0000] "GET /css/chrome.css HTTP/1.1" 200 2691 "http://plemma.cc/" "Mozilla/5.0 (Windows NT 10.0; Win64; x64) AppleWebKit/537.36 (KHTML, like Gecko) Chrome/79.0.3945.136 Safari/537.36"
20.39.177.12 - - [03/Sep/2021:23:53:40 +0000] "GET /FontAwesome/css/font-awesome.css HTTP/1.1" 404 487 "http://plemma.cc/" "Mozilla/5.0 (Windows NT 10.0; Win64; x64) AppleWebKit/537.36 (KHTML, like Gecko) Chrome/72.0.3626.109 Safari/537.36"
40.94.89.97 - - [03/Sep/2021:23:53:40 +0000] "GET /FontAwesome/css/font-awesome.css HTTP/1.1" 404 487 "http://plemma.cc/" "Mozilla/5.0 (Windows NT 10.0; Win64; x64) AppleWebKit/537.36 (KHTML, like Gecko) Chrome/79.0.3945.136 Safari/537.36"
40.74.128.1 - - [03/Sep/2021:23:53:40 +0000] "GET /css/chrome.css HTTP/1.1" 200 2691 "http://plemma.cc/" "Mozilla/5.0 (Windows NT 10.0; Win64; x64) AppleWebKit/537.36 (KHTML, like Gecko) Chrome/79.0.3945.130 Safari/537.36"
40.94.94.87 - - [03/Sep/2021:23:53:40 +0000] "GET /tomorrow-night.css HTTP/1.1" 404 487 "http://plemma.cc/" "Mozilla/5.0 (Windows NT 10.0; Win64; x64) AppleWebKit/537.36 (KHTML, like Gecko) Chrome/79.0.3945.136 Safari/537.36"
40.94.87.55 - - [03/Sep/2021:23:53:40 +0000] "GET /css/variables.css HTTP/1.1" 200 1498 "http://plemma.cc/" "Mozilla/5.0 (Windows NT 10.0; Win64; x64) AppleWebKit/537.36 (KHTML, like Gecko) Chrome/79.0.3945.130 Safari/537.36"
40.94.90.88 - - [03/Sep/2021:23:53:40 +0000] "GET /fonts/fonts.css HTTP/1.1" 404 487 "http://plemma.cc/" "Mozilla/5.0 (Windows NT 10.0; Win64; x64) AppleWebKit/537.36 (KHTML, like Gecko) Chrome/80.0.3987.87 Safari/537.36"
51.132.66.157 - - [03/Sep/2021:23:53:40 +0000] "GET /favicon.svg HTTP/1.1" 404 487 "http://plemma.cc/" "Mozilla/5.0 (Windows NT 10.0; Win64; x64) AppleWebKit/537.36 (KHTML, like Gecko) Chrome/72.0.3626.109 Safari/537.36"
20.48.12.67 - - [03/Sep/2021:23:53:40 +0000] "GET /FontAwesome/css/font-awesome.css HTTP/1.1" 404 487 "http://plemma.cc/" "Mozilla/5.0 (Windows NT 10.0; Win64; x64) AppleWebKit/537.36 (KHTML, like Gecko) Chrome/79.0.3945.136 Safari/537.36"
40.94.87.75 - - [03/Sep/2021:23:53:40 +0000] "GET /css/chrome.css HTTP/1.1" 200 2691 "http://plemma.cc/" "Mozilla/5.0 (Windows NT 10.0; Win64; x64) AppleWebKit/537.36 (KHTML, like Gecko) Chrome/79.0.3945.136 Safari/537.36"
40.94.87.99 - - [03/Sep/2021:23:53:40 +0000] "GET /fonts/fonts.css HTTP/1.1" 404 487 "http://plemma.cc/" "Mozilla/5.0 (Windows NT 10.0; Win64; x64) AppleWebKit/537.36 (KHTML, like Gecko) Chrome/80.0.3987.87 Safari/537.36"
20.39.177.12 - - [03/Sep/2021:23:53:40 +0000] "GET /fonts/fonts.css HTTP/1.1" 404 487 "http://plemma.cc/" "Mozilla/5.0 (Windows NT 10.0; Win64; x64) AppleWebKit/537.36 (KHTML, like Gecko) Chrome/72.0.3626.109 Safari/537.36"
