40.94.28.48 - - [10/Sep/2021:13:37:06 +0000] "GET /css/chrome.css HTTP/1.1" 200 2692 "http://plemma.cc/" "Mozilla/5.0 (Windows NT 10.0; Win64; x64) AppleWebKit/537.36 (KHTML, like Gecko) Chrome/70.0.3538.102 Safari/537.36"
40.94.28.9 - - [10/Sep/2021:13:37:06 +0000] "GET /FontAwesome/css/font-awesome.css HTTP/1.1" 404 488 "http://plemma.cc/" "Mozilla/5.0 (Windows NT 10.0; Win64; x64) AppleWebKit/537.36 (KHTML, like Gecko) Chrome/70.0.3538.102 Safari/537.36"
40.94.28.60 - - [10/Sep/2021:13:37:06 +0000] "GET /fonts/fonts.css HTTP/1.1" 404 488 "http://plemma.cc/" "Mozilla/5.0 (Windows NT 10.0; Win64; x64) AppleWebKit/537.36 (KHTML, like Gecko) Chrome/70.0.3538.102 Safari/537.36"
40.94.28.96 - - [10/Sep/2021:13:37:06 +0000] "GET /highlight.css HTTP/1.1" 404 488 "http://plemma.cc/" "Mozilla/5.0 (Windows NT 10.0; Win64; x64) AppleWebKit/537.36 (KHTML, like Gecko) Chrome/70.0.3538.102 Safari/537.36"
40.94.28.37 - - [10/Sep/2021:13:37:06 +0000] "GET /tomorrow-night.css HTTP/1.1" 404 487 "http://plemma.cc/" "Mozilla/5.0 (Windows NT 10.0; Win64; x64) AppleWebKit/537.36 (KHTML, like Gecko) Chrome/70.0.3538.102 Safari/537.36"
40.94.28.50 - - [10/Sep/2021:13:37:06 +0000] "GET /ayu-highlight.css HTTP/1.1" 404 487 "http://plemma.cc/" "Mozilla/5.0 (Windows NT 10.0; Win64; x64) AppleWebKit/537.36 (KHTML, like Gecko) Chrome/70.0.3538.102 Safari/537.36"
40.94.28.48 - - [10/Sep/2021:13:37:06 +0000] "GET /xcaliber.dao.jpg HTTP/1.1" 200 14201 "http://plemma.cc/" "Mozilla/5.0 (Windows NT 10.0; Win64; x64) AppleWebKit/537.36 (KHTML, like Gecko) Chrome/70.0.3538.102 Safari/537.36"
129.176.128.118 - - [10/Sep/2021:13:37:06 +0000] "GET /css/variables.css HTTP/1.1" 200 1498 "http://plemma.cc/" "Mozilla/5.0 (Unknown; Linux x86_64) AppleWebKit/534.34 (KHTML, like Gecko) CasperJS/1.1.4+PhantomJS/1.9.7 Safari/534.34"
::1 - - [10/Sep/2021:13:37:06 +0000] "OPTIONS * HTTP/1.0" 200 126 "-" "Apache/2.4.38 (Debian) (internal dummy connection)"
40.94.28.48 - - [10/Sep/2021:13:37:06 +0000] "GET /css/print.css HTTP/1.1" 200 734 "http://plemma.cc/" "Mozilla/5.0 (Windows NT 10.0; Win64; x64) AppleWebKit/537.36 (KHTML, like Gecko) Chrome/70.0.3538.102 Safari/537.36"
129.176.128.118 - - [10/Sep/2021:13:37:06 +0000] "GET /css/general.css HTTP/1.1" 200 1860 "http://plemma.cc/" "Mozilla/5.0 (Unknown; Linux x86_64) AppleWebKit/534.34 (KHTML, like Gecko) CasperJS/1.1.4+PhantomJS/1.9.7 Safari/534.34"
129.176.128.118 - - [10/Sep/2021:13:37:06 +0000] "GET /css/chrome.css HTTP/1.1" 200 2692 "http://plemma.cc/" "Mozilla/5.0 (Unknown; Linux x86_64) AppleWebKit/534.34 (KHTML, like Gecko) CasperJS/1.1.4+PhantomJS/1.9.7 Safari/534.34"
129.176.128.118 - - [10/Sep/2021:13:37:06 +0000] "GET /highlight.css HTTP/1.1" 404 488 "http://plemma.cc/" "Mozilla/5.0 (Unknown; Linux x86_64) AppleWebKit/534.34 (KHTML, like Gecko) CasperJS/1.1.4+PhantomJS/1.9.7 Safari/534.34"
129.176.128.118 - - [10/Sep/2021:13:37:06 +0000] "GET /FontAwesome/css/font-awesome.css HTTP/1.1" 404 487 "http://plemma.cc/" "Mozilla/5.0 (Unknown; Linux x86_64) AppleWebKit/534.34 (KHTML, like Gecko) CasperJS/1.1.4+PhantomJS/1.9.7 Safari/534.34"
129.176.128.118 - - [10/Sep/2021:13:37:06 +0000] "GET /fonts/fonts.css HTTP/1.1" 404 488 "http://plemma.cc/" "Mozilla/5.0 (Unknown; Linux x86_64) AppleWebKit/534.34 (KHTML, like Gecko) CasperJS/1.1.4+PhantomJS/1.9.7 Safari/534.34"
129.176.128.118 - - [10/Sep/2021:13:37:06 +0000] "GET /tomorrow-night.css HTTP/1.1" 404 488 "http://plemma.cc/" "Mozilla/5.0 (Unknown; Linux x86_64) AppleWebKit/534.34 (KHTML, like Gecko) CasperJS/1.1.4+PhantomJS/1.9.7 Safari/534.34"
40.94.28.9 - - [10/Sep/2021:13:37:06 +0000] "GET /usedjolie.png HTTP/1.1" 200 373194 "http://plemma.cc/" "Mozilla/5.0 (Windows NT 10.0; Win64; x64) AppleWebKit/537.36 (KHTML, like Gecko) Chrome/70.0.3538.102 Safari/537.36"
129.176.128.118 - - [10/Sep/2021:13:37:07 +0000] "GET / HTTP/1.1" 200 15426 "http://heroics.plemma.cc/" "Mozilla/5.0 (Unknown; Linux x86_64) AppleWebKit/534.34 (KHTML, like Gecko) CasperJS/1.1.4+PhantomJS/1.9.7 Safari/534.34"
52.36.242.228 - - [10/Sep/2021:13:37:07 +0000] "GET / HTTP/1.1" 200 15426 "http://heroics.plemma.cc/" "Mozilla/5.0 (Unknown; Linux x86_64) AppleWebKit/534.34 (KHTML, like Gecko) CasperJS/1.1.4+PhantomJS/1.9.7 Safari/534.34"
52.36.242.228 - - [10/Sep/2021:13:37:07 +0000] "GET /css/variables.css HTTP/1.1" 200 1498 "http://plemma.cc/" "Mozilla/5.0 (Unknown; Linux x86_64) AppleWebKit/534.34 (KHTML, like Gecko) CasperJS/1.1.4+PhantomJS/1.9.7 Safari/534.34"
129.176.128.118 - - [10/Sep/2021:13:37:07 +0000] "GET /css/chrome.css HTTP/1.1" 200 2691 "http://plemma.cc/" "Mozilla/5.0 (Unknown; Linux x86_64) AppleWebKit/534.34 (KHTML, like Gecko) CasperJS/1.1.4+PhantomJS/1.9.7 Safari/534.34"
129.176.128.118 - - [10/Sep/2021:13:37:07 +0000] "GET /css/general.css HTTP/1.1" 200 1860 "http://plemma.cc/" "Mozilla/5.0 (Unknown; Linux x86_64) AppleWebKit/534.34 (KHTML, like Gecko) CasperJS/1.1.4+PhantomJS/1.9.7 Safari/534.34"
192.203.255.100 - - [10/Sep/2021:13:37:07 +0000] "GET / HTTP/1.1" 200 15426 "http://heroics.plemma.cc/" "Mozilla/5.0 (Unknown; Linux x86_64) AppleWebKit/534.34 (KHTML, like Gecko) CasperJS/1.1.4+PhantomJS/1.9.7 Safari/534.34"
52.36.242.228 - - [10/Sep/2021:13:37:07 +0000] "GET /css/general.css HTTP/1.1" 200 1859 "http://plemma.cc/" "Mozilla/5.0 (Unknown; Linux x86_64) AppleWebKit/534.34 (KHTML, like Gecko) CasperJS/1.1.4+PhantomJS/1.9.7 Safari/534.34"
52.36.242.228 - - [10/Sep/2021:13:37:07 +0000] "GET /css/chrome.css HTTP/1.1" 200 2692 "http://plemma.cc/" "Mozilla/5.0 (Unknown; Linux x86_64) AppleWebKit/534.34 (KHTML, like Gecko) CasperJS/1.1.4+PhantomJS/1.9.7 Safari/534.34"
52.36.242.228 - - [10/Sep/2021:13:37:07 +0000] "GET /FontAwesome/css/font-awesome.css HTTP/1.1" 404 488 "http://plemma.cc/" "Mozilla/5.0 (Unknown; Linux x86_64) AppleWebKit/534.34 (KHTML, like Gecko) CasperJS/1.1.4+PhantomJS/1.9.7 Safari/534.34"
52.36.242.228 - - [10/Sep/2021:13:37:07 +0000] "GET /fonts/fonts.css HTTP/1.1" 404 488 "http://plemma.cc/" "Mozilla/5.0 (Unknown; Linux x86_64) AppleWebKit/534.34 (KHTML, like Gecko) CasperJS/1.1.4+PhantomJS/1.9.7 Safari/534.34"
52.36.242.228 - - [10/Sep/2021:13:37:07 +0000] "GET /tomorrow-night.css HTTP/1.1" 404 488 "http://plemma.cc/" "Mozilla/5.0 (Unknown; Linux x86_64) AppleWebKit/534.34 (KHTML, like Gecko) CasperJS/1.1.4+PhantomJS/1.9.7 Safari/534.34"
52.36.242.228 - - [10/Sep/2021:13:37:07 +0000] "GET /highlight.css HTTP/1.1" 404 488 "http://plemma.cc/" "Mozilla/5.0 (Unknown; Linux x86_64) AppleWebKit/534.34 (KHTML, like Gecko) CasperJS/1.1.4+PhantomJS/1.9.7 Safari/534.34"
129.176.128.118 - - [10/Sep/2021:13:37:07 +0000] "GET /FontAwesome/css/font-awesome.css HTTP/1.1" 404 488 "http://plemma.cc/" "Mozilla/5.0 (Unknown; Linux x86_64) AppleWebKit/534.34 (KHTML, like Gecko) CasperJS/1.1.4+PhantomJS/1.9.7 Safari/534.34"
129.176.128.118 - - [10/Sep/2021:13:37:07 +0000] "GET /fonts/fonts.css HTTP/1.1" 404 487 "http://plemma.cc/" "Mozilla/5.0 (Unknown; Linux x86_64) AppleWebKit/534.34 (KHTML, like Gecko) CasperJS/1.1.4+PhantomJS/1.9.7 Safari/534.34"
129.176.128.118 - - [10/Sep/2021:13:37:07 +0000] "GET /tomorrow-night.css HTTP/1.1" 404 488 "http://plemma.cc/" "Mozilla/5.0 (Unknown; Linux x86_64) AppleWebKit/534.34 (KHTML, like Gecko) CasperJS/1.1.4+PhantomJS/1.9.7 Safari/534.34"
129.176.128.118 - - [10/Sep/2021:13:37:07 +0000] "GET /highlight.css HTTP/1.1" 404 488 "http://plemma.cc/" "Mozilla/5.0 (Unknown; Linux x86_64) AppleWebKit/534.34 (KHTML, like Gecko) CasperJS/1.1.4+PhantomJS/1.9.7 Safari/534.34"
129.176.128.118 - - [10/Sep/2021:13:37:07 +0000] "GET /ayu-highlight.css HTTP/1.1" 404 488 "http://plemma.cc/" "Mozilla/5.0 (Unknown; Linux x86_64) AppleWebKit/534.34 (KHTML, like Gecko) CasperJS/1.1.4+PhantomJS/1.9.7 Safari/534.34"
::1 - - [10/Sep/2021:13:37:07 +0000] "OPTIONS * HTTP/1.0" 200 126 "-" "Apache/2.4.38 (Debian) (internal dummy connection)"
52.36.242.228 - - [10/Sep/2021:13:37:07 +0000] "GET /ayu-highlight.css HTTP/1.1" 404 487 "http://plemma.cc/" "Mozilla/5.0 (Unknown; Linux x86_64) AppleWebKit/534.34 (KHTML, like Gecko) CasperJS/1.1.4+PhantomJS/1.9.7 Safari/534.34"
52.36.242.228 - - [10/Sep/2021:13:37:07 +0000] "GET / HTTP/1.1" 200 15425 "http://heroics.plemma.cc/" "Mozilla/5.0 (Unknown; Linux x86_64) AppleWebKit/534.34 (KHTML, like Gecko) CasperJS/1.1.4+PhantomJS/1.9.7 Safari/534.34"
192.203.255.100 - - [10/Sep/2021:13:37:07 +0000] "GET /css/variables.css HTTP/1.1" 200 1498 "http://plemma.cc/" "Mozilla/5.0 (Unknown; Linux x86_64) AppleWebKit/534.34 (KHTML, like Gecko) CasperJS/1.1.4+PhantomJS/1.9.7 Safari/534.34"
129.176.128.118 - - [10/Sep/2021:13:37:07 +0000] "GET /css/print.css HTTP/1.1" 200 734 "http://plemma.cc/" "Mozilla/5.0 (Unknown; Linux x86_64) AppleWebKit/534.34 (KHTML, like Gecko) CasperJS/1.1.4+PhantomJS/1.9.7 Safari/534.34"
52.36.242.228 - - [10/Sep/2021:13:37:08 +0000] "GET /FontAwesome/css/font-awesome.css HTTP/1.1" 404 487 "http://plemma.cc/" "Mozilla/5.0 (Unknown; Linux x86_64) AppleWebKit/534.34 (KHTML, like Gecko) CasperJS/1.1.4+PhantomJS/1.9.7 Safari/534.34"
52.36.242.228 - - [10/Sep/2021:13:37:08 +0000] "GET /highlight.css HTTP/1.1" 404 487 "http://plemma.cc/" "Mozilla/5.0 (Unknown; Linux x86_64) AppleWebKit/534.34 (KHTML, like Gecko) CasperJS/1.1.4+PhantomJS/1.9.7 Safari/534.34"
52.36.242.228 - - [10/Sep/2021:13:37:08 +0000] "GET /css/chrome.css HTTP/1.1" 200 2691 "http://plemma.cc/" "Mozilla/5.0 (Unknown; Linux x86_64) AppleWebKit/534.34 (KHTML, like Gecko) CasperJS/1.1.4+PhantomJS/1.9.7 Safari/534.34"
52.36.242.228 - - [10/Sep/2021:13:37:08 +0000] "GET /fonts/fonts.css HTTP/1.1" 404 487 "http://plemma.cc/" "Mozilla/5.0 (Unknown; Linux x86_64) AppleWebKit/534.34 (KHTML, like Gecko) CasperJS/1.1.4+PhantomJS/1.9.7 Safari/534.34"
52.36.242.228 - - [10/Sep/2021:13:37:08 +0000] "GET /css/general.css HTTP/1.1" 200 1859 "http://plemma.cc/" "Mozilla/5.0 (Unknown; Linux x86_64) AppleWebKit/534.34 (KHTML, like Gecko) CasperJS/1.1.4+PhantomJS/1.9.7 Safari/534.34"
54.190.224.52 - - [10/Sep/2021:13:37:08 +0000] "GET / HTTP/1.1" 200 15426 "http://heroics.plemma.cc/" "Mozilla/5.0 (Unknown; Linux x86_64) AppleWebKit/534.34 (KHTML, like Gecko) CasperJS/1.1.4+PhantomJS/1.9.7 Safari/534.34"
52.36.242.228 - - [10/Sep/2021:13:37:08 +0000] "GET /tomorrow-night.css HTTP/1.1" 404 488 "http://plemma.cc/" "Mozilla/5.0 (Unknown; Linux x86_64) AppleWebKit/534.34 (KHTML, like Gecko) CasperJS/1.1.4+PhantomJS/1.9.7 Safari/534.34"
52.36.242.228 - - [10/Sep/2021:13:37:08 +0000] "GET /ayu-highlight.css HTTP/1.1" 404 487 "http://plemma.cc/" "Mozilla/5.0 (Unknown; Linux x86_64) AppleWebKit/534.34 (KHTML, like Gecko) CasperJS/1.1.4+PhantomJS/1.9.7 Safari/534.34"
192.203.255.100 - - [10/Sep/2021:13:37:08 +0000] "GET / HTTP/1.1" 200 15426 "http://heroics.plemma.cc/" "Mozilla/5.0 (Unknown; Linux x86_64) AppleWebKit/534.34 (KHTML, like Gecko) CasperJS/1.1.4+PhantomJS/1.9.7 Safari/534.34"
20.72.76.44 - - [10/Sep/2021:13:37:08 +0000] "GET / HTTP/1.1" 200 15426 "-" "Mozilla/5.0 (Windows NT 10.0; Win64; x64) AppleWebKit/537.36 (KHTML, like Gecko) Chrome/79.0.3945.130 Safari/537.36"
52.36.242.228 - - [10/Sep/2021:13:37:08 +0000] "GET /css/print.css HTTP/1.1" 200 734 "http://plemma.cc/" "Mozilla/5.0 (Unknown; Linux x86_64) AppleWebKit/534.34 (KHTML, like Gecko) CasperJS/1.1.4+PhantomJS/1.9.7 Safari/534.34"
54.190.224.52 - - [10/Sep/2021:13:37:08 +0000] "GET /css/variables.css HTTP/1.1" 200 1498 "http://plemma.cc/" "Mozilla/5.0 (Unknown; Linux x86_64) AppleWebKit/534.34 (KHTML, like Gecko) CasperJS/1.1.4+PhantomJS/1.9.7 Safari/534.34"
::1 - - [10/Sep/2021:13:37:08 +0000] "OPTIONS * HTTP/1.0" 200 126 "-" "Apache/2.4.38 (Debian) (internal dummy connection)"
54.190.224.52 - - [10/Sep/2021:13:37:08 +0000] "GET /css/general.css HTTP/1.1" 200 1860 "http://plemma.cc/" "Mozilla/5.0 (Unknown; Linux x86_64) AppleWebKit/534.34 (KHTML, like Gecko) CasperJS/1.1.4+PhantomJS/1.9.7 Safari/534.34"
54.190.224.52 - - [10/Sep/2021:13:37:08 +0000] "GET /css/chrome.css HTTP/1.1" 200 2692 "http://plemma.cc/" "Mozilla/5.0 (Unknown; Linux x86_64) AppleWebKit/534.34 (KHTML, like Gecko) CasperJS/1.1.4+PhantomJS/1.9.7 Safari/534.34"
54.190.224.52 - - [10/Sep/2021:13:37:08 +0000] "GET /fonts/fonts.css HTTP/1.1" 404 488 "http://plemma.cc/" "Mozilla/5.0 (Unknown; Linux x86_64) AppleWebKit/534.34 (KHTML, like Gecko) CasperJS/1.1.4+PhantomJS/1.9.7 Safari/534.34"
54.190.224.52 - - [10/Sep/2021:13:37:08 +0000] "GET /FontAwesome/css/font-awesome.css HTTP/1.1" 404 487 "http://plemma.cc/" "Mozilla/5.0 (Unknown; Linux x86_64) AppleWebKit/534.34 (KHTML, like Gecko) CasperJS/1.1.4+PhantomJS/1.9.7 Safari/534.34"
192.203.255.100 - - [10/Sep/2021:13:37:08 +0000] "GET /css/chrome.css HTTP/1.1" 200 2692 "http://plemma.cc/" "Mozilla/5.0 (Unknown; Linux x86_64) AppleWebKit/534.34 (KHTML, like Gecko) CasperJS/1.1.4+PhantomJS/1.9.7 Safari/534.34"
192.203.255.100 - - [10/Sep/2021:13:37:08 +0000] "GET /css/variables.css HTTP/1.1" 200 1498 "http://plemma.cc/" "Mozilla/5.0 (Unknown; Linux x86_64) AppleWebKit/534.34 (KHTML, like Gecko) CasperJS/1.1.4+PhantomJS/1.9.7 Safari/534.34"
192.203.255.100 - - [10/Sep/2021:13:37:08 +0000] "GET /css/general.css HTTP/1.1" 200 1860 "http://plemma.cc/" "Mozilla/5.0 (Unknown; Linux x86_64) AppleWebKit/534.34 (KHTML, like Gecko) CasperJS/1.1.4+PhantomJS/1.9.7 Safari/534.34"
54.190.224.52 - - [10/Sep/2021:13:37:08 +0000] "GET /highlight.css HTTP/1.1" 404 488 "http://plemma.cc/" "Mozilla/5.0 (Unknown; Linux x86_64) AppleWebKit/534.34 (KHTML, like Gecko) CasperJS/1.1.4+PhantomJS/1.9.7 Safari/534.34"
192.203.255.100 - - [10/Sep/2021:13:37:08 +0000] "GET /FontAwesome/css/font-awesome.css HTTP/1.1" 404 488 "http://plemma.cc/" "Mozilla/5.0 (Unknown; Linux x86_64) AppleWebKit/534.34 (KHTML, like Gecko) CasperJS/1.1.4+PhantomJS/1.9.7 Safari/534.34"
192.203.255.100 - - [10/Sep/2021:13:37:08 +0000] "GET /fonts/fonts.css HTTP/1.1" 404 488 "http://plemma.cc/" "Mozilla/5.0 (Unknown; Linux x86_64) AppleWebKit/534.34 (KHTML, like Gecko) CasperJS/1.1.4+PhantomJS/1.9.7 Safari/534.34"
54.190.224.52 - - [10/Sep/2021:13:37:08 +0000] "GET /tomorrow-night.css HTTP/1.1" 404 488 "http://plemma.cc/" "Mozilla/5.0 (Unknown; Linux x86_64) AppleWebKit/534.34 (KHTML, like Gecko) CasperJS/1.1.4+PhantomJS/1.9.7 Safari/534.34"
52.36.242.228 - - [10/Sep/2021:13:37:08 +0000] "GET / HTTP/1.1" 200 15425 "http://heroics.plemma.cc/" "Mozilla/5.0 (Unknown; Linux x86_64) AppleWebKit/534.34 (KHTML, like Gecko) CasperJS/1.1.4+PhantomJS/1.9.7 Safari/534.34"
54.190.224.52 - - [10/Sep/2021:13:37:08 +0000] "GET /ayu-highlight.css HTTP/1.1" 404 487 "http://plemma.cc/" "Mozilla/5.0 (Unknown; Linux x86_64) AppleWebKit/534.34 (KHTML, like Gecko) CasperJS/1.1.4+PhantomJS/1.9.7 Safari/534.34"
192.203.255.100 - - [10/Sep/2021:13:37:08 +0000] "GET /highlight.css HTTP/1.1" 404 488 "http://plemma.cc/" "Mozilla/5.0 (Unknown; Linux x86_64) AppleWebKit/534.34 (KHTML, like Gecko) CasperJS/1.1.4+PhantomJS/1.9.7 Safari/534.34"
192.203.255.100 - - [10/Sep/2021:13:37:08 +0000] "GET /tomorrow-night.css HTTP/1.1" 404 487 "http://plemma.cc/" "Mozilla/5.0 (Unknown; Linux x86_64) AppleWebKit/534.34 (KHTML, like Gecko) CasperJS/1.1.4+PhantomJS/1.9.7 Safari/534.34"
192.203.255.100 - - [10/Sep/2021:13:37:08 +0000] "GET /ayu-highlight.css HTTP/1.1" 404 487 "http://plemma.cc/" "Mozilla/5.0 (Unknown; Linux x86_64) AppleWebKit/534.34 (KHTML, like Gecko) CasperJS/1.1.4+PhantomJS/1.9.7 Safari/534.34"
54.190.224.52 - - [10/Sep/2021:13:37:09 +0000] "GET / HTTP/1.1" 200 15425 "http://heroics.plemma.cc/" "Mozilla/5.0 (Unknown; Linux x86_64) AppleWebKit/534.34 (KHTML, like Gecko) CasperJS/1.1.4+PhantomJS/1.9.7 Safari/534.34"
192.203.255.100 - - [10/Sep/2021:13:37:09 +0000] "GET /css/print.css HTTP/1.1" 200 734 "http://plemma.cc/" "Mozilla/5.0 (Unknown; Linux x86_64) AppleWebKit/534.34 (KHTML, like Gecko) CasperJS/1.1.4+PhantomJS/1.9.7 Safari/534.34"
52.141.211.216 - - [10/Sep/2021:13:37:09 +0000] "GET /css/variables.css HTTP/1.1" 200 1498 "http://plemma.cc/" "Mozilla/5.0 (Windows NT 10.0; Win64; x64) AppleWebKit/537.36 (KHTML, like Gecko) Chrome/72.0.3626.109 Safari/537.36"
54.190.224.52 - - [10/Sep/2021:13:37:09 +0000] "GET /fonts/fonts.css HTTP/1.1" 404 487 "http://plemma.cc/" "Mozilla/5.0 (Unknown; Linux x86_64) AppleWebKit/534.34 (KHTML, like Gecko) CasperJS/1.1.4+PhantomJS/1.9.7 Safari/534.34"
54.190.224.52 - - [10/Sep/2021:13:37:09 +0000] "GET /FontAwesome/css/font-awesome.css HTTP/1.1" 404 487 "http://plemma.cc/" "Mozilla/5.0 (Unknown; Linux x86_64) AppleWebKit/534.34 (KHTML, like Gecko) CasperJS/1.1.4+PhantomJS/1.9.7 Safari/534.34"
54.190.224.52 - - [10/Sep/2021:13:37:09 +0000] "GET /css/chrome.css HTTP/1.1" 200 2691 "http://plemma.cc/" "Mozilla/5.0 (Unknown; Linux x86_64) AppleWebKit/534.34 (KHTML, like Gecko) CasperJS/1.1.4+PhantomJS/1.9.7 Safari/534.34"
54.190.224.52 - - [10/Sep/2021:13:37:09 +0000] "GET /tomorrow-night.css HTTP/1.1" 404 487 "http://plemma.cc/" "Mozilla/5.0 (Unknown; Linux x86_64) AppleWebKit/534.34 (KHTML, like Gecko) CasperJS/1.1.4+PhantomJS/1.9.7 Safari/534.34"
54.190.224.52 - - [10/Sep/2021:13:37:09 +0000] "GET /highlight.css HTTP/1.1" 404 487 "http://plemma.cc/" "Mozilla/5.0 (Unknown; Linux x86_64) AppleWebKit/534.34 (KHTML, like Gecko) CasperJS/1.1.4+PhantomJS/1.9.7 Safari/534.34"
54.190.224.52 - - [10/Sep/2021:13:37:09 +0000] "GET /ayu-highlight.css HTTP/1.1" 404 487 "http://plemma.cc/" "Mozilla/5.0 (Unknown; Linux x86_64) AppleWebKit/534.34 (KHTML, like Gecko) CasperJS/1.1.4+PhantomJS/1.9.7 Safari/534.34"
52.141.211.216 - - [10/Sep/2021:13:37:09 +0000] "GET /css/general.css HTTP/1.1" 200 1859 "http://plemma.cc/" "Mozilla/5.0 (Windows NT 10.0; Win64; x64) AppleWebKit/537.36 (KHTML, like Gecko) Chrome/72.0.3626.109 Safari/537.36"
52.141.211.216 - - [10/Sep/2021:13:37:09 +0000] "GET /tomorrow-night.css HTTP/1.1" 404 488 "http://plemma.cc/" "Mozilla/5.0 (Windows NT 10.0; Win64; x64) AppleWebKit/537.36 (KHTML, like Gecko) Chrome/72.0.3626.109 Safari/537.36"
52.141.211.216 - - [10/Sep/2021:13:37:09 +0000] "GET /FontAwesome/css/font-awesome.css HTTP/1.1" 404 488 "http://plemma.cc/" "Mozilla/5.0 (Windows NT 10.0; Win64; x64) AppleWebKit/537.36 (KHTML, like Gecko) Chrome/72.0.3626.109 Safari/537.36"
52.141.211.216 - - [10/Sep/2021:13:37:09 +0000] "GET /highlight.css HTTP/1.1" 404 488 "http://plemma.cc/" "Mozilla/5.0 (Windows NT 10.0; Win64; x64) AppleWebKit/537.36 (KHTML, like Gecko) Chrome/72.0.3626.109 Safari/537.36"
52.141.211.216 - - [10/Sep/2021:13:37:09 +0000] "GET /fonts/fonts.css HTTP/1.1" 404 488 "http://plemma.cc/" "Mozilla/5.0 (Windows NT 10.0; Win64; x64) AppleWebKit/537.36 (KHTML, like Gecko) Chrome/72.0.3626.109 Safari/537.36"
52.141.211.216 - - [10/Sep/2021:13:37:09 +0000] "GET /css/chrome.css HTTP/1.1" 200 2692 "http://plemma.cc/" "Mozilla/5.0 (Windows NT 10.0; Win64; x64) AppleWebKit/537.36 (KHTML, like Gecko) Chrome/72.0.3626.109 Safari/537.36"
54.190.224.52 - - [10/Sep/2021:13:37:09 +0000] "GET /css/print.css HTTP/1.1" 200 734 "http://plemma.cc/" "Mozilla/5.0 (Unknown; Linux x86_64) AppleWebKit/534.34 (KHTML, like Gecko) CasperJS/1.1.4+PhantomJS/1.9.7 Safari/534.34"
52.141.211.216 - - [10/Sep/2021:13:37:09 +0000] "GET /ayu-highlight.css HTTP/1.1" 404 487 "http://plemma.cc/" "Mozilla/5.0 (Windows NT 10.0; Win64; x64) AppleWebKit/537.36 (KHTML, like Gecko) Chrome/72.0.3626.109 Safari/537.36"
52.141.211.216 - - [10/Sep/2021:13:37:09 +0000] "GET /xcaliber.dao.jpg HTTP/1.1" 200 14201 "http://plemma.cc/" "Mozilla/5.0 (Windows NT 10.0; Win64; x64) AppleWebKit/537.36 (KHTML, like Gecko) Chrome/72.0.3626.109 Safari/537.36"
::1 - - [10/Sep/2021:13:37:09 +0000] "OPTIONS * HTTP/1.0" 200 126 "-" "Apache/2.4.38 (Debian) (internal dummy connection)"
54.190.224.52 - - [10/Sep/2021:13:37:09 +0000] "GET / HTTP/1.1" 200 15425 "http://heroics.plemma.cc/" "Mozilla/5.0 (Unknown; Linux x86_64) AppleWebKit/534.34 (KHTML, like Gecko) CasperJS/1.1.4+PhantomJS/1.9.7 Safari/534.34"
52.141.211.216 - - [10/Sep/2021:13:37:09 +0000] "GET /css/print.css HTTP/1.1" 200 734 "http://plemma.cc/" "Mozilla/5.0 (Windows NT 10.0; Win64; x64) AppleWebKit/537.36 (KHTML, like Gecko) Chrome/72.0.3626.109 Safari/537.36"
52.141.211.216 - - [10/Sep/2021:13:37:09 +0000] "GET /usedjolie.png HTTP/1.1" 200 373194 "http://plemma.cc/" "Mozilla/5.0 (Windows NT 10.0; Win64; x64) AppleWebKit/537.36 (KHTML, like Gecko) Chrome/72.0.3626.109 Safari/537.36"
40.94.28.148 - - [10/Sep/2021:13:37:10 +0000] "GET /favicon.png HTTP/1.1" 404 488 "http://plemma.cc/" "Mozilla/5.0 (Windows NT 10.0; Win64; x64) AppleWebKit/537.36 (KHTML, like Gecko) Chrome/80.0.3987.87 Safari/537.36"
40.94.28.148 - - [10/Sep/2021:13:37:10 +0000] "GET /favicon.svg HTTP/1.1" 404 487 "http://plemma.cc/" "Mozilla/5.0 (Windows NT 10.0; Win64; x64) AppleWebKit/537.36 (KHTML, like Gecko) Chrome/80.0.3987.87 Safari/537.36"
52.90.220.24 - - [10/Sep/2021:13:37:10 +0000] "GET / HTTP/1.1" 200 15426 "-" "Mozilla/5.0 (Windows NT 10.0; Win64; x64) AppleWebKit/537.36 (KHTML, like Gecko) Chrome/83.0.4103.116 Safari/537.36"
::1 - - [10/Sep/2021:13:37:10 +0000] "OPTIONS * HTTP/1.0" 200 126 "-" "Apache/2.4.38 (Debian) (internal dummy connection)"
52.90.220.24 - - [10/Sep/2021:13:37:11 +0000] "GET /css/variables.css HTTP/1.1" 200 1498 "http://plemma.cc/" "Mozilla/5.0 (Windows NT 10.0; Win64; x64) AppleWebKit/537.36 (KHTML, like Gecko) Chrome/83.0.4103.116 Safari/537.36"
52.90.220.24 - - [10/Sep/2021:13:37:11 +0000] "GET /css/general.css HTTP/1.1" 200 1860 "http://plemma.cc/" "Mozilla/5.0 (Windows NT 10.0; Win64; x64) AppleWebKit/537.36 (KHTML, like Gecko) Chrome/83.0.4103.116 Safari/537.36"
52.90.220.24 - - [10/Sep/2021:13:37:11 +0000] "GET /css/chrome.css HTTP/1.1" 200 2692 "http://plemma.cc/" "Mozilla/5.0 (Windows NT 10.0; Win64; x64) AppleWebKit/537.36 (KHTML, like Gecko) Chrome/83.0.4103.116 Safari/537.36"
52.90.220.24 - - [10/Sep/2021:13:37:11 +0000] "GET /FontAwesome/css/font-awesome.css HTTP/1.1" 404 488 "http://plemma.cc/" "Mozilla/5.0 (Windows NT 10.0; Win64; x64) AppleWebKit/537.36 (KHTML, like Gecko) Chrome/83.0.4103.116 Safari/537.36"
52.90.220.24 - - [10/Sep/2021:13:37:11 +0000] "GET /fonts/fonts.css HTTP/1.1" 404 488 "http://plemma.cc/" "Mozilla/5.0 (Windows NT 10.0; Win64; x64) AppleWebKit/537.36 (KHTML, like Gecko) Chrome/83.0.4103.116 Safari/537.36"
52.90.220.24 - - [10/Sep/2021:13:37:11 +0000] "GET /highlight.css HTTP/1.1" 404 488 "http://plemma.cc/" "Mozilla/5.0 (Windows NT 10.0; Win64; x64) AppleWebKit/537.36 (KHTML, like Gecko) Chrome/83.0.4103.116 Safari/537.36"
52.90.220.24 - - [10/Sep/2021:13:37:11 +0000] "GET /tomorrow-night.css HTTP/1.1" 404 487 "http://plemma.cc/" "Mozilla/5.0 (Windows NT 10.0; Win64; x64) AppleWebKit/537.36 (KHTML, like Gecko) Chrome/83.0.4103.116 Safari/537.36"
52.90.220.24 - - [10/Sep/2021:13:37:11 +0000] "GET /ayu-highlight.css HTTP/1.1" 404 487 "http://plemma.cc/" "Mozilla/5.0 (Windows NT 10.0; Win64; x64) AppleWebKit/537.36 (KHTML, like Gecko) Chrome/83.0.4103.116 Safari/537.36"
52.90.220.24 - - [10/Sep/2021:13:37:11 +0000] "GET /xcaliber.dao.jpg HTTP/1.1" 200 14201 "http://plemma.cc/" "Mozilla/5.0 (Windows NT 10.0; Win64; x64) AppleWebKit/537.36 (KHTML, like Gecko) Chrome/83.0.4103.116 Safari/537.36"
52.90.220.24 - - [10/Sep/2021:13:37:11 +0000] "GET /css/print.css HTTP/1.1" 200 734 "http://plemma.cc/" "Mozilla/5.0 (Windows NT 10.0; Win64; x64) AppleWebKit/537.36 (KHTML, like Gecko) Chrome/83.0.4103.116 Safari/537.36"
::1 - - [10/Sep/2021:13:37:11 +0000] "OPTIONS * HTTP/1.0" 200 126 "-" "Apache/2.4.38 (Debian) (internal dummy connection)"
52.90.220.24 - - [10/Sep/2021:13:37:11 +0000] "GET /usedjolie.png HTTP/1.1" 200 373194 "http://plemma.cc/" "Mozilla/5.0 (Windows NT 10.0; Win64; x64) AppleWebKit/537.36 (KHTML, like Gecko) Chrome/83.0.4103.116 Safari/537.36"
20.72.76.44 - - [10/Sep/2021:13:37:11 +0000] "GET /css/variables.css HTTP/1.1" 200 1499 "http://plemma.cc/" "Mozilla/5.0 (Windows NT 10.0; Win64; x64) AppleWebKit/537.36 (KHTML, like Gecko) Chrome/79.0.3945.130 Safari/537.36"
20.72.76.44 - - [10/Sep/2021:13:37:11 +0000] "GET /css/general.css HTTP/1.1" 200 1860 "http://plemma.cc/" "Mozilla/5.0 (Windows NT 10.0; Win64; x64) AppleWebKit/537.36 (KHTML, like Gecko) Chrome/79.0.3945.130 Safari/537.36"
20.72.76.44 - - [10/Sep/2021:13:37:11 +0000] "GET /css/chrome.css HTTP/1.1" 200 2692 "http://plemma.cc/" "Mozilla/5.0 (Windows NT 10.0; Win64; x64) AppleWebKit/537.36 (KHTML, like Gecko) Chrome/79.0.3945.130 Safari/537.36"
20.72.76.44 - - [10/Sep/2021:13:37:11 +0000] "GET /FontAwesome/css/font-awesome.css HTTP/1.1" 404 488 "http://plemma.cc/" "Mozilla/5.0 (Windows NT 10.0; Win64; x64) AppleWebKit/537.36 (KHTML, like Gecko) Chrome/79.0.3945.130 Safari/537.36"
20.72.76.44 - - [10/Sep/2021:13:37:11 +0000] "GET /fonts/fonts.css HTTP/1.1" 404 488 "http://plemma.cc/" "Mozilla/5.0 (Windows NT 10.0; Win64; x64) AppleWebKit/537.36 (KHTML, like Gecko) Chrome/79.0.3945.130 Safari/537.36"
20.72.76.44 - - [10/Sep/2021:13:37:11 +0000] "GET /highlight.css HTTP/1.1" 404 488 "http://plemma.cc/" "Mozilla/5.0 (Windows NT 10.0; Win64; x64) AppleWebKit/537.36 (KHTML, like Gecko) Chrome/79.0.3945.130 Safari/537.36"
40.94.36.36 - - [10/Sep/2021:13:37:11 +0000] "GET / HTTP/1.1" 200 15426 "-" "Mozilla/5.0 (Windows NT 10.0; Win64; x64) AppleWebKit/537.36 (KHTML, like Gecko) Chrome/64.0.3282.140 Safari/537.36"
20.72.76.44 - - [10/Sep/2021:13:37:11 +0000] "GET /tomorrow-night.css HTTP/1.1" 404 487 "http://plemma.cc/" "Mozilla/5.0 (Windows NT 10.0; Win64; x64) AppleWebKit/537.36 (KHTML, like Gecko) Chrome/79.0.3945.130 Safari/537.36"
20.72.76.44 - - [10/Sep/2021:13:37:12 +0000] "GET /ayu-highlight.css HTTP/1.1" 404 487 "http://plemma.cc/" "Mozilla/5.0 (Windows NT 10.0; Win64; x64) AppleWebKit/537.36 (KHTML, like Gecko) Chrome/79.0.3945.130 Safari/537.36"
40.94.29.218 - - [10/Sep/2021:13:37:12 +0000] "GET /favicon.svg HTTP/1.1" 404 488 "http://plemma.cc/" "Mozilla/5.0 (Windows NT 10.0; Win64; x64) AppleWebKit/537.36 (KHTML, like Gecko) Chrome/79.0.3945.136 Safari/537.36"
::1 - - [10/Sep/2021:13:37:12 +0000] "OPTIONS * HTTP/1.0" 200 126 "-" "Apache/2.4.38 (Debian) (internal dummy connection)"
20.72.76.44 - - [10/Sep/2021:13:37:12 +0000] "GET /xcaliber.dao.jpg HTTP/1.1" 200 14201 "http://plemma.cc/" "Mozilla/5.0 (Windows NT 10.0; Win64; x64) AppleWebKit/537.36 (KHTML, like Gecko) Chrome/79.0.3945.130 Safari/537.36"
::1 - - [10/Sep/2021:13:37:13 +0000] "OPTIONS * HTTP/1.0" 200 126 "-" "Apache/2.4.38 (Debian) (internal dummy connection)"
20.72.76.44 - - [10/Sep/2021:13:37:13 +0000] "GET /usedjolie.png HTTP/1.1" 200 373194 "http://plemma.cc/" "Mozilla/5.0 (Windows NT 10.0; Win64; x64) AppleWebKit/537.36 (KHTML, like Gecko) Chrome/79.0.3945.130 Safari/537.36"
20.72.76.44 - - [10/Sep/2021:13:37:14 +0000] "GET /css/print.css HTTP/1.1" 200 734 "http://plemma.cc/" "Mozilla/5.0 (Windows NT 10.0; Win64; x64) AppleWebKit/537.36 (KHTML, like Gecko) Chrome/79.0.3945.130 Safari/537.36"
::1 - - [10/Sep/2021:13:37:14 +0000] "OPTIONS * HTTP/1.0" 200 126 "-" "Apache/2.4.38 (Debian) (internal dummy connection)"
54.87.201.68 - - [10/Sep/2021:13:37:14 +0000] "GET / HTTP/1.1" 200 15426 "-" "Mozilla/5.0 (Windows NT 10.0; Win64; x64) AppleWebKit/537.36 (KHTML, like Gecko) Chrome/83.0.4103.116 Safari/537.36"
54.87.201.68 - - [10/Sep/2021:13:37:15 +0000] "GET /css/chrome.css HTTP/1.1" 200 2692 "http://plemma.cc/" "Mozilla/5.0 (Windows NT 10.0; Win64; x64) AppleWebKit/537.36 (KHTML, like Gecko) Chrome/83.0.4103.116 Safari/537.36"
54.87.201.68 - - [10/Sep/2021:13:37:15 +0000] "GET /css/variables.css HTTP/1.1" 200 1498 "http://plemma.cc/" "Mozilla/5.0 (Windows NT 10.0; Win64; x64) AppleWebKit/537.36 (KHTML, like Gecko) Chrome/83.0.4103.116 Safari/537.36"
54.87.201.68 - - [10/Sep/2021:13:37:15 +0000] "GET /css/general.css HTTP/1.1" 200 1860 "http://plemma.cc/" "Mozilla/5.0 (Windows NT 10.0; Win64; x64) AppleWebKit/537.36 (KHTML, like Gecko) Chrome/83.0.4103.116 Safari/537.36"
54.87.201.68 - - [10/Sep/2021:13:37:15 +0000] "GET /FontAwesome/css/font-awesome.css HTTP/1.1" 404 488 "http://plemma.cc/" "Mozilla/5.0 (Windows NT 10.0; Win64; x64) AppleWebKit/537.36 (KHTML, like Gecko) Chrome/83.0.4103.116 Safari/537.36"
54.87.201.68 - - [10/Sep/2021:13:37:15 +0000] "GET /highlight.css HTTP/1.1" 404 488 "http://plemma.cc/" "Mozilla/5.0 (Windows NT 10.0; Win64; x64) AppleWebKit/537.36 (KHTML, like Gecko) Chrome/83.0.4103.116 Safari/537.36"
54.87.201.68 - - [10/Sep/2021:13:37:15 +0000] "GET /fonts/fonts.css HTTP/1.1" 404 488 "http://plemma.cc/" "Mozilla/5.0 (Windows NT 10.0; Win64; x64) AppleWebKit/537.36 (KHTML, like Gecko) Chrome/83.0.4103.116 Safari/537.36"
54.87.201.68 - - [10/Sep/2021:13:37:15 +0000] "GET /xcaliber.dao.jpg HTTP/1.1" 200 14201 "http://plemma.cc/" "Mozilla/5.0 (Windows NT 10.0; Win64; x64) AppleWebKit/537.36 (KHTML, like Gecko) Chrome/83.0.4103.116 Safari/537.36"
54.87.201.68 - - [10/Sep/2021:13:37:15 +0000] "GET /ayu-highlight.css HTTP/1.1" 404 487 "http://plemma.cc/" "Mozilla/5.0 (Windows NT 10.0; Win64; x64) AppleWebKit/537.36 (KHTML, like Gecko) Chrome/83.0.4103.116 Safari/537.36"
54.87.201.68 - - [10/Sep/2021:13:37:15 +0000] "GET /tomorrow-night.css HTTP/1.1" 404 487 "http://plemma.cc/" "Mozilla/5.0 (Windows NT 10.0; Win64; x64) AppleWebKit/537.36 (KHTML, like Gecko) Chrome/83.0.4103.116 Safari/537.36"
54.87.201.68 - - [10/Sep/2021:13:37:15 +0000] "GET /css/print.css HTTP/1.1" 200 734 "http://plemma.cc/" "Mozilla/5.0 (Windows NT 10.0; Win64; x64) AppleWebKit/537.36 (KHTML, like Gecko) Chrome/83.0.4103.116 Safari/537.36"
::1 - - [10/Sep/2021:13:37:15 +0000] "OPTIONS * HTTP/1.0" 200 126 "-" "Apache/2.4.38 (Debian) (internal dummy connection)"
54.87.201.68 - - [10/Sep/2021:13:37:15 +0000] "GET /usedjolie.png HTTP/1.1" 200 373194 "http://plemma.cc/" "Mozilla/5.0 (Windows NT 10.0; Win64; x64) AppleWebKit/537.36 (KHTML, like Gecko) Chrome/83.0.4103.116 Safari/537.36"
3.87.152.23 - - [10/Sep/2021:13:37:16 +0000] "GET / HTTP/1.1" 200 15426 "-" "Mozilla/5.0 (Windows NT 10.0; Win64; x64) AppleWebKit/537.36 (KHTML, like Gecko) Chrome/83.0.4103.116 Safari/537.36"
3.87.152.23 - - [10/Sep/2021:13:37:16 +0000] "GET /css/general.css HTTP/1.1" 200 1860 "http://plemma.cc/" "Mozilla/5.0 (Windows NT 10.0; Win64; x64) AppleWebKit/537.36 (KHTML, like Gecko) Chrome/83.0.4103.116 Safari/537.36"
3.87.152.23 - - [10/Sep/2021:13:37:16 +0000] "GET /css/variables.css HTTP/1.1" 200 1499 "http://plemma.cc/" "Mozilla/5.0 (Windows NT 10.0; Win64; x64) AppleWebKit/537.36 (KHTML, like Gecko) Chrome/83.0.4103.116 Safari/537.36"
3.87.152.23 - - [10/Sep/2021:13:37:16 +0000] "GET /css/chrome.css HTTP/1.1" 200 2692 "http://plemma.cc/" "Mozilla/5.0 (Windows NT 10.0; Win64; x64) AppleWebKit/537.36 (KHTML, like Gecko) Chrome/83.0.4103.116 Safari/537.36"
::1 - - [10/Sep/2021:13:37:16 +0000] "OPTIONS * HTTP/1.0" 200 126 "-" "Apache/2.4.38 (Debian) (internal dummy connection)"
3.87.152.23 - - [10/Sep/2021:13:37:16 +0000] "GET /fonts/fonts.css HTTP/1.1" 404 488 "http://plemma.cc/" "Mozilla/5.0 (Windows NT 10.0; Win64; x64) AppleWebKit/537.36 (KHTML, like Gecko) Chrome/83.0.4103.116 Safari/537.36"
3.87.152.23 - - [10/Sep/2021:13:37:16 +0000] "GET /highlight.css HTTP/1.1" 404 488 "http://plemma.cc/" "Mozilla/5.0 (Windows NT 10.0; Win64; x64) AppleWebKit/537.36 (KHTML, like Gecko) Chrome/83.0.4103.116 Safari/537.36"
3.87.152.23 - - [10/Sep/2021:13:37:16 +0000] "GET /FontAwesome/css/font-awesome.css HTTP/1.1" 404 487 "http://plemma.cc/" "Mozilla/5.0 (Windows NT 10.0; Win64; x64) AppleWebKit/537.36 (KHTML, like Gecko) Chrome/83.0.4103.116 Safari/537.36"
3.87.152.23 - - [10/Sep/2021:13:37:16 +0000] "GET /tomorrow-night.css HTTP/1.1" 404 487 "http://plemma.cc/" "Mozilla/5.0 (Windows NT 10.0; Win64; x64) AppleWebKit/537.36 (KHTML, like Gecko) Chrome/83.0.4103.116 Safari/537.36"
3.87.152.23 - - [10/Sep/2021:13:37:16 +0000] "GET /ayu-highlight.css HTTP/1.1" 404 487 "http://plemma.cc/" "Mozilla/5.0 (Windows NT 10.0; Win64; x64) AppleWebKit/537.36 (KHTML, like Gecko) Chrome/83.0.4103.116 Safari/537.36"
3.87.152.23 - - [10/Sep/2021:13:37:16 +0000] "GET /xcaliber.dao.jpg HTTP/1.1" 200 14201 "http://plemma.cc/" "Mozilla/5.0 (Windows NT 10.0; Win64; x64) AppleWebKit/537.36 (KHTML, like Gecko) Chrome/83.0.4103.116 Safari/537.36"
3.87.152.23 - - [10/Sep/2021:13:37:16 +0000] "GET /css/print.css HTTP/1.1" 200 734 "http://plemma.cc/" "Mozilla/5.0 (Windows NT 10.0; Win64; x64) AppleWebKit/537.36 (KHTML, like Gecko) Chrome/83.0.4103.116 Safari/537.36"
3.87.152.23 - - [10/Sep/2021:13:37:16 +0000] "GET /usedjolie.png HTTP/1.1" 200 373194 "http://plemma.cc/" "Mozilla/5.0 (Windows NT 10.0; Win64; x64) AppleWebKit/537.36 (KHTML, like Gecko) Chrome/83.0.4103.116 Safari/537.36"
140.194.192.243 - - [10/Sep/2021:13:37:17 +0000] "GET / HTTP/1.1" 206 530 "-" "Mozilla/5.0 (Windows NT 6.1; WOW64) AppleWebKit/537.36 (KHTML, like Gecko) Chrome/48.0.2564.97 Safari/537.36"
::1 - - [10/Sep/2021:13:37:17 +0000] "OPTIONS * HTTP/1.0" 200 126 "-" "Apache/2.4.38 (Debian) (internal dummy connection)"
40.94.36.40 - - [10/Sep/2021:13:37:18 +0000] "GET /css/general.css HTTP/1.1" 200 1860 "http://plemma.cc/" "Mozilla/5.0 (Windows NT 10.0; Win64; x64) AppleWebKit/537.36 (KHTML, like Gecko) Chrome/64.0.3282.140 Safari/537.36"
40.94.36.57 - - [10/Sep/2021:13:37:18 +0000] "GET /css/variables.css HTTP/1.1" 200 1499 "http://plemma.cc/" "Mozilla/5.0 (Windows NT 10.0; Win64; x64) AppleWebKit/537.36 (KHTML, like Gecko) Chrome/64.0.3282.140 Safari/537.36"
40.94.36.56 - - [10/Sep/2021:13:37:18 +0000] "GET /css/chrome.css HTTP/1.1" 200 2692 "http://plemma.cc/" "Mozilla/5.0 (Windows NT 10.0; Win64; x64) AppleWebKit/537.36 (KHTML, like Gecko) Chrome/64.0.3282.140 Safari/537.36"
40.94.36.73 - - [10/Sep/2021:13:37:18 +0000] "GET /FontAwesome/css/font-awesome.css HTTP/1.1" 404 488 "http://plemma.cc/" "Mozilla/5.0 (Windows NT 10.0; Win64; x64) AppleWebKit/537.36 (KHTML, like Gecko) Chrome/64.0.3282.140 Safari/537.36"
40.94.36.29 - - [10/Sep/2021:13:37:18 +0000] "GET /fonts/fonts.css HTTP/1.1" 404 488 "http://plemma.cc/" "Mozilla/5.0 (Windows NT 10.0; Win64; x64) AppleWebKit/537.36 (KHTML, like Gecko) Chrome/64.0.3282.140 Safari/537.36"
40.94.36.57 - - [10/Sep/2021:13:37:18 +0000] "GET /highlight.css HTTP/1.1" 404 488 "http://plemma.cc/" "Mozilla/5.0 (Windows NT 10.0; Win64; x64) AppleWebKit/537.36 (KHTML, like Gecko) Chrome/64.0.3282.140 Safari/537.36"
40.94.36.57 - - [10/Sep/2021:13:37:18 +0000] "GET /tomorrow-night.css HTTP/1.1" 404 487 "http://plemma.cc/" "Mozilla/5.0 (Windows NT 10.0; Win64; x64) AppleWebKit/537.36 (KHTML, like Gecko) Chrome/64.0.3282.140 Safari/537.36"
40.94.36.40 - - [10/Sep/2021:13:37:18 +0000] "GET /ayu-highlight.css HTTP/1.1" 404 487 "http://plemma.cc/" "Mozilla/5.0 (Windows NT 10.0; Win64; x64) AppleWebKit/537.36 (KHTML, like Gecko) Chrome/64.0.3282.140 Safari/537.36"
40.94.36.73 - - [10/Sep/2021:13:37:18 +0000] "GET /xcaliber.dao.jpg HTTP/1.1" 200 14201 "http://plemma.cc/" "Mozilla/5.0 (Windows NT 10.0; Win64; x64) AppleWebKit/537.36 (KHTML, like Gecko) Chrome/64.0.3282.140 Safari/537.36"
::1 - - [10/Sep/2021:13:37:18 +0000] "OPTIONS * HTTP/1.0" 200 126 "-" "Apache/2.4.38 (Debian) (internal dummy connection)"
40.94.88.34 - - [10/Sep/2021:13:37:18 +0000] "GET /favicon.png HTTP/1.1" 404 488 "http://plemma.cc/" "Mozilla/5.0 (Windows NT 10.0; Win64; x64) AppleWebKit/537.36 (KHTML, like Gecko) Chrome/79.0.3945.136 Safari/537.36"
40.94.36.57 - - [10/Sep/2021:13:37:18 +0000] "GET /usedjolie.png HTTP/1.1" 200 373194 "http://plemma.cc/" "Mozilla/5.0 (Windows NT 10.0; Win64; x64) AppleWebKit/537.36 (KHTML, like Gecko) Chrome/64.0.3282.140 Safari/537.36"
40.94.36.73 - - [10/Sep/2021:13:37:19 +0000] "GET /css/print.css HTTP/1.1" 200 734 "http://plemma.cc/" "Mozilla/5.0 (Windows NT 10.0; Win64; x64) AppleWebKit/537.36 (KHTML, like Gecko) Chrome/64.0.3282.140 Safari/537.36"
140.194.192.243 - - [10/Sep/2021:13:37:19 +0000] "GET / HTTP/1.1" 200 15370 "-" "Mozilla/5.0 (Windows NT 6.1; WOW64) AppleWebKit/537.36 (KHTML, like Gecko) Chrome/36.0.1985.125 Safari/537.36"
::1 - - [10/Sep/2021:13:37:19 +0000] "OPTIONS * HTTP/1.0" 200 126 "-" "Apache/2.4.38 (Debian) (internal dummy connection)"
::1 - - [10/Sep/2021:13:37:20 +0000] "OPTIONS * HTTP/1.0" 200 126 "-" "Apache/2.4.38 (Debian) (internal dummy connection)"
::1 - - [10/Sep/2021:13:37:21 +0000] "OPTIONS * HTTP/1.0" 200 126 "-" "Apache/2.4.38 (Debian) (internal dummy connection)"
::1 - - [10/Sep/2021:13:37:22 +0000] "OPTIONS * HTTP/1.0" 200 126 "-" "Apache/2.4.38 (Debian) (internal dummy connection)"
::1 - - [10/Sep/2021:13:37:23 +0000] "OPTIONS * HTTP/1.0" 200 126 "-" "Apache/2.4.38 (Debian) (internal dummy connection)"
::1 - - [10/Sep/2021:13:37:24 +0000] "OPTIONS * HTTP/1.0" 200 126 "-" "Apache/2.4.38 (Debian) (internal dummy connection)"
129.176.128.118 - - [10/Sep/2021:13:37:25 +0000] "GET / HTTP/1.1" 200 15426 "http://heroics.plemma.cc/" "Mozilla/5.0 (Windows NT 6.1; WOW64; Trident/7.0; rv:11.0) like Gecko"
192.203.255.100 - - [10/Sep/2021:13:37:25 +0000] "GET / HTTP/1.1" 200 15426 "http://heroics.plemma.cc/" "Mozilla/5.0 (Windows NT 6.1; WOW64; Trident/7.0; rv:11.0) like Gecko"
::1 - - [10/Sep/2021:13:37:25 +0000] "OPTIONS * HTTP/1.0" 200 126 "-" "Apache/2.4.38 (Debian) (internal dummy connection)"
40.94.88.3 - - [10/Sep/2021:13:37:25 +0000] "GET /favicon.svg HTTP/1.1" 404 488 "http://plemma.cc/" "Mozilla/5.0 (Windows NT 10.0; Win64; x64) AppleWebKit/537.36 (KHTML, like Gecko) Chrome/79.0.3945.136 Safari/537.36"
129.176.128.118 - - [10/Sep/2021:13:37:25 +0000] "GET /css/print.css HTTP/1.1" 200 735 "http://plemma.cc/" "Mozilla/5.0 (Windows NT 6.1; WOW64; Trident/7.0; rv:11.0) like Gecko"
129.176.128.118 - - [10/Sep/2021:13:37:25 +0000] "GET /css/variables.css HTTP/1.1" 200 1499 "http://plemma.cc/" "Mozilla/5.0 (Windows NT 6.1; WOW64; Trident/7.0; rv:11.0) like Gecko"
129.176.128.118 - - [10/Sep/2021:13:37:25 +0000] "GET /css/general.css HTTP/1.1" 200 1860 "http://plemma.cc/" "Mozilla/5.0 (Windows NT 6.1; WOW64; Trident/7.0; rv:11.0) like Gecko"
129.176.128.118 - - [10/Sep/2021:13:37:25 +0000] "GET /css/chrome.css HTTP/1.1" 200 2692 "http://plemma.cc/" "Mozilla/5.0 (Windows NT 6.1; WOW64; Trident/7.0; rv:11.0) like Gecko"
129.176.128.118 - - [10/Sep/2021:13:37:25 +0000] "GET /FontAwesome/css/font-awesome.css HTTP/1.1" 404 488 "http://plemma.cc/" "Mozilla/5.0 (Windows NT 6.1; WOW64; Trident/7.0; rv:11.0) like Gecko"
129.176.128.118 - - [10/Sep/2021:13:37:25 +0000] "GET /fonts/fonts.css HTTP/1.1" 404 488 "http://plemma.cc/" "Mozilla/5.0 (Windows NT 6.1; WOW64; Trident/7.0; rv:11.0) like Gecko"
192.203.255.100 - - [10/Sep/2021:13:37:25 +0000] "GET /FontAwesome/css/font-awesome.css HTTP/1.1" 404 488 "http://plemma.cc/" "Mozilla/5.0 (Windows NT 6.1; WOW64; Trident/7.0; rv:11.0) like Gecko"
192.203.255.100 - - [10/Sep/2021:13:37:25 +0000] "GET /css/print.css HTTP/1.1" 200 735 "http://plemma.cc/" "Mozilla/5.0 (Windows NT 6.1; WOW64; Trident/7.0; rv:11.0) like Gecko"
192.203.255.100 - - [10/Sep/2021:13:37:25 +0000] "GET /css/chrome.css HTTP/1.1" 200 2692 "http://plemma.cc/" "Mozilla/5.0 (Windows NT 6.1; WOW64; Trident/7.0; rv:11.0) like Gecko"
192.203.255.100 - - [10/Sep/2021:13:37:25 +0000] "GET /css/general.css HTTP/1.1" 200 1860 "http://plemma.cc/" "Mozilla/5.0 (Windows NT 6.1; WOW64; Trident/7.0; rv:11.0) like Gecko"
192.203.255.100 - - [10/Sep/2021:13:37:25 +0000] "GET /css/variables.css HTTP/1.1" 200 1499 "http://plemma.cc/" "Mozilla/5.0 (Windows NT 6.1; WOW64; Trident/7.0; rv:11.0) like Gecko"
192.203.255.100 - - [10/Sep/2021:13:37:25 +0000] "GET /fonts/fonts.css HTTP/1.1" 404 488 "http://plemma.cc/" "Mozilla/5.0 (Windows NT 6.1; WOW64; Trident/7.0; rv:11.0) like Gecko"
40.94.27.4 - - [10/Sep/2021:13:37:26 +0000] "GET /favicon.png HTTP/1.1" 404 488 "http://plemma.cc/" "Mozilla/5.0 (Windows NT 10.0; Win64; x64) AppleWebKit/537.36 (KHTML, like Gecko) Chrome/79.0.3945.136 Safari/537.36"
40.94.87.83 - - [10/Sep/2021:13:37:26 +0000] "GET /favicon.png HTTP/1.1" 404 488 "http://plemma.cc/" "Mozilla/5.0 (Windows NT 10.0; Win64; x64) AppleWebKit/537.36 (KHTML, like Gecko) Chrome/79.0.3945.136 Safari/537.36"
::1 - - [10/Sep/2021:13:37:26 +0000] "OPTIONS * HTTP/1.0" 200 126 "-" "Apache/2.4.38 (Debian) (internal dummy connection)"
40.94.87.83 - - [10/Sep/2021:13:37:26 +0000] "GET /favicon.svg HTTP/1.1" 404 487 "http://plemma.cc/" "Mozilla/5.0 (Windows NT 10.0; Win64; x64) AppleWebKit/537.36 (KHTML, like Gecko) Chrome/79.0.3945.136 Safari/537.36"
40.94.27.4 - - [10/Sep/2021:13:37:26 +0000] "GET /favicon.svg HTTP/1.1" 404 487 "http://plemma.cc/" "Mozilla/5.0 (Windows NT 10.0; Win64; x64) AppleWebKit/537.36 (KHTML, like Gecko) Chrome/79.0.3945.136 Safari/537.36"
::1 - - [10/Sep/2021:13:37:27 +0000] "OPTIONS * HTTP/1.0" 200 126 "-" "Apache/2.4.38 (Debian) (internal dummy connection)"
::1 - - [10/Sep/2021:13:37:28 +0000] "OPTIONS * HTTP/1.0" 200 126 "-" "Apache/2.4.38 (Debian) (internal dummy connection)"
40.94.27.69 - - [10/Sep/2021:13:37:29 +0000] "GET /favicon.png HTTP/1.1" 404 488 "http://plemma.cc/" "Mozilla/5.0 (Windows NT 10.0; Win64; x64) AppleWebKit/537.36 (KHTML, like Gecko) Chrome/79.0.3945.136 Safari/537.36"
52.36.242.228 - - [10/Sep/2021:13:37:29 +0000] "GET / HTTP/1.1" 200 15426 "http://heroics.plemma.cc/" "Mozilla/5.0 (Windows NT 6.1; WOW64; Trident/7.0; rv:11.0) like Gecko"
::1 - - [10/Sep/2021:13:37:29 +0000] "OPTIONS * HTTP/1.0" 200 126 "-" "Apache/2.4.38 (Debian) (internal dummy connection)"
52.36.242.228 - - [10/Sep/2021:13:37:29 +0000] "GET /css/variables.css HTTP/1.1" 200 1499 "http://plemma.cc/" "Mozilla/5.0 (Windows NT 6.1; WOW64; Trident/7.0; rv:11.0) like Gecko"
52.36.242.228 - - [10/Sep/2021:13:37:29 +0000] "GET /fonts/fonts.css HTTP/1.1" 404 488 "http://plemma.cc/" "Mozilla/5.0 (Windows NT 6.1; WOW64; Trident/7.0; rv:11.0) like Gecko"
52.36.242.228 - - [10/Sep/2021:13:37:29 +0000] "GET /FontAwesome/css/font-awesome.css HTTP/1.1" 404 488 "http://plemma.cc/" "Mozilla/5.0 (Windows NT 6.1; WOW64; Trident/7.0; rv:11.0) like Gecko"
52.36.242.228 - - [10/Sep/2021:13:37:29 +0000] "GET /css/chrome.css HTTP/1.1" 200 2692 "http://plemma.cc/" "Mozilla/5.0 (Windows NT 6.1; WOW64; Trident/7.0; rv:11.0) like Gecko"
52.36.242.228 - - [10/Sep/2021:13:37:29 +0000] "GET /css/print.css HTTP/1.1" 200 735 "http://plemma.cc/" "Mozilla/5.0 (Windows NT 6.1; WOW64; Trident/7.0; rv:11.0) like Gecko"
52.36.242.228 - - [10/Sep/2021:13:37:29 +0000] "GET /css/general.css HTTP/1.1" 200 1860 "http://plemma.cc/" "Mozilla/5.0 (Windows NT 6.1; WOW64; Trident/7.0; rv:11.0) like Gecko"
40.94.27.69 - - [10/Sep/2021:13:37:30 +0000] "GET /favicon.svg HTTP/1.1" 404 487 "http://plemma.cc/" "Mozilla/5.0 (Windows NT 10.0; Win64; x64) AppleWebKit/537.36 (KHTML, like Gecko) Chrome/79.0.3945.136 Safari/537.36"
::1 - - [10/Sep/2021:13:37:30 +0000] "OPTIONS * HTTP/1.0" 200 126 "-" "Apache/2.4.38 (Debian) (internal dummy connection)"
::1 - - [10/Sep/2021:13:37:31 +0000] "OPTIONS * HTTP/1.0" 200 126 "-" "Apache/2.4.38 (Debian) (internal dummy connection)"
::1 - - [10/Sep/2021:13:37:32 +0000] "OPTIONS * HTTP/1.0" 200 126 "-" "Apache/2.4.38 (Debian) (internal dummy connection)"
::1 - - [10/Sep/2021:13:37:33 +0000] "OPTIONS * HTTP/1.0" 200 126 "-" "Apache/2.4.38 (Debian) (internal dummy connection)"
::1 - - [10/Sep/2021:13:37:34 +0000] "OPTIONS * HTTP/1.0" 200 126 "-" "Apache/2.4.38 (Debian) (internal dummy connection)"
::1 - - [10/Sep/2021:13:37:35 +0000] "OPTIONS * HTTP/1.0" 200 126 "-" "Apache/2.4.38 (Debian) (internal dummy connection)"
::1 - - [10/Sep/2021:13:37:36 +0000] "OPTIONS * HTTP/1.0" 200 126 "-" "Apache/2.4.38 (Debian) (internal dummy connection)"
::1 - - [10/Sep/2021:13:37:37 +0000] "OPTIONS * HTTP/1.0" 200 126 "-" "Apache/2.4.38 (Debian) (internal dummy connection)"
::1 - - [10/Sep/2021:13:37:38 +0000] "OPTIONS * HTTP/1.0" 200 126 "-" "Apache/2.4.38 (Debian) (internal dummy connection)"
::1 - - [10/Sep/2021:13:37:39 +0000] "OPTIONS * HTTP/1.0" 200 126 "-" "Apache/2.4.38 (Debian) (internal dummy connection)"
::1 - - [10/Sep/2021:13:37:40 +0000] "OPTIONS * HTTP/1.0" 200 126 "-" "Apache/2.4.38 (Debian) (internal dummy connection)"
::1 - - [10/Sep/2021:13:37:41 +0000] "OPTIONS * HTTP/1.0" 200 126 "-" "Apache/2.4.38 (Debian) (internal dummy connection)"
::1 - - [10/Sep/2021:13:37:42 +0000] "OPTIONS * HTTP/1.0" 200 126 "-" "Apache/2.4.38 (Debian) (internal dummy connection)"
40.94.36.3 - - [10/Sep/2021:13:37:43 +0000] "GET /favicon.png HTTP/1.1" 404 488 "http://plemma.cc/" "Mozilla/5.0 (Windows NT 10.0; Win64; x64) AppleWebKit/537.36 (KHTML, like Gecko) Chrome/64.0.3282.140 Safari/537.36"
::1 - - [10/Sep/2021:13:37:43 +0000] "OPTIONS * HTTP/1.0" 200 126 "-" "Apache/2.4.38 (Debian) (internal dummy connection)"
40.94.36.3 - - [10/Sep/2021:13:37:43 +0000] "GET /favicon.svg HTTP/1.1" 404 487 "http://plemma.cc/" "Mozilla/5.0 (Windows NT 10.0; Win64; x64) AppleWebKit/537.36 (KHTML, like Gecko) Chrome/64.0.3282.140 Safari/537.36"
::1 - - [10/Sep/2021:13:37:44 +0000] "OPTIONS * HTTP/1.0" 200 126 "-" "Apache/2.4.38 (Debian) (internal dummy connection)"
::1 - - [10/Sep/2021:13:37:45 +0000] "OPTIONS * HTTP/1.0" 200 126 "-" "Apache/2.4.38 (Debian) (internal dummy connection)"
::1 - - [10/Sep/2021:13:37:46 +0000] "OPTIONS * HTTP/1.0" 200 126 "-" "Apache/2.4.38 (Debian) (internal dummy connection)"
::1 - - [10/Sep/2021:13:37:47 +0000] "OPTIONS * HTTP/1.0" 200 126 "-" "Apache/2.4.38 (Debian) (internal dummy connection)"
::1 - - [10/Sep/2021:13:37:48 +0000] "OPTIONS * HTTP/1.0" 200 126 "-" "Apache/2.4.38 (Debian) (internal dummy connection)"
::1 - - [10/Sep/2021:13:37:49 +0000] "OPTIONS * HTTP/1.0" 200 126 "-" "Apache/2.4.38 (Debian) (internal dummy connection)"
::1 - - [10/Sep/2021:13:37:50 +0000] "OPTIONS * HTTP/1.0" 200 126 "-" "Apache/2.4.38 (Debian) (internal dummy connection)"
::1 - - [10/Sep/2021:13:37:51 +0000] "OPTIONS * HTTP/1.0" 200 126 "-" "Apache/2.4.38 (Debian) (internal dummy connection)"
::1 - - [10/Sep/2021:13:37:52 +0000] "OPTIONS * HTTP/1.0" 200 126 "-" "Apache/2.4.38 (Debian) (internal dummy connection)"
::1 - - [10/Sep/2021:13:37:53 +0000] "OPTIONS * HTTP/1.0" 200 126 "-" "Apache/2.4.38 (Debian) (internal dummy connection)"
::1 - - [10/Sep/2021:13:37:54 +0000] "OPTIONS * HTTP/1.0" 200 126 "-" "Apache/2.4.38 (Debian) (internal dummy connection)"
::1 - - [10/Sep/2021:13:37:55 +0000] "OPTIONS * HTTP/1.0" 200 126 "-" "Apache/2.4.38 (Debian) (internal dummy connection)"
::1 - - [10/Sep/2021:13:37:56 +0000] "OPTIONS * HTTP/1.0" 200 126 "-" "Apache/2.4.38 (Debian) (internal dummy connection)"
::1 - - [10/Sep/2021:13:37:57 +0000] "OPTIONS * HTTP/1.0" 200 126 "-" "Apache/2.4.38 (Debian) (internal dummy connection)"
::1 - - [10/Sep/2021:13:37:58 +0000] "OPTIONS * HTTP/1.0" 200 126 "-" "Apache/2.4.38 (Debian) (internal dummy connection)"
::1 - - [10/Sep/2021:13:37:59 +0000] "OPTIONS * HTTP/1.0" 200 126 "-" "Apache/2.4.38 (Debian) (internal dummy connection)"
::1 - - [10/Sep/2021:13:38:00 +0000] "OPTIONS * HTTP/1.0" 200 126 "-" "Apache/2.4.38 (Debian) (internal dummy connection)"
::1 - - [10/Sep/2021:13:38:01 +0000] "OPTIONS * HTTP/1.0" 200 126 "-" "Apache/2.4.38 (Debian) (internal dummy connection)"
::1 - - [10/Sep/2021:13:38:02 +0000] "OPTIONS * HTTP/1.0" 200 126 "-" "Apache/2.4.38 (Debian) (internal dummy connection)"
::1 - - [10/Sep/2021:13:38:03 +0000] "OPTIONS * HTTP/1.0" 200 126 "-" "Apache/2.4.38 (Debian) (internal dummy connection)"
::1 - - [10/Sep/2021:13:38:04 +0000] "OPTIONS * HTTP/1.0" 200 126 "-" "Apache/2.4.38 (Debian) (internal dummy connection)"
::1 - - [10/Sep/2021:13:38:05 +0000] "OPTIONS * HTTP/1.0" 200 126 "-" "Apache/2.4.38 (Debian) (internal dummy connection)"
::1 - - [10/Sep/2021:13:38:06 +0000] "OPTIONS * HTTP/1.0" 200 126 "-" "Apache/2.4.38 (Debian) (internal dummy connection)"
::1 - - [10/Sep/2021:13:38:07 +0000] "OPTIONS * HTTP/1.0" 200 126 "-" "Apache/2.4.38 (Debian) (internal dummy connection)"
::1 - - [10/Sep/2021:13:38:08 +0000] "OPTIONS * HTTP/1.0" 200 126 "-" "Apache/2.4.38 (Debian) (internal dummy connection)"
::1 - - [10/Sep/2021:13:38:09 +0000] "OPTIONS * HTTP/1.0" 200 126 "-" "Apache/2.4.38 (Debian) (internal dummy connection)"
::1 - - [10/Sep/2021:13:38:10 +0000] "OPTIONS * HTTP/1.0" 200 126 "-" "Apache/2.4.38 (Debian) (internal dummy connection)"
::1 - - [10/Sep/2021:13:38:11 +0000] "OPTIONS * HTTP/1.0" 200 126 "-" "Apache/2.4.38 (Debian) (internal dummy connection)"
::1 - - [10/Sep/2021:13:38:12 +0000] "OPTIONS * HTTP/1.0" 200 126 "-" "Apache/2.4.38 (Debian) (internal dummy connection)"
::1 - - [10/Sep/2021:13:38:13 +0000] "OPTIONS * HTTP/1.0" 200 126 "-" "Apache/2.4.38 (Debian) (internal dummy connection)"
::1 - - [10/Sep/2021:13:38:14 +0000] "OPTIONS * HTTP/1.0" 200 126 "-" "Apache/2.4.38 (Debian) (internal dummy connection)"
::1 - - [10/Sep/2021:13:38:15 +0000] "OPTIONS * HTTP/1.0" 200 126 "-" "Apache/2.4.38 (Debian) (internal dummy connection)"
::1 - - [10/Sep/2021:13:38:16 +0000] "OPTIONS * HTTP/1.0" 200 126 "-" "Apache/2.4.38 (Debian) (internal dummy connection)"
::1 - - [10/Sep/2021:13:38:17 +0000] "OPTIONS * HTTP/1.0" 200 126 "-" "Apache/2.4.38 (Debian) (internal dummy connection)"
::1 - - [10/Sep/2021:13:38:18 +0000] "OPTIONS * HTTP/1.0" 200 126 "-" "Apache/2.4.38 (Debian) (internal dummy connection)"
::1 - - [10/Sep/2021:13:38:19 +0000] "OPTIONS * HTTP/1.0" 200 126 "-" "Apache/2.4.38 (Debian) (internal dummy connection)"
::1 - - [10/Sep/2021:13:38:20 +0000] "OPTIONS * HTTP/1.0" 200 126 "-" "Apache/2.4.38 (Debian) (internal dummy connection)"
::1 - - [10/Sep/2021:13:38:21 +0000] "OPTIONS * HTTP/1.0" 200 126 "-" "Apache/2.4.38 (Debian) (internal dummy connection)"
::1 - - [10/Sep/2021:13:38:22 +0000] "OPTIONS * HTTP/1.0" 200 126 "-" "Apache/2.4.38 (Debian) (internal dummy connection)"
::1 - - [10/Sep/2021:13:38:23 +0000] "OPTIONS * HTTP/1.0" 200 126 "-" "Apache/2.4.38 (Debian) (internal dummy connection)"
::1 - - [10/Sep/2021:13:38:24 +0000] "OPTIONS * HTTP/1.0" 200 126 "-" "Apache/2.4.38 (Debian) (internal dummy connection)"
::1 - - [10/Sep/2021:13:38:25 +0000] "OPTIONS * HTTP/1.0" 200 126 "-" "Apache/2.4.38 (Debian) (internal dummy connection)"
::1 - - [10/Sep/2021:13:38:26 +0000] "OPTIONS * HTTP/1.0" 200 126 "-" "Apache/2.4.38 (Debian) (internal dummy connection)"
