50.222.125.194 - - [01/Sep/2021:08:23:45 +0000] "POST /roundcube/?_task=mail&_action=refresh HTTP/1.1" 200 674 "http://plemma.cc/roundcube/?_task=mail&_mbox=INBOX" "Mozilla/5.0 (X11; CrOS x86_64 13982.82.0) AppleWebKit/537.36 (KHTML, like Gecko) Chrome/92.0.4515.157 Safari/537.36"
50.222.125.194 - - [01/Sep/2021:08:24:46 +0000] "POST /roundcube/?_task=mail&_action=refresh HTTP/1.1" 200 674 "http://plemma.cc/roundcube/?_task=mail&_mbox=INBOX" "Mozilla/5.0 (X11; CrOS x86_64 13982.82.0) AppleWebKit/537.36 (KHTML, like Gecko) Chrome/92.0.4515.157 Safari/537.36"
158.49.48.247 - - [01/Sep/2021:08:25:28 +0000] "GET /xcaliber.dao.jpg HTTP/1.1" 200 14202 "-" "Mozilla/5.0 (Macintosh; Intel Mac OS X 10_12_6) AppleWebKit/603.3.8 (KHTML, like Gecko)"
50.222.125.194 - - [01/Sep/2021:08:25:46 +0000] "POST /roundcube/?_task=mail&_action=refresh HTTP/1.1" 200 762 "http://plemma.cc/roundcube/?_task=mail&_mbox=INBOX" "Mozilla/5.0 (X11; CrOS x86_64 13982.82.0) AppleWebKit/537.36 (KHTML, like Gecko) Chrome/92.0.4515.157 Safari/537.36"
50.222.125.194 - - [01/Sep/2021:08:26:45 +0000] "POST /roundcube/?_task=mail&_action=refresh HTTP/1.1" 200 675 "http://plemma.cc/roundcube/?_task=mail&_mbox=INBOX" "Mozilla/5.0 (X11; CrOS x86_64 13982.82.0) AppleWebKit/537.36 (KHTML, like Gecko) Chrome/92.0.4515.157 Safari/537.36"
50.222.125.194 - - [01/Sep/2021:08:27:45 +0000] "POST /roundcube/?_task=mail&_action=refresh HTTP/1.1" 200 675 "http://plemma.cc/roundcube/?_task=mail&_mbox=INBOX" "Mozilla/5.0 (X11; CrOS x86_64 13982.82.0) AppleWebKit/537.36 (KHTML, like Gecko) Chrome/92.0.4515.157 Safari/537.36"
50.222.125.194 - - [01/Sep/2021:08:28:45 +0000] "POST /roundcube/?_task=mail&_action=refresh HTTP/1.1" 200 674 "http://plemma.cc/roundcube/?_task=mail&_mbox=INBOX" "Mozilla/5.0 (X11; CrOS x86_64 13982.82.0) AppleWebKit/537.36 (KHTML, like Gecko) Chrome/92.0.4515.157 Safari/537.36"
50.222.125.194 - - [01/Sep/2021:08:29:46 +0000] "POST /roundcube/?_task=mail&_action=refresh HTTP/1.1" 200 675 "http://plemma.cc/roundcube/?_task=mail&_mbox=INBOX" "Mozilla/5.0 (X11; CrOS x86_64 13982.82.0) AppleWebKit/537.36 (KHTML, like Gecko) Chrome/92.0.4515.157 Safari/537.36"
158.49.48.247 - - [01/Sep/2021:08:25:28 +0000] "GET /usedjolie.png HTTP/1.1" 200 144800 "-" "Mozilla/5.0 (Macintosh; Intel Mac OS X 10_12_6) AppleWebKit/603.3.8 (KHTML, like Gecko)"
50.222.125.194 - - [01/Sep/2021:08:30:45 +0000] "POST /roundcube/?_task=mail&_action=refresh HTTP/1.1" 200 763 "http://plemma.cc/roundcube/?_task=mail&_mbox=INBOX" "Mozilla/5.0 (X11; CrOS x86_64 13982.82.0) AppleWebKit/537.36 (KHTML, like Gecko) Chrome/92.0.4515.157 Safari/537.36"
50.222.125.194 - - [01/Sep/2021:08:31:45 +0000] "POST /roundcube/?_task=mail&_action=refresh HTTP/1.1" 200 675 "http://plemma.cc/roundcube/?_task=mail&_mbox=INBOX" "Mozilla/5.0 (X11; CrOS x86_64 13982.82.0) AppleWebKit/537.36 (KHTML, like Gecko) Chrome/92.0.4515.157 Safari/537.36"
50.222.125.194 - - [01/Sep/2021:08:32:46 +0000] "POST /roundcube/?_task=mail&_action=refresh HTTP/1.1" 200 675 "http://plemma.cc/roundcube/?_task=mail&_mbox=INBOX" "Mozilla/5.0 (X11; CrOS x86_64 13982.82.0) AppleWebKit/537.36 (KHTML, like Gecko) Chrome/92.0.4515.157 Safari/537.36"
50.222.125.194 - - [01/Sep/2021:08:33:45 +0000] "POST /roundcube/?_task=mail&_action=refresh HTTP/1.1" 200 675 "http://plemma.cc/roundcube/?_task=mail&_mbox=INBOX" "Mozilla/5.0 (X11; CrOS x86_64 13982.82.0) AppleWebKit/537.36 (KHTML, like Gecko) Chrome/92.0.4515.157 Safari/537.36"
50.222.125.194 - - [01/Sep/2021:08:34:45 +0000] "POST /roundcube/?_task=mail&_action=refresh HTTP/1.1" 200 675 "http://plemma.cc/roundcube/?_task=mail&_mbox=INBOX" "Mozilla/5.0 (X11; CrOS x86_64 13982.82.0) AppleWebKit/537.36 (KHTML, like Gecko) Chrome/92.0.4515.157 Safari/537.36"
50.222.125.194 - - [01/Sep/2021:08:35:46 +0000] "POST /roundcube/?_task=mail&_action=refresh HTTP/1.1" 200 763 "http://plemma.cc/roundcube/?_task=mail&_mbox=INBOX" "Mozilla/5.0 (X11; CrOS x86_64 13982.82.0) AppleWebKit/537.36 (KHTML, like Gecko) Chrome/92.0.4515.157 Safari/537.36"
50.222.125.194 - - [01/Sep/2021:08:36:45 +0000] "POST /roundcube/?_task=mail&_action=refresh HTTP/1.1" 200 675 "http://plemma.cc/roundcube/?_task=mail&_mbox=INBOX" "Mozilla/5.0 (X11; CrOS x86_64 13982.82.0) AppleWebKit/537.36 (KHTML, like Gecko) Chrome/92.0.4515.157 Safari/537.36"
73.127.232.172 - - [01/Sep/2021:08:37:26 +0000] "GET / HTTP/1.1" 200 54788 "-" "-"
138.197.204.247 - - [01/Sep/2021:08:37:27 +0000] "GET / HTTP/1.1" 200 13804 "-" "Mozilla/5.0 (X11; Linux x86_64) AppleWebKit/537.36 (KHTML, like Gecko) Chrome/55.0.2883.87 Safari/537.36"
88.217.152.130 - - [01/Sep/2021:08:37:40 +0000] "GET / HTTP/1.1" 200 13804 "-" "Mozilla/5.0 (Windows NT 10.0; Win64; x64) AppleWebKit/537.36 (KHTML, like Gecko) Chrome/83.0.4103.61 Safari/537.36"
50.222.125.194 - - [01/Sep/2021:08:37:45 +0000] "POST /roundcube/?_task=mail&_action=refresh HTTP/1.1" 200 674 "http://plemma.cc/roundcube/?_task=mail&_mbox=INBOX" "Mozilla/5.0 (X11; CrOS x86_64 13982.82.0) AppleWebKit/537.36 (KHTML, like Gecko) Chrome/92.0.4515.157 Safari/537.36"
193.54.90.215 - - [01/Sep/2021:08:38:30 +0000] "GET /xcaliber.dao.jpg HTTP/1.1" 304 182 "-" "Mozilla/5.0 (Macintosh; Intel Mac OS X 10_13_6) AppleWebKit/605.1.15 (KHTML, like Gecko)"
193.54.90.215 - - [01/Sep/2021:08:38:30 +0000] "GET /usedjolie.png HTTP/1.1" 304 183 "-" "Mozilla/5.0 (Macintosh; Intel Mac OS X 10_13_6) AppleWebKit/605.1.15 (KHTML, like Gecko)"
50.222.125.194 - - [01/Sep/2021:08:38:45 +0000] "POST /roundcube/?_task=mail&_action=refresh HTTP/1.1" 200 675 "http://plemma.cc/roundcube/?_task=mail&_mbox=INBOX" "Mozilla/5.0 (X11; CrOS x86_64 13982.82.0) AppleWebKit/537.36 (KHTML, like Gecko) Chrome/92.0.4515.157 Safari/537.36"
13.80.183.173 - - [01/Sep/2021:08:38:55 +0000] "GET / HTTP/1.1" 200 54807 "-" "Mozilla/5.0 (Windows NT 10.0; WOW64) AppleWebKit/537.36 (KHTML, like Gecko) Chrome/63.0.3239.84 Safari/537.36"
50.222.125.194 - - [01/Sep/2021:08:39:45 +0000] "POST /roundcube/?_task=mail&_action=refresh HTTP/1.1" 200 674 "http://plemma.cc/roundcube/?_task=mail&_mbox=INBOX" "Mozilla/5.0 (X11; CrOS x86_64 13982.82.0) AppleWebKit/537.36 (KHTML, like Gecko) Chrome/92.0.4515.157 Safari/537.36"
50.222.125.194 - - [01/Sep/2021:08:40:45 +0000] "POST /roundcube/?_task=mail&_action=refresh HTTP/1.1" 200 763 "http://plemma.cc/roundcube/?_task=mail&_mbox=INBOX" "Mozilla/5.0 (X11; CrOS x86_64 13982.82.0) AppleWebKit/537.36 (KHTML, like Gecko) Chrome/92.0.4515.157 Safari/537.36"
50.222.125.194 - - [01/Sep/2021:08:41:45 +0000] "POST /roundcube/?_task=mail&_action=refresh HTTP/1.1" 200 674 "http://plemma.cc/roundcube/?_task=mail&_mbox=INBOX" "Mozilla/5.0 (X11; CrOS x86_64 13982.82.0) AppleWebKit/537.36 (KHTML, like Gecko) Chrome/92.0.4515.157 Safari/537.36"
50.222.125.194 - - [01/Sep/2021:08:42:45 +0000] "POST /roundcube/?_task=mail&_action=refresh HTTP/1.1" 200 674 "http://plemma.cc/roundcube/?_task=mail&_mbox=INBOX" "Mozilla/5.0 (X11; CrOS x86_64 13982.82.0) AppleWebKit/537.36 (KHTML, like Gecko) Chrome/92.0.4515.157 Safari/537.36"
50.222.125.194 - - [01/Sep/2021:08:43:45 +0000] "POST /roundcube/?_task=mail&_action=refresh HTTP/1.1" 200 674 "http://plemma.cc/roundcube/?_task=mail&_mbox=INBOX" "Mozilla/5.0 (X11; CrOS x86_64 13982.82.0) AppleWebKit/537.36 (KHTML, like Gecko) Chrome/92.0.4515.157 Safari/537.36"
50.222.125.194 - - [01/Sep/2021:08:44:45 +0000] "POST /roundcube/?_task=mail&_action=refresh HTTP/1.1" 200 674 "http://plemma.cc/roundcube/?_task=mail&_mbox=INBOX" "Mozilla/5.0 (X11; CrOS x86_64 13982.82.0) AppleWebKit/537.36 (KHTML, like Gecko) Chrome/92.0.4515.157 Safari/537.36"
50.222.125.194 - - [01/Sep/2021:08:45:45 +0000] "POST /roundcube/?_task=mail&_action=refresh HTTP/1.1" 200 763 "http://plemma.cc/roundcube/?_task=mail&_mbox=INBOX" "Mozilla/5.0 (X11; CrOS x86_64 13982.82.0) AppleWebKit/537.36 (KHTML, like Gecko) Chrome/92.0.4515.157 Safari/537.36"
37.101.15.71 - - [01/Sep/2021:08:46:28 +0000] "GET /usedjolie.png HTTP/1.1" 304 183 "-" "Mozilla/5.0 (Macintosh; Intel Mac OS X 10_12_6) AppleWebKit/603.3.8 (KHTML, like Gecko)"
37.101.15.71 - - [01/Sep/2021:08:46:28 +0000] "GET /xcaliber.dao.jpg HTTP/1.1" 304 182 "-" "Mozilla/5.0 (Macintosh; Intel Mac OS X 10_12_6) AppleWebKit/603.3.8 (KHTML, like Gecko)"
50.222.125.194 - - [01/Sep/2021:08:46:45 +0000] "POST /roundcube/?_task=mail&_action=refresh HTTP/1.1" 200 675 "http://plemma.cc/roundcube/?_task=mail&_mbox=INBOX" "Mozilla/5.0 (X11; CrOS x86_64 13982.82.0) AppleWebKit/537.36 (KHTML, like Gecko) Chrome/92.0.4515.157 Safari/537.36"
128.240.225.31 - - [01/Sep/2021:08:47:40 +0000] "GET /xcaliber.dao.jpg HTTP/1.1" 200 14202 "-" "Mozilla/5.0 (compatible; MSIE 10.0; Windows NT 10.0; WOW64; Trident/7.0; campus-ncl; Microsoft Outlook 16.0.10228; ms-office; MSOffice 16)"
128.240.225.31 - - [01/Sep/2021:08:47:40 +0000] "GET /xcaliber.dao.jpg HTTP/1.1" 200 14202 "-" "Mozilla/5.0 (compatible; MSIE 10.0; Windows NT 10.0; WOW64; Trident/7.0; campus-ncl; Microsoft Outlook 16.0.10228; ms-office; MSOffice 16)"
128.240.225.31 - - [01/Sep/2021:08:47:40 +0000] "GET /usedjolie.png HTTP/1.1" 200 373194 "-" "Mozilla/5.0 (compatible; MSIE 10.0; Windows NT 10.0; WOW64; Trident/7.0; campus-ncl; Microsoft Outlook 16.0.10228; ms-office; MSOffice 16)"
50.222.125.194 - - [01/Sep/2021:08:47:45 +0000] "POST /roundcube/?_task=mail&_action=refresh HTTP/1.1" 200 674 "http://plemma.cc/roundcube/?_task=mail&_mbox=INBOX" "Mozilla/5.0 (X11; CrOS x86_64 13982.82.0) AppleWebKit/537.36 (KHTML, like Gecko) Chrome/92.0.4515.157 Safari/537.36"
54.218.57.247 - - [01/Sep/2021:08:48:44 +0000] "GET / HTTP/1.1" 200 54807 "-" "Mozilla/5.0 (Windows NT 6.1; Win64; x64) AppleWebKit/537.36 (KHTML, like Gecko) Chrome/72.0.3626.109 Safari/537.36"
50.222.125.194 - - [01/Sep/2021:08:48:45 +0000] "POST /roundcube/?_task=mail&_action=refresh HTTP/1.1" 200 674 "http://plemma.cc/roundcube/?_task=mail&_mbox=INBOX" "Mozilla/5.0 (X11; CrOS x86_64 13982.82.0) AppleWebKit/537.36 (KHTML, like Gecko) Chrome/92.0.4515.157 Safari/537.36"
18.236.217.191 - - [01/Sep/2021:08:48:46 +0000] "GET /rsync HTTP/1.1" 404 451 "-" "Mozilla/5.0 (Windows NT 6.1; Win64; x64) AppleWebKit/537.36 (KHTML, like Gecko) Chrome/72.0.3626.109 Safari/537.36"
13.80.183.173 - - [01/Sep/2021:08:49:42 +0000] "GET /rsync HTTP/1.1" 404 451 "-" "Mozilla/5.0 (Windows NT 10.0; WOW64) AppleWebKit/537.36 (KHTML, like Gecko) Chrome/63.0.3239.84 Safari/537.36"
50.222.125.194 - - [01/Sep/2021:08:49:45 +0000] "POST /roundcube/?_task=mail&_action=refresh HTTP/1.1" 200 675 "http://plemma.cc/roundcube/?_task=mail&_mbox=INBOX" "Mozilla/5.0 (X11; CrOS x86_64 13982.82.0) AppleWebKit/537.36 (KHTML, like Gecko) Chrome/92.0.4515.157 Safari/537.36"
50.222.125.194 - - [01/Sep/2021:08:50:45 +0000] "POST /roundcube/?_task=mail&_action=refresh HTTP/1.1" 200 763 "http://plemma.cc/roundcube/?_task=mail&_mbox=INBOX" "Mozilla/5.0 (X11; CrOS x86_64 13982.82.0) AppleWebKit/537.36 (KHTML, like Gecko) Chrome/92.0.4515.157 Safari/537.36"
50.222.125.194 - - [01/Sep/2021:08:51:45 +0000] "POST /roundcube/?_task=mail&_action=refresh HTTP/1.1" 200 673 "http://plemma.cc/roundcube/?_task=mail&_mbox=INBOX" "Mozilla/5.0 (X11; CrOS x86_64 13982.82.0) AppleWebKit/537.36 (KHTML, like Gecko) Chrome/92.0.4515.157 Safari/537.36"
50.222.125.194 - - [01/Sep/2021:08:52:46 +0000] "POST /roundcube/?_task=mail&_action=refresh HTTP/1.1" 200 674 "http://plemma.cc/roundcube/?_task=mail&_mbox=INBOX" "Mozilla/5.0 (X11; CrOS x86_64 13982.82.0) AppleWebKit/537.36 (KHTML, like Gecko) Chrome/92.0.4515.157 Safari/537.36"
50.222.125.194 - - [01/Sep/2021:08:53:45 +0000] "POST /roundcube/?_task=mail&_action=refresh HTTP/1.1" 200 675 "http://plemma.cc/roundcube/?_task=mail&_mbox=INBOX" "Mozilla/5.0 (X11; CrOS x86_64 13982.82.0) AppleWebKit/537.36 (KHTML, like Gecko) Chrome/92.0.4515.157 Safari/537.36"
92.19.106.165 - - [01/Sep/2021:08:53:50 +0000] "GET /xcaliber.dao.jpg HTTP/1.1" 200 14202 "-" "Mozilla/5.0 (Windows NT 10.0; Win64; x64; rv:91.0) Gecko/20100101 Firefox/91.0"
92.19.106.165 - - [01/Sep/2021:08:53:50 +0000] "GET /usedjolie.png HTTP/1.1" 200 373195 "-" "Mozilla/5.0 (Windows NT 10.0; Win64; x64; rv:91.0) Gecko/20100101 Firefox/91.0"
50.222.125.194 - - [01/Sep/2021:08:54:45 +0000] "POST /roundcube/?_task=mail&_action=refresh HTTP/1.1" 200 675 "http://plemma.cc/roundcube/?_task=mail&_mbox=INBOX" "Mozilla/5.0 (X11; CrOS x86_64 13982.82.0) AppleWebKit/537.36 (KHTML, like Gecko) Chrome/92.0.4515.157 Safari/537.36"
54.191.3.118 - - [01/Sep/2021:08:54:46 +0000] "GET / HTTP/1.1" 200 54788 "-" "Mozilla/5.0 (Windows NT 6.1; Win64; x64) AppleWebKit/537.36 (KHTML, like Gecko) Chrome/72.0.3626.109 Safari/537.36"
50.222.125.194 - - [01/Sep/2021:08:55:45 +0000] "POST /roundcube/?_task=mail&_action=refresh HTTP/1.1" 200 763 "http://plemma.cc/roundcube/?_task=mail&_mbox=INBOX" "Mozilla/5.0 (X11; CrOS x86_64 13982.82.0) AppleWebKit/537.36 (KHTML, like Gecko) Chrome/92.0.4515.157 Safari/537.36"
50.222.125.194 - - [01/Sep/2021:08:56:45 +0000] "POST /roundcube/?_task=mail&_action=refresh HTTP/1.1" 200 675 "http://plemma.cc/roundcube/?_task=mail&_mbox=INBOX" "Mozilla/5.0 (X11; CrOS x86_64 13982.82.0) AppleWebKit/537.36 (KHTML, like Gecko) Chrome/92.0.4515.157 Safari/537.36"
50.222.125.194 - - [01/Sep/2021:08:57:45 +0000] "POST /roundcube/?_task=mail&_action=refresh HTTP/1.1" 200 675 "http://plemma.cc/roundcube/?_task=mail&_mbox=INBOX" "Mozilla/5.0 (X11; CrOS x86_64 13982.82.0) AppleWebKit/537.36 (KHTML, like Gecko) Chrome/92.0.4515.157 Safari/537.36"
50.222.125.194 - - [01/Sep/2021:08:58:45 +0000] "POST /roundcube/?_task=mail&_action=refresh HTTP/1.1" 200 675 "http://plemma.cc/roundcube/?_task=mail&_mbox=INBOX" "Mozilla/5.0 (X11; CrOS x86_64 13982.82.0) AppleWebKit/537.36 (KHTML, like Gecko) Chrome/92.0.4515.157 Safari/537.36"
50.222.125.194 - - [01/Sep/2021:08:59:45 +0000] "POST /roundcube/?_task=mail&_action=refresh HTTP/1.1" 200 675 "http://plemma.cc/roundcube/?_task=mail&_mbox=INBOX" "Mozilla/5.0 (X11; CrOS x86_64 13982.82.0) AppleWebKit/537.36 (KHTML, like Gecko) Chrome/92.0.4515.157 Safari/537.36"
52.43.235.205 - - [01/Sep/2021:09:00:38 +0000] "GET /rsync HTTP/1.1" 404 432 "-" "Mozilla/5.0 (Windows NT 6.1; Win64; x64) AppleWebKit/537.36 (KHTML, like Gecko) Chrome/72.0.3626.109 Safari/537.36"
50.222.125.194 - - [01/Sep/2021:09:00:45 +0000] "POST /roundcube/?_task=mail&_action=refresh HTTP/1.1" 200 763 "http://plemma.cc/roundcube/?_task=mail&_mbox=INBOX" "Mozilla/5.0 (X11; CrOS x86_64 13982.82.0) AppleWebKit/537.36 (KHTML, like Gecko) Chrome/92.0.4515.157 Safari/537.36"
109.161.145.114 - - [01/Sep/2021:09:00:52 +0000] "GET / HTTP/1.1" 200 54788 "-" "Mozilla/5.0 (Windows NT 6.1; WOW64) AppleWebKit/537.36 (KHTML, like Gecko) Chrome/51.0.2704.103 Safari/537.36"
161.35.183.194 - - [01/Sep/2021:09:00:52 +0000] "GET / HTTP/1.1" 200 13767 "158.247.223.84" "Mozilla/5.0 (Windows NT 6.1; WOW64; rv:33.0) Gecko/20100101 Firefox/33.0"
50.222.125.194 - - [01/Sep/2021:09:01:46 +0000] "POST /roundcube/?_task=mail&_action=refresh HTTP/1.1" 200 675 "http://plemma.cc/roundcube/?_task=mail&_mbox=INBOX" "Mozilla/5.0 (X11; CrOS x86_64 13982.82.0) AppleWebKit/537.36 (KHTML, like Gecko) Chrome/92.0.4515.157 Safari/537.36"
133.60.179.76 - - [01/Sep/2021:09:02:31 +0000] "GET /xcaliber.dao.jpg HTTP/1.1" 200 14202 "-" "Mozilla/4.0 (compatible; ms-office; MSOffice 16)"
133.60.179.76 - - [01/Sep/2021:09:02:31 +0000] "GET /usedjolie.png HTTP/1.1" 200 373195 "-" "Mozilla/4.0 (compatible; ms-office; MSOffice 16)"
159.138.142.161 - - [01/Sep/2021:09:02:42 +0000] "GET /robots.txt HTTP/1.0" 404 455 "-" "HuaweiWebCatBot/6.0) (To acquire the allowed html pages as reliable information of URL categorization in the automatic process for Huawei Web Categorization.; https://isecurity.huawei.com/; sec at huawei dot com)"
159.138.142.161 - - [01/Sep/2021:09:02:43 +0000] "GET / HTTP/1.0" 200 13767 "-" "HuaweiWebCatBot/6.0) (To acquire the allowed html pages as reliable information of URL categorization in the automatic process for Huawei Web Categorization.; https://isecurity.huawei.com/; sec at huawei dot com)"
50.222.125.194 - - [01/Sep/2021:09:02:45 +0000] "POST /roundcube/?_task=mail&_action=refresh HTTP/1.1" 200 675 "http://plemma.cc/roundcube/?_task=mail&_mbox=INBOX" "Mozilla/5.0 (X11; CrOS x86_64 13982.82.0) AppleWebKit/537.36 (KHTML, like Gecko) Chrome/92.0.4515.157 Safari/537.36"
50.222.125.194 - - [01/Sep/2021:09:03:45 +0000] "POST /roundcube/?_task=mail&_action=refresh HTTP/1.1" 200 675 "http://plemma.cc/roundcube/?_task=mail&_mbox=INBOX" "Mozilla/5.0 (X11; CrOS x86_64 13982.82.0) AppleWebKit/537.36 (KHTML, like Gecko) Chrome/92.0.4515.157 Safari/537.36"
50.222.125.194 - - [01/Sep/2021:09:04:45 +0000] "POST /roundcube/?_task=mail&_action=refresh HTTP/1.1" 200 675 "http://plemma.cc/roundcube/?_task=mail&_mbox=INBOX" "Mozilla/5.0 (X11; CrOS x86_64 13982.82.0) AppleWebKit/537.36 (KHTML, like Gecko) Chrome/92.0.4515.157 Safari/537.36"
50.222.125.194 - - [01/Sep/2021:09:05:46 +0000] "POST /roundcube/?_task=mail&_action=refresh HTTP/1.1" 200 763 "http://plemma.cc/roundcube/?_task=mail&_mbox=INBOX" "Mozilla/5.0 (X11; CrOS x86_64 13982.82.0) AppleWebKit/537.36 (KHTML, like Gecko) Chrome/92.0.4515.157 Safari/537.36"
50.222.125.194 - - [01/Sep/2021:09:06:45 +0000] "POST /roundcube/?_task=mail&_action=refresh HTTP/1.1" 200 675 "http://plemma.cc/roundcube/?_task=mail&_mbox=INBOX" "Mozilla/5.0 (X11; CrOS x86_64 13982.82.0) AppleWebKit/537.36 (KHTML, like Gecko) Chrome/92.0.4515.157 Safari/537.36"
50.222.125.194 - - [01/Sep/2021:09:07:45 +0000] "POST /roundcube/?_task=mail&_action=refresh HTTP/1.1" 200 675 "http://plemma.cc/roundcube/?_task=mail&_mbox=INBOX" "Mozilla/5.0 (X11; CrOS x86_64 13982.82.0) AppleWebKit/537.36 (KHTML, like Gecko) Chrome/92.0.4515.157 Safari/537.36"
50.222.125.194 - - [01/Sep/2021:09:08:45 +0000] "POST /roundcube/?_task=mail&_action=refresh HTTP/1.1" 200 675 "http://plemma.cc/roundcube/?_task=mail&_mbox=INBOX" "Mozilla/5.0 (X11; CrOS x86_64 13982.82.0) AppleWebKit/537.36 (KHTML, like Gecko) Chrome/92.0.4515.157 Safari/537.36"
50.222.125.194 - - [01/Sep/2021:09:09:46 +0000] "POST /roundcube/?_task=mail&_action=refresh HTTP/1.1" 200 675 "http://plemma.cc/roundcube/?_task=mail&_mbox=INBOX" "Mozilla/5.0 (X11; CrOS x86_64 13982.82.0) AppleWebKit/537.36 (KHTML, like Gecko) Chrome/92.0.4515.157 Safari/537.36"
50.222.125.194 - - [01/Sep/2021:09:10:45 +0000] "POST /roundcube/?_task=mail&_action=refresh HTTP/1.1" 200 763 "http://plemma.cc/roundcube/?_task=mail&_mbox=INBOX" "Mozilla/5.0 (X11; CrOS x86_64 13982.82.0) AppleWebKit/537.36 (KHTML, like Gecko) Chrome/92.0.4515.157 Safari/537.36"
50.222.125.194 - - [01/Sep/2021:09:11:45 +0000] "POST /roundcube/?_task=mail&_action=refresh HTTP/1.1" 200 674 "http://plemma.cc/roundcube/?_task=mail&_mbox=INBOX" "Mozilla/5.0 (X11; CrOS x86_64 13982.82.0) AppleWebKit/537.36 (KHTML, like Gecko) Chrome/92.0.4515.157 Safari/537.36"
50.222.125.194 - - [01/Sep/2021:09:12:45 +0000] "POST /roundcube/?_task=mail&_action=refresh HTTP/1.1" 200 674 "http://plemma.cc/roundcube/?_task=mail&_mbox=INBOX" "Mozilla/5.0 (X11; CrOS x86_64 13982.82.0) AppleWebKit/537.36 (KHTML, like Gecko) Chrome/92.0.4515.157 Safari/537.36"
50.222.125.194 - - [01/Sep/2021:09:13:45 +0000] "POST /roundcube/?_task=mail&_action=refresh HTTP/1.1" 200 674 "http://plemma.cc/roundcube/?_task=mail&_mbox=INBOX" "Mozilla/5.0 (X11; CrOS x86_64 13982.82.0) AppleWebKit/537.36 (KHTML, like Gecko) Chrome/92.0.4515.157 Safari/537.36"
50.222.125.194 - - [01/Sep/2021:09:14:45 +0000] "POST /roundcube/?_task=mail&_action=refresh HTTP/1.1" 200 675 "http://plemma.cc/roundcube/?_task=mail&_mbox=INBOX" "Mozilla/5.0 (X11; CrOS x86_64 13982.82.0) AppleWebKit/537.36 (KHTML, like Gecko) Chrome/92.0.4515.157 Safari/537.36"
125.81.3.181 - - [01/Sep/2021:09:15:42 +0000] "GET /xcaliber.dao.jpg HTTP/1.1" 200 14202 "-" "Mozilla/5.0 (Windows NT 6.1; WOW64) AppleWebKit/537.36 (KHTML, like Gecko) Chrome/49.0.2623.110 Safari/537.36 foxmail/7.2.18.95"
125.81.3.181 - - [01/Sep/2021:09:15:42 +0000] "GET /usedjolie.png HTTP/1.1" 200 373195 "-" "Mozilla/5.0 (Windows NT 6.1; WOW64) AppleWebKit/537.36 (KHTML, like Gecko) Chrome/49.0.2623.110 Safari/537.36 foxmail/7.2.18.95"
50.222.125.194 - - [01/Sep/2021:09:15:45 +0000] "POST /roundcube/?_task=mail&_action=refresh HTTP/1.1" 200 763 "http://plemma.cc/roundcube/?_task=mail&_mbox=INBOX" "Mozilla/5.0 (X11; CrOS x86_64 13982.82.0) AppleWebKit/537.36 (KHTML, like Gecko) Chrome/92.0.4515.157 Safari/537.36"
50.222.125.194 - - [01/Sep/2021:09:16:46 +0000] "POST /roundcube/?_task=mail&_action=refresh HTTP/1.1" 200 675 "http://plemma.cc/roundcube/?_task=mail&_mbox=INBOX" "Mozilla/5.0 (X11; CrOS x86_64 13982.82.0) AppleWebKit/537.36 (KHTML, like Gecko) Chrome/92.0.4515.157 Safari/537.36"
50.222.125.194 - - [01/Sep/2021:09:17:45 +0000] "POST /roundcube/?_task=mail&_action=refresh HTTP/1.1" 200 675 "http://plemma.cc/roundcube/?_task=mail&_mbox=INBOX" "Mozilla/5.0 (X11; CrOS x86_64 13982.82.0) AppleWebKit/537.36 (KHTML, like Gecko) Chrome/92.0.4515.157 Safari/537.36"
50.222.125.194 - - [01/Sep/2021:09:18:45 +0000] "POST /roundcube/?_task=mail&_action=refresh HTTP/1.1" 200 675 "http://plemma.cc/roundcube/?_task=mail&_mbox=INBOX" "Mozilla/5.0 (X11; CrOS x86_64 13982.82.0) AppleWebKit/537.36 (KHTML, like Gecko) Chrome/92.0.4515.157 Safari/537.36"
133.60.179.76 - - [01/Sep/2021:09:19:04 +0000] "GET /xcaliber.dao.jpg HTTP/1.1" 304 182 "-" "Mozilla/4.0 (compatible; ms-office; MSOffice 16)"
133.60.179.76 - - [01/Sep/2021:09:19:04 +0000] "GET /usedjolie.png HTTP/1.1" 304 183 "-" "Mozilla/4.0 (compatible; ms-office; MSOffice 16)"
205.185.126.200 - - [01/Sep/2021:09:19:26 +0000] "POST /boaform/admin/formLogin HTTP/1.1" 404 493 "http://158.247.223.84:80/admin/login.asp" "Mozilla/5.0 (X11; Ubuntu; Linux x86_64; rv:71.0) Gecko/20100101 Firefox/71.0"
50.222.125.194 - - [01/Sep/2021:09:19:46 +0000] "POST /roundcube/?_task=mail&_action=refresh HTTP/1.1" 200 675 "http://plemma.cc/roundcube/?_task=mail&_mbox=INBOX" "Mozilla/5.0 (X11; CrOS x86_64 13982.82.0) AppleWebKit/537.36 (KHTML, like Gecko) Chrome/92.0.4515.157 Safari/537.36"
50.222.125.194 - - [01/Sep/2021:09:20:45 +0000] "POST /roundcube/?_task=mail&_action=refresh HTTP/1.1" 200 763 "http://plemma.cc/roundcube/?_task=mail&_mbox=INBOX" "Mozilla/5.0 (X11; CrOS x86_64 13982.82.0) AppleWebKit/537.36 (KHTML, like Gecko) Chrome/92.0.4515.157 Safari/537.36"
50.222.125.194 - - [01/Sep/2021:09:21:45 +0000] "POST /roundcube/?_task=mail&_action=refresh HTTP/1.1" 200 675 "http://plemma.cc/roundcube/?_task=mail&_mbox=INBOX" "Mozilla/5.0 (X11; CrOS x86_64 13982.82.0) AppleWebKit/537.36 (KHTML, like Gecko) Chrome/92.0.4515.157 Safari/537.36"
50.222.125.194 - - [01/Sep/2021:09:22:45 +0000] "POST /roundcube/?_task=mail&_action=refresh HTTP/1.1" 200 674 "http://plemma.cc/roundcube/?_task=mail&_mbox=INBOX" "Mozilla/5.0 (X11; CrOS x86_64 13982.82.0) AppleWebKit/537.36 (KHTML, like Gecko) Chrome/92.0.4515.157 Safari/537.36"
134.36.68.218 - - [01/Sep/2021:09:22:46 +0000] "GET /xcaliber.dao.jpg HTTP/1.1" 200 14202 "-" "Mozilla/5.0 (Macintosh; Intel Mac OS X 10_11_6) AppleWebKit/601.7.8 (KHTML, like Gecko)"
134.36.68.218 - - [01/Sep/2021:09:22:48 +0000] "GET /usedjolie.png HTTP/1.1" 200 136112 "-" "Mozilla/5.0 (Macintosh; Intel Mac OS X 10_11_6) AppleWebKit/601.7.8 (KHTML, like Gecko)"
50.222.125.194 - - [01/Sep/2021:09:23:46 +0000] "POST /roundcube/?_task=mail&_action=refresh HTTP/1.1" 200 675 "http://plemma.cc/roundcube/?_task=mail&_mbox=INBOX" "Mozilla/5.0 (X11; CrOS x86_64 13982.82.0) AppleWebKit/537.36 (KHTML, like Gecko) Chrome/92.0.4515.157 Safari/537.36"
50.222.125.194 - - [01/Sep/2021:09:24:45 +0000] "POST /roundcube/?_task=mail&_action=refresh HTTP/1.1" 200 675 "http://plemma.cc/roundcube/?_task=mail&_mbox=INBOX" "Mozilla/5.0 (X11; CrOS x86_64 13982.82.0) AppleWebKit/537.36 (KHTML, like Gecko) Chrome/92.0.4515.157 Safari/537.36"
50.222.125.194 - - [01/Sep/2021:09:25:45 +0000] "POST /roundcube/?_task=mail&_action=refresh HTTP/1.1" 200 763 "http://plemma.cc/roundcube/?_task=mail&_mbox=INBOX" "Mozilla/5.0 (X11; CrOS x86_64 13982.82.0) AppleWebKit/537.36 (KHTML, like Gecko) Chrome/92.0.4515.157 Safari/537.36"
50.222.125.194 - - [01/Sep/2021:09:26:45 +0000] "POST /roundcube/?_task=mail&_action=refresh HTTP/1.1" 200 675 "http://plemma.cc/roundcube/?_task=mail&_mbox=INBOX" "Mozilla/5.0 (X11; CrOS x86_64 13982.82.0) AppleWebKit/537.36 (KHTML, like Gecko) Chrome/92.0.4515.157 Safari/537.36"
50.222.125.194 - - [01/Sep/2021:09:27:45 +0000] "POST /roundcube/?_task=mail&_action=refresh HTTP/1.1" 200 675 "http://plemma.cc/roundcube/?_task=mail&_mbox=INBOX" "Mozilla/5.0 (X11; CrOS x86_64 13982.82.0) AppleWebKit/537.36 (KHTML, like Gecko) Chrome/92.0.4515.157 Safari/537.36"
50.222.125.194 - - [01/Sep/2021:09:28:46 +0000] "POST /roundcube/?_task=mail&_action=refresh HTTP/1.1" 200 674 "http://plemma.cc/roundcube/?_task=mail&_mbox=INBOX" "Mozilla/5.0 (X11; CrOS x86_64 13982.82.0) AppleWebKit/537.36 (KHTML, like Gecko) Chrome/92.0.4515.157 Safari/537.36"
50.222.125.194 - - [01/Sep/2021:09:29:46 +0000] "POST /roundcube/?_task=mail&_action=refresh HTTP/1.1" 200 675 "http://plemma.cc/roundcube/?_task=mail&_mbox=INBOX" "Mozilla/5.0 (X11; CrOS x86_64 13982.82.0) AppleWebKit/537.36 (KHTML, like Gecko) Chrome/92.0.4515.157 Safari/537.36"
50.222.125.194 - - [01/Sep/2021:09:30:45 +0000] "POST /roundcube/?_task=mail&_action=refresh HTTP/1.1" 200 763 "http://plemma.cc/roundcube/?_task=mail&_mbox=INBOX" "Mozilla/5.0 (X11; CrOS x86_64 13982.82.0) AppleWebKit/537.36 (KHTML, like Gecko) Chrome/92.0.4515.157 Safari/537.36"
50.222.125.194 - - [01/Sep/2021:09:31:45 +0000] "POST /roundcube/?_task=mail&_action=refresh HTTP/1.1" 200 674 "http://plemma.cc/roundcube/?_task=mail&_mbox=INBOX" "Mozilla/5.0 (X11; CrOS x86_64 13982.82.0) AppleWebKit/537.36 (KHTML, like Gecko) Chrome/92.0.4515.157 Safari/537.36"
50.222.125.194 - - [01/Sep/2021:09:32:46 +0000] "POST /roundcube/?_task=mail&_action=refresh HTTP/1.1" 200 675 "http://plemma.cc/roundcube/?_task=mail&_mbox=INBOX" "Mozilla/5.0 (X11; CrOS x86_64 13982.82.0) AppleWebKit/537.36 (KHTML, like Gecko) Chrome/92.0.4515.157 Safari/537.36"
50.222.125.194 - - [01/Sep/2021:09:33:45 +0000] "POST /roundcube/?_task=mail&_action=refresh HTTP/1.1" 200 674 "http://plemma.cc/roundcube/?_task=mail&_mbox=INBOX" "Mozilla/5.0 (X11; CrOS x86_64 13982.82.0) AppleWebKit/537.36 (KHTML, like Gecko) Chrome/92.0.4515.157 Safari/537.36"
50.222.125.194 - - [01/Sep/2021:09:34:45 +0000] "POST /roundcube/?_task=mail&_action=refresh HTTP/1.1" 200 674 "http://plemma.cc/roundcube/?_task=mail&_mbox=INBOX" "Mozilla/5.0 (X11; CrOS x86_64 13982.82.0) AppleWebKit/537.36 (KHTML, like Gecko) Chrome/92.0.4515.157 Safari/537.36"
50.222.125.194 - - [01/Sep/2021:09:35:45 +0000] "POST /roundcube/?_task=mail&_action=refresh HTTP/1.1" 200 763 "http://plemma.cc/roundcube/?_task=mail&_mbox=INBOX" "Mozilla/5.0 (X11; CrOS x86_64 13982.82.0) AppleWebKit/537.36 (KHTML, like Gecko) Chrome/92.0.4515.157 Safari/537.36"
50.222.125.194 - - [01/Sep/2021:09:36:45 +0000] "POST /roundcube/?_task=mail&_action=refresh HTTP/1.1" 200 675 "http://plemma.cc/roundcube/?_task=mail&_mbox=INBOX" "Mozilla/5.0 (X11; CrOS x86_64 13982.82.0) AppleWebKit/537.36 (KHTML, like Gecko) Chrome/92.0.4515.157 Safari/537.36"
133.1.79.116 - - [01/Sep/2021:09:37:06 +0000] "GET /xcaliber.dao.jpg HTTP/1.1" 304 182 "-" "Mozilla/5.0 (Macintosh; Intel Mac OS X 10_15_7) AppleWebKit/605.1.15 (KHTML, like Gecko)"
133.1.79.116 - - [01/Sep/2021:09:37:06 +0000] "GET /usedjolie.png HTTP/1.1" 304 183 "-" "Mozilla/5.0 (Macintosh; Intel Mac OS X 10_15_7) AppleWebKit/605.1.15 (KHTML, like Gecko)"
50.222.125.194 - - [01/Sep/2021:09:37:45 +0000] "POST /roundcube/?_task=mail&_action=refresh HTTP/1.1" 200 675 "http://plemma.cc/roundcube/?_task=mail&_mbox=INBOX" "Mozilla/5.0 (X11; CrOS x86_64 13982.82.0) AppleWebKit/537.36 (KHTML, like Gecko) Chrome/92.0.4515.157 Safari/537.36"
50.222.125.194 - - [01/Sep/2021:09:38:45 +0000] "POST /roundcube/?_task=mail&_action=refresh HTTP/1.1" 200 675 "http://plemma.cc/roundcube/?_task=mail&_mbox=INBOX" "Mozilla/5.0 (X11; CrOS x86_64 13982.82.0) AppleWebKit/537.36 (KHTML, like Gecko) Chrome/92.0.4515.157 Safari/537.36"
50.222.125.194 - - [01/Sep/2021:09:39:46 +0000] "POST /roundcube/?_task=mail&_action=refresh HTTP/1.1" 200 675 "http://plemma.cc/roundcube/?_task=mail&_mbox=INBOX" "Mozilla/5.0 (X11; CrOS x86_64 13982.82.0) AppleWebKit/537.36 (KHTML, like Gecko) Chrome/92.0.4515.157 Safari/537.36"
50.222.125.194 - - [01/Sep/2021:09:40:45 +0000] "POST /roundcube/?_task=mail&_action=refresh HTTP/1.1" 200 763 "http://plemma.cc/roundcube/?_task=mail&_mbox=INBOX" "Mozilla/5.0 (X11; CrOS x86_64 13982.82.0) AppleWebKit/537.36 (KHTML, like Gecko) Chrome/92.0.4515.157 Safari/537.36"
81.142.159.122 - - [01/Sep/2021:09:41:14 +0000] "GET /xcaliber.dao.jpg HTTP/1.1" 200 14202 "-" "Mozilla/5.0 (iPhone; CPU iPhone OS 14_7_1 like Mac OS X) AppleWebKit/605.1.15 (KHTML, like Gecko) Mobile/15E148"
81.142.159.122 - - [01/Sep/2021:09:41:13 +0000] "GET /usedjolie.png HTTP/1.1" 200 373195 "-" "Mozilla/5.0 (iPhone; CPU iPhone OS 14_7_1 like Mac OS X) AppleWebKit/605.1.15 (KHTML, like Gecko) Mobile/15E148"
50.222.125.194 - - [01/Sep/2021:09:41:45 +0000] "POST /roundcube/?_task=mail&_action=refresh HTTP/1.1" 200 675 "http://plemma.cc/roundcube/?_task=mail&_mbox=INBOX" "Mozilla/5.0 (X11; CrOS x86_64 13982.82.0) AppleWebKit/537.36 (KHTML, like Gecko) Chrome/92.0.4515.157 Safari/537.36"
50.222.125.194 - - [01/Sep/2021:09:42:45 +0000] "POST /roundcube/?_task=mail&_action=refresh HTTP/1.1" 200 675 "http://plemma.cc/roundcube/?_task=mail&_mbox=INBOX" "Mozilla/5.0 (X11; CrOS x86_64 13982.82.0) AppleWebKit/537.36 (KHTML, like Gecko) Chrome/92.0.4515.157 Safari/537.36"
50.222.125.194 - - [01/Sep/2021:09:43:45 +0000] "POST /roundcube/?_task=mail&_action=refresh HTTP/1.1" 200 675 "http://plemma.cc/roundcube/?_task=mail&_mbox=INBOX" "Mozilla/5.0 (X11; CrOS x86_64 13982.82.0) AppleWebKit/537.36 (KHTML, like Gecko) Chrome/92.0.4515.157 Safari/537.36"
50.222.125.194 - - [01/Sep/2021:09:44:46 +0000] "POST /roundcube/?_task=mail&_action=refresh HTTP/1.1" 200 675 "http://plemma.cc/roundcube/?_task=mail&_mbox=INBOX" "Mozilla/5.0 (X11; CrOS x86_64 13982.82.0) AppleWebKit/537.36 (KHTML, like Gecko) Chrome/92.0.4515.157 Safari/537.36"
50.222.125.194 - - [01/Sep/2021:09:45:45 +0000] "POST /roundcube/?_task=mail&_action=refresh HTTP/1.1" 200 763 "http://plemma.cc/roundcube/?_task=mail&_mbox=INBOX" "Mozilla/5.0 (X11; CrOS x86_64 13982.82.0) AppleWebKit/537.36 (KHTML, like Gecko) Chrome/92.0.4515.157 Safari/537.36"
50.222.125.194 - - [01/Sep/2021:09:46:45 +0000] "POST /roundcube/?_task=mail&_action=refresh HTTP/1.1" 200 675 "http://plemma.cc/roundcube/?_task=mail&_mbox=INBOX" "Mozilla/5.0 (X11; CrOS x86_64 13982.82.0) AppleWebKit/537.36 (KHTML, like Gecko) Chrome/92.0.4515.157 Safari/537.36"
50.222.125.194 - - [01/Sep/2021:09:47:45 +0000] "POST /roundcube/?_task=mail&_action=refresh HTTP/1.1" 200 675 "http://plemma.cc/roundcube/?_task=mail&_mbox=INBOX" "Mozilla/5.0 (X11; CrOS x86_64 13982.82.0) AppleWebKit/537.36 (KHTML, like Gecko) Chrome/92.0.4515.157 Safari/537.36"
50.222.125.194 - - [01/Sep/2021:09:48:45 +0000] "POST /roundcube/?_task=mail&_action=refresh HTTP/1.1" 200 674 "http://plemma.cc/roundcube/?_task=mail&_mbox=INBOX" "Mozilla/5.0 (X11; CrOS x86_64 13982.82.0) AppleWebKit/537.36 (KHTML, like Gecko) Chrome/92.0.4515.157 Safari/537.36"
50.222.125.194 - - [01/Sep/2021:09:49:45 +0000] "POST /roundcube/?_task=mail&_action=refresh HTTP/1.1" 200 675 "http://plemma.cc/roundcube/?_task=mail&_mbox=INBOX" "Mozilla/5.0 (X11; CrOS x86_64 13982.82.0) AppleWebKit/537.36 (KHTML, like Gecko) Chrome/92.0.4515.157 Safari/537.36"
50.222.125.194 - - [01/Sep/2021:09:50:45 +0000] "POST /roundcube/?_task=mail&_action=refresh HTTP/1.1" 200 763 "http://plemma.cc/roundcube/?_task=mail&_mbox=INBOX" "Mozilla/5.0 (X11; CrOS x86_64 13982.82.0) AppleWebKit/537.36 (KHTML, like Gecko) Chrome/92.0.4515.157 Safari/537.36"
50.222.125.194 - - [01/Sep/2021:09:51:46 +0000] "POST /roundcube/?_task=mail&_action=refresh HTTP/1.1" 200 675 "http://plemma.cc/roundcube/?_task=mail&_mbox=INBOX" "Mozilla/5.0 (X11; CrOS x86_64 13982.82.0) AppleWebKit/537.36 (KHTML, like Gecko) Chrome/92.0.4515.157 Safari/537.36"
212.45.23.98 - - [01/Sep/2021:09:52:36 +0000] "GET /xcaliber.dao.jpg HTTP/1.1" 200 14202 "-" "Mozilla/5.0 (Windows NT 10.0; Win64; x64; rv:78.0) Gecko/20100101 Thunderbird/78.13.0"
212.45.23.98 - - [01/Sep/2021:09:52:35 +0000] "GET /usedjolie.png HTTP/1.1" 200 373195 "-" "Mozilla/5.0 (Windows NT 10.0; Win64; x64; rv:78.0) Gecko/20100101 Thunderbird/78.13.0"
50.222.125.194 - - [01/Sep/2021:09:52:45 +0000] "POST /roundcube/?_task=mail&_action=refresh HTTP/1.1" 200 675 "http://plemma.cc/roundcube/?_task=mail&_mbox=INBOX" "Mozilla/5.0 (X11; CrOS x86_64 13982.82.0) AppleWebKit/537.36 (KHTML, like Gecko) Chrome/92.0.4515.157 Safari/537.36"
50.222.125.194 - - [01/Sep/2021:09:53:45 +0000] "POST /roundcube/?_task=mail&_action=refresh HTTP/1.1" 200 675 "http://plemma.cc/roundcube/?_task=mail&_mbox=INBOX" "Mozilla/5.0 (X11; CrOS x86_64 13982.82.0) AppleWebKit/537.36 (KHTML, like Gecko) Chrome/92.0.4515.157 Safari/537.36"
50.222.125.194 - - [01/Sep/2021:09:54:45 +0000] "POST /roundcube/?_task=mail&_action=refresh HTTP/1.1" 200 675 "http://plemma.cc/roundcube/?_task=mail&_mbox=INBOX" "Mozilla/5.0 (X11; CrOS x86_64 13982.82.0) AppleWebKit/537.36 (KHTML, like Gecko) Chrome/92.0.4515.157 Safari/537.36"
50.222.125.194 - - [01/Sep/2021:09:55:45 +0000] "POST /roundcube/?_task=mail&_action=refresh HTTP/1.1" 200 763 "http://plemma.cc/roundcube/?_task=mail&_mbox=INBOX" "Mozilla/5.0 (X11; CrOS x86_64 13982.82.0) AppleWebKit/537.36 (KHTML, like Gecko) Chrome/92.0.4515.157 Safari/537.36"
50.222.125.194 - - [01/Sep/2021:09:56:46 +0000] "POST /roundcube/?_task=mail&_action=refresh HTTP/1.1" 200 675 "http://plemma.cc/roundcube/?_task=mail&_mbox=INBOX" "Mozilla/5.0 (X11; CrOS x86_64 13982.82.0) AppleWebKit/537.36 (KHTML, like Gecko) Chrome/92.0.4515.157 Safari/537.36"
160.193.239.55 - - [01/Sep/2021:09:57:24 +0000] "GET /xcaliber.dao.jpg HTTP/1.1" 304 182 "-" "Mozilla/5.0 (Macintosh; Intel Mac OS X 10_15_7) AppleWebKit/605.1.15 (KHTML, like Gecko)"
160.193.239.55 - - [01/Sep/2021:09:57:24 +0000] "GET /usedjolie.png HTTP/1.1" 304 183 "-" "Mozilla/5.0 (Macintosh; Intel Mac OS X 10_15_7) AppleWebKit/605.1.15 (KHTML, like Gecko)"
50.222.125.194 - - [01/Sep/2021:09:57:45 +0000] "POST /roundcube/?_task=mail&_action=refresh HTTP/1.1" 200 675 "http://plemma.cc/roundcube/?_task=mail&_mbox=INBOX" "Mozilla/5.0 (X11; CrOS x86_64 13982.82.0) AppleWebKit/537.36 (KHTML, like Gecko) Chrome/92.0.4515.157 Safari/537.36"
50.222.125.194 - - [01/Sep/2021:09:58:45 +0000] "POST /roundcube/?_task=mail&_action=refresh HTTP/1.1" 200 675 "http://plemma.cc/roundcube/?_task=mail&_mbox=INBOX" "Mozilla/5.0 (X11; CrOS x86_64 13982.82.0) AppleWebKit/537.36 (KHTML, like Gecko) Chrome/92.0.4515.157 Safari/537.36"
50.222.125.194 - - [01/Sep/2021:09:59:46 +0000] "POST /roundcube/?_task=mail&_action=refresh HTTP/1.1" 200 675 "http://plemma.cc/roundcube/?_task=mail&_mbox=INBOX" "Mozilla/5.0 (X11; CrOS x86_64 13982.82.0) AppleWebKit/537.36 (KHTML, like Gecko) Chrome/92.0.4515.157 Safari/537.36"
50.222.125.194 - - [01/Sep/2021:10:00:45 +0000] "POST /roundcube/?_task=mail&_action=refresh HTTP/1.1" 200 763 "http://plemma.cc/roundcube/?_task=mail&_mbox=INBOX" "Mozilla/5.0 (X11; CrOS x86_64 13982.82.0) AppleWebKit/537.36 (KHTML, like Gecko) Chrome/92.0.4515.157 Safari/537.36"
50.222.125.194 - - [01/Sep/2021:10:01:45 +0000] "POST /roundcube/?_task=mail&_action=refresh HTTP/1.1" 200 675 "http://plemma.cc/roundcube/?_task=mail&_mbox=INBOX" "Mozilla/5.0 (X11; CrOS x86_64 13982.82.0) AppleWebKit/537.36 (KHTML, like Gecko) Chrome/92.0.4515.157 Safari/537.36"
50.222.125.194 - - [01/Sep/2021:10:02:46 +0000] "POST /roundcube/?_task=mail&_action=refresh HTTP/1.1" 200 675 "http://plemma.cc/roundcube/?_task=mail&_mbox=INBOX" "Mozilla/5.0 (X11; CrOS x86_64 13982.82.0) AppleWebKit/537.36 (KHTML, like Gecko) Chrome/92.0.4515.157 Safari/537.36"
50.222.125.194 - - [01/Sep/2021:10:03:47 +0000] "POST /roundcube/?_task=mail&_action=refresh HTTP/1.1" 200 675 "http://plemma.cc/roundcube/?_task=mail&_mbox=INBOX" "Mozilla/5.0 (X11; CrOS x86_64 13982.82.0) AppleWebKit/537.36 (KHTML, like Gecko) Chrome/92.0.4515.157 Safari/537.36"
50.222.125.194 - - [01/Sep/2021:10:04:45 +0000] "POST /roundcube/?_task=mail&_action=refresh HTTP/1.1" 200 675 "http://plemma.cc/roundcube/?_task=mail&_mbox=INBOX" "Mozilla/5.0 (X11; CrOS x86_64 13982.82.0) AppleWebKit/537.36 (KHTML, like Gecko) Chrome/92.0.4515.157 Safari/537.36"
50.222.125.194 - - [01/Sep/2021:10:05:45 +0000] "POST /roundcube/?_task=mail&_action=refresh HTTP/1.1" 200 763 "http://plemma.cc/roundcube/?_task=mail&_mbox=INBOX" "Mozilla/5.0 (X11; CrOS x86_64 13982.82.0) AppleWebKit/537.36 (KHTML, like Gecko) Chrome/92.0.4515.157 Safari/537.36"
50.222.125.194 - - [01/Sep/2021:10:06:45 +0000] "POST /roundcube/?_task=mail&_action=refresh HTTP/1.1" 200 675 "http://plemma.cc/roundcube/?_task=mail&_mbox=INBOX" "Mozilla/5.0 (X11; CrOS x86_64 13982.82.0) AppleWebKit/537.36 (KHTML, like Gecko) Chrome/92.0.4515.157 Safari/537.36"
50.222.125.194 - - [01/Sep/2021:10:07:45 +0000] "POST /roundcube/?_task=mail&_action=refresh HTTP/1.1" 200 675 "http://plemma.cc/roundcube/?_task=mail&_mbox=INBOX" "Mozilla/5.0 (X11; CrOS x86_64 13982.82.0) AppleWebKit/537.36 (KHTML, like Gecko) Chrome/92.0.4515.157 Safari/537.36"
50.222.125.194 - - [01/Sep/2021:10:08:47 +0000] "POST /roundcube/?_task=mail&_action=refresh HTTP/1.1" 200 674 "http://plemma.cc/roundcube/?_task=mail&_mbox=INBOX" "Mozilla/5.0 (X11; CrOS x86_64 13982.82.0) AppleWebKit/537.36 (KHTML, like Gecko) Chrome/92.0.4515.157 Safari/537.36"
50.222.125.194 - - [01/Sep/2021:10:09:45 +0000] "POST /roundcube/?_task=mail&_action=refresh HTTP/1.1" 200 675 "http://plemma.cc/roundcube/?_task=mail&_mbox=INBOX" "Mozilla/5.0 (X11; CrOS x86_64 13982.82.0) AppleWebKit/537.36 (KHTML, like Gecko) Chrome/92.0.4515.157 Safari/537.36"
106.132.144.89 - - [01/Sep/2021:10:10:19 +0000] "GET /xcaliber.dao.jpg HTTP/1.1" 200 14202 "-" "Mozilla/5.0 (iPhone; CPU iPhone OS 14_7_1 like Mac OS X) AppleWebKit/605.1.15 (KHTML, like Gecko) Mobile/15E148"
106.132.144.89 - - [01/Sep/2021:10:10:19 +0000] "GET /usedjolie.png HTTP/1.1" 200 373195 "-" "Mozilla/5.0 (iPhone; CPU iPhone OS 14_7_1 like Mac OS X) AppleWebKit/605.1.15 (KHTML, like Gecko) Mobile/15E148"
50.222.125.194 - - [01/Sep/2021:10:10:45 +0000] "POST /roundcube/?_task=mail&_action=refresh HTTP/1.1" 200 762 "http://plemma.cc/roundcube/?_task=mail&_mbox=INBOX" "Mozilla/5.0 (X11; CrOS x86_64 13982.82.0) AppleWebKit/537.36 (KHTML, like Gecko) Chrome/92.0.4515.157 Safari/537.36"
50.222.125.194 - - [01/Sep/2021:10:11:45 +0000] "POST /roundcube/?_task=mail&_action=refresh HTTP/1.1" 200 675 "http://plemma.cc/roundcube/?_task=mail&_mbox=INBOX" "Mozilla/5.0 (X11; CrOS x86_64 13982.82.0) AppleWebKit/537.36 (KHTML, like Gecko) Chrome/92.0.4515.157 Safari/537.36"
50.222.125.194 - - [01/Sep/2021:10:12:45 +0000] "POST /roundcube/?_task=mail&_action=refresh HTTP/1.1" 200 673 "http://plemma.cc/roundcube/?_task=mail&_mbox=INBOX" "Mozilla/5.0 (X11; CrOS x86_64 13982.82.0) AppleWebKit/537.36 (KHTML, like Gecko) Chrome/92.0.4515.157 Safari/537.36"
50.222.125.194 - - [01/Sep/2021:10:13:46 +0000] "POST /roundcube/?_task=mail&_action=refresh HTTP/1.1" 200 675 "http://plemma.cc/roundcube/?_task=mail&_mbox=INBOX" "Mozilla/5.0 (X11; CrOS x86_64 13982.82.0) AppleWebKit/537.36 (KHTML, like Gecko) Chrome/92.0.4515.157 Safari/537.36"
50.222.125.194 - - [01/Sep/2021:10:14:48 +0000] "POST /roundcube/?_task=mail&_action=refresh HTTP/1.1" 200 675 "http://plemma.cc/roundcube/?_task=mail&_mbox=INBOX" "Mozilla/5.0 (X11; CrOS x86_64 13982.82.0) AppleWebKit/537.36 (KHTML, like Gecko) Chrome/92.0.4515.157 Safari/537.36"
50.222.125.194 - - [01/Sep/2021:10:15:46 +0000] "POST /roundcube/?_task=mail&_action=refresh HTTP/1.1" 200 763 "http://plemma.cc/roundcube/?_task=mail&_mbox=INBOX" "Mozilla/5.0 (X11; CrOS x86_64 13982.82.0) AppleWebKit/537.36 (KHTML, like Gecko) Chrome/92.0.4515.157 Safari/537.36"
50.222.125.194 - - [01/Sep/2021:10:16:45 +0000] "POST /roundcube/?_task=mail&_action=refresh HTTP/1.1" 200 675 "http://plemma.cc/roundcube/?_task=mail&_mbox=INBOX" "Mozilla/5.0 (X11; CrOS x86_64 13982.82.0) AppleWebKit/537.36 (KHTML, like Gecko) Chrome/92.0.4515.157 Safari/537.36"
17.121.114.118 - - [01/Sep/2021:10:17:32 +0000] "GET /robots.txt HTTP/1.1" 404 432 "-" "Mozilla/5.0 (Macintosh; Intel Mac OS X 10_15_5) AppleWebKit/605.1.15 (KHTML, like Gecko) Version/13.1.1 Safari/605.1.15 (Applebot/0.1; +http://www.apple.com/go/applebot)"
17.121.114.118 - - [01/Sep/2021:10:17:32 +0000] "GET /xcaliber.dao.jpg HTTP/1.1" 200 14146 "-" "Mozilla/5.0 (Macintosh; Intel Mac OS X 10_15_5) AppleWebKit/605.1.15 (KHTML, like Gecko) Version/13.1.1 Safari/605.1.15 (Applebot/0.1; +http://www.apple.com/go/applebot)"
50.222.125.194 - - [01/Sep/2021:10:17:46 +0000] "POST /roundcube/?_task=mail&_action=refresh HTTP/1.1" 200 675 "http://plemma.cc/roundcube/?_task=mail&_mbox=INBOX" "Mozilla/5.0 (X11; CrOS x86_64 13982.82.0) AppleWebKit/537.36 (KHTML, like Gecko) Chrome/92.0.4515.157 Safari/537.36"
50.222.125.194 - - [01/Sep/2021:10:18:45 +0000] "POST /roundcube/?_task=mail&_action=refresh HTTP/1.1" 200 675 "http://plemma.cc/roundcube/?_task=mail&_mbox=INBOX" "Mozilla/5.0 (X11; CrOS x86_64 13982.82.0) AppleWebKit/537.36 (KHTML, like Gecko) Chrome/92.0.4515.157 Safari/537.36"
50.222.125.194 - - [01/Sep/2021:10:19:46 +0000] "POST /roundcube/?_task=mail&_action=refresh HTTP/1.1" 200 675 "http://plemma.cc/roundcube/?_task=mail&_mbox=INBOX" "Mozilla/5.0 (X11; CrOS x86_64 13982.82.0) AppleWebKit/537.36 (KHTML, like Gecko) Chrome/92.0.4515.157 Safari/537.36"
50.222.125.194 - - [01/Sep/2021:10:20:45 +0000] "POST /roundcube/?_task=mail&_action=refresh HTTP/1.1" 200 763 "http://plemma.cc/roundcube/?_task=mail&_mbox=INBOX" "Mozilla/5.0 (X11; CrOS x86_64 13982.82.0) AppleWebKit/537.36 (KHTML, like Gecko) Chrome/92.0.4515.157 Safari/537.36"
50.222.125.194 - - [01/Sep/2021:10:21:46 +0000] "POST /roundcube/?_task=mail&_action=refresh HTTP/1.1" 200 674 "http://plemma.cc/roundcube/?_task=mail&_mbox=INBOX" "Mozilla/5.0 (X11; CrOS x86_64 13982.82.0) AppleWebKit/537.36 (KHTML, like Gecko) Chrome/92.0.4515.157 Safari/537.36"
50.222.125.194 - - [01/Sep/2021:10:22:45 +0000] "POST /roundcube/?_task=mail&_action=refresh HTTP/1.1" 200 675 "http://plemma.cc/roundcube/?_task=mail&_mbox=INBOX" "Mozilla/5.0 (X11; CrOS x86_64 13982.82.0) AppleWebKit/537.36 (KHTML, like Gecko) Chrome/92.0.4515.157 Safari/537.36"
50.222.125.194 - - [01/Sep/2021:10:23:47 +0000] "POST /roundcube/?_task=mail&_action=refresh HTTP/1.1" 200 675 "http://plemma.cc/roundcube/?_task=mail&_mbox=INBOX" "Mozilla/5.0 (X11; CrOS x86_64 13982.82.0) AppleWebKit/537.36 (KHTML, like Gecko) Chrome/92.0.4515.157 Safari/537.36"
50.222.125.194 - - [01/Sep/2021:10:24:46 +0000] "POST /roundcube/?_task=mail&_action=refresh HTTP/1.1" 200 674 "http://plemma.cc/roundcube/?_task=mail&_mbox=INBOX" "Mozilla/5.0 (X11; CrOS x86_64 13982.82.0) AppleWebKit/537.36 (KHTML, like Gecko) Chrome/92.0.4515.157 Safari/537.36"
50.222.125.194 - - [01/Sep/2021:10:25:45 +0000] "POST /roundcube/?_task=mail&_action=refresh HTTP/1.1" 200 763 "http://plemma.cc/roundcube/?_task=mail&_mbox=INBOX" "Mozilla/5.0 (X11; CrOS x86_64 13982.82.0) AppleWebKit/537.36 (KHTML, like Gecko) Chrome/92.0.4515.157 Safari/537.36"
50.222.125.194 - - [01/Sep/2021:10:26:45 +0000] "POST /roundcube/?_task=mail&_action=refresh HTTP/1.1" 200 674 "http://plemma.cc/roundcube/?_task=mail&_mbox=INBOX" "Mozilla/5.0 (X11; CrOS x86_64 13982.82.0) AppleWebKit/537.36 (KHTML, like Gecko) Chrome/92.0.4515.157 Safari/537.36"
50.222.125.194 - - [01/Sep/2021:10:27:45 +0000] "POST /roundcube/?_task=mail&_action=refresh HTTP/1.1" 200 675 "http://plemma.cc/roundcube/?_task=mail&_mbox=INBOX" "Mozilla/5.0 (X11; CrOS x86_64 13982.82.0) AppleWebKit/537.36 (KHTML, like Gecko) Chrome/92.0.4515.157 Safari/537.36"
50.222.125.194 - - [01/Sep/2021:10:28:45 +0000] "POST /roundcube/?_task=mail&_action=refresh HTTP/1.1" 200 675 "http://plemma.cc/roundcube/?_task=mail&_mbox=INBOX" "Mozilla/5.0 (X11; CrOS x86_64 13982.82.0) AppleWebKit/537.36 (KHTML, like Gecko) Chrome/92.0.4515.157 Safari/537.36"
50.222.125.194 - - [01/Sep/2021:10:29:45 +0000] "POST /roundcube/?_task=mail&_action=refresh HTTP/1.1" 200 675 "http://plemma.cc/roundcube/?_task=mail&_mbox=INBOX" "Mozilla/5.0 (X11; CrOS x86_64 13982.82.0) AppleWebKit/537.36 (KHTML, like Gecko) Chrome/92.0.4515.157 Safari/537.36"
50.222.125.194 - - [01/Sep/2021:10:30:45 +0000] "POST /roundcube/?_task=mail&_action=refresh HTTP/1.1" 200 763 "http://plemma.cc/roundcube/?_task=mail&_mbox=INBOX" "Mozilla/5.0 (X11; CrOS x86_64 13982.82.0) AppleWebKit/537.36 (KHTML, like Gecko) Chrome/92.0.4515.157 Safari/537.36"
50.222.125.194 - - [01/Sep/2021:10:31:45 +0000] "POST /roundcube/?_task=mail&_action=refresh HTTP/1.1" 200 674 "http://plemma.cc/roundcube/?_task=mail&_mbox=INBOX" "Mozilla/5.0 (X11; CrOS x86_64 13982.82.0) AppleWebKit/537.36 (KHTML, like Gecko) Chrome/92.0.4515.157 Safari/537.36"
185.90.136.175 - - [01/Sep/2021:10:32:38 +0000] "GET / HTTP/1.1" 200 13804 "-" "Mozilla/5.0 (Windows NT 10.0; Win64; x64) AppleWebKit/537.36 (KHTML, like Gecko) Chrome/69.0.3497.81 Safari/537.36"
50.222.125.194 - - [01/Sep/2021:10:32:45 +0000] "POST /roundcube/?_task=mail&_action=refresh HTTP/1.1" 200 675 "http://plemma.cc/roundcube/?_task=mail&_mbox=INBOX" "Mozilla/5.0 (X11; CrOS x86_64 13982.82.0) AppleWebKit/537.36 (KHTML, like Gecko) Chrome/92.0.4515.157 Safari/537.36"
50.222.125.194 - - [01/Sep/2021:10:33:45 +0000] "POST /roundcube/?_task=mail&_action=refresh HTTP/1.1" 200 675 "http://plemma.cc/roundcube/?_task=mail&_mbox=INBOX" "Mozilla/5.0 (X11; CrOS x86_64 13982.82.0) AppleWebKit/537.36 (KHTML, like Gecko) Chrome/92.0.4515.157 Safari/537.36"
50.222.125.194 - - [01/Sep/2021:10:34:46 +0000] "POST /roundcube/?_task=mail&_action=refresh HTTP/1.1" 200 675 "http://plemma.cc/roundcube/?_task=mail&_mbox=INBOX" "Mozilla/5.0 (X11; CrOS x86_64 13982.82.0) AppleWebKit/537.36 (KHTML, like Gecko) Chrome/92.0.4515.157 Safari/537.36"
50.222.125.194 - - [01/Sep/2021:10:35:47 +0000] "POST /roundcube/?_task=mail&_action=refresh HTTP/1.1" 200 763 "http://plemma.cc/roundcube/?_task=mail&_mbox=INBOX" "Mozilla/5.0 (X11; CrOS x86_64 13982.82.0) AppleWebKit/537.36 (KHTML, like Gecko) Chrome/92.0.4515.157 Safari/537.36"
50.222.125.194 - - [01/Sep/2021:10:36:45 +0000] "POST /roundcube/?_task=mail&_action=refresh HTTP/1.1" 200 675 "http://plemma.cc/roundcube/?_task=mail&_mbox=INBOX" "Mozilla/5.0 (X11; CrOS x86_64 13982.82.0) AppleWebKit/537.36 (KHTML, like Gecko) Chrome/92.0.4515.157 Safari/537.36"
50.222.125.194 - - [01/Sep/2021:10:37:46 +0000] "POST /roundcube/?_task=mail&_action=refresh HTTP/1.1" 200 674 "http://plemma.cc/roundcube/?_task=mail&_mbox=INBOX" "Mozilla/5.0 (X11; CrOS x86_64 13982.82.0) AppleWebKit/537.36 (KHTML, like Gecko) Chrome/92.0.4515.157 Safari/537.36"
109.248.6.63 - - [01/Sep/2021:10:38:01 +0000] "GET / HTTP/1.0" 200 54807 "-" "masscan-ng/1.3 (https://github.com/bi-zone/masscan-ng)"
50.222.125.194 - - [01/Sep/2021:10:38:45 +0000] "POST /roundcube/?_task=mail&_action=refresh HTTP/1.1" 200 675 "http://plemma.cc/roundcube/?_task=mail&_mbox=INBOX" "Mozilla/5.0 (X11; CrOS x86_64 13982.82.0) AppleWebKit/537.36 (KHTML, like Gecko) Chrome/92.0.4515.157 Safari/537.36"
50.222.125.194 - - [01/Sep/2021:10:39:45 +0000] "POST /roundcube/?_task=mail&_action=refresh HTTP/1.1" 200 675 "http://plemma.cc/roundcube/?_task=mail&_mbox=INBOX" "Mozilla/5.0 (X11; CrOS x86_64 13982.82.0) AppleWebKit/537.36 (KHTML, like Gecko) Chrome/92.0.4515.157 Safari/537.36"
50.222.125.194 - - [01/Sep/2021:10:40:45 +0000] "POST /roundcube/?_task=mail&_action=refresh HTTP/1.1" 200 762 "http://plemma.cc/roundcube/?_task=mail&_mbox=INBOX" "Mozilla/5.0 (X11; CrOS x86_64 13982.82.0) AppleWebKit/537.36 (KHTML, like Gecko) Chrome/92.0.4515.157 Safari/537.36"
50.222.125.194 - - [01/Sep/2021:10:41:45 +0000] "POST /roundcube/?_task=mail&_action=refresh HTTP/1.1" 200 675 "http://plemma.cc/roundcube/?_task=mail&_mbox=INBOX" "Mozilla/5.0 (X11; CrOS x86_64 13982.82.0) AppleWebKit/537.36 (KHTML, like Gecko) Chrome/92.0.4515.157 Safari/537.36"
76.217.217.98 - - [01/Sep/2021:10:42:17 +0000] "GET / HTTP/1.1" 400 0 "-" "-"
50.222.125.194 - - [01/Sep/2021:10:42:47 +0000] "POST /roundcube/?_task=mail&_action=refresh HTTP/1.1" 200 675 "http://plemma.cc/roundcube/?_task=mail&_mbox=INBOX" "Mozilla/5.0 (X11; CrOS x86_64 13982.82.0) AppleWebKit/537.36 (KHTML, like Gecko) Chrome/92.0.4515.157 Safari/537.36"
50.222.125.194 - - [01/Sep/2021:10:43:45 +0000] "POST /roundcube/?_task=mail&_action=refresh HTTP/1.1" 200 675 "http://plemma.cc/roundcube/?_task=mail&_mbox=INBOX" "Mozilla/5.0 (X11; CrOS x86_64 13982.82.0) AppleWebKit/537.36 (KHTML, like Gecko) Chrome/92.0.4515.157 Safari/537.36"
50.222.125.194 - - [01/Sep/2021:10:44:46 +0000] "POST /roundcube/?_task=mail&_action=refresh HTTP/1.1" 200 675 "http://plemma.cc/roundcube/?_task=mail&_mbox=INBOX" "Mozilla/5.0 (X11; CrOS x86_64 13982.82.0) AppleWebKit/537.36 (KHTML, like Gecko) Chrome/92.0.4515.157 Safari/537.36"
176.27.8.75 - - [01/Sep/2021:10:45:33 +0000] "GET /xcaliber.dao.jpg HTTP/1.1" 200 14202 "-" "Mozilla/5.0 (Macintosh; Intel Mac OS X 10_15_7) AppleWebKit/605.1.15 (KHTML, like Gecko)"
176.27.8.75 - - [01/Sep/2021:10:45:33 +0000] "GET /usedjolie.png HTTP/1.1" 200 143400 "-" "Mozilla/5.0 (Macintosh; Intel Mac OS X 10_15_7) AppleWebKit/605.1.15 (KHTML, like Gecko)"
50.222.125.194 - - [01/Sep/2021:10:45:45 +0000] "POST /roundcube/?_task=mail&_action=refresh HTTP/1.1" 200 763 "http://plemma.cc/roundcube/?_task=mail&_mbox=INBOX" "Mozilla/5.0 (X11; CrOS x86_64 13982.82.0) AppleWebKit/537.36 (KHTML, like Gecko) Chrome/92.0.4515.157 Safari/537.36"
