51.91.13.105 - - [04/Sep/2021:01:27:14 +0000] "GET / HTTP/1.1" 200 13767 "-" "http.rb/4.4.1 (Mastodon/3.2.1; +https://qoto.org/) Bot"
193.26.156.23 - - [04/Sep/2021:01:27:16 +0000] "HEAD / HTTP/1.1" 200 255 "-" "Friendica 'Siberian Iris' 2021.09-dev-1434; https://anonsys.net"
193.26.156.23 - - [04/Sep/2021:01:27:16 +0000] "HEAD / HTTP/1.1" 200 255 "-" "Friendica 'Siberian Iris' 2021.09-dev-1434; https://anonsys.net"
193.26.156.23 - - [04/Sep/2021:01:27:17 +0000] "GET / HTTP/1.1" 200 54788 "-" "Friendica 'Siberian Iris' 2021.09-dev-1434; https://anonsys.net"
45.132.247.149 - - [04/Sep/2021:01:27:17 +0000] "HEAD / HTTP/1.1" 200 284 "-" "Friendica 'Siberian Iris' 2021.07-1424; https://noovi.org"
45.132.247.149 - - [04/Sep/2021:01:27:17 +0000] "HEAD / HTTP/1.1" 200 284 "-" "Friendica 'Siberian Iris' 2021.07-1424; https://noovi.org"
45.132.247.149 - - [04/Sep/2021:01:27:18 +0000] "GET / HTTP/1.1" 200 13748 "-" "Friendica 'Siberian Iris' 2021.07-1424; https://noovi.org"
46.4.121.222 - - [04/Sep/2021:01:27:20 +0000] "GET / HTTP/1.1" 200 13767 "-" "http.rb/4.4.1 (Mastodon/3.3.0; +https://skoops.social/) Bot"
144.76.18.70 - - [04/Sep/2021:01:27:21 +0000] "GET / HTTP/1.1" 200 13767 "-" "http.rb/4.4.1 (Mastodon/3.4.1; +https://social.lohn.in/) Bot"
95.216.195.77 - - [04/Sep/2021:01:27:23 +0000] "GET / HTTP/1.1" 200 13767 "-" "http.rb/4.4.1 (Mastodon/3.4.1+koyuspace; +https://koyu.space/) Bot"
217.80.15.57 - - [04/Sep/2021:01:27:23 +0000] "GET / HTTP/1.1" 200 13767 "-" "http.rb/4.4.1 (Mastodon/3.4.1; +https://mastodon.brodi.space/) Bot"
51.178.79.76 - - [04/Sep/2021:01:27:24 +0000] "GET / HTTP/1.1" 200 13767 "-" "http.rb/4.4.1 (Mastodon/3.4.1; +https://rigcz.club/) Bot"
193.96.188.142 - - [04/Sep/2021:01:27:30 +0000] "GET / HTTP/1.1" 200 13767 "-" "http.rb/4.4.1 (Mastodon/3.4.1; +https://mastodon.humanistische-union.de/) Bot"
85.114.140.116 - - [04/Sep/2021:01:27:31 +0000] "GET / HTTP/1.1" 200 13767 "-" "http.rb/4.4.1 (Mastodon/3.4.1; +https://social.beachcom.org/) Bot"
109.71.214.172 - - [04/Sep/2021:01:27:31 +0000] "GET / HTTP/1.1" 200 13767 "-" "http.rb/4.4.1 (Mastodon/3.4.1; +https://mastodon.macsnet.cz/) Bot"
157.245.178.94 - - [04/Sep/2021:01:27:31 +0000] "GET / HTTP/1.1" 200 13767 "-" "http.rb/4.4.1 (Mastodon/3.4.0; +https://thicc.horse/) Bot"
82.26.167.253 - - [04/Sep/2021:01:27:32 +0000] "GET / HTTP/1.1" 200 13767 "-" "http.rb/4.4.1 (Mastodon/3.4.1; +https://blimey.social/) Bot"
45.130.146.141 - - [04/Sep/2021:01:27:33 +0000] "GET / HTTP/1.1" 200 13767 "-" "http.rb/4.4.1 (Mastodon/3.4.0; +https://hentai.press/) Bot"
157.90.231.12 - - [04/Sep/2021:01:27:34 +0000] "GET / HTTP/1.1" 200 13767 "-" "http.rb/4.4.1 (Mastodon/3.4.1; +https://semisol.net/) Bot"
5.9.122.242 - - [04/Sep/2021:01:27:36 +0000] "GET / HTTP/1.1" 200 13767 "-" "http.rb/4.4.1 (Mastodon/3.4.1; +https://social.grimneko.de/) Bot"
34.71.246.240 - - [04/Sep/2021:01:27:38 +0000] "GET / HTTP/1.1" 200 13767 "-" "http.rb/4.4.1 (Mastodon/3.4.1; +https://tribefeed.online/) Bot"
195.201.111.25 - - [04/Sep/2021:01:27:40 +0000] "GET / HTTP/1.1" 200 13767 "-" "http.rb/4.4.1 (Mastodon/3.4.1; +https://mastodon.cloud/) Bot"
199.127.61.176 - - [04/Sep/2021:01:27:41 +0000] "GET / HTTP/1.1" 200 13767 "-" "http.rb/4.4.1 (Mastodon/3.3.0; +https://zee.li/) Bot"
85.125.193.90 - - [04/Sep/2021:01:27:41 +0000] "HEAD / HTTP/1.1" 200 311 "-" "http.rb/3.3.0 (Mastodon/2.7.0; +https://mastodon.party.at/)"
85.125.193.90 - - [04/Sep/2021:01:27:41 +0000] "GET / HTTP/1.1" 200 13803 "-" "http.rb/3.3.0 (Mastodon/2.7.0; +https://mastodon.party.at/)"
54.37.254.31 - - [04/Sep/2021:01:27:42 +0000] "GET / HTTP/1.1" 200 13767 "-" "http.rb/4.4.1 (Mastodon/3.4.1; +https://u.johnconway.art/) Bot"
138.197.218.105 - - [04/Sep/2021:01:27:43 +0000] "GET / HTTP/1.1" 200 13767 "-" "http.rb/4.4.1 (Mastodon/3.4.1; +https://freeradical.zone/) Bot"
104.131.88.177 - - [04/Sep/2021:01:27:45 +0000] "GET / HTTP/1.1" 200 13767 "-" "http.rb/4.4.1 (Mastodon/3.4.0; +https://newsocial.tech/) Bot"
84.140.195.206 - - [04/Sep/2021:01:27:51 +0000] "GET / HTTP/1.1" 200 13767 "-" "http.rb/4.4.1 (Mastodon/3.4.1; +https://gogel.social/) Bot"
95.211.148.140 - - [04/Sep/2021:01:27:52 +0000] "GET / HTTP/1.1" 200 13767 "-" "http.rb/4.4.1 (Mastodon/3.3.0; +https://social.drastical.tech/) Bot"
51.158.64.153 - - [04/Sep/2021:01:27:54 +0000] "GET / HTTP/1.1" 200 13767 "-" "http.rb/4.4.1 (Mastodon/3.4.1; +https://mstdn.io/) Bot"
157.90.26.72 - - [04/Sep/2021:01:27:54 +0000] "GET / HTTP/1.1" 200 13767 "-" "http.rb/4.4.1 (Mastodon/3.4.0; +https://101010.pl/) Bot"
131.147.41.183 - - [04/Sep/2021:01:27:56 +0000] "GET / HTTP/1.1" 200 13767 "-" "http.rb/4.4.1 (Mastodon/3.4.1R1; +https://2nd.slum.cloud/) Bot"
73.107.144.246 - - [04/Sep/2021:01:27:56 +0000] "POST /roundcube/?_task=mail&_action=refresh HTTP/1.1" 200 780 "http://plemma.cc/roundcube/?_task=mail&_mbox=INBOX" "Mozilla/5.0 (X11; CrOS x86_64 13982.88.0) AppleWebKit/537.36 (KHTML, like Gecko) Chrome/92.0.4515.162 Safari/537.36"
51.91.13.105 - - [04/Sep/2021:01:27:59 +0000] "GET / HTTP/1.1" 200 13767 "-" "http.rb/4.4.1 (Mastodon/3.2.1; +https://qoto.org/) Bot"
18.232.151.21 - - [04/Sep/2021:01:28:00 +0000] "GET / HTTP/1.1" 200 13767 "-" "http.rb/4.4.1 (Mastodon/3.2.1-qoto; +https://groups.qoto.org/) Bot"
193.26.156.23 - - [04/Sep/2021:01:28:00 +0000] "HEAD / HTTP/1.1" 200 255 "-" "Friendica 'Siberian Iris' 2021.09-dev-1434; https://anonsys.net"
45.132.247.149 - - [04/Sep/2021:01:28:00 +0000] "HEAD / HTTP/1.1" 200 284 "-" "Friendica 'Siberian Iris' 2021.07-1424; https://noovi.org"
138.68.10.157 - - [04/Sep/2021:01:28:01 +0000] "GET / HTTP/1.1" 200 13767 "-" "http.rb/4.4.1 (Mastodon/3.4.1; +https://social.homunyan.com/) Bot"
157.90.26.72 - - [04/Sep/2021:01:28:04 +0000] "GET / HTTP/1.1" 200 13767 "-" "http.rb/4.4.1 (Mastodon/3.4.0; +https://101010.pl/) Bot"
46.4.121.222 - - [04/Sep/2021:01:28:05 +0000] "GET / HTTP/1.1" 200 13767 "-" "http.rb/4.4.1 (Mastodon/3.3.0; +https://skoops.social/) Bot"
46.4.54.74 - - [04/Sep/2021:01:28:06 +0000] "GET / HTTP/1.1" 200 13767 "-" "http.rb/4.4.1 (Mastodon/3.4.1; +https://m.kuko.hamburg/) Bot"
46.138.242.240 - - [04/Sep/2021:01:28:06 +0000] "GET / HTTP/1.1" 200 13767 "-" "http.rb/4.4.1 (Mastodon/3.4.1; +https://mastodon.astrr.ru/) Bot"
46.4.54.74 - - [04/Sep/2021:01:28:12 +0000] "GET / HTTP/1.1" 200 13767 "-" "http.rb/4.4.1 (Mastodon/3.4.1; +https://m.kuko.hamburg/) Bot"
51.91.13.105 - - [04/Sep/2021:01:28:15 +0000] "GET / HTTP/1.1" 200 13767 "-" "http.rb/4.4.1 (Mastodon/3.2.1; +https://qoto.org/) Bot"
193.96.188.142 - - [04/Sep/2021:01:28:15 +0000] "GET / HTTP/1.1" 200 13767 "-" "http.rb/4.4.1 (Mastodon/3.4.1; +https://mastodon.humanistische-union.de/) Bot"
157.245.178.94 - - [04/Sep/2021:01:28:16 +0000] "GET / HTTP/1.1" 200 13767 "-" "http.rb/4.4.1 (Mastodon/3.4.0; +https://thicc.horse/) Bot"
193.26.156.23 - - [04/Sep/2021:01:28:16 +0000] "HEAD / HTTP/1.1" 200 255 "-" "Friendica 'Siberian Iris' 2021.09-dev-1434; https://anonsys.net"
45.132.247.149 - - [04/Sep/2021:01:28:16 +0000] "HEAD / HTTP/1.1" 200 284 "-" "Friendica 'Siberian Iris' 2021.07-1424; https://noovi.org"
157.90.231.12 - - [04/Sep/2021:01:28:17 +0000] "GET / HTTP/1.1" 200 13767 "-" "http.rb/4.4.1 (Mastodon/3.4.1; +https://semisol.net/) Bot"
31.172.31.195 - - [04/Sep/2021:01:28:18 +0000] "GET / HTTP/1.1" 200 13767 "-" "http.rb/4.4.1 (Mastodon/3.4.1; +https://nerdculture.de/) Bot"
199.195.249.98 - - [04/Sep/2021:01:28:21 +0000] "GET / HTTP/1.1" 200 13767 "-" "http.rb/4.4.1 (Mastodon/3.2.0; +https://gameliberty.club/) Bot"
85.114.140.116 - - [04/Sep/2021:01:28:21 +0000] "GET / HTTP/1.1" 200 13767 "-" "http.rb/4.4.1 (Mastodon/3.4.1; +https://social.beachcom.org/) Bot"
136.32.103.99 - - [04/Sep/2021:01:28:21 +0000] "GET / HTTP/1.1" 200 13767 "-" "http.rb/4.4.1 (Mastodon/3.3.0; +https://social.thisisjoes.site/) Bot"
104.131.108.201 - - [04/Sep/2021:01:28:22 +0000] "GET / HTTP/1.1" 200 13767 "-" "http.rb/4.4.1 (Mastodon/3.4.0; +https://newsocial.tech/) Bot"
66.68.48.192 - - [04/Sep/2021:01:28:22 +0000] "GET / HTTP/1.1" 200 13767 "-" "http.rb/4.4.1 (Mastodon/3.4.1; +https://nonexiste.net/) Bot"
157.90.26.72 - - [04/Sep/2021:01:28:22 +0000] "GET / HTTP/1.1" 200 13767 "-" "http.rb/4.4.1 (Mastodon/3.4.0; +https://101010.pl/) Bot"
131.147.41.183 - - [04/Sep/2021:01:28:24 +0000] "GET / HTTP/1.1" 200 13767 "-" "http.rb/4.4.1 (Mastodon/3.4.1R1; +https://2nd.slum.cloud/) Bot"
46.4.54.74 - - [04/Sep/2021:01:28:26 +0000] "GET / HTTP/1.1" 200 13767 "-" "http.rb/4.4.1 (Mastodon/3.4.1; +https://m.kuko.hamburg/) Bot"
82.26.167.253 - - [04/Sep/2021:01:28:26 +0000] "GET / HTTP/1.1" 200 13767 "-" "http.rb/4.4.1 (Mastodon/3.4.1; +https://blimey.social/) Bot"
54.37.254.31 - - [04/Sep/2021:01:28:26 +0000] "GET / HTTP/1.1" 200 13767 "-" "http.rb/4.4.1 (Mastodon/3.4.1; +https://u.johnconway.art/) Bot"
5.9.122.242 - - [04/Sep/2021:01:28:28 +0000] "GET / HTTP/1.1" 200 13767 "-" "http.rb/4.4.1 (Mastodon/3.4.1; +https://social.grimneko.de/) Bot"
85.114.140.116 - - [04/Sep/2021:01:28:28 +0000] "GET / HTTP/1.1" 200 13767 "-" "http.rb/4.4.1 (Mastodon/3.4.1; +https://social.beachcom.org/) Bot"
199.127.61.176 - - [04/Sep/2021:01:28:29 +0000] "GET / HTTP/1.1" 200 13767 "-" "http.rb/4.4.1 (Mastodon/3.3.0; +https://zee.li/) Bot"
84.140.195.206 - - [04/Sep/2021:01:28:31 +0000] "GET / HTTP/1.1" 200 13767 "-" "http.rb/4.4.1 (Mastodon/3.4.1; +https://gogel.social/) Bot"
45.130.146.141 - - [04/Sep/2021:01:28:33 +0000] "GET / HTTP/1.1" 200 13767 "-" "http.rb/4.4.1 (Mastodon/3.4.0; +https://hentai.press/) Bot"
54.37.254.31 - - [04/Sep/2021:01:28:34 +0000] "GET / HTTP/1.1" 200 13767 "-" "http.rb/4.4.1 (Mastodon/3.4.1; +https://u.johnconway.art/) Bot"
51.178.79.76 - - [04/Sep/2021:01:28:34 +0000] "GET / HTTP/1.1" 200 13767 "-" "http.rb/4.4.1 (Mastodon/3.4.1; +https://rigcz.club/) Bot"
138.197.218.105 - - [04/Sep/2021:01:28:34 +0000] "GET / HTTP/1.1" 200 13767 "-" "http.rb/4.4.1 (Mastodon/3.4.1; +https://freeradical.zone/) Bot"
51.178.79.76 - - [04/Sep/2021:01:28:35 +0000] "GET / HTTP/1.1" 200 13767 "-" "http.rb/4.4.1 (Mastodon/3.4.1; +https://rigcz.club/) Bot"
199.195.249.98 - - [04/Sep/2021:01:28:35 +0000] "GET / HTTP/1.1" 200 13767 "-" "http.rb/4.4.1 (Mastodon/3.2.0; +https://gameliberty.club/) Bot"
195.201.111.25 - - [04/Sep/2021:01:28:36 +0000] "GET / HTTP/1.1" 200 13767 "-" "http.rb/4.4.1 (Mastodon/3.4.1; +https://mastodon.cloud/) Bot"
104.131.108.201 - - [04/Sep/2021:01:28:40 +0000] "GET / HTTP/1.1" 200 13767 "-" "http.rb/4.4.1 (Mastodon/3.4.0; +https://newsocial.tech/) Bot"
66.68.48.192 - - [04/Sep/2021:01:28:41 +0000] "GET / HTTP/1.1" 200 13767 "-" "http.rb/4.4.1 (Mastodon/3.4.1; +https://nonexiste.net/) Bot"
195.201.111.25 - - [04/Sep/2021:01:28:44 +0000] "GET / HTTP/1.1" 200 13767 "-" "http.rb/4.4.1 (Mastodon/3.4.1; +https://mastodon.cloud/) Bot"
5.9.122.242 - - [04/Sep/2021:01:28:44 +0000] "GET / HTTP/1.1" 200 13767 "-" "http.rb/4.4.1 (Mastodon/3.4.1; +https://social.grimneko.de/) Bot"
46.4.121.222 - - [04/Sep/2021:01:28:45 +0000] "GET / HTTP/1.1" 200 13767 "-" "http.rb/4.4.1 (Mastodon/3.3.0; +https://skoops.social/) Bot"
138.68.10.157 - - [04/Sep/2021:01:28:47 +0000] "GET / HTTP/1.1" 200 13767 "-" "http.rb/4.4.1 (Mastodon/3.4.1; +https://social.homunyan.com/) Bot"
144.76.18.70 - - [04/Sep/2021:01:28:47 +0000] "GET / HTTP/1.1" 200 13767 "-" "http.rb/4.4.1 (Mastodon/3.4.1; +https://social.lohn.in/) Bot"
199.195.249.98 - - [04/Sep/2021:01:28:49 +0000] "GET / HTTP/1.1" 200 13767 "-" "http.rb/4.4.1 (Mastodon/3.2.0; +https://gameliberty.club/) Bot"
46.138.242.240 - - [04/Sep/2021:01:28:49 +0000] "GET / HTTP/1.1" 200 13767 "-" "http.rb/4.4.1 (Mastodon/3.4.1; +https://mastodon.astrr.ru/) Bot"
217.80.15.57 - - [04/Sep/2021:01:28:49 +0000] "GET / HTTP/1.1" 200 13767 "-" "http.rb/4.4.1 (Mastodon/3.4.1; +https://mastodon.brodi.space/) Bot"
84.140.195.206 - - [04/Sep/2021:01:28:50 +0000] "GET / HTTP/1.1" 200 13767 "-" "http.rb/4.4.1 (Mastodon/3.4.1; +https://gogel.social/) Bot"
95.211.148.140 - - [04/Sep/2021:01:28:50 +0000] "GET / HTTP/1.1" 200 13767 "-" "http.rb/4.4.1 (Mastodon/3.3.0; +https://social.drastical.tech/) Bot"
95.216.195.77 - - [04/Sep/2021:01:28:50 +0000] "GET / HTTP/1.1" 200 13767 "-" "http.rb/4.4.1 (Mastodon/3.4.1+koyuspace; +https://koyu.space/) Bot"
109.71.214.172 - - [04/Sep/2021:01:28:51 +0000] "GET / HTTP/1.1" 200 13767 "-" "http.rb/4.4.1 (Mastodon/3.4.1; +https://mastodon.macsnet.cz/) Bot"
199.127.61.176 - - [04/Sep/2021:01:28:53 +0000] "GET / HTTP/1.1" 200 13767 "-" "http.rb/4.4.1 (Mastodon/3.3.0; +https://zee.li/) Bot"
31.172.31.195 - - [04/Sep/2021:01:28:53 +0000] "GET / HTTP/1.1" 200 13767 "-" "http.rb/4.4.1 (Mastodon/3.4.1; +https://nerdculture.de/) Bot"
51.158.64.153 - - [04/Sep/2021:01:28:54 +0000] "GET / HTTP/1.1" 200 13767 "-" "http.rb/4.4.1 (Mastodon/3.4.1; +https://mstdn.io/) Bot"
66.68.48.192 - - [04/Sep/2021:01:28:54 +0000] "GET / HTTP/1.1" 200 13767 "-" "http.rb/4.4.1 (Mastodon/3.4.1; +https://nonexiste.net/) Bot"
18.232.151.21 - - [04/Sep/2021:01:28:55 +0000] "GET / HTTP/1.1" 200 13767 "-" "http.rb/4.4.1 (Mastodon/3.2.1-qoto; +https://groups.qoto.org/) Bot"
136.32.103.99 - - [04/Sep/2021:01:28:55 +0000] "GET / HTTP/1.1" 200 13767 "-" "http.rb/4.4.1 (Mastodon/3.3.0; +https://social.thisisjoes.site/) Bot"
109.71.214.172 - - [04/Sep/2021:01:28:57 +0000] "GET / HTTP/1.1" 200 13767 "-" "http.rb/4.4.1 (Mastodon/3.4.1; +https://mastodon.macsnet.cz/) Bot"
73.107.144.246 - - [04/Sep/2021:01:28:57 +0000] "POST /roundcube/?_task=mail&_action=refresh HTTP/1.1" 200 782 "http://plemma.cc/roundcube/?_task=mail&_mbox=INBOX" "Mozilla/5.0 (X11; CrOS x86_64 13982.88.0) AppleWebKit/537.36 (KHTML, like Gecko) Chrome/92.0.4515.162 Safari/537.36"
31.172.31.195 - - [04/Sep/2021:01:28:59 +0000] "GET / HTTP/1.1" 200 13767 "-" "http.rb/4.4.1 (Mastodon/3.4.1; +https://nerdculture.de/) Bot"
45.130.146.141 - - [04/Sep/2021:01:28:59 +0000] "GET / HTTP/1.1" 200 13767 "-" "http.rb/4.4.1 (Mastodon/3.4.0; +https://hentai.press/) Bot"
34.71.246.240 - - [04/Sep/2021:01:29:00 +0000] "GET / HTTP/1.1" 200 13767 "-" "http.rb/4.4.1 (Mastodon/3.4.1; +https://tribefeed.online/) Bot"
136.32.103.99 - - [04/Sep/2021:01:29:02 +0000] "GET / HTTP/1.1" 200 13767 "-" "http.rb/4.4.1 (Mastodon/3.3.0; +https://social.thisisjoes.site/) Bot"
82.26.167.253 - - [04/Sep/2021:01:29:04 +0000] "GET / HTTP/1.1" 200 13767 "-" "http.rb/4.4.1 (Mastodon/3.4.1; +https://blimey.social/) Bot"
34.71.246.240 - - [04/Sep/2021:01:29:07 +0000] "GET / HTTP/1.1" 200 13767 "-" "http.rb/4.4.1 (Mastodon/3.4.1; +https://tribefeed.online/) Bot"
95.216.195.77 - - [04/Sep/2021:01:29:08 +0000] "GET / HTTP/1.1" 200 13767 "-" "http.rb/4.4.1 (Mastodon/3.4.1+koyuspace; +https://koyu.space/) Bot"
95.211.148.140 - - [04/Sep/2021:01:29:08 +0000] "GET / HTTP/1.1" 200 13767 "-" "http.rb/4.4.1 (Mastodon/3.3.0; +https://social.drastical.tech/) Bot"
217.80.15.57 - - [04/Sep/2021:01:29:09 +0000] "GET / HTTP/1.1" 200 13767 "-" "http.rb/4.4.1 (Mastodon/3.4.1; +https://mastodon.brodi.space/) Bot"
144.76.18.70 - - [04/Sep/2021:01:29:10 +0000] "GET / HTTP/1.1" 200 13767 "-" "http.rb/4.4.1 (Mastodon/3.4.1; +https://social.lohn.in/) Bot"
157.245.178.94 - - [04/Sep/2021:01:29:11 +0000] "GET / HTTP/1.1" 200 13767 "-" "http.rb/4.4.1 (Mastodon/3.4.0; +https://thicc.horse/) Bot"
138.68.10.157 - - [04/Sep/2021:01:29:13 +0000] "GET / HTTP/1.1" 200 13767 "-" "http.rb/4.4.1 (Mastodon/3.4.1; +https://social.homunyan.com/) Bot"
46.138.242.240 - - [04/Sep/2021:01:29:13 +0000] "GET / HTTP/1.1" 200 13767 "-" "http.rb/4.4.1 (Mastodon/3.4.1; +https://mastodon.astrr.ru/) Bot"
18.232.151.21 - - [04/Sep/2021:01:29:13 +0000] "GET / HTTP/1.1" 200 13767 "-" "http.rb/4.4.1 (Mastodon/3.2.1-qoto; +https://groups.qoto.org/) Bot"
157.90.231.12 - - [04/Sep/2021:01:29:13 +0000] "GET / HTTP/1.1" 200 13767 "-" "http.rb/4.4.1 (Mastodon/3.4.1; +https://semisol.net/) Bot"
131.147.41.183 - - [04/Sep/2021:01:29:14 +0000] "GET / HTTP/1.1" 200 13767 "-" "http.rb/4.4.1 (Mastodon/3.4.1R1; +https://2nd.slum.cloud/) Bot"
138.197.218.105 - - [04/Sep/2021:01:29:14 +0000] "GET / HTTP/1.1" 200 13767 "-" "http.rb/4.4.1 (Mastodon/3.4.1; +https://freeradical.zone/) Bot"
51.158.64.153 - - [04/Sep/2021:01:29:15 +0000] "GET / HTTP/1.1" 200 13767 "-" "http.rb/4.4.1 (Mastodon/3.4.1; +https://mstdn.io/) Bot"
193.96.188.142 - - [04/Sep/2021:01:29:20 +0000] "GET / HTTP/1.1" 200 13767 "-" "http.rb/4.4.1 (Mastodon/3.4.1; +https://mastodon.humanistische-union.de/) Bot"
86.213.162.167 - - [04/Sep/2021:01:29:33 +0000] "GET / HTTP/1.1" 200 13767 "-" "http.rb/4.4.1 (Mastodon/3.4.1; +https://mastodon.arbleizez.bzh/) Bot"
73.107.144.246 - - [04/Sep/2021:01:29:54 +0000] "POST /roundcube/?_task=mail&_action=refresh HTTP/1.1" 200 780 "http://plemma.cc/roundcube/?_task=mail&_mbox=INBOX" "Mozilla/5.0 (X11; CrOS x86_64 13982.88.0) AppleWebKit/537.36 (KHTML, like Gecko) Chrome/92.0.4515.162 Safari/537.36"
199.16.157.180 - - [04/Sep/2021:01:30:01 +0000] "GET /robots.txt HTTP/1.1" 404 432 "-" "Twitterbot/1.0"
199.16.157.180 - - [04/Sep/2021:01:30:01 +0000] "GET / HTTP/1.1" 200 13748 "-" "Twitterbot/1.0"
34.83.200.95 - - [04/Sep/2021:01:30:07 +0000] "HEAD / HTTP/1.1" 200 255 "-" "Mozilla/5.0 (iPhone; CPU iPhone OS 12_2 like Mac OS X) AppleWebKit/605.1.15 (KHTML, like Gecko) Version/12.1 Mobile/15E148 Safari/604.1"
34.83.200.95 - - [04/Sep/2021:01:30:07 +0000] "HEAD / HTTP/1.1" 200 255 "-" "-"
34.83.200.95 - - [04/Sep/2021:01:30:07 +0000] "HEAD / HTTP/1.1" 200 255 "-" "Mozilla/5.0 (Macintosh; Intel Mac OS X 10_14_5) AppleWebKit/537.36 (KHTML, like Gecko) Chrome/78.0.3904.108 Safari/537.36"
116.202.35.90 - - [04/Sep/2021:01:30:15 +0000] "GET /robots.txt HTTP/1.1" 404 451 "-" "Mozilla/5.0 (X11; U; Linux i686; fr; rv:1.8.1.8) Gecko/20071022 Ubuntu/7.10 (gutsy) Firefox/51.0"
116.202.35.90 - - [04/Sep/2021:01:30:15 +0000] "GET / HTTP/1.1" 200 13767 "-" "Mozilla/5.0 (X11; U; Linux i686; fr; rv:1.8.1.8) Gecko/20071022 Ubuntu/7.10 (gutsy) Firefox/51.0"
3.216.59.194 - - [04/Sep/2021:01:30:20 +0000] "GET /robots.txt HTTP/1.1" 404 432 "-" "Mozilla/5.0 (compatible; ia_archiver/1.0; +http://www.alexa.com/help/webmasters; crawler@alexa.com)"
3.216.59.194 - - [04/Sep/2021:01:30:21 +0000] "GET / HTTP/1.1" 200 13748 "-" "Mozilla/5.0 (compatible; ia_archiver/1.0; +http://www.alexa.com/help/webmasters; crawler@alexa.com)"
86.213.162.167 - - [04/Sep/2021:01:30:50 +0000] "GET / HTTP/1.1" 200 13767 "-" "http.rb/4.4.1 (Mastodon/3.4.1; +https://mastodon.arbleizez.bzh/) Bot"
73.107.144.246 - - [04/Sep/2021:01:30:54 +0000] "POST /roundcube/?_task=mail&_action=refresh HTTP/1.1" 200 869 "http://plemma.cc/roundcube/?_task=mail&_mbox=INBOX" "Mozilla/5.0 (X11; CrOS x86_64 13982.88.0) AppleWebKit/537.36 (KHTML, like Gecko) Chrome/92.0.4515.162 Safari/537.36"
86.213.162.167 - - [04/Sep/2021:01:31:02 +0000] "GET / HTTP/1.1" 200 13767 "-" "http.rb/4.4.1 (Mastodon/3.4.1; +https://mastodon.arbleizez.bzh/) Bot"
136.243.80.152 - - [04/Sep/2021:01:31:30 +0000] "GET / HTTP/1.1" 206 13797 "-" "Mozilla/5.0 (compatible; TrendsmapResolver/0.1)"
73.107.144.246 - - [04/Sep/2021:01:31:55 +0000] "POST /roundcube/?_task=mail&_action=refresh HTTP/1.1" 200 781 "http://plemma.cc/roundcube/?_task=mail&_mbox=INBOX" "Mozilla/5.0 (X11; CrOS x86_64 13982.88.0) AppleWebKit/537.36 (KHTML, like Gecko) Chrome/92.0.4515.162 Safari/537.36"
73.107.144.246 - - [04/Sep/2021:01:32:55 +0000] "POST /roundcube/?_task=mail&_action=refresh HTTP/1.1" 200 782 "http://plemma.cc/roundcube/?_task=mail&_mbox=INBOX" "Mozilla/5.0 (X11; CrOS x86_64 13982.88.0) AppleWebKit/537.36 (KHTML, like Gecko) Chrome/92.0.4515.162 Safari/537.36"
116.198.162.217 - - [04/Sep/2021:01:33:52 +0000] "GET /rsync HTTP/1.1" 404 488 "-" "Mozilla/5.0 (Windows NT 10.0; Win64; x64) AppleWebKit/537.36 (KHTML, like Gecko) Chrome/66.0.3359.181 Safari/537.36"
73.107.144.246 - - [04/Sep/2021:01:33:54 +0000] "POST /roundcube/?_task=mail&_action=refresh HTTP/1.1" 200 782 "http://plemma.cc/roundcube/?_task=mail&_mbox=INBOX" "Mozilla/5.0 (X11; CrOS x86_64 13982.88.0) AppleWebKit/537.36 (KHTML, like Gecko) Chrome/92.0.4515.162 Safari/537.36"
73.107.144.246 - - [04/Sep/2021:01:34:56 +0000] "POST /roundcube/?_task=mail&_action=refresh HTTP/1.1" 200 780 "http://plemma.cc/roundcube/?_task=mail&_mbox=INBOX" "Mozilla/5.0 (X11; CrOS x86_64 13982.88.0) AppleWebKit/537.36 (KHTML, like Gecko) Chrome/92.0.4515.162 Safari/537.36"
73.107.144.246 - - [04/Sep/2021:01:35:58 +0000] "POST /roundcube/?_task=mail&_action=refresh HTTP/1.1" 200 870 "http://plemma.cc/roundcube/?_task=mail&_mbox=INBOX" "Mozilla/5.0 (X11; CrOS x86_64 13982.88.0) AppleWebKit/537.36 (KHTML, like Gecko) Chrome/92.0.4515.162 Safari/537.36"
73.107.144.246 - - [04/Sep/2021:01:36:59 +0000] "POST /roundcube/?_task=mail&_action=refresh HTTP/1.1" 200 781 "http://plemma.cc/roundcube/?_task=mail&_mbox=INBOX" "Mozilla/5.0 (X11; CrOS x86_64 13982.88.0) AppleWebKit/537.36 (KHTML, like Gecko) Chrome/92.0.4515.162 Safari/537.36"
73.107.144.246 - - [04/Sep/2021:01:37:59 +0000] "POST /roundcube/?_task=mail&_action=refresh HTTP/1.1" 200 780 "http://plemma.cc/roundcube/?_task=mail&_mbox=INBOX" "Mozilla/5.0 (X11; CrOS x86_64 13982.88.0) AppleWebKit/537.36 (KHTML, like Gecko) Chrome/92.0.4515.162 Safari/537.36"
73.107.144.246 - - [04/Sep/2021:01:38:30 +0000] "GET / HTTP/1.1" 200 42224 "-" "Mozilla/5.0 (X11; CrOS x86_64 13982.88.0) AppleWebKit/537.36 (KHTML, like Gecko) Chrome/92.0.4515.162 Safari/537.36"
73.107.144.246 - - [04/Sep/2021:01:38:31 +0000] "GET /css/variables.css HTTP/1.1" 200 1498 "http://plemma.cc/" "Mozilla/5.0 (X11; CrOS x86_64 13982.88.0) AppleWebKit/537.36 (KHTML, like Gecko) Chrome/92.0.4515.162 Safari/537.36"
73.107.144.246 - - [04/Sep/2021:01:38:31 +0000] "GET /css/general.css HTTP/1.1" 200 1860 "http://plemma.cc/" "Mozilla/5.0 (X11; CrOS x86_64 13982.88.0) AppleWebKit/537.36 (KHTML, like Gecko) Chrome/92.0.4515.162 Safari/537.36"
73.107.144.246 - - [04/Sep/2021:01:38:31 +0000] "GET /FontAwesome/css/font-awesome.css HTTP/1.1" 404 488 "http://plemma.cc/" "Mozilla/5.0 (X11; CrOS x86_64 13982.88.0) AppleWebKit/537.36 (KHTML, like Gecko) Chrome/92.0.4515.162 Safari/537.36"
73.107.144.246 - - [04/Sep/2021:01:38:31 +0000] "GET /css/chrome.css HTTP/1.1" 200 2692 "http://plemma.cc/" "Mozilla/5.0 (X11; CrOS x86_64 13982.88.0) AppleWebKit/537.36 (KHTML, like Gecko) Chrome/92.0.4515.162 Safari/537.36"
73.107.144.246 - - [04/Sep/2021:01:38:31 +0000] "GET /fonts/fonts.css HTTP/1.1" 404 488 "http://plemma.cc/" "Mozilla/5.0 (X11; CrOS x86_64 13982.88.0) AppleWebKit/537.36 (KHTML, like Gecko) Chrome/92.0.4515.162 Safari/537.36"
73.107.144.246 - - [04/Sep/2021:01:38:31 +0000] "GET /highlight.css HTTP/1.1" 404 488 "http://plemma.cc/" "Mozilla/5.0 (X11; CrOS x86_64 13982.88.0) AppleWebKit/537.36 (KHTML, like Gecko) Chrome/92.0.4515.162 Safari/537.36"
73.107.144.246 - - [04/Sep/2021:01:38:31 +0000] "GET /tomorrow-night.css HTTP/1.1" 404 487 "http://plemma.cc/" "Mozilla/5.0 (X11; CrOS x86_64 13982.88.0) AppleWebKit/537.36 (KHTML, like Gecko) Chrome/92.0.4515.162 Safari/537.36"
73.107.144.246 - - [04/Sep/2021:01:38:32 +0000] "GET /ayu-highlight.css HTTP/1.1" 404 487 "http://plemma.cc/" "Mozilla/5.0 (X11; CrOS x86_64 13982.88.0) AppleWebKit/537.36 (KHTML, like Gecko) Chrome/92.0.4515.162 Safari/537.36"
73.107.144.246 - - [04/Sep/2021:01:38:32 +0000] "GET /css/print.css HTTP/1.1" 200 734 "http://plemma.cc/" "Mozilla/5.0 (X11; CrOS x86_64 13982.88.0) AppleWebKit/537.36 (KHTML, like Gecko) Chrome/92.0.4515.162 Safari/537.36"
73.107.144.246 - - [04/Sep/2021:01:38:32 +0000] "GET /xcaliber.dao.jpg HTTP/1.1" 200 14201 "http://plemma.cc/" "Mozilla/5.0 (X11; CrOS x86_64 13982.88.0) AppleWebKit/537.36 (KHTML, like Gecko) Chrome/92.0.4515.162 Safari/537.36"
73.107.144.246 - - [04/Sep/2021:01:38:32 +0000] "GET /usedjolie.png HTTP/1.1" 200 373194 "http://plemma.cc/" "Mozilla/5.0 (X11; CrOS x86_64 13982.88.0) AppleWebKit/537.36 (KHTML, like Gecko) Chrome/92.0.4515.162 Safari/537.36"
73.107.144.246 - - [04/Sep/2021:01:38:35 +0000] "GET /favicon.svg HTTP/1.1" 404 487 "http://plemma.cc/" "Mozilla/5.0 (X11; CrOS x86_64 13982.88.0) AppleWebKit/537.36 (KHTML, like Gecko) Chrome/92.0.4515.162 Safari/537.36"
73.107.144.246 - - [04/Sep/2021:01:38:38 +0000] "GET /favicon.png HTTP/1.1" 404 487 "http://plemma.cc/" "Mozilla/5.0 (X11; CrOS x86_64 13982.88.0) AppleWebKit/537.36 (KHTML, like Gecko) Chrome/92.0.4515.162 Safari/537.36"
::1 - - [04/Sep/2021:01:38:39 +0000] "OPTIONS * HTTP/1.0" 200 126 "-" "Apache/2.4.38 (Debian) (internal dummy connection)"
73.107.144.246 - - [04/Sep/2021:01:39:00 +0000] "POST /roundcube/?_task=mail&_action=refresh HTTP/1.1" 200 780 "http://plemma.cc/roundcube/?_task=mail&_mbox=INBOX" "Mozilla/5.0 (X11; CrOS x86_64 13982.88.0) AppleWebKit/537.36 (KHTML, like Gecko) Chrome/92.0.4515.162 Safari/537.36"
73.107.144.246 - - [04/Sep/2021:01:40:41 +0000] "GET / HTTP/1.1" 200 42207 "-" "Mozilla/5.0 (X11; CrOS x86_64 13982.88.0) AppleWebKit/537.36 (KHTML, like Gecko) Chrome/92.0.4515.162 Safari/537.36"
73.107.144.246 - - [04/Sep/2021:01:40:41 +0000] "GET /FontAwesome/css/font-awesome.css HTTP/1.1" 404 487 "http://plemma.cc/" "Mozilla/5.0 (X11; CrOS x86_64 13982.88.0) AppleWebKit/537.36 (KHTML, like Gecko) Chrome/92.0.4515.162 Safari/537.36"
73.107.144.246 - - [04/Sep/2021:01:40:42 +0000] "GET /fonts/fonts.css HTTP/1.1" 404 488 "http://plemma.cc/" "Mozilla/5.0 (X11; CrOS x86_64 13982.88.0) AppleWebKit/537.36 (KHTML, like Gecko) Chrome/92.0.4515.162 Safari/537.36"
73.107.144.246 - - [04/Sep/2021:01:40:42 +0000] "GET /highlight.css HTTP/1.1" 404 488 "http://plemma.cc/" "Mozilla/5.0 (X11; CrOS x86_64 13982.88.0) AppleWebKit/537.36 (KHTML, like Gecko) Chrome/92.0.4515.162 Safari/537.36"
73.107.144.246 - - [04/Sep/2021:01:40:42 +0000] "GET /tomorrow-night.css HTTP/1.1" 404 488 "http://plemma.cc/" "Mozilla/5.0 (X11; CrOS x86_64 13982.88.0) AppleWebKit/537.36 (KHTML, like Gecko) Chrome/92.0.4515.162 Safari/537.36"
73.107.144.246 - - [04/Sep/2021:01:40:42 +0000] "GET /ayu-highlight.css HTTP/1.1" 404 488 "http://plemma.cc/" "Mozilla/5.0 (X11; CrOS x86_64 13982.88.0) AppleWebKit/537.36 (KHTML, like Gecko) Chrome/92.0.4515.162 Safari/537.36"
73.107.144.246 - - [04/Sep/2021:01:40:46 +0000] "GET /favicon.svg HTTP/1.1" 404 487 "http://plemma.cc/" "Mozilla/5.0 (X11; CrOS x86_64 13982.88.0) AppleWebKit/537.36 (KHTML, like Gecko) Chrome/92.0.4515.162 Safari/537.36"
73.107.144.246 - - [04/Sep/2021:01:40:47 +0000] "GET /favicon.png HTTP/1.1" 404 487 "http://plemma.cc/" "Mozilla/5.0 (X11; CrOS x86_64 13982.88.0) AppleWebKit/537.36 (KHTML, like Gecko) Chrome/92.0.4515.162 Safari/537.36"
73.107.144.246 - - [04/Sep/2021:01:41:32 +0000] "GET / HTTP/1.1" 200 42180 "-" "Mozilla/5.0 (X11; CrOS x86_64 13982.88.0) AppleWebKit/537.36 (KHTML, like Gecko) Chrome/92.0.4515.162 Safari/537.36"
73.107.144.246 - - [04/Sep/2021:01:41:32 +0000] "GET /FontAwesome/css/font-awesome.css HTTP/1.1" 404 488 "http://plemma.cc/" "Mozilla/5.0 (X11; CrOS x86_64 13982.88.0) AppleWebKit/537.36 (KHTML, like Gecko) Chrome/92.0.4515.162 Safari/537.36"
73.107.144.246 - - [04/Sep/2021:01:41:32 +0000] "GET /fonts/fonts.css HTTP/1.1" 404 487 "http://plemma.cc/" "Mozilla/5.0 (X11; CrOS x86_64 13982.88.0) AppleWebKit/537.36 (KHTML, like Gecko) Chrome/92.0.4515.162 Safari/537.36"
73.107.144.246 - - [04/Sep/2021:01:41:33 +0000] "GET /highlight.css HTTP/1.1" 404 488 "http://plemma.cc/" "Mozilla/5.0 (X11; CrOS x86_64 13982.88.0) AppleWebKit/537.36 (KHTML, like Gecko) Chrome/92.0.4515.162 Safari/537.36"
73.107.144.246 - - [04/Sep/2021:01:41:33 +0000] "GET /tomorrow-night.css HTTP/1.1" 404 488 "http://plemma.cc/" "Mozilla/5.0 (X11; CrOS x86_64 13982.88.0) AppleWebKit/537.36 (KHTML, like Gecko) Chrome/92.0.4515.162 Safari/537.36"
73.107.144.246 - - [04/Sep/2021:01:41:33 +0000] "GET /ayu-highlight.css HTTP/1.1" 404 488 "http://plemma.cc/" "Mozilla/5.0 (X11; CrOS x86_64 13982.88.0) AppleWebKit/537.36 (KHTML, like Gecko) Chrome/92.0.4515.162 Safari/537.36"
73.107.144.246 - - [04/Sep/2021:01:41:33 +0000] "GET /favicon.svg HTTP/1.1" 404 487 "http://plemma.cc/" "Mozilla/5.0 (X11; CrOS x86_64 13982.88.0) AppleWebKit/537.36 (KHTML, like Gecko) Chrome/92.0.4515.162 Safari/537.36"
73.107.144.246 - - [04/Sep/2021:01:41:34 +0000] "GET /favicon.png HTTP/1.1" 404 487 "http://plemma.cc/" "Mozilla/5.0 (X11; CrOS x86_64 13982.88.0) AppleWebKit/537.36 (KHTML, like Gecko) Chrome/92.0.4515.162 Safari/537.36"
73.107.144.246 - - [04/Sep/2021:01:44:01 +0000] "GET / HTTP/1.1" 200 43012 "-" "Mozilla/5.0 (X11; CrOS x86_64 13982.88.0) AppleWebKit/537.36 (KHTML, like Gecko) Chrome/92.0.4515.162 Safari/537.36"
73.107.144.246 - - [04/Sep/2021:01:44:01 +0000] "GET /FontAwesome/css/font-awesome.css HTTP/1.1" 404 488 "http://plemma.cc/" "Mozilla/5.0 (X11; CrOS x86_64 13982.88.0) AppleWebKit/537.36 (KHTML, like Gecko) Chrome/92.0.4515.162 Safari/537.36"
73.107.144.246 - - [04/Sep/2021:01:44:02 +0000] "GET /fonts/fonts.css HTTP/1.1" 404 487 "http://plemma.cc/" "Mozilla/5.0 (X11; CrOS x86_64 13982.88.0) AppleWebKit/537.36 (KHTML, like Gecko) Chrome/92.0.4515.162 Safari/537.36"
73.107.144.246 - - [04/Sep/2021:01:44:02 +0000] "GET /highlight.css HTTP/1.1" 404 488 "http://plemma.cc/" "Mozilla/5.0 (X11; CrOS x86_64 13982.88.0) AppleWebKit/537.36 (KHTML, like Gecko) Chrome/92.0.4515.162 Safari/537.36"
73.107.144.246 - - [04/Sep/2021:01:44:02 +0000] "GET /tomorrow-night.css HTTP/1.1" 404 488 "http://plemma.cc/" "Mozilla/5.0 (X11; CrOS x86_64 13982.88.0) AppleWebKit/537.36 (KHTML, like Gecko) Chrome/92.0.4515.162 Safari/537.36"
73.107.144.246 - - [04/Sep/2021:01:44:02 +0000] "GET /ayu-highlight.css HTTP/1.1" 404 488 "http://plemma.cc/" "Mozilla/5.0 (X11; CrOS x86_64 13982.88.0) AppleWebKit/537.36 (KHTML, like Gecko) Chrome/92.0.4515.162 Safari/537.36"
73.107.144.246 - - [04/Sep/2021:01:44:03 +0000] "GET /favicon.svg HTTP/1.1" 404 487 "http://plemma.cc/" "Mozilla/5.0 (X11; CrOS x86_64 13982.88.0) AppleWebKit/537.36 (KHTML, like Gecko) Chrome/92.0.4515.162 Safari/537.36"
73.107.144.246 - - [04/Sep/2021:01:44:03 +0000] "GET /favicon.png HTTP/1.1" 404 487 "http://plemma.cc/" "Mozilla/5.0 (X11; CrOS x86_64 13982.88.0) AppleWebKit/537.36 (KHTML, like Gecko) Chrome/92.0.4515.162 Safari/537.36"
73.107.144.246 - - [04/Sep/2021:01:44:58 +0000] "GET / HTTP/1.1" 200 43023 "-" "Mozilla/5.0 (X11; CrOS x86_64 13982.88.0) AppleWebKit/537.36 (KHTML, like Gecko) Chrome/92.0.4515.162 Safari/537.36"
73.107.144.246 - - [04/Sep/2021:01:44:59 +0000] "GET /FontAwesome/css/font-awesome.css HTTP/1.1" 404 487 "http://plemma.cc/" "Mozilla/5.0 (X11; CrOS x86_64 13982.88.0) AppleWebKit/537.36 (KHTML, like Gecko) Chrome/92.0.4515.162 Safari/537.36"
73.107.144.246 - - [04/Sep/2021:01:44:59 +0000] "GET /fonts/fonts.css HTTP/1.1" 404 488 "http://plemma.cc/" "Mozilla/5.0 (X11; CrOS x86_64 13982.88.0) AppleWebKit/537.36 (KHTML, like Gecko) Chrome/92.0.4515.162 Safari/537.36"
73.107.144.246 - - [04/Sep/2021:01:44:59 +0000] "GET /highlight.css HTTP/1.1" 404 488 "http://plemma.cc/" "Mozilla/5.0 (X11; CrOS x86_64 13982.88.0) AppleWebKit/537.36 (KHTML, like Gecko) Chrome/92.0.4515.162 Safari/537.36"
73.107.144.246 - - [04/Sep/2021:01:44:59 +0000] "GET /tomorrow-night.css HTTP/1.1" 404 488 "http://plemma.cc/" "Mozilla/5.0 (X11; CrOS x86_64 13982.88.0) AppleWebKit/537.36 (KHTML, like Gecko) Chrome/92.0.4515.162 Safari/537.36"
73.107.144.246 - - [04/Sep/2021:01:44:59 +0000] "GET /ayu-highlight.css HTTP/1.1" 404 488 "http://plemma.cc/" "Mozilla/5.0 (X11; CrOS x86_64 13982.88.0) AppleWebKit/537.36 (KHTML, like Gecko) Chrome/92.0.4515.162 Safari/537.36"
73.107.144.246 - - [04/Sep/2021:01:45:00 +0000] "GET /favicon.svg HTTP/1.1" 404 487 "http://plemma.cc/" "Mozilla/5.0 (X11; CrOS x86_64 13982.88.0) AppleWebKit/537.36 (KHTML, like Gecko) Chrome/92.0.4515.162 Safari/537.36"
73.107.144.246 - - [04/Sep/2021:01:45:01 +0000] "GET /favicon.png HTTP/1.1" 404 488 "http://plemma.cc/" "Mozilla/5.0 (X11; CrOS x86_64 13982.88.0) AppleWebKit/537.36 (KHTML, like Gecko) Chrome/92.0.4515.162 Safari/537.36"
73.107.144.246 - - [04/Sep/2021:01:45:53 +0000] "GET / HTTP/1.1" 200 43046 "-" "Mozilla/5.0 (X11; CrOS x86_64 13982.88.0) AppleWebKit/537.36 (KHTML, like Gecko) Chrome/92.0.4515.162 Safari/537.36"
73.107.144.246 - - [04/Sep/2021:01:45:54 +0000] "GET /FontAwesome/css/font-awesome.css HTTP/1.1" 404 488 "http://plemma.cc/" "Mozilla/5.0 (X11; CrOS x86_64 13982.88.0) AppleWebKit/537.36 (KHTML, like Gecko) Chrome/92.0.4515.162 Safari/537.36"
73.107.144.246 - - [04/Sep/2021:01:45:54 +0000] "GET /fonts/fonts.css HTTP/1.1" 404 487 "http://plemma.cc/" "Mozilla/5.0 (X11; CrOS x86_64 13982.88.0) AppleWebKit/537.36 (KHTML, like Gecko) Chrome/92.0.4515.162 Safari/537.36"
73.107.144.246 - - [04/Sep/2021:01:45:54 +0000] "GET /highlight.css HTTP/1.1" 404 488 "http://plemma.cc/" "Mozilla/5.0 (X11; CrOS x86_64 13982.88.0) AppleWebKit/537.36 (KHTML, like Gecko) Chrome/92.0.4515.162 Safari/537.36"
73.107.144.246 - - [04/Sep/2021:01:45:54 +0000] "GET /ayu-highlight.css HTTP/1.1" 404 488 "http://plemma.cc/" "Mozilla/5.0 (X11; CrOS x86_64 13982.88.0) AppleWebKit/537.36 (KHTML, like Gecko) Chrome/92.0.4515.162 Safari/537.36"
73.107.144.246 - - [04/Sep/2021:01:45:54 +0000] "GET /tomorrow-night.css HTTP/1.1" 404 488 "http://plemma.cc/" "Mozilla/5.0 (X11; CrOS x86_64 13982.88.0) AppleWebKit/537.36 (KHTML, like Gecko) Chrome/92.0.4515.162 Safari/537.36"
73.107.144.246 - - [04/Sep/2021:01:45:55 +0000] "GET /favicon.svg HTTP/1.1" 404 487 "http://plemma.cc/" "Mozilla/5.0 (X11; CrOS x86_64 13982.88.0) AppleWebKit/537.36 (KHTML, like Gecko) Chrome/92.0.4515.162 Safari/537.36"
73.107.144.246 - - [04/Sep/2021:01:45:55 +0000] "GET /favicon.png HTTP/1.1" 404 487 "http://plemma.cc/" "Mozilla/5.0 (X11; CrOS x86_64 13982.88.0) AppleWebKit/537.36 (KHTML, like Gecko) Chrome/92.0.4515.162 Safari/537.36"
73.107.144.246 - - [04/Sep/2021:01:46:15 +0000] "GET / HTTP/1.1" 200 43047 "-" "Mozilla/5.0 (X11; CrOS x86_64 13982.88.0) AppleWebKit/537.36 (KHTML, like Gecko) Chrome/92.0.4515.162 Safari/537.36"
73.107.144.246 - - [04/Sep/2021:01:46:16 +0000] "GET /FontAwesome/css/font-awesome.css HTTP/1.1" 404 487 "http://plemma.cc/" "Mozilla/5.0 (X11; CrOS x86_64 13982.88.0) AppleWebKit/537.36 (KHTML, like Gecko) Chrome/92.0.4515.162 Safari/537.36"
73.107.144.246 - - [04/Sep/2021:01:46:16 +0000] "GET /fonts/fonts.css HTTP/1.1" 404 488 "http://plemma.cc/" "Mozilla/5.0 (X11; CrOS x86_64 13982.88.0) AppleWebKit/537.36 (KHTML, like Gecko) Chrome/92.0.4515.162 Safari/537.36"
73.107.144.246 - - [04/Sep/2021:01:46:16 +0000] "GET /highlight.css HTTP/1.1" 404 488 "http://plemma.cc/" "Mozilla/5.0 (X11; CrOS x86_64 13982.88.0) AppleWebKit/537.36 (KHTML, like Gecko) Chrome/92.0.4515.162 Safari/537.36"
73.107.144.246 - - [04/Sep/2021:01:46:16 +0000] "GET /tomorrow-night.css HTTP/1.1" 404 488 "http://plemma.cc/" "Mozilla/5.0 (X11; CrOS x86_64 13982.88.0) AppleWebKit/537.36 (KHTML, like Gecko) Chrome/92.0.4515.162 Safari/537.36"
73.107.144.246 - - [04/Sep/2021:01:46:16 +0000] "GET /ayu-highlight.css HTTP/1.1" 404 488 "http://plemma.cc/" "Mozilla/5.0 (X11; CrOS x86_64 13982.88.0) AppleWebKit/537.36 (KHTML, like Gecko) Chrome/92.0.4515.162 Safari/537.36"
73.107.144.246 - - [04/Sep/2021:01:46:17 +0000] "GET /favicon.svg HTTP/1.1" 404 487 "http://plemma.cc/" "Mozilla/5.0 (X11; CrOS x86_64 13982.88.0) AppleWebKit/537.36 (KHTML, like Gecko) Chrome/92.0.4515.162 Safari/537.36"
73.107.144.246 - - [04/Sep/2021:01:46:18 +0000] "GET /favicon.png HTTP/1.1" 404 487 "http://plemma.cc/" "Mozilla/5.0 (X11; CrOS x86_64 13982.88.0) AppleWebKit/537.36 (KHTML, like Gecko) Chrome/92.0.4515.162 Safari/537.36"
73.107.144.246 - - [04/Sep/2021:01:46:57 +0000] "GET / HTTP/1.1" 200 43063 "-" "Mozilla/5.0 (X11; CrOS x86_64 13982.88.0) AppleWebKit/537.36 (KHTML, like Gecko) Chrome/92.0.4515.162 Safari/537.36"
73.107.144.246 - - [04/Sep/2021:01:46:58 +0000] "GET /FontAwesome/css/font-awesome.css HTTP/1.1" 404 488 "http://plemma.cc/" "Mozilla/5.0 (X11; CrOS x86_64 13982.88.0) AppleWebKit/537.36 (KHTML, like Gecko) Chrome/92.0.4515.162 Safari/537.36"
73.107.144.246 - - [04/Sep/2021:01:46:58 +0000] "GET /fonts/fonts.css HTTP/1.1" 404 488 "http://plemma.cc/" "Mozilla/5.0 (X11; CrOS x86_64 13982.88.0) AppleWebKit/537.36 (KHTML, like Gecko) Chrome/92.0.4515.162 Safari/537.36"
73.107.144.246 - - [04/Sep/2021:01:46:58 +0000] "GET /highlight.css HTTP/1.1" 404 488 "http://plemma.cc/" "Mozilla/5.0 (X11; CrOS x86_64 13982.88.0) AppleWebKit/537.36 (KHTML, like Gecko) Chrome/92.0.4515.162 Safari/537.36"
73.107.144.246 - - [04/Sep/2021:01:46:58 +0000] "GET /tomorrow-night.css HTTP/1.1" 404 488 "http://plemma.cc/" "Mozilla/5.0 (X11; CrOS x86_64 13982.88.0) AppleWebKit/537.36 (KHTML, like Gecko) Chrome/92.0.4515.162 Safari/537.36"
73.107.144.246 - - [04/Sep/2021:01:46:58 +0000] "GET /ayu-highlight.css HTTP/1.1" 404 487 "http://plemma.cc/" "Mozilla/5.0 (X11; CrOS x86_64 13982.88.0) AppleWebKit/537.36 (KHTML, like Gecko) Chrome/92.0.4515.162 Safari/537.36"
73.107.144.246 - - [04/Sep/2021:01:46:59 +0000] "GET /favicon.svg HTTP/1.1" 404 487 "http://plemma.cc/" "Mozilla/5.0 (X11; CrOS x86_64 13982.88.0) AppleWebKit/537.36 (KHTML, like Gecko) Chrome/92.0.4515.162 Safari/537.36"
73.107.144.246 - - [04/Sep/2021:01:46:59 +0000] "GET /favicon.png HTTP/1.1" 404 487 "http://plemma.cc/" "Mozilla/5.0 (X11; CrOS x86_64 13982.88.0) AppleWebKit/537.36 (KHTML, like Gecko) Chrome/92.0.4515.162 Safari/537.36"
73.107.144.246 - - [04/Sep/2021:01:47:21 +0000] "GET /xcaliber.dao.jpg HTTP/1.1" 200 14202 "-" "Mozilla/5.0 (X11; CrOS x86_64 13982.88.0) AppleWebKit/537.36 (KHTML, like Gecko) Chrome/92.0.4515.162 Safari/537.36"
73.107.144.246 - - [04/Sep/2021:01:47:23 +0000] "GET /usedjolie.png HTTP/1.1" 200 373194 "-" "Mozilla/5.0 (X11; CrOS x86_64 13982.88.0) AppleWebKit/537.36 (KHTML, like Gecko) Chrome/92.0.4515.162 Safari/537.36"
173.252.111.119 - - [04/Sep/2021:01:50:59 +0000] "GET / HTTP/1.1" 206 43075 "-" "facebookexternalhit/1.1 (+http://www.facebook.com/externalhit_uatext.php)"
173.252.111.23 - - [04/Sep/2021:01:50:59 +0000] "GET / HTTP/1.1" 206 43075 "-" "facebookexternalhit/1.1 (+http://www.facebook.com/externalhit_uatext.php)"
173.252.111.17 - - [04/Sep/2021:01:50:59 +0000] "GET / HTTP/1.1" 206 43075 "-" "facebookexternalhit/1.1 (+http://www.facebook.com/externalhit_uatext.php)"
173.252.111.17 - - [04/Sep/2021:01:50:59 +0000] "GET / HTTP/1.1" 206 43075 "-" "facebookexternalhit/1.1 (+http://www.facebook.com/externalhit_uatext.php)"
173.252.111.21 - - [04/Sep/2021:01:50:59 +0000] "GET / HTTP/1.1" 206 43075 "-" "facebookexternalhit/1.1 (+http://www.facebook.com/externalhit_uatext.php)"
173.252.111.19 - - [04/Sep/2021:01:50:59 +0000] "GET / HTTP/1.1" 206 43075 "-" "facebookexternalhit/1.1 (+http://www.facebook.com/externalhit_uatext.php)"
173.252.111.119 - - [04/Sep/2021:01:50:59 +0000] "GET / HTTP/1.1" 206 43075 "-" "facebookexternalhit/1.1 (+http://www.facebook.com/externalhit_uatext.php)"
::1 - - [04/Sep/2021:01:51:00 +0000] "OPTIONS * HTTP/1.0" 200 126 "-" "Apache/2.4.38 (Debian) (internal dummy connection)"
34.229.153.194 - - [04/Sep/2021:01:52:53 +0000] "GET / HTTP/1.1" 200 43026 "-" "Go-http-client/1.1"
73.107.144.246 - - [04/Sep/2021:01:55:04 +0000] "GET /roundcube/?_task=mail&_mbox=INBOX HTTP/1.1" 200 2781 "http://plemma.cc/roundcube/?_task=mail&_mbox=Drafts" "Mozilla/5.0 (X11; CrOS x86_64 13982.88.0) AppleWebKit/537.36 (KHTML, like Gecko) Chrome/92.0.4515.162 Safari/537.36"
73.107.144.246 - - [04/Sep/2021:01:55:05 +0000] "GET /roundcube/plugins/jqueryui/js/jquery-ui.min.js?s=1609117988 HTTP/1.1" 200 70059 "http://plemma.cc/roundcube/?_task=mail&_mbox=INBOX" "Mozilla/5.0 (X11; CrOS x86_64 13982.88.0) AppleWebKit/537.36 (KHTML, like Gecko) Chrome/92.0.4515.162 Safari/537.36"
73.107.144.246 - - [04/Sep/2021:01:55:06 +0000] "GET /roundcube/skins/classic/images/icons/folders.png HTTP/1.1" 200 5579 "http://plemma.cc/roundcube/?_task=mail&_mbox=INBOX" "Mozilla/5.0 (X11; CrOS x86_64 13982.88.0) AppleWebKit/537.36 (KHTML, like Gecko) Chrome/92.0.4515.162 Safari/537.36"
73.107.144.246 - - [04/Sep/2021:01:55:06 +0000] "GET /roundcube/skins/classic/images/mail_footer.png HTTP/1.1" 200 1134 "http://plemma.cc/roundcube/?_task=mail&_mbox=INBOX" "Mozilla/5.0 (X11; CrOS x86_64 13982.88.0) AppleWebKit/537.36 (KHTML, like Gecko) Chrome/92.0.4515.162 Safari/537.36"
73.107.144.246 - - [04/Sep/2021:01:55:06 +0000] "GET /roundcube/skins/classic/images/taskicons.gif HTTP/1.1" 200 2272 "http://plemma.cc/roundcube/?_task=mail&_mbox=INBOX" "Mozilla/5.0 (X11; CrOS x86_64 13982.88.0) AppleWebKit/537.36 (KHTML, like Gecko) Chrome/92.0.4515.162 Safari/537.36"
73.107.144.246 - - [04/Sep/2021:01:55:07 +0000] "GET /roundcube/skins/classic/images/display/loading.gif HTTP/1.1" 200 2534 "http://plemma.cc/roundcube/?_task=mail&_mbox=INBOX" "Mozilla/5.0 (X11; CrOS x86_64 13982.88.0) AppleWebKit/537.36 (KHTML, like Gecko) Chrome/92.0.4515.162 Safari/537.36"
73.107.144.246 - - [04/Sep/2021:01:55:07 +0000] "GET /roundcube/skins/classic/images/pagenav.gif HTTP/1.1" 200 1507 "http://plemma.cc/roundcube/?_task=mail&_mbox=INBOX" "Mozilla/5.0 (X11; CrOS x86_64 13982.88.0) AppleWebKit/537.36 (KHTML, like Gecko) Chrome/92.0.4515.162 Safari/537.36"
73.107.144.246 - - [04/Sep/2021:01:55:07 +0000] "GET /roundcube/skins/classic/images/mail_toolbar.png HTTP/1.1" 200 13397 "http://plemma.cc/roundcube/?_task=mail&_mbox=INBOX" "Mozilla/5.0 (X11; CrOS x86_64 13982.88.0) AppleWebKit/537.36 (KHTML, like Gecko) Chrome/92.0.4515.162 Safari/537.36"
73.107.144.246 - - [04/Sep/2021:01:55:07 +0000] "GET /roundcube/skins/classic/images/searchfield.gif HTTP/1.1" 200 756 "http://plemma.cc/roundcube/?_task=mail&_mbox=INBOX" "Mozilla/5.0 (X11; CrOS x86_64 13982.88.0) AppleWebKit/537.36 (KHTML, like Gecko) Chrome/92.0.4515.162 Safari/537.36"
73.107.144.246 - - [04/Sep/2021:01:55:07 +0000] "GET /roundcube/skins/classic/images/messageicons.png HTTP/1.1" 200 2679 "http://plemma.cc/roundcube/?_task=mail&_mbox=INBOX" "Mozilla/5.0 (X11; CrOS x86_64 13982.88.0) AppleWebKit/537.36 (KHTML, like Gecko) Chrome/92.0.4515.162 Safari/537.36"
73.107.144.246 - - [04/Sep/2021:01:55:07 +0000] "GET /roundcube/skins/classic/images/abook_toolbar.png HTTP/1.1" 200 5242 "http://plemma.cc/roundcube/?_task=mail&_mbox=INBOX" "Mozilla/5.0 (X11; CrOS x86_64 13982.88.0) AppleWebKit/537.36 (KHTML, like Gecko) Chrome/92.0.4515.162 Safari/537.36"
73.107.144.246 - - [04/Sep/2021:01:55:07 +0000] "GET /roundcube/skins/classic/images/icons/groupactions.png HTTP/1.1" 200 963 "http://plemma.cc/roundcube/?_task=mail&_mbox=INBOX" "Mozilla/5.0 (X11; CrOS x86_64 13982.88.0) AppleWebKit/537.36 (KHTML, like Gecko) Chrome/92.0.4515.162 Safari/537.36"
73.107.144.246 - - [04/Sep/2021:01:57:20 +0000] "POST /roundcube/?_task=login HTTP/1.1" 302 802 "http://plemma.cc/roundcube/?_task=mail&_mbox=INBOX" "Mozilla/5.0 (X11; CrOS x86_64 13982.88.0) AppleWebKit/537.36 (KHTML, like Gecko) Chrome/92.0.4515.162 Safari/537.36"
73.107.144.246 - - [04/Sep/2021:01:57:20 +0000] "GET /roundcube/?_task=mail&_mbox=INBOX&_token=h1048lSmE5cl9UETvQ7TqaxMmynMbPRC HTTP/1.1" 200 7573 "http://plemma.cc/roundcube/?_task=mail&_mbox=INBOX" "Mozilla/5.0 (X11; CrOS x86_64 13982.88.0) AppleWebKit/537.36 (KHTML, like Gecko) Chrome/92.0.4515.162 Safari/537.36"
73.107.144.246 - - [04/Sep/2021:01:57:21 +0000] "GET /roundcube/?_task=mail&_action=getunread&_page=1&_remote=1&_unlock=0&_=1630720641016 HTTP/1.1" 200 613 "http://plemma.cc/roundcube/?_task=mail&_mbox=INBOX" "Mozilla/5.0 (X11; CrOS x86_64 13982.88.0) AppleWebKit/537.36 (KHTML, like Gecko) Chrome/92.0.4515.162 Safari/537.36"
73.107.144.246 - - [04/Sep/2021:01:57:21 +0000] "GET /roundcube/?_task=mail&_action=list&_refresh=1&_mbox=INBOX&_remote=1&_unlock=loading1630720641362&_=1630720641015 HTTP/1.1" 200 3802 "http://plemma.cc/roundcube/?_task=mail&_mbox=INBOX&_token=h1048lSmE5cl9UETvQ7TqaxMmynMbPRC" "Mozilla/5.0 (X11; CrOS x86_64 13982.88.0) AppleWebKit/537.36 (KHTML, like Gecko) Chrome/92.0.4515.162 Safari/537.36"
73.107.144.246 - - [04/Sep/2021:01:57:25 +0000] "GET /roundcube/?_task=mail&_caps=pdf%3D1%2Cflash%3D0%2Ctiff%3D0%2Cwebp%3D1&_uid=98&_mbox=INBOX&_framed=1&_action=preview HTTP/1.1" 200 3672 "http://plemma.cc/roundcube/?_task=mail&_mbox=INBOX" "Mozilla/5.0 (X11; CrOS x86_64 13982.88.0) AppleWebKit/537.36 (KHTML, like Gecko) Chrome/92.0.4515.162 Safari/537.36"
36.99.136.132 - - [04/Sep/2021:01:57:55 +0000] "GET / HTTP/1.1" 200 43026 "-" "Mozilla/5.0 (Windows NT 10.0; Win64; x64) AppleWebKit/537.36 (KHTML, like Gecko) Chrome/72.0.3626.119 Safari/537.36"
36.99.136.131 - - [04/Sep/2021:01:57:56 +0000] "GET / HTTP/1.1" 200 43063 "-" "Mozilla/5.0 (Windows NT 10.0; Win64; x64) AppleWebKit/537.36 (KHTML, like Gecko) Chrome/72.0.3626.119 Safari/537.36"
36.99.136.130 - - [04/Sep/2021:01:57:58 +0000] "GET /css/variables.css HTTP/1.1" 200 1499 "http://plemma.co/" "Mozilla/5.0 (Windows NT 10.0; Win64; x64) AppleWebKit/537.36 (KHTML, like Gecko) Chrome/72.0.3626.119 Safari/537.36"
36.99.136.131 - - [04/Sep/2021:01:57:58 +0000] "GET /css/general.css HTTP/1.1" 200 1860 "http://plemma.co/" "Mozilla/5.0 (Windows NT 10.0; Win64; x64) AppleWebKit/537.36 (KHTML, like Gecko) Chrome/72.0.3626.119 Safari/537.36"
36.99.136.131 - - [04/Sep/2021:01:57:58 +0000] "GET /css/chrome.css HTTP/1.1" 200 2692 "http://plemma.co/" "Mozilla/5.0 (Windows NT 10.0; Win64; x64) AppleWebKit/537.36 (KHTML, like Gecko) Chrome/72.0.3626.119 Safari/537.36"
36.99.136.133 - - [04/Sep/2021:01:57:58 +0000] "GET /FontAwesome/css/font-awesome.css HTTP/1.1" 404 488 "http://plemma.co/" "Mozilla/5.0 (Windows NT 10.0; Win64; x64) AppleWebKit/537.36 (KHTML, like Gecko) Chrome/72.0.3626.119 Safari/537.36"
36.99.136.132 - - [04/Sep/2021:01:57:58 +0000] "GET /fonts/fonts.css HTTP/1.1" 404 488 "http://plemma.co/" "Mozilla/5.0 (Windows NT 10.0; Win64; x64) AppleWebKit/537.36 (KHTML, like Gecko) Chrome/72.0.3626.119 Safari/537.36"
36.99.136.130 - - [04/Sep/2021:01:57:59 +0000] "GET /highlight.css HTTP/1.1" 404 487 "http://plemma.co/" "Mozilla/5.0 (Windows NT 10.0; Win64; x64) AppleWebKit/537.36 (KHTML, like Gecko) Chrome/72.0.3626.119 Safari/537.36"
36.99.136.131 - - [04/Sep/2021:01:58:01 +0000] "GET /tomorrow-night.css HTTP/1.1" 404 487 "http://plemma.co/" "Mozilla/5.0 (Windows NT 10.0; Win64; x64) AppleWebKit/537.36 (KHTML, like Gecko) Chrome/72.0.3626.119 Safari/537.36"
36.99.136.131 - - [04/Sep/2021:01:58:01 +0000] "GET /ayu-highlight.css HTTP/1.1" 404 487 "http://plemma.co/" "Mozilla/5.0 (Windows NT 10.0; Win64; x64) AppleWebKit/537.36 (KHTML, like Gecko) Chrome/72.0.3626.119 Safari/537.36"
36.99.136.131 - - [04/Sep/2021:01:58:02 +0000] "GET /xcaliber.dao.jpg HTTP/1.1" 200 14201 "http://plemma.co/" "Mozilla/5.0 (Windows NT 10.0; Win64; x64) AppleWebKit/537.36 (KHTML, like Gecko) Chrome/72.0.3626.119 Safari/537.36"
36.99.136.130 - - [04/Sep/2021:01:58:02 +0000] "GET / HTTP/1.1" 200 43062 "-" "Mozilla/5.0 (Windows NT 10.0; Win64; x64) AppleWebKit/537.36 (KHTML, like Gecko) Chrome/72.0.3626.119 Safari/537.36"
36.99.136.133 - - [04/Sep/2021:01:58:02 +0000] "GET /usedjolie.png HTTP/1.1" 200 373194 "http://plemma.co/" "Mozilla/5.0 (Windows NT 10.0; Win64; x64) AppleWebKit/537.36 (KHTML, like Gecko) Chrome/72.0.3626.119 Safari/537.36"
36.99.136.131 - - [04/Sep/2021:01:58:06 +0000] "GET /FontAwesome/css/font-awesome.css HTTP/1.1" 404 487 "http://plemma.co/" "Mozilla/5.0 (Windows NT 10.0; Win64; x64) AppleWebKit/537.36 (KHTML, like Gecko) Chrome/72.0.3626.119 Safari/537.36"
36.99.136.130 - - [04/Sep/2021:01:58:06 +0000] "GET /highlight.css HTTP/1.1" 404 488 "http://plemma.co/" "Mozilla/5.0 (Windows NT 10.0; Win64; x64) AppleWebKit/537.36 (KHTML, like Gecko) Chrome/72.0.3626.119 Safari/537.36"
36.99.136.134 - - [04/Sep/2021:01:58:06 +0000] "GET /tomorrow-night.css HTTP/1.1" 404 488 "http://plemma.co/" "Mozilla/5.0 (Windows NT 10.0; Win64; x64) AppleWebKit/537.36 (KHTML, like Gecko) Chrome/72.0.3626.119 Safari/537.36"
36.99.136.132 - - [04/Sep/2021:01:58:06 +0000] "GET /ayu-highlight.css HTTP/1.1" 404 488 "http://plemma.co/" "Mozilla/5.0 (Windows NT 10.0; Win64; x64) AppleWebKit/537.36 (KHTML, like Gecko) Chrome/72.0.3626.119 Safari/537.36"
36.99.136.130 - - [04/Sep/2021:01:58:06 +0000] "GET /fonts/fonts.css HTTP/1.1" 404 487 "http://plemma.co/" "Mozilla/5.0 (Windows NT 10.0; Win64; x64) AppleWebKit/537.36 (KHTML, like Gecko) Chrome/72.0.3626.119 Safari/537.36"
36.99.136.132 - - [04/Sep/2021:01:58:07 +0000] "GET /usedjolie.png HTTP/1.1" 206 342 "http://plemma.co/" "Mozilla/5.0 (Windows NT 10.0; Win64; x64) AppleWebKit/537.36 (KHTML, like Gecko) Chrome/72.0.3626.119 Safari/537.36"
36.99.136.130 - - [04/Sep/2021:01:58:10 +0000] "GET /usedjolie.png HTTP/1.1" 206 186987 "http://plemma.co/" "Mozilla/5.0 (Windows NT 10.0; Win64; x64) AppleWebKit/537.36 (KHTML, like Gecko) Chrome/72.0.3626.119 Safari/537.36"
::1 - - [04/Sep/2021:01:58:17 +0000] "OPTIONS * HTTP/1.0" 200 126 "-" "Apache/2.4.38 (Debian) (internal dummy connection)"
73.107.144.246 - - [04/Sep/2021:01:58:23 +0000] "POST /roundcube/?_task=mail&_action=refresh HTTP/1.1" 200 778 "http://plemma.cc/roundcube/?_task=mail&_mbox=INBOX" "Mozilla/5.0 (X11; CrOS x86_64 13982.88.0) AppleWebKit/537.36 (KHTML, like Gecko) Chrome/92.0.4515.162 Safari/537.36"
73.107.144.246 - - [04/Sep/2021:01:59:22 +0000] "POST /roundcube/?_task=mail&_action=refresh HTTP/1.1" 200 778 "http://plemma.cc/roundcube/?_task=mail&_mbox=INBOX" "Mozilla/5.0 (X11; CrOS x86_64 13982.88.0) AppleWebKit/537.36 (KHTML, like Gecko) Chrome/92.0.4515.162 Safari/537.36"
73.107.144.246 - - [04/Sep/2021:02:02:16 +0000] "GET /roundcube/?_task=mail&_mbox=INBOX HTTP/1.1" 200 7699 "http://plemma.cc/roundcube/?_task=mail&_mbox=INBOX" "Mozilla/5.0 (X11; CrOS x86_64 13982.88.0) AppleWebKit/537.36 (KHTML, like Gecko) Chrome/92.0.4515.162 Safari/537.36"
73.107.144.246 - - [04/Sep/2021:02:02:18 +0000] "GET /roundcube/?_task=mail&_caps=pdf%3D1%2Cflash%3D0%2Ctiff%3D0%2Cwebp%3D1&_uid=98&_mbox=INBOX&_framed=1&_action=preview HTTP/1.1" 200 3699 "http://plemma.cc/roundcube/skins/classic/watermark.html" "Mozilla/5.0 (X11; CrOS x86_64 13982.88.0) AppleWebKit/537.36 (KHTML, like Gecko) Chrome/92.0.4515.162 Safari/537.36"
