73.107.144.246 - - [09/Sep/2021:13:40:55 +0000] "POST /roundcube/?_task=mail&_action=refresh HTTP/1.1" 200 4141 "http://www.plemma.cc/roundcube/?_task=mail&_mbox=INBOX&_page=2" "Mozilla/5.0 (X11; CrOS x86_64 13982.88.0) AppleWebKit/537.36 (KHTML, like Gecko) Chrome/92.0.4515.162 Safari/537.36"
73.107.144.246 - - [09/Sep/2021:13:41:50 +0000] "POST /roundcube/?_task=mail&_action=refresh HTTP/1.1" 200 681 "http://www.plemma.cc/roundcube/?_task=mail&_mbox=INBOX&_page=2" "Mozilla/5.0 (X11; CrOS x86_64 13982.88.0) AppleWebKit/537.36 (KHTML, like Gecko) Chrome/92.0.4515.162 Safari/537.36"
73.107.144.246 - - [09/Sep/2021:13:42:47 +0000] "POST /roundcube/?_task=mail&_action=refresh HTTP/1.1" 200 4078 "http://www.plemma.cc/roundcube/?_task=mail&_mbox=INBOX&_page=2" "Mozilla/5.0 (X11; CrOS x86_64 13982.88.0) AppleWebKit/537.36 (KHTML, like Gecko) Chrome/92.0.4515.162 Safari/537.36"
73.107.144.246 - - [09/Sep/2021:13:43:47 +0000] "POST /roundcube/?_task=mail&_action=refresh HTTP/1.1" 200 683 "http://www.plemma.cc/roundcube/?_task=mail&_mbox=INBOX&_page=2" "Mozilla/5.0 (X11; CrOS x86_64 13982.88.0) AppleWebKit/537.36 (KHTML, like Gecko) Chrome/92.0.4515.162 Safari/537.36"
73.107.144.246 - - [09/Sep/2021:13:44:47 +0000] "POST /roundcube/?_task=mail&_action=refresh HTTP/1.1" 200 682 "http://www.plemma.cc/roundcube/?_task=mail&_mbox=INBOX&_page=2" "Mozilla/5.0 (X11; CrOS x86_64 13982.88.0) AppleWebKit/537.36 (KHTML, like Gecko) Chrome/92.0.4515.162 Safari/537.36"
73.107.144.246 - - [09/Sep/2021:13:45:47 +0000] "POST /roundcube/?_task=mail&_action=refresh HTTP/1.1" 200 4156 "http://www.plemma.cc/roundcube/?_task=mail&_mbox=INBOX&_page=2" "Mozilla/5.0 (X11; CrOS x86_64 13982.88.0) AppleWebKit/537.36 (KHTML, like Gecko) Chrome/92.0.4515.162 Safari/537.36"
73.107.144.246 - - [09/Sep/2021:13:46:47 +0000] "POST /roundcube/?_task=mail&_action=refresh HTTP/1.1" 200 682 "http://www.plemma.cc/roundcube/?_task=mail&_mbox=INBOX&_page=2" "Mozilla/5.0 (X11; CrOS x86_64 13982.88.0) AppleWebKit/537.36 (KHTML, like Gecko) Chrome/92.0.4515.162 Safari/537.36"
73.107.144.246 - - [09/Sep/2021:13:47:47 +0000] "POST /roundcube/?_task=mail&_action=refresh HTTP/1.1" 200 682 "http://www.plemma.cc/roundcube/?_task=mail&_mbox=INBOX&_page=2" "Mozilla/5.0 (X11; CrOS x86_64 13982.88.0) AppleWebKit/537.36 (KHTML, like Gecko) Chrome/92.0.4515.162 Safari/537.36"
73.107.144.246 - - [09/Sep/2021:13:48:47 +0000] "POST /roundcube/?_task=mail&_action=refresh HTTP/1.1" 200 682 "http://www.plemma.cc/roundcube/?_task=mail&_mbox=INBOX&_page=2" "Mozilla/5.0 (X11; CrOS x86_64 13982.88.0) AppleWebKit/537.36 (KHTML, like Gecko) Chrome/92.0.4515.162 Safari/537.36"
73.107.144.246 - - [09/Sep/2021:13:49:48 +0000] "POST /roundcube/?_task=mail&_action=refresh HTTP/1.1" 200 682 "http://www.plemma.cc/roundcube/?_task=mail&_mbox=INBOX&_page=2" "Mozilla/5.0 (X11; CrOS x86_64 13982.88.0) AppleWebKit/537.36 (KHTML, like Gecko) Chrome/92.0.4515.162 Safari/537.36"
73.107.144.246 - - [09/Sep/2021:13:50:49 +0000] "POST /roundcube/?_task=mail&_action=refresh HTTP/1.1" 200 770 "http://www.plemma.cc/roundcube/?_task=mail&_mbox=INBOX&_page=2" "Mozilla/5.0 (X11; CrOS x86_64 13982.88.0) AppleWebKit/537.36 (KHTML, like Gecko) Chrome/92.0.4515.162 Safari/537.36"
73.107.144.246 - - [09/Sep/2021:13:51:50 +0000] "POST /roundcube/?_task=mail&_action=refresh HTTP/1.1" 200 4008 "http://www.plemma.cc/roundcube/?_task=mail&_mbox=INBOX&_page=2" "Mozilla/5.0 (X11; CrOS x86_64 13982.88.0) AppleWebKit/537.36 (KHTML, like Gecko) Chrome/92.0.4515.162 Safari/537.36"
73.107.144.246 - - [09/Sep/2021:13:52:51 +0000] "POST /roundcube/?_task=mail&_action=refresh HTTP/1.1" 200 682 "http://www.plemma.cc/roundcube/?_task=mail&_mbox=INBOX&_page=2" "Mozilla/5.0 (X11; CrOS x86_64 13982.88.0) AppleWebKit/537.36 (KHTML, like Gecko) Chrome/92.0.4515.162 Safari/537.36"
73.107.144.246 - - [09/Sep/2021:13:53:52 +0000] "POST /roundcube/?_task=mail&_action=refresh HTTP/1.1" 200 683 "http://www.plemma.cc/roundcube/?_task=mail&_mbox=INBOX&_page=2" "Mozilla/5.0 (X11; CrOS x86_64 13982.88.0) AppleWebKit/537.36 (KHTML, like Gecko) Chrome/92.0.4515.162 Safari/537.36"
73.107.144.246 - - [09/Sep/2021:13:54:53 +0000] "POST /roundcube/?_task=mail&_action=refresh HTTP/1.1" 200 682 "http://www.plemma.cc/roundcube/?_task=mail&_mbox=INBOX&_page=2" "Mozilla/5.0 (X11; CrOS x86_64 13982.88.0) AppleWebKit/537.36 (KHTML, like Gecko) Chrome/92.0.4515.162 Safari/537.36"
73.107.144.246 - - [09/Sep/2021:13:55:54 +0000] "POST /roundcube/?_task=mail&_action=refresh HTTP/1.1" 200 771 "http://www.plemma.cc/roundcube/?_task=mail&_mbox=INBOX&_page=2" "Mozilla/5.0 (X11; CrOS x86_64 13982.88.0) AppleWebKit/537.36 (KHTML, like Gecko) Chrome/92.0.4515.162 Safari/537.36"
73.107.144.246 - - [09/Sep/2021:13:56:55 +0000] "POST /roundcube/?_task=mail&_action=refresh HTTP/1.1" 200 3968 "http://www.plemma.cc/roundcube/?_task=mail&_mbox=INBOX&_page=2" "Mozilla/5.0 (X11; CrOS x86_64 13982.88.0) AppleWebKit/537.36 (KHTML, like Gecko) Chrome/92.0.4515.162 Safari/537.36"
73.107.144.246 - - [09/Sep/2021:13:57:56 +0000] "POST /roundcube/?_task=mail&_action=refresh HTTP/1.1" 200 682 "http://www.plemma.cc/roundcube/?_task=mail&_mbox=INBOX&_page=2" "Mozilla/5.0 (X11; CrOS x86_64 13982.88.0) AppleWebKit/537.36 (KHTML, like Gecko) Chrome/92.0.4515.162 Safari/537.36"
73.107.144.246 - - [09/Sep/2021:13:58:57 +0000] "POST /roundcube/?_task=mail&_action=refresh HTTP/1.1" 200 682 "http://www.plemma.cc/roundcube/?_task=mail&_mbox=INBOX&_page=2" "Mozilla/5.0 (X11; CrOS x86_64 13982.88.0) AppleWebKit/537.36 (KHTML, like Gecko) Chrome/92.0.4515.162 Safari/537.36"
54.87.254.108 - - [09/Sep/2021:13:59:49 +0000] "GET / HTTP/1.1" 200 15426 "-" "Mozilla/5.0 (Windows NT 6.1; WOW64) AppleWebKit/537.36 (KHTML, like Gecko) Chrome/45.0.2454.85 Safari/537.36"
54.87.254.108 - - [09/Sep/2021:13:59:49 +0000] "GET / HTTP/1.1" 200 15425 "-" "Mozilla/5.0 (iPhone; CPU iPhone OS 8_4_1 like Mac OS X) AppleWebKit/600.1.4 (KHTML, like Gecko) Version/8.0 Mobile/12H321 Safari/600.1.4"
54.87.254.108 - - [09/Sep/2021:13:59:50 +0000] "GET / HTTP/1.1" 200 15426 "-" "Mozilla/5.0 (Windows NT 6.1; WOW64) AppleWebKit/537.36 (KHTML, like Gecko) Chrome/45.0.2454.85 Safari/537.36"
54.87.254.108 - - [09/Sep/2021:13:59:50 +0000] "GET / HTTP/1.1" 200 15425 "-" "Mozilla/5.0 (iPhone; CPU iPhone OS 8_4_1 like Mac OS X) AppleWebKit/600.1.4 (KHTML, like Gecko) Version/8.0 Mobile/12H321 Safari/600.1.4"
73.107.144.246 - - [09/Sep/2021:13:59:57 +0000] "POST /roundcube/?_task=mail&_action=refresh HTTP/1.1" 200 682 "http://www.plemma.cc/roundcube/?_task=mail&_mbox=INBOX&_page=2" "Mozilla/5.0 (X11; CrOS x86_64 13982.88.0) AppleWebKit/537.36 (KHTML, like Gecko) Chrome/92.0.4515.162 Safari/537.36"
73.107.144.246 - - [09/Sep/2021:14:00:57 +0000] "POST /roundcube/?_task=mail&_action=refresh HTTP/1.1" 200 770 "http://www.plemma.cc/roundcube/?_task=mail&_mbox=INBOX&_page=2" "Mozilla/5.0 (X11; CrOS x86_64 13982.88.0) AppleWebKit/537.36 (KHTML, like Gecko) Chrome/92.0.4515.162 Safari/537.36"
73.107.144.246 - - [09/Sep/2021:14:01:57 +0000] "POST /roundcube/?_task=mail&_action=refresh HTTP/1.1" 200 682 "http://www.plemma.cc/roundcube/?_task=mail&_mbox=INBOX&_page=2" "Mozilla/5.0 (X11; CrOS x86_64 13982.88.0) AppleWebKit/537.36 (KHTML, like Gecko) Chrome/92.0.4515.162 Safari/537.36"
73.107.144.246 - - [09/Sep/2021:14:02:57 +0000] "POST /roundcube/?_task=mail&_action=refresh HTTP/1.1" 200 682 "http://www.plemma.cc/roundcube/?_task=mail&_mbox=INBOX&_page=2" "Mozilla/5.0 (X11; CrOS x86_64 13982.88.0) AppleWebKit/537.36 (KHTML, like Gecko) Chrome/92.0.4515.162 Safari/537.36"
73.107.144.246 - - [09/Sep/2021:14:03:57 +0000] "POST /roundcube/?_task=mail&_action=refresh HTTP/1.1" 200 683 "http://www.plemma.cc/roundcube/?_task=mail&_mbox=INBOX&_page=2" "Mozilla/5.0 (X11; CrOS x86_64 13982.88.0) AppleWebKit/537.36 (KHTML, like Gecko) Chrome/92.0.4515.162 Safari/537.36"
73.107.144.246 - - [09/Sep/2021:14:04:57 +0000] "POST /roundcube/?_task=mail&_action=refresh HTTP/1.1" 200 682 "http://www.plemma.cc/roundcube/?_task=mail&_mbox=INBOX&_page=2" "Mozilla/5.0 (X11; CrOS x86_64 13982.88.0) AppleWebKit/537.36 (KHTML, like Gecko) Chrome/92.0.4515.162 Safari/537.36"
73.107.144.246 - - [09/Sep/2021:14:05:57 +0000] "POST /roundcube/?_task=mail&_action=refresh HTTP/1.1" 200 4051 "http://www.plemma.cc/roundcube/?_task=mail&_mbox=INBOX&_page=2" "Mozilla/5.0 (X11; CrOS x86_64 13982.88.0) AppleWebKit/537.36 (KHTML, like Gecko) Chrome/92.0.4515.162 Safari/537.36"
73.107.144.246 - - [09/Sep/2021:14:06:57 +0000] "POST /roundcube/?_task=mail&_action=refresh HTTP/1.1" 200 683 "http://www.plemma.cc/roundcube/?_task=mail&_mbox=INBOX&_page=2" "Mozilla/5.0 (X11; CrOS x86_64 13982.88.0) AppleWebKit/537.36 (KHTML, like Gecko) Chrome/92.0.4515.162 Safari/537.36"
73.107.144.246 - - [09/Sep/2021:14:07:57 +0000] "POST /roundcube/?_task=mail&_action=refresh HTTP/1.1" 200 682 "http://www.plemma.cc/roundcube/?_task=mail&_mbox=INBOX&_page=2" "Mozilla/5.0 (X11; CrOS x86_64 13982.88.0) AppleWebKit/537.36 (KHTML, like Gecko) Chrome/92.0.4515.162 Safari/537.36"
73.107.144.246 - - [09/Sep/2021:14:08:57 +0000] "POST /roundcube/?_task=mail&_action=refresh HTTP/1.1" 200 682 "http://www.plemma.cc/roundcube/?_task=mail&_mbox=INBOX&_page=2" "Mozilla/5.0 (X11; CrOS x86_64 13982.88.0) AppleWebKit/537.36 (KHTML, like Gecko) Chrome/92.0.4515.162 Safari/537.36"
73.107.144.246 - - [09/Sep/2021:14:09:57 +0000] "POST /roundcube/?_task=mail&_action=refresh HTTP/1.1" 200 3955 "http://www.plemma.cc/roundcube/?_task=mail&_mbox=INBOX&_page=2" "Mozilla/5.0 (X11; CrOS x86_64 13982.88.0) AppleWebKit/537.36 (KHTML, like Gecko) Chrome/92.0.4515.162 Safari/537.36"
73.107.144.246 - - [09/Sep/2021:14:10:57 +0000] "POST /roundcube/?_task=mail&_action=refresh HTTP/1.1" 200 770 "http://www.plemma.cc/roundcube/?_task=mail&_mbox=INBOX&_page=2" "Mozilla/5.0 (X11; CrOS x86_64 13982.88.0) AppleWebKit/537.36 (KHTML, like Gecko) Chrome/92.0.4515.162 Safari/537.36"
73.107.144.246 - - [09/Sep/2021:14:11:57 +0000] "POST /roundcube/?_task=mail&_action=refresh HTTP/1.1" 200 682 "http://www.plemma.cc/roundcube/?_task=mail&_mbox=INBOX&_page=2" "Mozilla/5.0 (X11; CrOS x86_64 13982.88.0) AppleWebKit/537.36 (KHTML, like Gecko) Chrome/92.0.4515.162 Safari/537.36"
73.107.144.246 - - [09/Sep/2021:14:12:57 +0000] "POST /roundcube/?_task=mail&_action=refresh HTTP/1.1" 200 682 "http://www.plemma.cc/roundcube/?_task=mail&_mbox=INBOX&_page=2" "Mozilla/5.0 (X11; CrOS x86_64 13982.88.0) AppleWebKit/537.36 (KHTML, like Gecko) Chrome/92.0.4515.162 Safari/537.36"
73.107.144.246 - - [09/Sep/2021:14:13:57 +0000] "POST /roundcube/?_task=mail&_action=refresh HTTP/1.1" 200 683 "http://www.plemma.cc/roundcube/?_task=mail&_mbox=INBOX&_page=2" "Mozilla/5.0 (X11; CrOS x86_64 13982.88.0) AppleWebKit/537.36 (KHTML, like Gecko) Chrome/92.0.4515.162 Safari/537.36"
73.107.144.246 - - [09/Sep/2021:14:14:57 +0000] "POST /roundcube/?_task=mail&_action=refresh HTTP/1.1" 200 683 "http://www.plemma.cc/roundcube/?_task=mail&_mbox=INBOX&_page=2" "Mozilla/5.0 (X11; CrOS x86_64 13982.88.0) AppleWebKit/537.36 (KHTML, like Gecko) Chrome/92.0.4515.162 Safari/537.36"
73.107.144.246 - - [09/Sep/2021:14:15:57 +0000] "POST /roundcube/?_task=mail&_action=refresh HTTP/1.1" 200 770 "http://www.plemma.cc/roundcube/?_task=mail&_mbox=INBOX&_page=2" "Mozilla/5.0 (X11; CrOS x86_64 13982.88.0) AppleWebKit/537.36 (KHTML, like Gecko) Chrome/92.0.4515.162 Safari/537.36"
73.107.144.246 - - [09/Sep/2021:14:16:57 +0000] "POST /roundcube/?_task=mail&_action=refresh HTTP/1.1" 200 683 "http://www.plemma.cc/roundcube/?_task=mail&_mbox=INBOX&_page=2" "Mozilla/5.0 (X11; CrOS x86_64 13982.88.0) AppleWebKit/537.36 (KHTML, like Gecko) Chrome/92.0.4515.162 Safari/537.36"
73.107.144.246 - - [09/Sep/2021:14:17:57 +0000] "POST /roundcube/?_task=mail&_action=refresh HTTP/1.1" 200 683 "http://www.plemma.cc/roundcube/?_task=mail&_mbox=INBOX&_page=2" "Mozilla/5.0 (X11; CrOS x86_64 13982.88.0) AppleWebKit/537.36 (KHTML, like Gecko) Chrome/92.0.4515.162 Safari/537.36"
73.107.144.246 - - [09/Sep/2021:14:18:57 +0000] "POST /roundcube/?_task=mail&_action=refresh HTTP/1.1" 200 683 "http://www.plemma.cc/roundcube/?_task=mail&_mbox=INBOX&_page=2" "Mozilla/5.0 (X11; CrOS x86_64 13982.88.0) AppleWebKit/537.36 (KHTML, like Gecko) Chrome/92.0.4515.162 Safari/537.36"
73.107.144.246 - - [09/Sep/2021:14:19:57 +0000] "POST /roundcube/?_task=mail&_action=refresh HTTP/1.1" 200 682 "http://www.plemma.cc/roundcube/?_task=mail&_mbox=INBOX&_page=2" "Mozilla/5.0 (X11; CrOS x86_64 13982.88.0) AppleWebKit/537.36 (KHTML, like Gecko) Chrome/92.0.4515.162 Safari/537.36"
73.107.144.246 - - [09/Sep/2021:14:20:57 +0000] "POST /roundcube/?_task=mail&_action=refresh HTTP/1.1" 200 770 "http://www.plemma.cc/roundcube/?_task=mail&_mbox=INBOX&_page=2" "Mozilla/5.0 (X11; CrOS x86_64 13982.88.0) AppleWebKit/537.36 (KHTML, like Gecko) Chrome/92.0.4515.162 Safari/537.36"
73.107.144.246 - - [09/Sep/2021:14:21:57 +0000] "POST /roundcube/?_task=mail&_action=refresh HTTP/1.1" 200 682 "http://www.plemma.cc/roundcube/?_task=mail&_mbox=INBOX&_page=2" "Mozilla/5.0 (X11; CrOS x86_64 13982.88.0) AppleWebKit/537.36 (KHTML, like Gecko) Chrome/92.0.4515.162 Safari/537.36"
73.107.144.246 - - [09/Sep/2021:14:22:57 +0000] "POST /roundcube/?_task=mail&_action=refresh HTTP/1.1" 200 683 "http://www.plemma.cc/roundcube/?_task=mail&_mbox=INBOX&_page=2" "Mozilla/5.0 (X11; CrOS x86_64 13982.88.0) AppleWebKit/537.36 (KHTML, like Gecko) Chrome/92.0.4515.162 Safari/537.36"
73.107.144.246 - - [09/Sep/2021:14:23:57 +0000] "POST /roundcube/?_task=mail&_action=refresh HTTP/1.1" 200 683 "http://www.plemma.cc/roundcube/?_task=mail&_mbox=INBOX&_page=2" "Mozilla/5.0 (X11; CrOS x86_64 13982.88.0) AppleWebKit/537.36 (KHTML, like Gecko) Chrome/92.0.4515.162 Safari/537.36"
73.107.144.246 - - [09/Sep/2021:14:24:57 +0000] "POST /roundcube/?_task=mail&_action=refresh HTTP/1.1" 200 683 "http://www.plemma.cc/roundcube/?_task=mail&_mbox=INBOX&_page=2" "Mozilla/5.0 (X11; CrOS x86_64 13982.88.0) AppleWebKit/537.36 (KHTML, like Gecko) Chrome/92.0.4515.162 Safari/537.36"
223.87.206.120 - - [09/Sep/2021:14:25:49 +0000] "GET /xcaliber.dao.jpg HTTP/1.1" 200 14202 "-" "Mozilla/5.0 (Windows NT 6.2; WOW64) AppleWebKit/537.36 (KHTML, like Gecko) Chrome/49.0.2623.110 Safari/537.36"
73.107.144.246 - - [09/Sep/2021:14:25:57 +0000] "POST /roundcube/?_task=mail&_action=refresh HTTP/1.1" 200 4089 "http://www.plemma.cc/roundcube/?_task=mail&_mbox=INBOX&_page=2" "Mozilla/5.0 (X11; CrOS x86_64 13982.88.0) AppleWebKit/537.36 (KHTML, like Gecko) Chrome/92.0.4515.162 Safari/537.36"
73.107.144.246 - - [09/Sep/2021:14:26:58 +0000] "POST /roundcube/?_task=mail&_action=refresh HTTP/1.1" 200 3996 "http://www.plemma.cc/roundcube/?_task=mail&_mbox=INBOX&_page=2" "Mozilla/5.0 (X11; CrOS x86_64 13982.88.0) AppleWebKit/537.36 (KHTML, like Gecko) Chrome/92.0.4515.162 Safari/537.36"
73.107.144.246 - - [09/Sep/2021:14:27:57 +0000] "POST /roundcube/?_task=mail&_action=refresh HTTP/1.1" 200 683 "http://www.plemma.cc/roundcube/?_task=mail&_mbox=INBOX&_page=2" "Mozilla/5.0 (X11; CrOS x86_64 13982.88.0) AppleWebKit/537.36 (KHTML, like Gecko) Chrome/92.0.4515.162 Safari/537.36"
73.107.144.246 - - [09/Sep/2021:14:28:57 +0000] "POST /roundcube/?_task=mail&_action=refresh HTTP/1.1" 200 683 "http://www.plemma.cc/roundcube/?_task=mail&_mbox=INBOX&_page=2" "Mozilla/5.0 (X11; CrOS x86_64 13982.88.0) AppleWebKit/537.36 (KHTML, like Gecko) Chrome/92.0.4515.162 Safari/537.36"
73.107.144.246 - - [09/Sep/2021:14:29:57 +0000] "POST /roundcube/?_task=mail&_action=refresh HTTP/1.1" 200 681 "http://www.plemma.cc/roundcube/?_task=mail&_mbox=INBOX&_page=2" "Mozilla/5.0 (X11; CrOS x86_64 13982.88.0) AppleWebKit/537.36 (KHTML, like Gecko) Chrome/92.0.4515.162 Safari/537.36"
223.87.206.120 - - [09/Sep/2021:14:25:55 +0000] "GET /usedjolie.png HTTP/1.1" 200 129228 "-" "Mozilla/5.0 (Windows NT 6.2; WOW64) AppleWebKit/537.36 (KHTML, like Gecko) Chrome/49.0.2623.110 Safari/537.36"
73.107.144.246 - - [09/Sep/2021:14:30:57 +0000] "POST /roundcube/?_task=mail&_action=refresh HTTP/1.1" 200 4108 "http://www.plemma.cc/roundcube/?_task=mail&_mbox=INBOX&_page=2" "Mozilla/5.0 (X11; CrOS x86_64 13982.88.0) AppleWebKit/537.36 (KHTML, like Gecko) Chrome/92.0.4515.162 Safari/537.36"
73.107.144.246 - - [09/Sep/2021:14:31:58 +0000] "POST /roundcube/?_task=mail&_action=refresh HTTP/1.1" 200 681 "http://www.plemma.cc/roundcube/?_task=mail&_mbox=INBOX&_page=2" "Mozilla/5.0 (X11; CrOS x86_64 13982.88.0) AppleWebKit/537.36 (KHTML, like Gecko) Chrome/92.0.4515.162 Safari/537.36"
73.107.144.246 - - [09/Sep/2021:14:32:57 +0000] "POST /roundcube/?_task=mail&_action=refresh HTTP/1.1" 200 682 "http://www.plemma.cc/roundcube/?_task=mail&_mbox=INBOX&_page=2" "Mozilla/5.0 (X11; CrOS x86_64 13982.88.0) AppleWebKit/537.36 (KHTML, like Gecko) Chrome/92.0.4515.162 Safari/537.36"
73.107.144.246 - - [09/Sep/2021:14:33:59 +0000] "POST /roundcube/?_task=mail&_action=refresh HTTP/1.1" 200 682 "http://www.plemma.cc/roundcube/?_task=mail&_mbox=INBOX&_page=2" "Mozilla/5.0 (X11; CrOS x86_64 13982.88.0) AppleWebKit/537.36 (KHTML, like Gecko) Chrome/92.0.4515.162 Safari/537.36"
73.107.144.246 - - [09/Sep/2021:14:43:22 +0000] "GET /roundcube/?_task=mail&_mbox=INBOX&_page=2 HTTP/1.1" 200 2714 "http://www.plemma.cc/roundcube/?_task=mail&_mbox=INBOX" "Mozilla/5.0 (X11; CrOS x86_64 13982.88.0) AppleWebKit/537.36 (KHTML, like Gecko) Chrome/92.0.4515.162 Safari/537.36"
73.107.144.246 - - [09/Sep/2021:14:43:22 +0000] "GET /roundcube/program/js/jquery.min.js?s=1630932403 HTTP/1.1" 200 32058 "http://www.plemma.cc/roundcube/?_task=mail&_mbox=INBOX&_page=2" "Mozilla/5.0 (X11; CrOS x86_64 13982.88.0) AppleWebKit/537.36 (KHTML, like Gecko) Chrome/92.0.4515.162 Safari/537.36"
73.107.144.246 - - [09/Sep/2021:14:43:22 +0000] "GET /roundcube/program/js/app.js?s=1630931984 HTTP/1.1" 200 79246 "http://www.plemma.cc/roundcube/?_task=mail&_mbox=INBOX&_page=2" "Mozilla/5.0 (X11; CrOS x86_64 13982.88.0) AppleWebKit/537.36 (KHTML, like Gecko) Chrome/92.0.4515.162 Safari/537.36"
73.107.144.246 - - [09/Sep/2021:14:43:23 +0000] "GET /roundcube/plugins/jqueryui/js/jquery-ui.min.js?s=1630931984 HTTP/1.1" 200 70060 "http://www.plemma.cc/roundcube/?_task=mail&_mbox=INBOX&_page=2" "Mozilla/5.0 (X11; CrOS x86_64 13982.88.0) AppleWebKit/537.36 (KHTML, like Gecko) Chrome/92.0.4515.162 Safari/537.36"
73.107.144.246 - - [09/Sep/2021:14:43:26 +0000] "GET /roundcube/skins/larry/images/buttons.png HTTP/1.1" 200 13336 "http://www.plemma.cc/roundcube/?_task=mail&_mbox=INBOX&_page=2" "Mozilla/5.0 (X11; CrOS x86_64 13982.88.0) AppleWebKit/537.36 (KHTML, like Gecko) Chrome/92.0.4515.162 Safari/537.36"
173.76.248.214 - - [09/Sep/2021:14:53:55 +0000] "GET /xcaliber.dao.jpg HTTP/1.1" 200 14202 "-" "Mozilla/5.0 (Macintosh; Intel Mac OS X 10_15_7) AppleWebKit/605.1.15 (KHTML, like Gecko)"
173.76.248.214 - - [09/Sep/2021:14:53:55 +0000] "GET /usedjolie.png HTTP/1.1" 200 373195 "-" "Mozilla/5.0 (Macintosh; Intel Mac OS X 10_15_7) AppleWebKit/605.1.15 (KHTML, like Gecko)"
18.29.15.79 - - [09/Sep/2021:14:56:20 +0000] "GET /xcaliber.dao.jpg HTTP/1.1" 200 14202 "-" "Mozilla/5.0 (Macintosh; Intel Mac OS X 10_11_6) AppleWebKit/601.7.8 (KHTML, like Gecko)"
18.29.15.79 - - [09/Sep/2021:14:56:21 +0000] "GET /usedjolie.png HTTP/1.1" 200 373195 "-" "Mozilla/5.0 (Macintosh; Intel Mac OS X 10_11_6) AppleWebKit/601.7.8 (KHTML, like Gecko)"
207.102.138.19 - - [09/Sep/2021:15:06:28 +0000] "\x16\x03\x01\x02" 400 0 "-" "-"
73.107.144.246 - - [09/Sep/2021:15:37:28 +0000] "GET /roundcube/?_task=mail&_mbox=INBOX&_page=2 HTTP/1.1" 200 2713 "http://www.plemma.cc/roundcube/?_task=mail&_mbox=INBOX" "Mozilla/5.0 (X11; CrOS x86_64 13982.88.0) AppleWebKit/537.36 (KHTML, like Gecko) Chrome/92.0.4515.162 Safari/537.36"
73.107.144.246 - - [09/Sep/2021:15:37:29 +0000] "GET /roundcube/program/js/jquery.min.js?s=1630932403 HTTP/1.1" 200 32058 "http://www.plemma.cc/roundcube/?_task=mail&_mbox=INBOX&_page=2" "Mozilla/5.0 (X11; CrOS x86_64 13982.88.0) AppleWebKit/537.36 (KHTML, like Gecko) Chrome/92.0.4515.162 Safari/537.36"
73.107.144.246 - - [09/Sep/2021:15:37:30 +0000] "GET /roundcube/program/js/app.js?s=1630931984 HTTP/1.1" 200 79246 "http://www.plemma.cc/roundcube/?_task=mail&_mbox=INBOX&_page=2" "Mozilla/5.0 (X11; CrOS x86_64 13982.88.0) AppleWebKit/537.36 (KHTML, like Gecko) Chrome/92.0.4515.162 Safari/537.36"
73.107.144.246 - - [09/Sep/2021:15:37:30 +0000] "GET /roundcube/plugins/jqueryui/js/jquery-ui.min.js?s=1630931984 HTTP/1.1" 200 70060 "http://www.plemma.cc/roundcube/?_task=mail&_mbox=INBOX&_page=2" "Mozilla/5.0 (X11; CrOS x86_64 13982.88.0) AppleWebKit/537.36 (KHTML, like Gecko) Chrome/92.0.4515.162 Safari/537.36"
185.53.90.24 - - [09/Sep/2021:15:42:53 +0000] "GET /login.action?os_destination=%2Findex.action&permissionViolation=true HTTP/1.1" 404 456 "-" "Mozilla/5.0 (Windows NT 10.0; WOW64) AppleWebKit/537.36 (KHTML, like Gecko) Chrome/83.0.4103.116 Safari/537.36"
73.107.144.246 - - [09/Sep/2021:15:43:10 +0000] "GET / HTTP/1.1" 200 15426 "-" "Mozilla/5.0 (X11; CrOS x86_64 13982.88.0) AppleWebKit/537.36 (KHTML, like Gecko) Chrome/92.0.4515.162 Safari/537.36"
73.107.144.246 - - [09/Sep/2021:15:43:12 +0000] "GET /css/general.css HTTP/1.1" 200 1860 "http://plemma.cc/" "Mozilla/5.0 (X11; CrOS x86_64 13982.88.0) AppleWebKit/537.36 (KHTML, like Gecko) Chrome/92.0.4515.162 Safari/537.36"
73.107.144.246 - - [09/Sep/2021:15:43:12 +0000] "GET /css/variables.css HTTP/1.1" 200 1498 "http://plemma.cc/" "Mozilla/5.0 (X11; CrOS x86_64 13982.88.0) AppleWebKit/537.36 (KHTML, like Gecko) Chrome/92.0.4515.162 Safari/537.36"
73.107.144.246 - - [09/Sep/2021:15:43:12 +0000] "GET /css/chrome.css HTTP/1.1" 200 2691 "http://plemma.cc/" "Mozilla/5.0 (X11; CrOS x86_64 13982.88.0) AppleWebKit/537.36 (KHTML, like Gecko) Chrome/92.0.4515.162 Safari/537.36"
73.107.144.246 - - [09/Sep/2021:15:43:12 +0000] "GET /FontAwesome/css/font-awesome.css HTTP/1.1" 404 487 "http://plemma.cc/" "Mozilla/5.0 (X11; CrOS x86_64 13982.88.0) AppleWebKit/537.36 (KHTML, like Gecko) Chrome/92.0.4515.162 Safari/537.36"
73.107.144.246 - - [09/Sep/2021:15:43:12 +0000] "GET /fonts/fonts.css HTTP/1.1" 404 488 "http://plemma.cc/" "Mozilla/5.0 (X11; CrOS x86_64 13982.88.0) AppleWebKit/537.36 (KHTML, like Gecko) Chrome/92.0.4515.162 Safari/537.36"
73.107.144.246 - - [09/Sep/2021:15:43:12 +0000] "GET /tomorrow-night.css HTTP/1.1" 404 488 "http://plemma.cc/" "Mozilla/5.0 (X11; CrOS x86_64 13982.88.0) AppleWebKit/537.36 (KHTML, like Gecko) Chrome/92.0.4515.162 Safari/537.36"
73.107.144.246 - - [09/Sep/2021:15:43:12 +0000] "GET /highlight.css HTTP/1.1" 404 488 "http://plemma.cc/" "Mozilla/5.0 (X11; CrOS x86_64 13982.88.0) AppleWebKit/537.36 (KHTML, like Gecko) Chrome/92.0.4515.162 Safari/537.36"
73.107.144.246 - - [09/Sep/2021:15:43:12 +0000] "GET /ayu-highlight.css HTTP/1.1" 404 488 "http://plemma.cc/" "Mozilla/5.0 (X11; CrOS x86_64 13982.88.0) AppleWebKit/537.36 (KHTML, like Gecko) Chrome/92.0.4515.162 Safari/537.36"
73.107.144.246 - - [09/Sep/2021:15:43:12 +0000] "GET /xcaliber.dao.jpg HTTP/1.1" 200 14201 "http://plemma.cc/" "Mozilla/5.0 (X11; CrOS x86_64 13982.88.0) AppleWebKit/537.36 (KHTML, like Gecko) Chrome/92.0.4515.162 Safari/537.36"
73.107.144.246 - - [09/Sep/2021:15:43:12 +0000] "GET /css/print.css HTTP/1.1" 200 734 "http://plemma.cc/" "Mozilla/5.0 (X11; CrOS x86_64 13982.88.0) AppleWebKit/537.36 (KHTML, like Gecko) Chrome/92.0.4515.162 Safari/537.36"
73.107.144.246 - - [09/Sep/2021:15:43:12 +0000] "GET /usedjolie.png HTTP/1.1" 200 373194 "http://plemma.cc/" "Mozilla/5.0 (X11; CrOS x86_64 13982.88.0) AppleWebKit/537.36 (KHTML, like Gecko) Chrome/92.0.4515.162 Safari/537.36"
73.107.144.246 - - [09/Sep/2021:15:43:13 +0000] "GET /favicon.svg HTTP/1.1" 404 487 "http://plemma.cc/" "Mozilla/5.0 (X11; CrOS x86_64 13982.88.0) AppleWebKit/537.36 (KHTML, like Gecko) Chrome/92.0.4515.162 Safari/537.36"
73.107.144.246 - - [09/Sep/2021:15:43:13 +0000] "GET /favicon.png HTTP/1.1" 404 487 "http://plemma.cc/" "Mozilla/5.0 (X11; CrOS x86_64 13982.88.0) AppleWebKit/537.36 (KHTML, like Gecko) Chrome/92.0.4515.162 Safari/537.36"
::1 - - [09/Sep/2021:15:43:18 +0000] "OPTIONS * HTTP/1.0" 200 126 "-" "Apache/2.4.38 (Debian) (internal dummy connection)"
73.107.144.246 - - [09/Sep/2021:15:43:19 +0000] "GET /roundcube HTTP/1.1" 301 574 "-" "Mozilla/5.0 (X11; CrOS x86_64 13982.88.0) AppleWebKit/537.36 (KHTML, like Gecko) Chrome/92.0.4515.162 Safari/537.36"
73.107.144.246 - - [09/Sep/2021:15:43:19 +0000] "GET /roundcube/ HTTP/1.1" 200 2644 "-" "Mozilla/5.0 (X11; CrOS x86_64 13982.88.0) AppleWebKit/537.36 (KHTML, like Gecko) Chrome/92.0.4515.162 Safari/537.36"
216.169.73.132 - - [09/Sep/2021:15:43:19 +0000] "GET /roundcube HTTP/1.1" 301 537 "https://www.google.com/" "Mozilla/5.0 (Windows NT 6.1; WOW64) AppleWebKit/537.36 (KHTML, like Gecko) Chrome/29.0.1547.66 Safari/537.36"
73.107.144.246 - - [09/Sep/2021:15:43:20 +0000] "GET /roundcube/skins/larry/styles.min.css?s=1630932658 HTTP/1.1" 200 9944 "http://plemma.cc/roundcube/" "Mozilla/5.0 (X11; CrOS x86_64 13982.88.0) AppleWebKit/537.36 (KHTML, like Gecko) Chrome/92.0.4515.162 Safari/537.36"
73.107.144.246 - - [09/Sep/2021:15:43:20 +0000] "GET /roundcube/plugins/jqueryui/themes/larry/jquery-ui.css?s=1630931984 HTTP/1.1" 200 9804 "http://plemma.cc/roundcube/" "Mozilla/5.0 (X11; CrOS x86_64 13982.88.0) AppleWebKit/537.36 (KHTML, like Gecko) Chrome/92.0.4515.162 Safari/537.36"
73.107.144.246 - - [09/Sep/2021:15:43:20 +0000] "GET /roundcube/skins/larry/ui.js?s=1630931984 HTTP/1.1" 200 13096 "http://plemma.cc/roundcube/" "Mozilla/5.0 (X11; CrOS x86_64 13982.88.0) AppleWebKit/537.36 (KHTML, like Gecko) Chrome/92.0.4515.162 Safari/537.36"
216.169.73.132 - - [09/Sep/2021:15:43:20 +0000] "GET /roundcube/ HTTP/1.1" 200 2683 "https://www.google.com/" "Mozilla/5.0 (Windows NT 6.1; WOW64) AppleWebKit/537.36 (KHTML, like Gecko) Chrome/29.0.1547.66 Safari/537.36"
73.107.144.246 - - [09/Sep/2021:15:43:20 +0000] "GET /roundcube/program/js/jquery.min.js?s=1630932403 HTTP/1.1" 200 32058 "http://plemma.cc/roundcube/" "Mozilla/5.0 (X11; CrOS x86_64 13982.88.0) AppleWebKit/537.36 (KHTML, like Gecko) Chrome/92.0.4515.162 Safari/537.36"
73.107.144.246 - - [09/Sep/2021:15:43:20 +0000] "GET /roundcube/program/js/common.js?s=1630931984 HTTP/1.1" 200 8010 "http://plemma.cc/roundcube/" "Mozilla/5.0 (X11; CrOS x86_64 13982.88.0) AppleWebKit/537.36 (KHTML, like Gecko) Chrome/92.0.4515.162 Safari/537.36"
73.107.144.246 - - [09/Sep/2021:15:43:20 +0000] "GET /roundcube/program/js/app.js?s=1630931984 HTTP/1.1" 200 79245 "http://plemma.cc/roundcube/" "Mozilla/5.0 (X11; CrOS x86_64 13982.88.0) AppleWebKit/537.36 (KHTML, like Gecko) Chrome/92.0.4515.162 Safari/537.36"
73.107.144.246 - - [09/Sep/2021:15:43:20 +0000] "GET /roundcube/program/js/jstz.min.js?s=1630932403 HTTP/1.1" 200 5364 "http://plemma.cc/roundcube/" "Mozilla/5.0 (X11; CrOS x86_64 13982.88.0) AppleWebKit/537.36 (KHTML, like Gecko) Chrome/92.0.4515.162 Safari/537.36"
216.169.73.132 - - [09/Sep/2021:15:43:20 +0000] "GET /roundcube/program/js/common.js?s=1630931984 HTTP/1.1" 200 7974 "http://plemma.cc/roundcube/" "Mozilla/5.0 (Windows NT 6.1; WOW64) AppleWebKit/537.36 (KHTML, like Gecko) Chrome/29.0.1547.66 Safari/537.36"
216.169.73.132 - - [09/Sep/2021:15:43:21 +0000] "GET /roundcube/skins/larry/styles.min.css?s=1630932658 HTTP/1.1" 200 9908 "http://plemma.cc/roundcube/" "Mozilla/5.0 (Windows NT 6.1; WOW64) AppleWebKit/537.36 (KHTML, like Gecko) Chrome/29.0.1547.66 Safari/537.36"
216.169.73.132 - - [09/Sep/2021:15:43:21 +0000] "GET /roundcube/program/js/jquery.min.js?s=1630932403 HTTP/1.1" 200 32022 "http://plemma.cc/roundcube/" "Mozilla/5.0 (Windows NT 6.1; WOW64) AppleWebKit/537.36 (KHTML, like Gecko) Chrome/29.0.1547.66 Safari/537.36"
216.169.73.132 - - [09/Sep/2021:15:43:21 +0000] "GET /roundcube/plugins/jqueryui/themes/larry/jquery-ui.css?s=1630931984 HTTP/1.1" 200 9767 "http://plemma.cc/roundcube/" "Mozilla/5.0 (Windows NT 6.1; WOW64) AppleWebKit/537.36 (KHTML, like Gecko) Chrome/29.0.1547.66 Safari/537.36"
216.169.73.132 - - [09/Sep/2021:15:43:21 +0000] "GET /roundcube/program/js/app.js?s=1630931984 HTTP/1.1" 200 79209 "http://plemma.cc/roundcube/" "Mozilla/5.0 (Windows NT 6.1; WOW64) AppleWebKit/537.36 (KHTML, like Gecko) Chrome/29.0.1547.66 Safari/537.36"
216.169.73.132 - - [09/Sep/2021:15:43:21 +0000] "GET /roundcube/skins/larry/ui.js?s=1630931984 HTTP/1.1" 200 13059 "http://plemma.cc/roundcube/" "Mozilla/5.0 (Windows NT 6.1; WOW64) AppleWebKit/537.36 (KHTML, like Gecko) Chrome/29.0.1547.66 Safari/537.36"
73.107.144.246 - - [09/Sep/2021:15:43:21 +0000] "GET /roundcube/plugins/jqueryui/js/jquery-ui.min.js?s=1630931984 HTTP/1.1" 200 70059 "http://plemma.cc/roundcube/" "Mozilla/5.0 (X11; CrOS x86_64 13982.88.0) AppleWebKit/537.36 (KHTML, like Gecko) Chrome/92.0.4515.162 Safari/537.36"
216.169.73.132 - - [09/Sep/2021:15:43:21 +0000] "GET /roundcube/program/js/jstz.min.js?s=1630932403 HTTP/1.1" 200 5328 "http://plemma.cc/roundcube/" "Mozilla/5.0 (Windows NT 6.1; WOW64) AppleWebKit/537.36 (KHTML, like Gecko) Chrome/29.0.1547.66 Safari/537.36"
73.107.144.246 - - [09/Sep/2021:15:43:21 +0000] "GET /roundcube/skins/larry/images/roundcube_logo.png?s=1630931984 HTTP/1.1" 200 4112 "http://plemma.cc/roundcube/" "Mozilla/5.0 (X11; CrOS x86_64 13982.88.0) AppleWebKit/537.36 (KHTML, like Gecko) Chrome/92.0.4515.162 Safari/537.36"
216.169.73.132 - - [09/Sep/2021:15:43:21 +0000] "GET /roundcube/plugins/jqueryui/js/jquery-ui.min.js?s=1630931984 HTTP/1.1" 200 70023 "http://plemma.cc/roundcube/" "Mozilla/5.0 (Windows NT 6.1; WOW64) AppleWebKit/537.36 (KHTML, like Gecko) Chrome/29.0.1547.66 Safari/537.36"
73.107.144.246 - - [09/Sep/2021:15:43:21 +0000] "GET /roundcube/skins/larry/images/favicon.ico?s=1630931984 HTTP/1.1" 200 2046 "http://plemma.cc/roundcube/" "Mozilla/5.0 (X11; CrOS x86_64 13982.88.0) AppleWebKit/537.36 (KHTML, like Gecko) Chrome/92.0.4515.162 Safari/537.36"
216.169.73.132 - - [09/Sep/2021:15:43:22 +0000] "GET /roundcube/skins/larry/images/roundcube_logo.png?s=1630931984 HTTP/1.1" 200 4076 "http://plemma.cc/roundcube/" "Mozilla/5.0 (Windows NT 6.1; WOW64) AppleWebKit/537.36 (KHTML, like Gecko) Chrome/29.0.1547.66 Safari/537.36"
73.107.144.246 - - [09/Sep/2021:15:43:22 +0000] "GET /roundcube/skins/larry/images/ajaxloader.gif HTTP/1.1" 200 1660 "http://plemma.cc/roundcube/" "Mozilla/5.0 (X11; CrOS x86_64 13982.88.0) AppleWebKit/537.36 (KHTML, like Gecko) Chrome/92.0.4515.162 Safari/537.36"
73.107.144.246 - - [09/Sep/2021:15:43:22 +0000] "GET /roundcube/skins/larry/images/ajaxloader_dark.gif HTTP/1.1" 200 1905 "http://plemma.cc/roundcube/" "Mozilla/5.0 (X11; CrOS x86_64 13982.88.0) AppleWebKit/537.36 (KHTML, like Gecko) Chrome/92.0.4515.162 Safari/537.36"
73.107.144.246 - - [09/Sep/2021:15:43:22 +0000] "GET /roundcube/skins/larry/images/buttons.png HTTP/1.1" 200 13336 "http://plemma.cc/roundcube/" "Mozilla/5.0 (X11; CrOS x86_64 13982.88.0) AppleWebKit/537.36 (KHTML, like Gecko) Chrome/92.0.4515.162 Safari/537.36"
73.107.144.246 - - [09/Sep/2021:15:43:22 +0000] "GET /roundcube/skins/larry/images/addcontact.png HTTP/1.1" 200 622 "http://plemma.cc/roundcube/" "Mozilla/5.0 (X11; CrOS x86_64 13982.88.0) AppleWebKit/537.36 (KHTML, like Gecko) Chrome/92.0.4515.162 Safari/537.36"
73.107.144.246 - - [09/Sep/2021:15:43:22 +0000] "GET /roundcube/skins/larry/images/filetypes.png HTTP/1.1" 200 5079 "http://plemma.cc/roundcube/" "Mozilla/5.0 (X11; CrOS x86_64 13982.88.0) AppleWebKit/537.36 (KHTML, like Gecko) Chrome/92.0.4515.162 Safari/537.36"
73.107.144.246 - - [09/Sep/2021:15:43:22 +0000] "GET /roundcube/skins/larry/images/listicons.png HTTP/1.1" 200 11037 "http://plemma.cc/roundcube/" "Mozilla/5.0 (X11; CrOS x86_64 13982.88.0) AppleWebKit/537.36 (KHTML, like Gecko) Chrome/92.0.4515.162 Safari/537.36"
216.169.73.132 - - [09/Sep/2021:15:43:22 +0000] "GET /roundcube/skins/larry/images/buttons.png HTTP/1.1" 200 13300 "http://plemma.cc/roundcube/" "Mozilla/5.0 (Windows NT 6.1; WOW64) AppleWebKit/537.36 (KHTML, like Gecko) Chrome/29.0.1547.66 Safari/537.36"
216.169.73.132 - - [09/Sep/2021:15:43:22 +0000] "GET /roundcube/skins/larry/images/listicons.png HTTP/1.1" 200 11001 "http://plemma.cc/roundcube/" "Mozilla/5.0 (Windows NT 6.1; WOW64) AppleWebKit/537.36 (KHTML, like Gecko) Chrome/29.0.1547.66 Safari/537.36"
216.169.73.132 - - [09/Sep/2021:15:43:22 +0000] "GET /roundcube/skins/larry/images/addcontact.png HTTP/1.1" 200 586 "http://plemma.cc/roundcube/" "Mozilla/5.0 (Windows NT 6.1; WOW64) AppleWebKit/537.36 (KHTML, like Gecko) Chrome/29.0.1547.66 Safari/537.36"
216.169.73.132 - - [09/Sep/2021:15:43:22 +0000] "GET /roundcube/skins/larry/images/filetypes.png HTTP/1.1" 200 5043 "http://plemma.cc/roundcube/" "Mozilla/5.0 (Windows NT 6.1; WOW64) AppleWebKit/537.36 (KHTML, like Gecko) Chrome/29.0.1547.66 Safari/537.36"
73.107.144.246 - - [09/Sep/2021:15:43:22 +0000] "GET /roundcube/skins/larry/images/messages.png HTTP/1.1" 200 1624 "http://plemma.cc/roundcube/" "Mozilla/5.0 (X11; CrOS x86_64 13982.88.0) AppleWebKit/537.36 (KHTML, like Gecko) Chrome/92.0.4515.162 Safari/537.36"
73.107.144.246 - - [09/Sep/2021:15:43:22 +0000] "GET /roundcube/skins/larry/images/messages_dark.png HTTP/1.1" 200 960 "http://plemma.cc/roundcube/" "Mozilla/5.0 (X11; CrOS x86_64 13982.88.0) AppleWebKit/537.36 (KHTML, like Gecko) Chrome/92.0.4515.162 Safari/537.36"
73.107.144.246 - - [09/Sep/2021:15:43:22 +0000] "GET /roundcube/skins/larry/images/quota.png HTTP/1.1" 200 1697 "http://plemma.cc/roundcube/" "Mozilla/5.0 (X11; CrOS x86_64 13982.88.0) AppleWebKit/537.36 (KHTML, like Gecko) Chrome/92.0.4515.162 Safari/537.36"
216.169.73.132 - - [09/Sep/2021:15:43:22 +0000] "GET /roundcube/skins/larry/images/ajaxloader_dark.gif HTTP/1.1" 200 1869 "http://plemma.cc/roundcube/" "Mozilla/5.0 (Windows NT 6.1; WOW64) AppleWebKit/537.36 (KHTML, like Gecko) Chrome/29.0.1547.66 Safari/537.36"
216.169.73.132 - - [09/Sep/2021:15:43:22 +0000] "GET /roundcube/skins/larry/images/ajaxloader.gif HTTP/1.1" 200 1624 "http://plemma.cc/roundcube/" "Mozilla/5.0 (Windows NT 6.1; WOW64) AppleWebKit/537.36 (KHTML, like Gecko) Chrome/29.0.1547.66 Safari/537.36"
73.107.144.246 - - [09/Sep/2021:15:43:22 +0000] "GET /roundcube/skins/larry/images/selector.png HTTP/1.1" 200 467 "http://plemma.cc/roundcube/" "Mozilla/5.0 (X11; CrOS x86_64 13982.88.0) AppleWebKit/537.36 (KHTML, like Gecko) Chrome/92.0.4515.162 Safari/537.36"
73.107.144.246 - - [09/Sep/2021:15:43:22 +0000] "GET /roundcube/skins/larry/images/splitter.png HTTP/1.1" 200 480 "http://plemma.cc/roundcube/" "Mozilla/5.0 (X11; CrOS x86_64 13982.88.0) AppleWebKit/537.36 (KHTML, like Gecko) Chrome/92.0.4515.162 Safari/537.36"
73.107.144.246 - - [09/Sep/2021:15:43:22 +0000] "GET /roundcube/skins/larry/images/watermark.jpg HTTP/1.1" 200 4810 "http://plemma.cc/roundcube/" "Mozilla/5.0 (X11; CrOS x86_64 13982.88.0) AppleWebKit/537.36 (KHTML, like Gecko) Chrome/92.0.4515.162 Safari/537.36"
216.169.73.132 - - [09/Sep/2021:15:43:23 +0000] "GET /roundcube/skins/larry/images/quota.png HTTP/1.1" 200 1661 "http://plemma.cc/roundcube/" "Mozilla/5.0 (Windows NT 6.1; WOW64) AppleWebKit/537.36 (KHTML, like Gecko) Chrome/29.0.1547.66 Safari/537.36"
216.169.73.132 - - [09/Sep/2021:15:43:23 +0000] "GET /roundcube/skins/larry/images/selector.png HTTP/1.1" 200 431 "http://plemma.cc/roundcube/" "Mozilla/5.0 (Windows NT 6.1; WOW64) AppleWebKit/537.36 (KHTML, like Gecko) Chrome/29.0.1547.66 Safari/537.36"
216.169.73.132 - - [09/Sep/2021:15:43:23 +0000] "GET /roundcube/skins/larry/images/messages_dark.png HTTP/1.1" 200 924 "http://plemma.cc/roundcube/" "Mozilla/5.0 (Windows NT 6.1; WOW64) AppleWebKit/537.36 (KHTML, like Gecko) Chrome/29.0.1547.66 Safari/537.36"
216.169.73.132 - - [09/Sep/2021:15:43:23 +0000] "GET /roundcube/skins/larry/images/watermark.jpg HTTP/1.1" 200 4774 "http://plemma.cc/roundcube/" "Mozilla/5.0 (Windows NT 6.1; WOW64) AppleWebKit/537.36 (KHTML, like Gecko) Chrome/29.0.1547.66 Safari/537.36"
216.169.73.132 - - [09/Sep/2021:15:43:23 +0000] "GET /roundcube/skins/larry/images/messages.png HTTP/1.1" 200 1588 "http://plemma.cc/roundcube/" "Mozilla/5.0 (Windows NT 6.1; WOW64) AppleWebKit/537.36 (KHTML, like Gecko) Chrome/29.0.1547.66 Safari/537.36"
216.169.73.132 - - [09/Sep/2021:15:43:23 +0000] "GET /roundcube/skins/larry/images/splitter.png HTTP/1.1" 200 444 "http://plemma.cc/roundcube/" "Mozilla/5.0 (Windows NT 6.1; WOW64) AppleWebKit/537.36 (KHTML, like Gecko) Chrome/29.0.1547.66 Safari/537.36"
73.107.144.246 - - [09/Sep/2021:16:01:59 +0000] "GET /roundcube/skins/larry/images/ajaxloader.gif?v=c252.1434 HTTP/1.1" 200 1661 "http://plemma.cc/roundcube/skins/larry/styles.min.css?s=1630932658" "Mozilla/5.0 (X11; CrOS x86_64 13982.88.0) AppleWebKit/537.36 (KHTML, like Gecko) Chrome/92.0.4515.162 Safari/537.36"
73.107.144.246 - - [09/Sep/2021:16:01:59 +0000] "POST /roundcube/?_task=login HTTP/1.1" 401 2726 "http://plemma.cc/roundcube/" "Mozilla/5.0 (X11; CrOS x86_64 13982.88.0) AppleWebKit/537.36 (KHTML, like Gecko) Chrome/92.0.4515.162 Safari/537.36"
73.107.144.246 - - [09/Sep/2021:16:02:01 +0000] "GET /roundcube/skins/larry/images/messages.png?v=72e9.1264 HTTP/1.1" 200 1624 "http://plemma.cc/roundcube/skins/larry/styles.min.css?s=1630932658" "Mozilla/5.0 (X11; CrOS x86_64 13982.88.0) AppleWebKit/537.36 (KHTML, like Gecko) Chrome/92.0.4515.162 Safari/537.36"
73.107.144.246 - - [09/Sep/2021:16:02:04 +0000] "POST /roundcube/?_task=login HTTP/1.1" 302 760 "http://plemma.cc/roundcube/?_task=login" "Mozilla/5.0 (X11; CrOS x86_64 13982.88.0) AppleWebKit/537.36 (KHTML, like Gecko) Chrome/92.0.4515.162 Safari/537.36"
73.107.144.246 - - [09/Sep/2021:16:02:05 +0000] "GET /roundcube/?_task=mail&_token=nHets3YLcztLpjxBtIhxJporJ0q5eahH HTTP/1.1" 200 9160 "http://plemma.cc/roundcube/?_task=login" "Mozilla/5.0 (X11; CrOS x86_64 13982.88.0) AppleWebKit/537.36 (KHTML, like Gecko) Chrome/92.0.4515.162 Safari/537.36"
73.107.144.246 - - [09/Sep/2021:16:02:06 +0000] "GET /roundcube/program/js/list.js?s=1630931984 HTTP/1.1" 200 13012 "http://plemma.cc/roundcube/?_task=mail&_token=nHets3YLcztLpjxBtIhxJporJ0q5eahH" "Mozilla/5.0 (X11; CrOS x86_64 13982.88.0) AppleWebKit/537.36 (KHTML, like Gecko) Chrome/92.0.4515.162 Safari/537.36"
73.107.144.246 - - [09/Sep/2021:16:02:06 +0000] "GET /roundcube/skins/larry/mail.min.css?s=1630932658 HTTP/1.1" 200 5139 "http://plemma.cc/roundcube/?_task=mail&_token=nHets3YLcztLpjxBtIhxJporJ0q5eahH" "Mozilla/5.0 (X11; CrOS x86_64 13982.88.0) AppleWebKit/537.36 (KHTML, like Gecko) Chrome/92.0.4515.162 Safari/537.36"
73.107.144.246 - - [09/Sep/2021:16:02:06 +0000] "GET /roundcube/program/js/treelist.js?s=1630931984 HTTP/1.1" 200 9457 "http://plemma.cc/roundcube/?_task=mail&_token=nHets3YLcztLpjxBtIhxJporJ0q5eahH" "Mozilla/5.0 (X11; CrOS x86_64 13982.88.0) AppleWebKit/537.36 (KHTML, like Gecko) Chrome/92.0.4515.162 Safari/537.36"
73.107.144.246 - - [09/Sep/2021:16:02:06 +0000] "GET /roundcube/skins/larry/watermark.html HTTP/1.1" 200 543 "http://plemma.cc/roundcube/?_task=mail&_token=nHets3YLcztLpjxBtIhxJporJ0q5eahH" "Mozilla/5.0 (X11; CrOS x86_64 13982.88.0) AppleWebKit/537.36 (KHTML, like Gecko) Chrome/92.0.4515.162 Safari/537.36"
73.107.144.246 - - [09/Sep/2021:16:02:06 +0000] "GET /roundcube/skins/larry/images/buttons.png?v=2e08.13608 HTTP/1.1" 200 13336 "http://plemma.cc/roundcube/skins/larry/styles.min.css?s=1630932658" "Mozilla/5.0 (X11; CrOS x86_64 13982.88.0) AppleWebKit/537.36 (KHTML, like Gecko) Chrome/92.0.4515.162 Safari/537.36"
73.107.144.246 - - [09/Sep/2021:16:02:06 +0000] "GET /roundcube/skins/larry/images/listicons.png?v=ce39.10766 HTTP/1.1" 200 11037 "http://plemma.cc/roundcube/skins/larry/styles.min.css?s=1630932658" "Mozilla/5.0 (X11; CrOS x86_64 13982.88.0) AppleWebKit/537.36 (KHTML, like Gecko) Chrome/92.0.4515.162 Safari/537.36"
73.107.144.246 - - [09/Sep/2021:16:02:06 +0000] "GET /roundcube/skins/larry/images/selector.png?v=0d5b.118 HTTP/1.1" 200 467 "http://plemma.cc/roundcube/skins/larry/styles.min.css?s=1630932658" "Mozilla/5.0 (X11; CrOS x86_64 13982.88.0) AppleWebKit/537.36 (KHTML, like Gecko) Chrome/92.0.4515.162 Safari/537.36"
73.107.144.246 - - [09/Sep/2021:16:02:06 +0000] "GET /roundcube/skins/larry/images/splitter.png?v=6d32.134 HTTP/1.1" 200 481 "http://plemma.cc/roundcube/skins/larry/styles.min.css?s=1630932658" "Mozilla/5.0 (X11; CrOS x86_64 13982.88.0) AppleWebKit/537.36 (KHTML, like Gecko) Chrome/92.0.4515.162 Safari/537.36"
73.107.144.246 - - [09/Sep/2021:16:02:06 +0000] "GET /roundcube/?_task=mail&_action=getunread&_page=1&_remote=1&_unlock=0&_=1631203325634 HTTP/1.1" 200 653 "http://plemma.cc/roundcube/?_task=mail&_mbox=INBOX" "Mozilla/5.0 (X11; CrOS x86_64 13982.88.0) AppleWebKit/537.36 (KHTML, like Gecko) Chrome/92.0.4515.162 Safari/537.36"
73.107.144.246 - - [09/Sep/2021:16:02:06 +0000] "GET /roundcube/?_task=mail&_action=list&_refresh=1&_layout=widescreen&_mbox=INBOX&_page=&_remote=1&_unlock=loading1631203326056&_=1631203325633 HTTP/1.1" 200 4248 "http://plemma.cc/roundcube/?_task=mail&_token=nHets3YLcztLpjxBtIhxJporJ0q5eahH" "Mozilla/5.0 (X11; CrOS x86_64 13982.88.0) AppleWebKit/537.36 (KHTML, like Gecko) Chrome/92.0.4515.162 Safari/537.36"
73.107.144.246 - - [09/Sep/2021:16:02:06 +0000] "GET /roundcube/skins/larry/images/ajaxloader_dark.gif?v=cf1b.1849 HTTP/1.1" 200 1906 "http://plemma.cc/roundcube/skins/larry/styles.min.css?s=1630932658" "Mozilla/5.0 (X11; CrOS x86_64 13982.88.0) AppleWebKit/537.36 (KHTML, like Gecko) Chrome/92.0.4515.162 Safari/537.36"
73.107.144.246 - - [09/Sep/2021:16:02:06 +0000] "GET /roundcube/program/resources/blank.tiff HTTP/1.1" 200 502 "http://plemma.cc/roundcube/?_task=mail&_mbox=INBOX" "Mozilla/5.0 (X11; CrOS x86_64 13982.88.0) AppleWebKit/537.36 (KHTML, like Gecko) Chrome/92.0.4515.162 Safari/537.36"
73.107.144.246 - - [09/Sep/2021:16:02:06 +0000] "GET /roundcube/program/resources/blank.webp HTTP/1.1" 200 406 "http://plemma.cc/roundcube/?_task=mail&_mbox=INBOX" "Mozilla/5.0 (X11; CrOS x86_64 13982.88.0) AppleWebKit/537.36 (KHTML, like Gecko) Chrome/92.0.4515.162 Safari/537.36"
73.107.144.246 - - [09/Sep/2021:16:02:07 +0000] "GET /roundcube/skins/larry/images/watermark.jpg?v=e784.5000 HTTP/1.1" 200 4811 "http://plemma.cc/roundcube/skins/larry/watermark.html" "Mozilla/5.0 (X11; CrOS x86_64 13982.88.0) AppleWebKit/537.36 (KHTML, like Gecko) Chrome/92.0.4515.162 Safari/537.36"
207.102.138.19 - - [09/Sep/2021:16:02:12 +0000] "\x16\x03\x01\x02" 400 0 "-" "-"
73.107.144.246 - - [09/Sep/2021:16:02:12 +0000] "GET /roundcube/?_task=mail&_caps=pdf%3D1%2Cflash%3D0%2Ctiff%3D0%2Cwebp%3D1%2Cpgpmime%3D0&_uid=1045&_mbox=INBOX&_framed=1&_action=preview HTTP/1.1" 200 9055 "http://plemma.cc/roundcube/?_task=mail&_mbox=INBOX" "Mozilla/5.0 (X11; CrOS x86_64 13982.88.0) AppleWebKit/537.36 (KHTML, like Gecko) Chrome/92.0.4515.162 Safari/537.36"
73.107.144.246 - - [09/Sep/2021:16:02:13 +0000] "GET /roundcube/?_task=addressbook&_action=photo&_email=email%40mail.gobrightline.com HTTP/1.1" 200 456 "http://plemma.cc/roundcube/?_task=mail&_caps=pdf%3D1%2Cflash%3D0%2Ctiff%3D0%2Cwebp%3D1%2Cpgpmime%3D0&_uid=1045&_mbox=INBOX&_framed=1&_action=preview" "Mozilla/5.0 (X11; CrOS x86_64 13982.88.0) AppleWebKit/537.36 (KHTML, like Gecko) Chrome/92.0.4515.162 Safari/537.36"
73.107.144.246 - - [09/Sep/2021:16:02:13 +0000] "GET /roundcube/program/resources/blocked.gif HTTP/1.1" 200 473 "http://plemma.cc/roundcube/?_task=mail&_caps=pdf%3D1%2Cflash%3D0%2Ctiff%3D0%2Cwebp%3D1%2Cpgpmime%3D0&_uid=1045&_mbox=INBOX&_framed=1&_action=preview" "Mozilla/5.0 (X11; CrOS x86_64 13982.88.0) AppleWebKit/537.36 (KHTML, like Gecko) Chrome/92.0.4515.162 Safari/537.36"
73.107.144.246 - - [09/Sep/2021:16:02:13 +0000] "GET /roundcube/skins/larry/images/contactpic_32px.png?v=ee80.246 HTTP/1.1" 200 604 "http://plemma.cc/roundcube/skins/larry/mail.min.css?s=1630932658" "Mozilla/5.0 (X11; CrOS x86_64 13982.88.0) AppleWebKit/537.36 (KHTML, like Gecko) Chrome/92.0.4515.162 Safari/537.36"
73.107.144.246 - - [09/Sep/2021:16:02:16 +0000] "GET /roundcube/?_task=mail&_framed=1&_caps=&_uid=1045&_mbox=INBOX&_safe=1&_action=preview HTTP/1.1" 200 9385 "http://plemma.cc/roundcube/?_task=mail&_mbox=INBOX" "Mozilla/5.0 (X11; CrOS x86_64 13982.88.0) AppleWebKit/537.36 (KHTML, like Gecko) Chrome/92.0.4515.162 Safari/537.36"
::1 - - [09/Sep/2021:16:02:22 +0000] "OPTIONS * HTTP/1.0" 200 126 "-" "Apache/2.4.38 (Debian) (internal dummy connection)"
73.107.144.246 - - [09/Sep/2021:16:02:31 +0000] "GET /roundcube/?_task=mail&_caps=pdf%3D1%2Cflash%3D0%2Ctiff%3D0%2Cwebp%3D1%2Cpgpmime%3D0&_uid=1034&_mbox=INBOX&_framed=1&_action=preview HTTP/1.1" 200 5287 "http://plemma.cc/roundcube/?_task=mail&_mbox=INBOX" "Mozilla/5.0 (X11; CrOS x86_64 13982.88.0) AppleWebKit/537.36 (KHTML, like Gecko) Chrome/92.0.4515.162 Safari/537.36"
73.107.144.246 - - [09/Sep/2021:16:02:32 +0000] "GET /roundcube/?_task=addressbook&_action=photo&_email=christie-j%40ATT.NET HTTP/1.1" 200 456 "http://plemma.cc/roundcube/?_task=mail&_caps=pdf%3D1%2Cflash%3D0%2Ctiff%3D0%2Cwebp%3D1%2Cpgpmime%3D0&_uid=1034&_mbox=INBOX&_framed=1&_action=preview" "Mozilla/5.0 (X11; CrOS x86_64 13982.88.0) AppleWebKit/537.36 (KHTML, like Gecko) Chrome/92.0.4515.162 Safari/537.36"
73.107.144.246 - - [09/Sep/2021:16:02:42 +0000] "GET /roundcube/?_task=mail&_action=list&_layout=widescreen&_mbox=INBOX&_page=2&_remote=1&_unlock=loading1631203361397&_=1631203325635 HTTP/1.1" 200 4730 "http://plemma.cc/roundcube/?_task=mail&_mbox=INBOX" "Mozilla/5.0 (X11; CrOS x86_64 13982.88.0) AppleWebKit/537.36 (KHTML, like Gecko) Chrome/92.0.4515.162 Safari/537.36"
134.195.91.247 - - [09/Sep/2021:16:03:03 +0000] "GET / HTTP/1.1" 200 15389 "-" "http.rb/4.4.1 (Mastodon/3.4.0; +https://ting.cm/) Bot"
73.107.144.246 - - [09/Sep/2021:16:03:07 +0000] "POST /roundcube/?_task=mail&_action=refresh HTTP/1.1" 200 683 "http://plemma.cc/roundcube/?_task=mail&_mbox=INBOX&_page=2" "Mozilla/5.0 (X11; CrOS x86_64 13982.88.0) AppleWebKit/537.36 (KHTML, like Gecko) Chrome/92.0.4515.162 Safari/537.36"
73.107.144.246 - - [09/Sep/2021:16:03:34 +0000] "GET /roundcube/?_task=mail&_caps=pdf%3D1%2Cflash%3D0%2Ctiff%3D0%2Cwebp%3D1%2Cpgpmime%3D0&_uid=957&_mbox=INBOX&_framed=1&_action=preview HTTP/1.1" 200 4295 "http://plemma.cc/roundcube/?_task=mail&_mbox=INBOX&_page=2" "Mozilla/5.0 (X11; CrOS x86_64 13982.88.0) AppleWebKit/537.36 (KHTML, like Gecko) Chrome/92.0.4515.162 Safari/537.36"
73.107.144.246 - - [09/Sep/2021:16:03:34 +0000] "GET /roundcube/?_task=addressbook&_action=photo&_email=ting%40triangleaccounting.net HTTP/1.1" 200 456 "http://plemma.cc/roundcube/?_task=mail&_caps=pdf%3D1%2Cflash%3D0%2Ctiff%3D0%2Cwebp%3D1%2Cpgpmime%3D0&_uid=957&_mbox=INBOX&_framed=1&_action=preview" "Mozilla/5.0 (X11; CrOS x86_64 13982.88.0) AppleWebKit/537.36 (KHTML, like Gecko) Chrome/92.0.4515.162 Safari/537.36"
73.107.144.246 - - [09/Sep/2021:16:03:35 +0000] "GET /roundcube/skins/larry/images/filetypes.png?v=a0f5.4718 HTTP/1.1" 200 5079 "http://plemma.cc/roundcube/skins/larry/styles.min.css?s=1630932658" "Mozilla/5.0 (X11; CrOS x86_64 13982.88.0) AppleWebKit/537.36 (KHTML, like Gecko) Chrome/92.0.4515.162 Safari/537.36"
73.107.144.246 - - [09/Sep/2021:16:03:37 +0000] "GET /roundcube/?_task=mail&_caps=pdf%3D1%2Cflash%3D0%2Ctiff%3D0%2Cwebp%3D1%2Cpgpmime%3D0&_uid=969&_mbox=INBOX&_framed=1&_action=preview HTTP/1.1" 200 5612 "http://plemma.cc/roundcube/?_task=mail&_mbox=INBOX&_page=2" "Mozilla/5.0 (X11; CrOS x86_64 13982.88.0) AppleWebKit/537.36 (KHTML, like Gecko) Chrome/92.0.4515.162 Safari/537.36"
73.107.144.246 - - [09/Sep/2021:16:03:37 +0000] "GET /roundcube/?_task=addressbook&_action=photo&_email=adam%40lamc.la HTTP/1.1" 200 456 "http://plemma.cc/roundcube/?_task=mail&_caps=pdf%3D1%2Cflash%3D0%2Ctiff%3D0%2Cwebp%3D1%2Cpgpmime%3D0&_uid=969&_mbox=INBOX&_framed=1&_action=preview" "Mozilla/5.0 (X11; CrOS x86_64 13982.88.0) AppleWebKit/537.36 (KHTML, like Gecko) Chrome/92.0.4515.162 Safari/537.36"
73.107.144.246 - - [09/Sep/2021:16:03:41 +0000] "GET /roundcube/?_task=mail&_caps=pdf%3D1%2Cflash%3D0%2Ctiff%3D0%2Cwebp%3D1%2Cpgpmime%3D0&_uid=984&_mbox=INBOX&_framed=1&_action=preview HTTP/1.1" 200 8290 "http://plemma.cc/roundcube/?_task=mail&_mbox=INBOX&_page=2" "Mozilla/5.0 (X11; CrOS x86_64 13982.88.0) AppleWebKit/537.36 (KHTML, like Gecko) Chrome/92.0.4515.162 Safari/537.36"
73.107.144.246 - - [09/Sep/2021:16:03:42 +0000] "GET /roundcube/?_task=addressbook&_action=photo&_email=incauthority%40incmystartup.com HTTP/1.1" 200 456 "http://plemma.cc/roundcube/?_task=mail&_caps=pdf%3D1%2Cflash%3D0%2Ctiff%3D0%2Cwebp%3D1%2Cpgpmime%3D0&_uid=984&_mbox=INBOX&_framed=1&_action=preview" "Mozilla/5.0 (X11; CrOS x86_64 13982.88.0) AppleWebKit/537.36 (KHTML, like Gecko) Chrome/92.0.4515.162 Safari/537.36"
73.107.144.246 - - [09/Sep/2021:16:03:46 +0000] "GET /roundcube/?_task=mail&_framed=1&_caps=pdf%3D1%2Cflash%3D0%2Ctiff%3D0%2Cwebp%3D1%2Cpgpmime%3D0&_uid=984&_mbox=INBOX&_safe=1&_action=preview HTTP/1.1" 200 8421 "http://plemma.cc/roundcube/?_task=mail&_mbox=INBOX&_page=2" "Mozilla/5.0 (X11; CrOS x86_64 13982.88.0) AppleWebKit/537.36 (KHTML, like Gecko) Chrome/92.0.4515.162 Safari/537.36"
73.107.144.246 - - [09/Sep/2021:16:03:52 +0000] "GET /roundcube/?_task=mail&_action=list&_layout=widescreen&_mbox=INBOX&_page=3&_remote=1&_unlock=loading1631203431604&_=1631203325636 HTTP/1.1" 200 4569 "http://plemma.cc/roundcube/?_task=mail&_mbox=INBOX&_page=2" "Mozilla/5.0 (X11; CrOS x86_64 13982.88.0) AppleWebKit/537.36 (KHTML, like Gecko) Chrome/92.0.4515.162 Safari/537.36"
73.107.144.246 - - [09/Sep/2021:16:04:07 +0000] "POST /roundcube/?_task=mail&_action=refresh HTTP/1.1" 200 682 "http://plemma.cc/roundcube/?_task=mail&_mbox=INBOX&_page=3" "Mozilla/5.0 (X11; CrOS x86_64 13982.88.0) AppleWebKit/537.36 (KHTML, like Gecko) Chrome/92.0.4515.162 Safari/537.36"
