73.107.144.246 - - [04/Sep/2021:00:35:46 +0000] "GET /roundcube/skins/classic/images/tabs-left.gif?v=d7b0.230 HTTP/1.1" 200 550 "http://plemma.cc/roundcube/skins/classic/common.min.css?s=1609117988" "Mozilla/5.0 (X11; CrOS x86_64 13982.88.0) AppleWebKit/537.36 (KHTML, like Gecko) Chrome/92.0.4515.162 Safari/537.36"
73.107.144.246 - - [04/Sep/2021:00:35:46 +0000] "GET /roundcube/skins/classic/watermark.html HTTP/1.1" 200 683 "http://plemma.cc/roundcube/?_task=settings&_action=preferences" "Mozilla/5.0 (X11; CrOS x86_64 13982.88.0) AppleWebKit/537.36 (KHTML, like Gecko) Chrome/92.0.4515.162 Safari/537.36"
73.107.144.246 - - [04/Sep/2021:00:35:46 +0000] "GET /roundcube/skins/classic/images/dimple.png?v=42a0.158 HTTP/1.1" 200 508 "http://plemma.cc/roundcube/skins/classic/common.min.css?s=1609117988" "Mozilla/5.0 (X11; CrOS x86_64 13982.88.0) AppleWebKit/537.36 (KHTML, like Gecko) Chrome/92.0.4515.162 Safari/537.36"
73.107.144.246 - - [04/Sep/2021:00:35:47 +0000] "GET /roundcube/skins/classic/images/watermark.gif HTTP/1.1" 200 11443 "http://plemma.cc/roundcube/skins/classic/watermark.html" "Mozilla/5.0 (X11; CrOS x86_64 13982.88.0) AppleWebKit/537.36 (KHTML, like Gecko) Chrome/92.0.4515.162 Safari/537.36"
73.107.144.246 - - [04/Sep/2021:00:35:48 +0000] "GET /roundcube/?_page=1 HTTP/1.1" 200 7613 "http://plemma.cc/roundcube/?_task=settings&_action=preferences" "Mozilla/5.0 (X11; CrOS x86_64 13982.88.0) AppleWebKit/537.36 (KHTML, like Gecko) Chrome/92.0.4515.162 Safari/537.36"
73.107.144.246 - - [04/Sep/2021:00:35:49 +0000] "GET /roundcube/skins/classic/mail.min.css?s=1609117988 HTTP/1.1" 200 5194 "http://plemma.cc/roundcube/?_page=1" "Mozilla/5.0 (X11; CrOS x86_64 13982.88.0) AppleWebKit/537.36 (KHTML, like Gecko) Chrome/92.0.4515.162 Safari/537.36"
73.107.144.246 - - [04/Sep/2021:00:35:49 +0000] "GET /roundcube/skins/classic/images/icons/glass_roll.png HTTP/1.1" 200 714 "http://plemma.cc/roundcube/?_page=1" "Mozilla/5.0 (X11; CrOS x86_64 13982.88.0) AppleWebKit/537.36 (KHTML, like Gecko) Chrome/92.0.4515.162 Safari/537.36"
73.107.144.246 - - [04/Sep/2021:00:35:49 +0000] "GET /roundcube/skins/classic/images/icons/reset.gif HTTP/1.1" 200 522 "http://plemma.cc/roundcube/?_page=1" "Mozilla/5.0 (X11; CrOS x86_64 13982.88.0) AppleWebKit/537.36 (KHTML, like Gecko) Chrome/92.0.4515.162 Safari/537.36"
73.107.144.246 - - [04/Sep/2021:00:35:49 +0000] "GET /roundcube/skins/classic/images/messageicons.png?v=c493.2511 HTTP/1.1" 200 2679 "http://plemma.cc/roundcube/skins/classic/mail.min.css?s=1609117988" "Mozilla/5.0 (X11; CrOS x86_64 13982.88.0) AppleWebKit/537.36 (KHTML, like Gecko) Chrome/92.0.4515.162 Safari/537.36"
73.107.144.246 - - [04/Sep/2021:00:35:49 +0000] "GET /roundcube/skins/classic/images/mail_toolbar.png?v=2271.13035 HTTP/1.1" 200 13397 "http://plemma.cc/roundcube/skins/classic/mail.min.css?s=1609117988" "Mozilla/5.0 (X11; CrOS x86_64 13982.88.0) AppleWebKit/537.36 (KHTML, like Gecko) Chrome/92.0.4515.162 Safari/537.36"
73.107.144.246 - - [04/Sep/2021:00:35:49 +0000] "GET /roundcube/skins/classic/images/icons/folders.png?v=7c4f.5218 HTTP/1.1" 200 5579 "http://plemma.cc/roundcube/skins/classic/common.min.css?s=1609117988" "Mozilla/5.0 (X11; CrOS x86_64 13982.88.0) AppleWebKit/537.36 (KHTML, like Gecko) Chrome/92.0.4515.162 Safari/537.36"
73.107.144.246 - - [04/Sep/2021:00:35:49 +0000] "GET /roundcube/skins/classic/images/icons/groupactions.png?v=6760.604 HTTP/1.1" 200 963 "http://plemma.cc/roundcube/skins/classic/common.min.css?s=1609117988" "Mozilla/5.0 (X11; CrOS x86_64 13982.88.0) AppleWebKit/537.36 (KHTML, like Gecko) Chrome/92.0.4515.162 Safari/537.36"
73.107.144.246 - - [04/Sep/2021:00:35:49 +0000] "GET /roundcube/skins/classic/images/mail_footer.png?v=1c4b.774 HTTP/1.1" 200 1133 "http://plemma.cc/roundcube/skins/classic/mail.min.css?s=1609117988" "Mozilla/5.0 (X11; CrOS x86_64 13982.88.0) AppleWebKit/537.36 (KHTML, like Gecko) Chrome/92.0.4515.162 Safari/537.36"
73.107.144.246 - - [04/Sep/2021:00:35:49 +0000] "GET /roundcube/skins/classic/images/searchfield.gif?v=36a5.397 HTTP/1.1" 200 756 "http://plemma.cc/roundcube/skins/classic/common.min.css?s=1609117988" "Mozilla/5.0 (X11; CrOS x86_64 13982.88.0) AppleWebKit/537.36 (KHTML, like Gecko) Chrome/92.0.4515.162 Safari/537.36"
73.107.144.246 - - [04/Sep/2021:00:35:50 +0000] "GET /roundcube/skins/classic/images/dbutton.png?v=4d5a.230 HTTP/1.1" 200 584 "http://plemma.cc/roundcube/skins/classic/common.min.css?s=1609117988" "Mozilla/5.0 (X11; CrOS x86_64 13982.88.0) AppleWebKit/537.36 (KHTML, like Gecko) Chrome/92.0.4515.162 Safari/537.36"
73.107.144.246 - - [04/Sep/2021:00:35:50 +0000] "GET /roundcube/?_task=mail&_action=list&_refresh=1&_mbox=Drafts&_remote=1&_unlock=loading1630715749338&_=1630715749176 HTTP/1.1" 200 1150 "http://plemma.cc/roundcube/?_page=1" "Mozilla/5.0 (X11; CrOS x86_64 13982.88.0) AppleWebKit/537.36 (KHTML, like Gecko) Chrome/92.0.4515.162 Safari/537.36"
73.107.144.246 - - [04/Sep/2021:00:35:50 +0000] "GET /roundcube/skins/classic/images/display/loading.gif?v=9bae.2710 HTTP/1.1" 200 2534 "http://plemma.cc/roundcube/skins/classic/common.min.css?s=1609117988" "Mozilla/5.0 (X11; CrOS x86_64 13982.88.0) AppleWebKit/537.36 (KHTML, like Gecko) Chrome/92.0.4515.162 Safari/537.36"
73.107.144.246 - - [04/Sep/2021:00:35:50 +0000] "GET /roundcube/?_task=mail&_action=getunread&_page=1&_remote=1&_unlock=0&_=1630715749177 HTTP/1.1" 200 606 "http://plemma.cc/roundcube/?_task=mail&_mbox=Drafts" "Mozilla/5.0 (X11; CrOS x86_64 13982.88.0) AppleWebKit/537.36 (KHTML, like Gecko) Chrome/92.0.4515.162 Safari/537.36"
73.107.144.246 - - [04/Sep/2021:00:35:50 +0000] "GET /roundcube/skins/classic/images/pagenav.gif?v=8464.1147 HTTP/1.1" 200 1507 "http://plemma.cc/roundcube/skins/classic/common.min.css?s=1609117988" "Mozilla/5.0 (X11; CrOS x86_64 13982.88.0) AppleWebKit/537.36 (KHTML, like Gecko) Chrome/92.0.4515.162 Safari/537.36"
73.107.144.246 - - [04/Sep/2021:00:35:53 +0000] "GET /roundcube/?_task=mail&_caps=pdf%3D1%2Cflash%3D0%2Ctiff%3D0%2Cwebp%3D1&_uid=2&_mbox=Drafts&_framed=1&_action=preview HTTP/1.1" 200 3284 "http://plemma.cc/roundcube/?_task=mail&_mbox=Drafts" "Mozilla/5.0 (X11; CrOS x86_64 13982.88.0) AppleWebKit/537.36 (KHTML, like Gecko) Chrome/92.0.4515.162 Safari/537.36"
73.107.144.246 - - [04/Sep/2021:00:35:53 +0000] "GET /roundcube/skins/classic/images/icons/extwin.png HTTP/1.1" 200 520 "http://plemma.cc/roundcube/?_task=mail&_caps=pdf%3D1%2Cflash%3D0%2Ctiff%3D0%2Cwebp%3D1&_uid=2&_mbox=Drafts&_framed=1&_action=preview" "Mozilla/5.0 (X11; CrOS x86_64 13982.88.0) AppleWebKit/537.36 (KHTML, like Gecko) Chrome/92.0.4515.162 Safari/537.36"
73.107.144.246 - - [04/Sep/2021:00:35:53 +0000] "GET /roundcube/skins/classic/images/icons/silhouette.png HTTP/1.1" 200 537 "http://plemma.cc/roundcube/?_task=mail&_caps=pdf%3D1%2Cflash%3D0%2Ctiff%3D0%2Cwebp%3D1&_uid=2&_mbox=Drafts&_framed=1&_action=preview" "Mozilla/5.0 (X11; CrOS x86_64 13982.88.0) AppleWebKit/537.36 (KHTML, like Gecko) Chrome/92.0.4515.162 Safari/537.36"
73.107.144.246 - - [04/Sep/2021:00:35:53 +0000] "GET /roundcube/skins/classic/images/display/icons.png?v=e866.4201 HTTP/1.1" 200 4555 "http://plemma.cc/roundcube/skins/classic/common.min.css?s=1609117988" "Mozilla/5.0 (X11; CrOS x86_64 13982.88.0) AppleWebKit/537.36 (KHTML, like Gecko) Chrome/92.0.4515.162 Safari/537.36"
73.107.144.246 - - [04/Sep/2021:00:35:53 +0000] "GET /roundcube/skins/classic/images/icons/down_small.gif?v=f368.105 HTTP/1.1" 200 461 "http://plemma.cc/roundcube/skins/classic/mail.min.css?s=1609117988" "Mozilla/5.0 (X11; CrOS x86_64 13982.88.0) AppleWebKit/537.36 (KHTML, like Gecko) Chrome/92.0.4515.162 Safari/537.36"
73.107.144.246 - - [04/Sep/2021:00:35:55 +0000] "GET /roundcube/?_task=mail&_framed=1&_mbox=Drafts&_draft_uid=2&_action=compose HTTP/1.1" 302 524 "http://plemma.cc/roundcube/?_task=mail&_mbox=Drafts" "Mozilla/5.0 (X11; CrOS x86_64 13982.88.0) AppleWebKit/537.36 (KHTML, like Gecko) Chrome/92.0.4515.162 Safari/537.36"
73.107.144.246 - - [04/Sep/2021:00:35:56 +0000] "GET /roundcube/?_task=mail&_action=compose&_id=19814380326132bf6bf21f7 HTTP/1.1" 200 7416 "http://plemma.cc/roundcube/?_task=mail&_mbox=Drafts" "Mozilla/5.0 (X11; CrOS x86_64 13982.88.0) AppleWebKit/537.36 (KHTML, like Gecko) Chrome/92.0.4515.162 Safari/537.36"
73.107.144.246 - - [04/Sep/2021:00:35:57 +0000] "GET /roundcube/skins/classic/images/icons/glass.png HTTP/1.1" 200 661 "http://plemma.cc/roundcube/?_task=mail&_action=compose&_id=19814380326132bf6bf21f7" "Mozilla/5.0 (X11; CrOS x86_64 13982.88.0) AppleWebKit/537.36 (KHTML, like Gecko) Chrome/92.0.4515.162 Safari/537.36"
73.107.144.246 - - [04/Sep/2021:00:35:57 +0000] "GET /roundcube/skins/classic/images/icons/minus.gif HTTP/1.1" 200 429 "http://plemma.cc/roundcube/?_task=mail&_action=compose&_id=19814380326132bf6bf21f7" "Mozilla/5.0 (X11; CrOS x86_64 13982.88.0) AppleWebKit/537.36 (KHTML, like Gecko) Chrome/92.0.4515.162 Safari/537.36"
::1 - - [04/Sep/2021:00:36:05 +0000] "OPTIONS * HTTP/1.0" 200 126 "-" "Apache/2.4.38 (Debian) (internal dummy connection)"
73.107.144.246 - - [04/Sep/2021:00:36:08 +0000] "POST /roundcube/?_task=mail&_unlock=loading1630715768097&_lang=undefined&_framed=1 HTTP/1.1" 200 839 "http://plemma.cc/roundcube/?_task=mail&_action=compose&_id=19814380326132bf6bf21f7" "Mozilla/5.0 (X11; CrOS x86_64 13982.88.0) AppleWebKit/537.36 (KHTML, like Gecko) Chrome/92.0.4515.162 Safari/537.36"
73.107.144.246 - - [04/Sep/2021:00:36:12 +0000] "GET /roundcube/?_task=mail&_refresh=1&_mbox=Drafts HTTP/1.1" 200 7612 "http://plemma.cc/roundcube/?_task=mail&_action=compose&_id=19814380326132bf6bf21f7" "Mozilla/5.0 (X11; CrOS x86_64 13982.88.0) AppleWebKit/537.36 (KHTML, like Gecko) Chrome/92.0.4515.162 Safari/537.36"
73.107.144.246 - - [04/Sep/2021:00:36:13 +0000] "GET /roundcube/?_task=mail&_action=getunread&_page=1&_remote=1&_unlock=0&_=1630715773104 HTTP/1.1" 200 607 "http://plemma.cc/roundcube/?_task=mail&_mbox=Drafts" "Mozilla/5.0 (X11; CrOS x86_64 13982.88.0) AppleWebKit/537.36 (KHTML, like Gecko) Chrome/92.0.4515.162 Safari/537.36"
73.107.144.246 - - [04/Sep/2021:00:36:13 +0000] "GET /roundcube/?_task=mail&_action=list&_refresh=1&_mbox=Drafts&_remote=1&_unlock=loading1630715773255&_=1630715773103 HTTP/1.1" 200 1149 "http://plemma.cc/roundcube/?_task=mail&_refresh=1&_mbox=Drafts" "Mozilla/5.0 (X11; CrOS x86_64 13982.88.0) AppleWebKit/537.36 (KHTML, like Gecko) Chrome/92.0.4515.162 Safari/537.36"
73.107.144.246 - - [04/Sep/2021:00:36:17 +0000] "GET /roundcube/?_task=mail&_action=list&_refresh=1&_mbox=INBOX&_page=1&_remote=1&_unlock=loading1630715776880&_=1630715773105 HTTP/1.1" 200 3848 "http://plemma.cc/roundcube/?_task=mail&_mbox=Drafts" "Mozilla/5.0 (X11; CrOS x86_64 13982.88.0) AppleWebKit/537.36 (KHTML, like Gecko) Chrome/92.0.4515.162 Safari/537.36"
73.107.144.246 - - [04/Sep/2021:00:36:20 +0000] "GET /roundcube/?_task=mail&_caps=pdf%3D1%2Cflash%3D0%2Ctiff%3D0%2Cwebp%3D1&_uid=92&_mbox=INBOX&_framed=1&_action=preview HTTP/1.1" 200 5420 "http://plemma.cc/roundcube/?_task=mail&_mbox=INBOX" "Mozilla/5.0 (X11; CrOS x86_64 13982.88.0) AppleWebKit/537.36 (KHTML, like Gecko) Chrome/92.0.4515.162 Safari/537.36"
73.107.144.246 - - [04/Sep/2021:00:36:20 +0000] "GET /roundcube/skins/classic/images/icons/text.png HTTP/1.1" 200 502 "http://plemma.cc/roundcube/?_task=mail&_caps=pdf%3D1%2Cflash%3D0%2Ctiff%3D0%2Cwebp%3D1&_uid=92&_mbox=INBOX&_framed=1&_action=preview" "Mozilla/5.0 (X11; CrOS x86_64 13982.88.0) AppleWebKit/537.36 (KHTML, like Gecko) Chrome/92.0.4515.162 Safari/537.36"
73.107.144.246 - - [04/Sep/2021:00:36:22 +0000] "GET /roundcube/?_task=mail&_caps=pdf%3D1%2Cflash%3D0%2Ctiff%3D0%2Cwebp%3D1&_uid=87&_mbox=INBOX&_framed=1&_action=preview HTTP/1.1" 200 3234 "http://plemma.cc/roundcube/?_task=mail&_mbox=INBOX" "Mozilla/5.0 (X11; CrOS x86_64 13982.88.0) AppleWebKit/537.36 (KHTML, like Gecko) Chrome/92.0.4515.162 Safari/537.36"
73.107.144.246 - - [04/Sep/2021:00:36:26 +0000] "GET /roundcube/?_task=mail&_caps=pdf%3D1%2Cflash%3D0%2Ctiff%3D0%2Cwebp%3D1&_uid=86&_mbox=INBOX&_framed=1&_action=preview HTTP/1.1" 200 3284 "http://plemma.cc/roundcube/?_task=mail&_mbox=INBOX" "Mozilla/5.0 (X11; CrOS x86_64 13982.88.0) AppleWebKit/537.36 (KHTML, like Gecko) Chrome/92.0.4515.162 Safari/537.36"
73.107.144.246 - - [04/Sep/2021:00:36:30 +0000] "GET /roundcube/?_task=mail&_caps=pdf%3D1%2Cflash%3D0%2Ctiff%3D0%2Cwebp%3D1&_uid=85&_mbox=INBOX&_framed=1&_action=preview HTTP/1.1" 200 3285 "http://plemma.cc/roundcube/?_task=mail&_mbox=INBOX" "Mozilla/5.0 (X11; CrOS x86_64 13982.88.0) AppleWebKit/537.36 (KHTML, like Gecko) Chrome/92.0.4515.162 Safari/537.36"
73.107.144.246 - - [04/Sep/2021:00:36:31 +0000] "GET /roundcube/?_task=mail&_caps=pdf%3D1%2Cflash%3D0%2Ctiff%3D0%2Cwebp%3D1&_uid=84&_mbox=INBOX&_framed=1&_action=preview HTTP/1.1" 200 3298 "http://plemma.cc/roundcube/?_task=mail&_mbox=INBOX" "Mozilla/5.0 (X11; CrOS x86_64 13982.88.0) AppleWebKit/537.36 (KHTML, like Gecko) Chrome/92.0.4515.162 Safari/537.36"
73.107.144.246 - - [04/Sep/2021:00:36:37 +0000] "GET /roundcube/?_task=mail&_caps=pdf%3D1%2Cflash%3D0%2Ctiff%3D0%2Cwebp%3D1&_uid=83&_mbox=INBOX&_framed=1&_action=preview HTTP/1.1" 200 4361 "http://plemma.cc/roundcube/?_task=mail&_mbox=INBOX" "Mozilla/5.0 (X11; CrOS x86_64 13982.88.0) AppleWebKit/537.36 (KHTML, like Gecko) Chrome/92.0.4515.162 Safari/537.36"
73.107.144.246 - - [04/Sep/2021:00:36:50 +0000] "GET /roundcube/?_task=mail&_caps=pdf%3D1%2Cflash%3D0%2Ctiff%3D0%2Cwebp%3D1&_uid=82&_mbox=INBOX&_framed=1&_action=preview HTTP/1.1" 200 4327 "http://plemma.cc/roundcube/?_task=mail&_mbox=INBOX" "Mozilla/5.0 (X11; CrOS x86_64 13982.88.0) AppleWebKit/537.36 (KHTML, like Gecko) Chrome/92.0.4515.162 Safari/537.36"
73.107.144.246 - - [04/Sep/2021:00:36:53 +0000] "GET /roundcube/?_task=mail&_caps=pdf%3D1%2Cflash%3D0%2Ctiff%3D0%2Cwebp%3D1&_uid=81&_mbox=INBOX&_framed=1&_action=preview HTTP/1.1" 200 5630 "http://plemma.cc/roundcube/?_task=mail&_mbox=INBOX" "Mozilla/5.0 (X11; CrOS x86_64 13982.88.0) AppleWebKit/537.36 (KHTML, like Gecko) Chrome/92.0.4515.162 Safari/537.36"
104.47.5.254 - - [04/Sep/2021:00:36:53 +0000] "GET /rsync HTTP/1.1" 404 451 "-" "-"
73.107.144.246 - - [04/Sep/2021:00:36:54 +0000] "GET /roundcube/skins/classic/images/icons/attachment.png?v=ee4e.516 HTTP/1.1" 200 875 "http://plemma.cc/roundcube/skins/classic/mail.min.css?s=1609117988" "Mozilla/5.0 (X11; CrOS x86_64 13982.88.0) AppleWebKit/537.36 (KHTML, like Gecko) Chrome/92.0.4515.162 Safari/537.36"
73.107.144.246 - - [04/Sep/2021:00:36:55 +0000] "GET /roundcube/?_task=mail&_caps=pdf%3D1%2Cflash%3D0%2Ctiff%3D0%2Cwebp%3D1&_uid=80&_mbox=INBOX&_framed=1&_action=preview HTTP/1.1" 200 4328 "http://plemma.cc/roundcube/?_task=mail&_mbox=INBOX" "Mozilla/5.0 (X11; CrOS x86_64 13982.88.0) AppleWebKit/537.36 (KHTML, like Gecko) Chrome/92.0.4515.162 Safari/537.36"
73.107.144.246 - - [04/Sep/2021:00:36:58 +0000] "GET /roundcube/?_task=mail&_caps=pdf%3D1%2Cflash%3D0%2Ctiff%3D0%2Cwebp%3D1&_uid=81&_mbox=INBOX&_framed=1&_action=preview HTTP/1.1" 200 5617 "http://plemma.cc/roundcube/?_task=mail&_mbox=INBOX" "Mozilla/5.0 (X11; CrOS x86_64 13982.88.0) AppleWebKit/537.36 (KHTML, like Gecko) Chrome/92.0.4515.162 Safari/537.36"
73.107.144.246 - - [04/Sep/2021:00:37:05 +0000] "GET /roundcube/?_task=mail&_caps=pdf%3D1%2Cflash%3D0%2Ctiff%3D0%2Cwebp%3D1&_uid=91&_mbox=INBOX&_framed=1&_action=preview HTTP/1.1" 200 5632 "http://plemma.cc/roundcube/?_task=mail&_mbox=INBOX" "Mozilla/5.0 (X11; CrOS x86_64 13982.88.0) AppleWebKit/537.36 (KHTML, like Gecko) Chrome/92.0.4515.162 Safari/537.36"
73.107.144.246 - - [04/Sep/2021:00:37:06 +0000] "GET /roundcube/?_task=mail&_caps=pdf%3D1%2Cflash%3D0%2Ctiff%3D0%2Cwebp%3D1&_uid=89&_mbox=INBOX&_framed=1&_action=preview HTTP/1.1" 200 3729 "http://plemma.cc/roundcube/?_task=mail&_mbox=INBOX" "Mozilla/5.0 (X11; CrOS x86_64 13982.88.0) AppleWebKit/537.36 (KHTML, like Gecko) Chrome/92.0.4515.162 Safari/537.36"
73.107.144.246 - - [04/Sep/2021:00:37:13 +0000] "POST /roundcube/?_task=mail&_action=refresh HTTP/1.1" 200 779 "http://plemma.cc/roundcube/?_task=mail&_mbox=INBOX" "Mozilla/5.0 (X11; CrOS x86_64 13982.88.0) AppleWebKit/537.36 (KHTML, like Gecko) Chrome/92.0.4515.162 Safari/537.36"
81.2.241.26 - - [04/Sep/2021:00:37:14 +0000] "GET /rsync HTTP/1.1" 404 432 "-" "Mozilla/5.0 (Windows NT 10.0; Win64; x64) AppleWebKit/537.36 (KHTML, like Gecko) Chrome/72.0.3626.109 Safari/537.36"
40.94.104.42 - - [04/Sep/2021:00:37:15 +0000] "GET /rsync HTTP/1.1" 404 488 "-" "Mozilla/5.0 (Windows NT 10.0; Win64; x64) AppleWebKit/537.36 (KHTML, like Gecko) Chrome/72.0.3626.109 Safari/537.36"
40.94.104.5 - - [04/Sep/2021:00:37:15 +0000] "GET / HTTP/1.1" 200 13804 "https://t.co/t42i5t8hJC" "Mozilla/5.0 (Windows NT 10.0; Win64; x64) AppleWebKit/537.36 (KHTML, like Gecko) Chrome/72.0.3626.109 Safari/537.36"
40.94.104.5 - - [04/Sep/2021:00:37:16 +0000] "GET /css/variables.css HTTP/1.1" 200 1498 "http://plemma.cc/" "Mozilla/5.0 (Windows NT 10.0; Win64; x64) AppleWebKit/537.36 (KHTML, like Gecko) Chrome/72.0.3626.109 Safari/537.36"
40.94.104.5 - - [04/Sep/2021:00:37:16 +0000] "GET /css/general.css HTTP/1.1" 200 1859 "http://plemma.cc/" "Mozilla/5.0 (Windows NT 10.0; Win64; x64) AppleWebKit/537.36 (KHTML, like Gecko) Chrome/72.0.3626.109 Safari/537.36"
40.94.104.69 - - [04/Sep/2021:00:37:16 +0000] "GET /css/chrome.css HTTP/1.1" 200 2692 "http://plemma.cc/" "Mozilla/5.0 (Windows NT 10.0; Win64; x64) AppleWebKit/537.36 (KHTML, like Gecko) Chrome/72.0.3626.109 Safari/537.36"
40.94.104.19 - - [04/Sep/2021:00:37:16 +0000] "GET /FontAwesome/css/font-awesome.css HTTP/1.1" 404 488 "http://plemma.cc/" "Mozilla/5.0 (Windows NT 10.0; Win64; x64) AppleWebKit/537.36 (KHTML, like Gecko) Chrome/72.0.3626.109 Safari/537.36"
40.94.104.49 - - [04/Sep/2021:00:37:16 +0000] "GET /fonts/fonts.css HTTP/1.1" 404 488 "http://plemma.cc/" "Mozilla/5.0 (Windows NT 10.0; Win64; x64) AppleWebKit/537.36 (KHTML, like Gecko) Chrome/72.0.3626.109 Safari/537.36"
40.94.104.49 - - [04/Sep/2021:00:37:16 +0000] "GET /highlight.css HTTP/1.1" 404 488 "http://plemma.cc/" "Mozilla/5.0 (Windows NT 10.0; Win64; x64) AppleWebKit/537.36 (KHTML, like Gecko) Chrome/72.0.3626.109 Safari/537.36"
40.94.104.32 - - [04/Sep/2021:00:37:16 +0000] "GET /tomorrow-night.css HTTP/1.1" 404 488 "http://plemma.cc/" "Mozilla/5.0 (Windows NT 10.0; Win64; x64) AppleWebKit/537.36 (KHTML, like Gecko) Chrome/72.0.3626.109 Safari/537.36"
40.94.104.5 - - [04/Sep/2021:00:37:16 +0000] "GET /ayu-highlight.css HTTP/1.1" 404 487 "http://plemma.cc/" "Mozilla/5.0 (Windows NT 10.0; Win64; x64) AppleWebKit/537.36 (KHTML, like Gecko) Chrome/72.0.3626.109 Safari/537.36"
40.94.104.49 - - [04/Sep/2021:00:37:16 +0000] "GET /highlight.css HTTP/1.1" 404 487 "http://plemma.cc/" "Mozilla/5.0 (Windows NT 10.0; Win64; x64) AppleWebKit/537.36 (KHTML, like Gecko) Chrome/72.0.3626.109 Safari/537.36"
40.94.104.19 - - [04/Sep/2021:00:37:16 +0000] "GET /FontAwesome/css/font-awesome.css HTTP/1.1" 404 487 "http://plemma.cc/" "Mozilla/5.0 (Windows NT 10.0; Win64; x64) AppleWebKit/537.36 (KHTML, like Gecko) Chrome/72.0.3626.109 Safari/537.36"
40.94.104.49 - - [04/Sep/2021:00:37:16 +0000] "GET /fonts/fonts.css HTTP/1.1" 404 487 "http://plemma.cc/" "Mozilla/5.0 (Windows NT 10.0; Win64; x64) AppleWebKit/537.36 (KHTML, like Gecko) Chrome/72.0.3626.109 Safari/537.36"
40.94.104.69 - - [04/Sep/2021:00:37:16 +0000] "GET /tomorrow-night.css HTTP/1.1" 404 487 "http://plemma.cc/" "Mozilla/5.0 (Windows NT 10.0; Win64; x64) AppleWebKit/537.36 (KHTML, like Gecko) Chrome/72.0.3626.109 Safari/537.36"
40.94.104.32 - - [04/Sep/2021:00:37:16 +0000] "GET /xcaliber.dao.jpg HTTP/1.1" 200 14201 "http://plemma.cc/" "Mozilla/5.0 (Windows NT 10.0; Win64; x64) AppleWebKit/537.36 (KHTML, like Gecko) Chrome/72.0.3626.109 Safari/537.36"
40.94.104.5 - - [04/Sep/2021:00:37:16 +0000] "GET /ayu-highlight.css HTTP/1.1" 404 487 "http://plemma.cc/" "Mozilla/5.0 (Windows NT 10.0; Win64; x64) AppleWebKit/537.36 (KHTML, like Gecko) Chrome/72.0.3626.109 Safari/537.36"
40.94.104.69 - - [04/Sep/2021:00:37:17 +0000] "GET /css/print.css HTTP/1.1" 200 734 "http://plemma.cc/" "Mozilla/5.0 (Windows NT 10.0; Win64; x64) AppleWebKit/537.36 (KHTML, like Gecko) Chrome/72.0.3626.109 Safari/537.36"
73.107.144.246 - - [04/Sep/2021:00:37:17 +0000] "GET /roundcube/?_task=mail&_action=list&_refresh=1&_mbox=INBOX&_remote=1&_unlock=loading1630715836861&_=1630715773106 HTTP/1.1" 200 3843 "http://plemma.cc/roundcube/?_task=mail&_mbox=INBOX" "Mozilla/5.0 (X11; CrOS x86_64 13982.88.0) AppleWebKit/537.36 (KHTML, like Gecko) Chrome/92.0.4515.162 Safari/537.36"
40.94.104.49 - - [04/Sep/2021:00:37:17 +0000] "GET /usedjolie.png HTTP/1.1" 200 373194 "http://plemma.cc/" "Mozilla/5.0 (Windows NT 10.0; Win64; x64) AppleWebKit/537.36 (KHTML, like Gecko) Chrome/72.0.3626.109 Safari/537.36"
73.107.144.246 - - [04/Sep/2021:00:37:18 +0000] "GET /roundcube/?_task=mail&_action=list&_refresh=1&_mbox=Sent&_page=1&_remote=1&_unlock=loading1630715837983&_=1630715773107 HTTP/1.1" 200 949 "http://plemma.cc/roundcube/?_task=mail&_mbox=INBOX" "Mozilla/5.0 (X11; CrOS x86_64 13982.88.0) AppleWebKit/537.36 (KHTML, like Gecko) Chrome/92.0.4515.162 Safari/537.36"
::1 - - [04/Sep/2021:00:37:19 +0000] "OPTIONS * HTTP/1.0" 200 126 "-" "Apache/2.4.38 (Debian) (internal dummy connection)"
73.107.144.246 - - [04/Sep/2021:00:37:19 +0000] "GET /roundcube/?_task=mail&_action=list&_refresh=1&_mbox=Drafts&_page=1&_remote=1&_unlock=loading1630715839343&_=1630715773108 HTTP/1.1" 200 1151 "http://plemma.cc/roundcube/?_task=mail&_mbox=Sent" "Mozilla/5.0 (X11; CrOS x86_64 13982.88.0) AppleWebKit/537.36 (KHTML, like Gecko) Chrome/92.0.4515.162 Safari/537.36"
::1 - - [04/Sep/2021:00:37:20 +0000] "OPTIONS * HTTP/1.0" 200 126 "-" "Apache/2.4.38 (Debian) (internal dummy connection)"
73.107.144.246 - - [04/Sep/2021:00:37:21 +0000] "GET /roundcube/?_task=mail&_caps=pdf%3D1%2Cflash%3D0%2Ctiff%3D0%2Cwebp%3D1&_uid=2&_mbox=Drafts&_framed=1&_action=preview HTTP/1.1" 200 3284 "http://plemma.cc/roundcube/?_task=mail&_mbox=Drafts" "Mozilla/5.0 (X11; CrOS x86_64 13982.88.0) AppleWebKit/537.36 (KHTML, like Gecko) Chrome/92.0.4515.162 Safari/537.36"
73.107.144.246 - - [04/Sep/2021:00:37:23 +0000] "GET /roundcube/?_task=mail&_mbox=Drafts&_action=compose HTTP/1.1" 302 524 "http://plemma.cc/roundcube/?_task=mail&_mbox=Drafts" "Mozilla/5.0 (X11; CrOS x86_64 13982.88.0) AppleWebKit/537.36 (KHTML, like Gecko) Chrome/92.0.4515.162 Safari/537.36"
73.107.144.246 - - [04/Sep/2021:00:37:24 +0000] "GET /roundcube/?_task=mail&_action=compose&_id=21326597966132bfc3aa5ad HTTP/1.1" 200 7355 "http://plemma.cc/roundcube/?_task=mail&_mbox=Drafts" "Mozilla/5.0 (X11; CrOS x86_64 13982.88.0) AppleWebKit/537.36 (KHTML, like Gecko) Chrome/92.0.4515.162 Safari/537.36"
40.94.104.25 - - [04/Sep/2021:00:37:27 +0000] "GET /favicon.ico HTTP/1.1" 404 488 "http://plemma.co/rsync" "Mozilla/5.0 (Windows NT 10.0; Win64; x64) AppleWebKit/537.36 (KHTML, like Gecko) Chrome/72.0.3626.109 Safari/537.36"
73.107.144.246 - - [04/Sep/2021:00:37:28 +0000] "POST /roundcube/?_task=mail&_action=autocomplete HTTP/1.1" 200 615 "http://plemma.cc/roundcube/?_task=mail&_action=compose&_id=21326597966132bfc3aa5ad" "Mozilla/5.0 (X11; CrOS x86_64 13982.88.0) AppleWebKit/537.36 (KHTML, like Gecko) Chrome/92.0.4515.162 Safari/537.36"
::1 - - [04/Sep/2021:00:37:29 +0000] "OPTIONS * HTTP/1.0" 200 126 "-" "Apache/2.4.38 (Debian) (internal dummy connection)"
73.107.144.246 - - [04/Sep/2021:00:37:39 +0000] "POST /roundcube/?_task=mail&_unlock=loading1630715858341&_lang=undefined&_framed=1 HTTP/1.1" 200 838 "http://plemma.cc/roundcube/?_task=mail&_action=compose&_id=21326597966132bfc3aa5ad" "Mozilla/5.0 (X11; CrOS x86_64 13982.88.0) AppleWebKit/537.36 (KHTML, like Gecko) Chrome/92.0.4515.162 Safari/537.36"
40.94.104.29 - - [04/Sep/2021:00:37:39 +0000] "GET /favicon.png HTTP/1.1" 404 488 "http://plemma.cc/" "Mozilla/5.0 (Windows NT 10.0; Win64; x64) AppleWebKit/537.36 (KHTML, like Gecko) Chrome/72.0.3626.109 Safari/537.36"
40.94.104.70 - - [04/Sep/2021:00:37:40 +0000] "GET /favicon.svg HTTP/1.1" 404 488 "http://plemma.cc/" "Mozilla/5.0 (Windows NT 10.0; Win64; x64) AppleWebKit/537.36 (KHTML, like Gecko) Chrome/72.0.3626.109 Safari/537.36"
40.94.104.70 - - [04/Sep/2021:00:37:41 +0000] "GET /favicon.png HTTP/1.1" 404 487 "http://plemma.cc/" "Mozilla/5.0 (Windows NT 10.0; Win64; x64) AppleWebKit/537.36 (KHTML, like Gecko) Chrome/72.0.3626.109 Safari/537.36"
40.94.104.70 - - [04/Sep/2021:00:37:41 +0000] "GET /favicon.svg HTTP/1.1" 404 487 "http://plemma.cc/" "Mozilla/5.0 (Windows NT 10.0; Win64; x64) AppleWebKit/537.36 (KHTML, like Gecko) Chrome/72.0.3626.109 Safari/537.36"
52.25.123.2 - - [04/Sep/2021:00:37:56 +0000] "GET /rsync HTTP/1.1" 404 432 "-" "Mozilla/5.0 (Windows NT 6.1; Win64; x64) AppleWebKit/537.36 (KHTML, like Gecko) Chrome/72.0.3626.109 Safari/537.36"
73.107.144.246 - - [04/Sep/2021:00:38:25 +0000] "POST /roundcube/?_task=mail&_action=refresh HTTP/1.1" 200 517 "http://plemma.cc/roundcube/?_task=mail&_action=compose&_id=21326597966132bfc3aa5ad" "Mozilla/5.0 (X11; CrOS x86_64 13982.88.0) AppleWebKit/537.36 (KHTML, like Gecko) Chrome/92.0.4515.162 Safari/537.36"
73.107.144.246 - - [04/Sep/2021:00:39:25 +0000] "POST /roundcube/?_task=mail&_action=refresh HTTP/1.1" 200 517 "http://plemma.cc/roundcube/?_task=mail&_action=compose&_id=21326597966132bfc3aa5ad" "Mozilla/5.0 (X11; CrOS x86_64 13982.88.0) AppleWebKit/537.36 (KHTML, like Gecko) Chrome/92.0.4515.162 Safari/537.36"
73.107.144.246 - - [04/Sep/2021:00:39:40 +0000] "POST /roundcube/?_task=mail&_unlock=loading1630715979920&_lang=undefined&_framed=1 HTTP/1.1" 200 838 "http://plemma.cc/roundcube/?_task=mail&_action=compose&_id=21326597966132bfc3aa5ad" "Mozilla/5.0 (X11; CrOS x86_64 13982.88.0) AppleWebKit/537.36 (KHTML, like Gecko) Chrome/92.0.4515.162 Safari/537.36"
34.228.229.27 - - [04/Sep/2021:00:39:42 +0000] "GET /rsync HTTP/1.1" 404 432 "-" "Mozilla/5.0 (Windows NT 10.0; Win64; x64) AppleWebKit/537.36 (KHTML, like Gecko) Chrome/63.0.3239.84 Safari/537.36"
34.228.229.27 - - [04/Sep/2021:00:39:43 +0000] "GET /favicon.ico HTTP/1.1" 404 432 "-" "Mozilla/5.0 (Windows NT 10.0; Win64; x64) AppleWebKit/537.36 (KHTML, like Gecko) Chrome/63.0.3239.84 Safari/537.36"
198.144.120.177 - - [04/Sep/2021:00:40:02 +0000] "GET /rsync HTTP/1.1" 404 451 "http://plemma.co/rsync" "Mozilla/5.0 (compatible; MSIE 10.0; Windows NT 6.1; Trident/6.0)"
73.107.144.246 - - [04/Sep/2021:00:40:24 +0000] "POST /roundcube/?_task=mail&_unlock=loading1630716023637&_lang=undefined&_framed=1 HTTP/1.1" 200 926 "http://plemma.cc/roundcube/?_task=mail&_action=compose&_id=21326597966132bfc3aa5ad" "Mozilla/5.0 (X11; CrOS x86_64 13982.88.0) AppleWebKit/537.36 (KHTML, like Gecko) Chrome/92.0.4515.162 Safari/537.36"
73.107.144.246 - - [04/Sep/2021:00:40:25 +0000] "POST /roundcube/?_task=mail&_action=refresh HTTP/1.1" 200 516 "http://plemma.cc/roundcube/?_task=mail&_action=compose&_id=21326597966132bfc3aa5ad" "Mozilla/5.0 (X11; CrOS x86_64 13982.88.0) AppleWebKit/537.36 (KHTML, like Gecko) Chrome/92.0.4515.162 Safari/537.36"
73.107.144.246 - - [04/Sep/2021:00:41:25 +0000] "POST /roundcube/?_task=mail&_action=refresh HTTP/1.1" 200 517 "http://plemma.cc/roundcube/?_task=mail&_action=compose&_id=21326597966132bfc3aa5ad" "Mozilla/5.0 (X11; CrOS x86_64 13982.88.0) AppleWebKit/537.36 (KHTML, like Gecko) Chrome/92.0.4515.162 Safari/537.36"
73.107.144.246 - - [04/Sep/2021:00:42:25 +0000] "POST /roundcube/?_task=mail&_action=refresh HTTP/1.1" 200 517 "http://plemma.cc/roundcube/?_task=mail&_action=compose&_id=21326597966132bfc3aa5ad" "Mozilla/5.0 (X11; CrOS x86_64 13982.88.0) AppleWebKit/537.36 (KHTML, like Gecko) Chrome/92.0.4515.162 Safari/537.36"
73.107.144.246 - - [04/Sep/2021:00:43:26 +0000] "POST /roundcube/?_task=mail&_action=refresh HTTP/1.1" 200 517 "http://plemma.cc/roundcube/?_task=mail&_action=compose&_id=21326597966132bfc3aa5ad" "Mozilla/5.0 (X11; CrOS x86_64 13982.88.0) AppleWebKit/537.36 (KHTML, like Gecko) Chrome/92.0.4515.162 Safari/537.36"
74.125.210.99 - - [04/Sep/2021:00:44:01 +0000] "GET /google59e19e0afdb165db.html HTTP/1.1" 404 488 "-" "Mozilla/5.0 (compatible; Google-Site-Verification/1.0)"
74.125.210.99 - - [04/Sep/2021:00:44:01 +0000] "GET / HTTP/1.1" 200 13804 "-" "Mozilla/5.0 (compatible; Google-Site-Verification/1.0)"
74.125.210.99 - - [04/Sep/2021:00:44:01 +0000] "GET /google90bfdd5ba42466f9.html HTTP/1.1" 404 488 "-" "Mozilla/5.0 (compatible; Google-Site-Verification/1.0)"
74.125.210.96 - - [04/Sep/2021:00:44:01 +0000] "GET /?cachebuster=3192902588 HTTP/1.1" 200 13804 "-" "Mozilla/5.0 (compatible; Google-Site-Verification/1.0)"
73.107.144.246 - - [04/Sep/2021:00:44:25 +0000] "POST /roundcube/?_task=mail&_action=refresh HTTP/1.1" 200 517 "http://plemma.cc/roundcube/?_task=mail&_action=compose&_id=21326597966132bfc3aa5ad" "Mozilla/5.0 (X11; CrOS x86_64 13982.88.0) AppleWebKit/537.36 (KHTML, like Gecko) Chrome/92.0.4515.162 Safari/537.36"
73.107.144.246 - - [04/Sep/2021:00:44:56 +0000] "POST /roundcube/?_task=mail&_unlock=loading1630716295808&_lang=undefined&_framed=1 HTTP/1.1" 200 838 "http://plemma.cc/roundcube/?_task=mail&_action=compose&_id=21326597966132bfc3aa5ad" "Mozilla/5.0 (X11; CrOS x86_64 13982.88.0) AppleWebKit/537.36 (KHTML, like Gecko) Chrome/92.0.4515.162 Safari/537.36"
73.107.144.246 - - [04/Sep/2021:00:45:00 +0000] "GET /roundcube/?_task=mail&_refresh=1&_mbox=Drafts HTTP/1.1" 200 7700 "http://plemma.cc/roundcube/?_task=mail&_action=compose&_id=21326597966132bfc3aa5ad" "Mozilla/5.0 (X11; CrOS x86_64 13982.88.0) AppleWebKit/537.36 (KHTML, like Gecko) Chrome/92.0.4515.162 Safari/537.36"
74.125.210.96 - - [04/Sep/2021:00:45:01 +0000] "GET / HTTP/1.1" 200 13804 "-" "Mozilla/5.0 (compatible; Google-Site-Verification/1.0)"
74.125.210.96 - - [04/Sep/2021:00:45:01 +0000] "GET /google90bfdd5ba42466f9.html HTTP/1.1" 404 488 "-" "Mozilla/5.0 (compatible; Google-Site-Verification/1.0)"
73.107.144.246 - - [04/Sep/2021:00:45:01 +0000] "GET /roundcube/?_task=mail&_action=list&_refresh=1&_mbox=Drafts&_remote=1&_unlock=loading1630716301128&_=1630716300829 HTTP/1.1" 200 1148 "http://plemma.cc/roundcube/?_task=mail&_refresh=1&_mbox=Drafts" "Mozilla/5.0 (X11; CrOS x86_64 13982.88.0) AppleWebKit/537.36 (KHTML, like Gecko) Chrome/92.0.4515.162 Safari/537.36"
74.125.210.96 - - [04/Sep/2021:00:45:01 +0000] "GET /google59e19e0afdb165db.html HTTP/1.1" 404 488 "-" "Mozilla/5.0 (compatible; Google-Site-Verification/1.0)"
74.125.210.96 - - [04/Sep/2021:00:45:01 +0000] "GET /?cachebuster=902638282 HTTP/1.1" 200 13803 "-" "Mozilla/5.0 (compatible; Google-Site-Verification/1.0)"
73.107.144.246 - - [04/Sep/2021:00:45:01 +0000] "GET /roundcube/?_task=mail&_action=getunread&_page=1&_remote=1&_unlock=0&_=1630716300830 HTTP/1.1" 200 607 "http://plemma.cc/roundcube/?_task=mail&_mbox=Drafts" "Mozilla/5.0 (X11; CrOS x86_64 13982.88.0) AppleWebKit/537.36 (KHTML, like Gecko) Chrome/92.0.4515.162 Safari/537.36"
73.107.144.246 - - [04/Sep/2021:00:45:03 +0000] "GET /roundcube/?_task=mail&_action=list&_refresh=1&_mbox=INBOX&_page=1&_remote=1&_unlock=loading1630716302808&_=1630716300831 HTTP/1.1" 200 3842 "http://plemma.cc/roundcube/?_task=mail&_mbox=Drafts" "Mozilla/5.0 (X11; CrOS x86_64 13982.88.0) AppleWebKit/537.36 (KHTML, like Gecko) Chrome/92.0.4515.162 Safari/537.36"
73.107.144.246 - - [04/Sep/2021:00:45:08 +0000] "GET /roundcube/?_task=mail&_caps=pdf%3D1%2Cflash%3D0%2Ctiff%3D0%2Cwebp%3D1&_uid=92&_mbox=INBOX&_framed=1&_action=preview HTTP/1.1" 200 5408 "http://plemma.cc/roundcube/?_task=mail&_mbox=INBOX" "Mozilla/5.0 (X11; CrOS x86_64 13982.88.0) AppleWebKit/537.36 (KHTML, like Gecko) Chrome/92.0.4515.162 Safari/537.36"
73.107.144.246 - - [04/Sep/2021:00:45:10 +0000] "GET /roundcube/?_task=mail&_caps=pdf%3D1%2Cflash%3D0%2Ctiff%3D0%2Cwebp%3D1&_uid=88&_mbox=INBOX&_framed=1&_action=preview HTTP/1.1" 200 5587 "http://plemma.cc/roundcube/?_task=mail&_mbox=INBOX" "Mozilla/5.0 (X11; CrOS x86_64 13982.88.0) AppleWebKit/537.36 (KHTML, like Gecko) Chrome/92.0.4515.162 Safari/537.36"
73.107.144.246 - - [04/Sep/2021:00:46:01 +0000] "POST /roundcube/?_task=mail&_action=refresh HTTP/1.1" 200 780 "http://plemma.cc/roundcube/?_task=mail&_mbox=INBOX" "Mozilla/5.0 (X11; CrOS x86_64 13982.88.0) AppleWebKit/537.36 (KHTML, like Gecko) Chrome/92.0.4515.162 Safari/537.36"
35.209.210.70 - - [04/Sep/2021:00:46:46 +0000] "GET /rsync HTTP/1.1" 404 488 "-" "Mozilla/5.0 (compatible; MSIE 10.0; Windows NT 10.0; WOW64; Trident/7.0; Sleipnir6/6.4.4; SleipnirSiteUpdates/6.4.4)"
73.107.144.246 - - [04/Sep/2021:00:47:01 +0000] "POST /roundcube/?_task=mail&_action=refresh HTTP/1.1" 200 780 "http://plemma.cc/roundcube/?_task=mail&_mbox=INBOX" "Mozilla/5.0 (X11; CrOS x86_64 13982.88.0) AppleWebKit/537.36 (KHTML, like Gecko) Chrome/92.0.4515.162 Safari/537.36"
73.107.144.246 - - [04/Sep/2021:00:48:01 +0000] "POST /roundcube/?_task=mail&_action=refresh HTTP/1.1" 200 780 "http://plemma.cc/roundcube/?_task=mail&_mbox=INBOX" "Mozilla/5.0 (X11; CrOS x86_64 13982.88.0) AppleWebKit/537.36 (KHTML, like Gecko) Chrome/92.0.4515.162 Safari/537.36"
116.198.162.217 - - [04/Sep/2021:00:48:43 +0000] "GET /rsync HTTP/1.1" 404 488 "-" "Mozilla/5.0 (Windows NT 10.0; Win64; x64) AppleWebKit/537.36 (KHTML, like Gecko) Chrome/66.0.3359.181 Safari/537.36"
73.107.144.246 - - [04/Sep/2021:00:49:01 +0000] "POST /roundcube/?_task=mail&_action=refresh HTTP/1.1" 200 780 "http://plemma.cc/roundcube/?_task=mail&_mbox=INBOX" "Mozilla/5.0 (X11; CrOS x86_64 13982.88.0) AppleWebKit/537.36 (KHTML, like Gecko) Chrome/92.0.4515.162 Safari/537.36"
116.198.162.217 - - [04/Sep/2021:00:49:27 +0000] "GET /rsync HTTP/1.1" 404 488 "-" "Mozilla/5.0 (Windows NT 10.0; Win64; x64) AppleWebKit/537.36 (KHTML, like Gecko) Chrome/66.0.3359.181 Safari/537.36"
73.107.144.246 - - [04/Sep/2021:00:50:01 +0000] "POST /roundcube/?_task=mail&_action=refresh HTTP/1.1" 200 868 "http://plemma.cc/roundcube/?_task=mail&_mbox=INBOX" "Mozilla/5.0 (X11; CrOS x86_64 13982.88.0) AppleWebKit/537.36 (KHTML, like Gecko) Chrome/92.0.4515.162 Safari/537.36"
116.198.162.217 - - [04/Sep/2021:00:50:40 +0000] "GET /rsync HTTP/1.1" 404 488 "-" "Mozilla/5.0 (Windows NT 10.0; Win64; x64) AppleWebKit/537.36 (KHTML, like Gecko) Chrome/66.0.3359.181 Safari/537.36"
116.198.162.217 - - [04/Sep/2021:00:50:50 +0000] "GET /rsync HTTP/1.1" 404 488 "-" "Mozilla/5.0 (Windows NT 10.0; Win64; x64) AppleWebKit/537.36 (KHTML, like Gecko) Chrome/66.0.3359.181 Safari/537.36"
73.107.144.246 - - [04/Sep/2021:00:51:02 +0000] "POST /roundcube/?_task=mail&_action=refresh HTTP/1.1" 200 780 "http://plemma.cc/roundcube/?_task=mail&_mbox=INBOX" "Mozilla/5.0 (X11; CrOS x86_64 13982.88.0) AppleWebKit/537.36 (KHTML, like Gecko) Chrome/92.0.4515.162 Safari/537.36"
73.107.144.246 - - [04/Sep/2021:00:52:03 +0000] "POST /roundcube/?_task=mail&_action=refresh HTTP/1.1" 200 780 "http://plemma.cc/roundcube/?_task=mail&_mbox=INBOX" "Mozilla/5.0 (X11; CrOS x86_64 13982.88.0) AppleWebKit/537.36 (KHTML, like Gecko) Chrome/92.0.4515.162 Safari/537.36"
111.7.100.22 - - [04/Sep/2021:00:52:08 +0000] "GET / HTTP/1.1" 200 13767 "-" "Mozilla/5.0 (Windows NT 10.0; Win64; x64) AppleWebKit/537.36 (KHTML, like Gecko) Chrome/72.0.3626.119 Safari/537.36"
111.7.100.22 - - [04/Sep/2021:00:52:19 +0000] "GET / HTTP/1.1" 200 13767 "-" "Mozilla/5.0 (Windows NT 10.0; Win64; x64) AppleWebKit/537.36 (KHTML, like Gecko) Chrome/72.0.3626.119 Safari/537.36"
73.107.144.246 - - [04/Sep/2021:00:53:04 +0000] "POST /roundcube/?_task=mail&_action=refresh HTTP/1.1" 200 780 "http://plemma.cc/roundcube/?_task=mail&_mbox=INBOX" "Mozilla/5.0 (X11; CrOS x86_64 13982.88.0) AppleWebKit/537.36 (KHTML, like Gecko) Chrome/92.0.4515.162 Safari/537.36"
73.107.144.246 - - [04/Sep/2021:00:54:05 +0000] "POST /roundcube/?_task=mail&_action=refresh HTTP/1.1" 200 781 "http://plemma.cc/roundcube/?_task=mail&_mbox=INBOX" "Mozilla/5.0 (X11; CrOS x86_64 13982.88.0) AppleWebKit/537.36 (KHTML, like Gecko) Chrome/92.0.4515.162 Safari/537.36"
73.107.144.246 - - [04/Sep/2021:00:55:06 +0000] "POST /roundcube/?_task=mail&_action=refresh HTTP/1.1" 200 3786 "http://plemma.cc/roundcube/?_task=mail&_mbox=INBOX" "Mozilla/5.0 (X11; CrOS x86_64 13982.88.0) AppleWebKit/537.36 (KHTML, like Gecko) Chrome/92.0.4515.162 Safari/537.36"
73.107.144.246 - - [04/Sep/2021:00:56:08 +0000] "POST /roundcube/?_task=mail&_action=refresh HTTP/1.1" 200 781 "http://plemma.cc/roundcube/?_task=mail&_mbox=INBOX" "Mozilla/5.0 (X11; CrOS x86_64 13982.88.0) AppleWebKit/537.36 (KHTML, like Gecko) Chrome/92.0.4515.162 Safari/537.36"
73.107.144.246 - - [04/Sep/2021:00:57:08 +0000] "POST /roundcube/?_task=mail&_action=refresh HTTP/1.1" 200 781 "http://plemma.cc/roundcube/?_task=mail&_mbox=INBOX" "Mozilla/5.0 (X11; CrOS x86_64 13982.88.0) AppleWebKit/537.36 (KHTML, like Gecko) Chrome/92.0.4515.162 Safari/537.36"
73.107.144.246 - - [04/Sep/2021:00:58:09 +0000] "POST /roundcube/?_task=mail&_action=refresh HTTP/1.1" 200 3708 "http://plemma.cc/roundcube/?_task=mail&_mbox=INBOX" "Mozilla/5.0 (X11; CrOS x86_64 13982.88.0) AppleWebKit/537.36 (KHTML, like Gecko) Chrome/92.0.4515.162 Safari/537.36"
116.198.162.217 - - [04/Sep/2021:00:58:58 +0000] "GET /rsync HTTP/1.1" 404 488 "-" "Mozilla/5.0 (Windows NT 10.0; Win64; x64) AppleWebKit/537.36 (KHTML, like Gecko) Chrome/66.0.3359.181 Safari/537.36"
73.107.144.246 - - [04/Sep/2021:00:59:10 +0000] "POST /roundcube/?_task=mail&_action=refresh HTTP/1.1" 200 3675 "http://plemma.cc/roundcube/?_task=mail&_mbox=INBOX" "Mozilla/5.0 (X11; CrOS x86_64 13982.88.0) AppleWebKit/537.36 (KHTML, like Gecko) Chrome/92.0.4515.162 Safari/537.36"
73.107.144.246 - - [04/Sep/2021:00:59:38 +0000] "GET /roundcube/?_task=mail&_caps=pdf%3D1%2Cflash%3D0%2Ctiff%3D0%2Cwebp%3D1&_uid=95&_mbox=INBOX&_framed=1&_action=preview HTTP/1.1" 200 3730 "http://plemma.cc/roundcube/?_task=mail&_mbox=INBOX" "Mozilla/5.0 (X11; CrOS x86_64 13982.88.0) AppleWebKit/537.36 (KHTML, like Gecko) Chrome/92.0.4515.162 Safari/537.36"
73.107.144.246 - - [04/Sep/2021:00:59:40 +0000] "GET /roundcube/?_task=mail&_caps=pdf%3D1%2Cflash%3D0%2Ctiff%3D0%2Cwebp%3D1&_uid=93&_mbox=INBOX&_framed=1&_action=preview HTTP/1.1" 200 3641 "http://plemma.cc/roundcube/?_task=mail&_mbox=INBOX" "Mozilla/5.0 (X11; CrOS x86_64 13982.88.0) AppleWebKit/537.36 (KHTML, like Gecko) Chrome/92.0.4515.162 Safari/537.36"
73.107.144.246 - - [04/Sep/2021:01:00:01 +0000] "POST /roundcube/?_task=mail&_action=refresh HTTP/1.1" 200 869 "http://plemma.cc/roundcube/?_task=mail&_mbox=INBOX" "Mozilla/5.0 (X11; CrOS x86_64 13982.88.0) AppleWebKit/537.36 (KHTML, like Gecko) Chrome/92.0.4515.162 Safari/537.36"
73.107.144.246 - - [04/Sep/2021:01:01:01 +0000] "POST /roundcube/?_task=mail&_action=refresh HTTP/1.1" 200 3646 "http://plemma.cc/roundcube/?_task=mail&_mbox=INBOX" "Mozilla/5.0 (X11; CrOS x86_64 13982.88.0) AppleWebKit/537.36 (KHTML, like Gecko) Chrome/92.0.4515.162 Safari/537.36"
73.107.144.246 - - [04/Sep/2021:01:02:01 +0000] "POST /roundcube/?_task=mail&_action=refresh HTTP/1.1" 200 781 "http://plemma.cc/roundcube/?_task=mail&_mbox=INBOX" "Mozilla/5.0 (X11; CrOS x86_64 13982.88.0) AppleWebKit/537.36 (KHTML, like Gecko) Chrome/92.0.4515.162 Safari/537.36"
66.102.8.91 - - [04/Sep/2021:01:02:23 +0000] "GET /google59e19e0afdb165db.html HTTP/1.1" 404 488 "-" "Mozilla/5.0 (compatible; Google-Site-Verification/1.0)"
66.102.8.93 - - [04/Sep/2021:01:02:23 +0000] "GET /google90bfdd5ba42466f9.html HTTP/1.1" 404 488 "-" "Mozilla/5.0 (compatible; Google-Site-Verification/1.0)"
66.102.8.92 - - [04/Sep/2021:01:02:23 +0000] "GET / HTTP/1.1" 200 13804 "-" "Mozilla/5.0 (compatible; Google-Site-Verification/1.0)"
66.102.8.93 - - [04/Sep/2021:01:02:24 +0000] "GET /?cachebuster=2278095713 HTTP/1.1" 200 13803 "-" "Mozilla/5.0 (compatible; Google-Site-Verification/1.0)"
73.107.144.246 - - [04/Sep/2021:01:03:01 +0000] "POST /roundcube/?_task=mail&_action=refresh HTTP/1.1" 200 781 "http://plemma.cc/roundcube/?_task=mail&_mbox=INBOX" "Mozilla/5.0 (X11; CrOS x86_64 13982.88.0) AppleWebKit/537.36 (KHTML, like Gecko) Chrome/92.0.4515.162 Safari/537.36"
66.102.8.92 - - [04/Sep/2021:01:03:23 +0000] "GET /google90bfdd5ba42466f9.html HTTP/1.1" 404 488 "-" "Mozilla/5.0 (compatible; Google-Site-Verification/1.0)"
66.102.8.91 - - [04/Sep/2021:01:03:23 +0000] "GET / HTTP/1.1" 200 13804 "-" "Mozilla/5.0 (compatible; Google-Site-Verification/1.0)"
66.102.8.92 - - [04/Sep/2021:01:03:23 +0000] "GET /google59e19e0afdb165db.html HTTP/1.1" 404 488 "-" "Mozilla/5.0 (compatible; Google-Site-Verification/1.0)"
66.102.8.93 - - [04/Sep/2021:01:03:24 +0000] "GET /?cachebuster=909562911 HTTP/1.1" 200 13804 "-" "Mozilla/5.0 (compatible; Google-Site-Verification/1.0)"
73.107.144.246 - - [04/Sep/2021:01:04:01 +0000] "POST /roundcube/?_task=mail&_action=refresh HTTP/1.1" 200 781 "http://plemma.cc/roundcube/?_task=mail&_mbox=INBOX" "Mozilla/5.0 (X11; CrOS x86_64 13982.88.0) AppleWebKit/537.36 (KHTML, like Gecko) Chrome/92.0.4515.162 Safari/537.36"
73.107.144.246 - - [04/Sep/2021:01:05:03 +0000] "POST /roundcube/?_task=mail&_action=refresh HTTP/1.1" 200 869 "http://plemma.cc/roundcube/?_task=mail&_mbox=INBOX" "Mozilla/5.0 (X11; CrOS x86_64 13982.88.0) AppleWebKit/537.36 (KHTML, like Gecko) Chrome/92.0.4515.162 Safari/537.36"
154.209.125.13 - - [04/Sep/2021:01:07:39 +0000] "GET / HTTP/1.1" 200 54844 "-" "Mozilla/5.0 (Macintosh; Intel Mac OS X 10.11; rv:47.0) Gecko/20100101 Firefox/47.0"
73.107.144.246 - - [04/Sep/2021:01:11:51 +0000] "GET /roundcube/?_task=mail&_mbox=INBOX HTTP/1.1" 200 7700 "http://plemma.cc/roundcube/?_task=mail&_mbox=Drafts" "Mozilla/5.0 (X11; CrOS x86_64 13982.88.0) AppleWebKit/537.36 (KHTML, like Gecko) Chrome/92.0.4515.162 Safari/537.36"
73.107.144.246 - - [04/Sep/2021:01:11:51 +0000] "GET /roundcube/program/js/jquery.min.js?s=1609120189 HTTP/1.1" 200 31317 "http://plemma.cc/roundcube/?_task=mail&_mbox=INBOX" "Mozilla/5.0 (X11; CrOS x86_64 13982.88.0) AppleWebKit/537.36 (KHTML, like Gecko) Chrome/92.0.4515.162 Safari/537.36"
73.107.144.246 - - [04/Sep/2021:01:11:51 +0000] "GET /roundcube/program/js/app.min.js?s=1609120189 HTTP/1.1" 200 49499 "http://plemma.cc/roundcube/?_task=mail&_mbox=INBOX" "Mozilla/5.0 (X11; CrOS x86_64 13982.88.0) AppleWebKit/537.36 (KHTML, like Gecko) Chrome/92.0.4515.162 Safari/537.36"
73.107.144.246 - - [04/Sep/2021:01:11:52 +0000] "GET /roundcube/plugins/jqueryui/js/jquery-ui.min.js?s=1609117988 HTTP/1.1" 200 70060 "http://plemma.cc/roundcube/?_task=mail&_mbox=INBOX" "Mozilla/5.0 (X11; CrOS x86_64 13982.88.0) AppleWebKit/537.36 (KHTML, like Gecko) Chrome/92.0.4515.162 Safari/537.36"
73.107.144.246 - - [04/Sep/2021:01:11:53 +0000] "GET /roundcube/?_task=mail&_caps=pdf%3D1%2Cflash%3D0%2Ctiff%3D0%2Cwebp%3D1&_uid=93&_mbox=INBOX&_framed=1&_action=preview HTTP/1.1" 200 3628 "http://plemma.cc/roundcube/?_task=mail&_caps=pdf%3D1%2Cflash%3D0%2Ctiff%3D0%2Cwebp%3D1&_uid=95&_mbox=INBOX&_framed=1&_action=preview" "Mozilla/5.0 (X11; CrOS x86_64 13982.88.0) AppleWebKit/537.36 (KHTML, like Gecko) Chrome/92.0.4515.162 Safari/537.36"
73.107.144.246 - - [04/Sep/2021:01:11:53 +0000] "GET /roundcube/?_task=mail&_action=getunread&_page=1&_remote=1&_unlock=0&_=1630717912051 HTTP/1.1" 200 591 "http://plemma.cc/roundcube/?_task=mail&_mbox=INBOX" "Mozilla/5.0 (X11; CrOS x86_64 13982.88.0) AppleWebKit/537.36 (KHTML, like Gecko) Chrome/92.0.4515.162 Safari/537.36"
73.107.144.246 - - [04/Sep/2021:01:11:53 +0000] "GET /roundcube/?_task=mail&_action=list&_refresh=1&_mbox=INBOX&_remote=1&_unlock=loading1630717913064&_=1630717912050 HTTP/1.1" 200 3803 "http://plemma.cc/roundcube/?_task=mail&_mbox=INBOX" "Mozilla/5.0 (X11; CrOS x86_64 13982.88.0) AppleWebKit/537.36 (KHTML, like Gecko) Chrome/92.0.4515.162 Safari/537.36"
73.107.144.246 - - [04/Sep/2021:01:11:57 +0000] "GET /roundcube/?_task=mail&_caps=pdf%3D1%2Cflash%3D0%2Ctiff%3D0%2Cwebp%3D1&_uid=96&_mbox=INBOX&_framed=1&_action=preview HTTP/1.1" 200 3583 "http://plemma.cc/roundcube/?_task=mail&_mbox=INBOX" "Mozilla/5.0 (X11; CrOS x86_64 13982.88.0) AppleWebKit/537.36 (KHTML, like Gecko) Chrome/92.0.4515.162 Safari/537.36"
73.107.144.246 - - [04/Sep/2021:01:12:54 +0000] "POST /roundcube/?_task=mail&_action=refresh HTTP/1.1" 200 779 "http://plemma.cc/roundcube/?_task=mail&_mbox=INBOX" "Mozilla/5.0 (X11; CrOS x86_64 13982.88.0) AppleWebKit/537.36 (KHTML, like Gecko) Chrome/92.0.4515.162 Safari/537.36"
73.107.144.246 - - [04/Sep/2021:01:13:54 +0000] "POST /roundcube/?_task=mail&_action=refresh HTTP/1.1" 200 3651 "http://plemma.cc/roundcube/?_task=mail&_mbox=INBOX" "Mozilla/5.0 (X11; CrOS x86_64 13982.88.0) AppleWebKit/537.36 (KHTML, like Gecko) Chrome/92.0.4515.162 Safari/537.36"
73.107.144.246 - - [04/Sep/2021:01:14:10 +0000] "GET /roundcube/?_task=mail&_caps=pdf%3D1%2Cflash%3D0%2Ctiff%3D0%2Cwebp%3D1&_uid=97&_mbox=INBOX&_framed=1&_action=preview HTTP/1.1" 200 3534 "http://plemma.cc/roundcube/?_task=mail&_mbox=INBOX" "Mozilla/5.0 (X11; CrOS x86_64 13982.88.0) AppleWebKit/537.36 (KHTML, like Gecko) Chrome/92.0.4515.162 Safari/537.36"
73.107.144.246 - - [04/Sep/2021:01:14:54 +0000] "POST /roundcube/?_task=mail&_action=refresh HTTP/1.1" 200 779 "http://plemma.cc/roundcube/?_task=mail&_mbox=INBOX" "Mozilla/5.0 (X11; CrOS x86_64 13982.88.0) AppleWebKit/537.36 (KHTML, like Gecko) Chrome/92.0.4515.162 Safari/537.36"
139.180.186.129 - - [04/Sep/2021:01:15:36 +0000] "OPTIONS /msky/v1.0/bankaccount HTTP/1.1" 200 156 "-" "Mozilla/5.0 (Windows NT 6.1) AppleWebKit/537.36 (KHTML, like Gecko) Chrome/41.0.2228.0 Safari/537.36"
73.107.144.246 - - [04/Sep/2021:01:15:38 +0000] "GET /roundcube/?_task=mail&_caps=pdf%3D1%2Cflash%3D0%2Ctiff%3D0%2Cwebp%3D1&_uid=57&_mbox=INBOX&_framed=1&_action=preview HTTP/1.1" 200 10034 "http://plemma.cc/roundcube/?_task=mail&_mbox=INBOX" "Mozilla/5.0 (X11; CrOS x86_64 13982.88.0) AppleWebKit/537.36 (KHTML, like Gecko) Chrome/92.0.4515.162 Safari/537.36"
73.107.144.246 - - [04/Sep/2021:01:15:52 +0000] "GET /roundcube/?_task=mail&_framed=1&_caps=pdf%3D1%2Cflash%3D0%2Ctiff%3D0%2Cwebp%3D1&_uid=57&_mbox=INBOX&_safe=1&_action=preview HTTP/1.1" 200 10992 "http://plemma.cc/roundcube/?_task=mail&_caps=pdf%3D1%2Cflash%3D0%2Ctiff%3D0%2Cwebp%3D1&_uid=57&_mbox=INBOX&_framed=1&_action=preview" "Mozilla/5.0 (X11; CrOS x86_64 13982.88.0) AppleWebKit/537.36 (KHTML, like Gecko) Chrome/92.0.4515.162 Safari/537.36"
73.107.144.246 - - [04/Sep/2021:01:15:53 +0000] "POST /roundcube/?_task=mail&_action=refresh HTTP/1.1" 200 780 "http://plemma.cc/roundcube/?_task=mail&_mbox=INBOX" "Mozilla/5.0 (X11; CrOS x86_64 13982.88.0) AppleWebKit/537.36 (KHTML, like Gecko) Chrome/92.0.4515.162 Safari/537.36"
73.107.144.246 - - [04/Sep/2021:01:16:54 +0000] "POST /roundcube/?_task=mail&_action=refresh HTTP/1.1" 200 781 "http://plemma.cc/roundcube/?_task=mail&_mbox=INBOX" "Mozilla/5.0 (X11; CrOS x86_64 13982.88.0) AppleWebKit/537.36 (KHTML, like Gecko) Chrome/92.0.4515.162 Safari/537.36"
73.107.144.246 - - [04/Sep/2021:01:17:54 +0000] "POST /roundcube/?_task=mail&_action=refresh HTTP/1.1" 200 781 "http://plemma.cc/roundcube/?_task=mail&_mbox=INBOX" "Mozilla/5.0 (X11; CrOS x86_64 13982.88.0) AppleWebKit/537.36 (KHTML, like Gecko) Chrome/92.0.4515.162 Safari/537.36"
73.107.144.246 - - [04/Sep/2021:01:18:54 +0000] "POST /roundcube/?_task=mail&_action=refresh HTTP/1.1" 200 782 "http://plemma.cc/roundcube/?_task=mail&_mbox=INBOX" "Mozilla/5.0 (X11; CrOS x86_64 13982.88.0) AppleWebKit/537.36 (KHTML, like Gecko) Chrome/92.0.4515.162 Safari/537.36"
73.107.144.246 - - [04/Sep/2021:01:19:54 +0000] "POST /roundcube/?_task=mail&_action=refresh HTTP/1.1" 200 781 "http://plemma.cc/roundcube/?_task=mail&_mbox=INBOX" "Mozilla/5.0 (X11; CrOS x86_64 13982.88.0) AppleWebKit/537.36 (KHTML, like Gecko) Chrome/92.0.4515.162 Safari/537.36"
73.107.144.246 - - [04/Sep/2021:01:20:54 +0000] "POST /roundcube/?_task=mail&_action=refresh HTTP/1.1" 200 870 "http://plemma.cc/roundcube/?_task=mail&_mbox=INBOX" "Mozilla/5.0 (X11; CrOS x86_64 13982.88.0) AppleWebKit/537.36 (KHTML, like Gecko) Chrome/92.0.4515.162 Safari/537.36"
73.107.144.246 - - [04/Sep/2021:01:22:09 +0000] "POST /roundcube/?_task=mail&_action=refresh HTTP/1.1" 200 781 "http://plemma.cc/roundcube/?_task=mail&_mbox=INBOX" "Mozilla/5.0 (X11; CrOS x86_64 13982.88.0) AppleWebKit/537.36 (KHTML, like Gecko) Chrome/92.0.4515.162 Safari/537.36"
73.107.144.246 - - [04/Sep/2021:01:22:13 +0000] "GET /roundcube/?_task=mail&_caps=pdf%3D1%2Cflash%3D0%2Ctiff%3D0%2Cwebp%3D1&_uid=59&_mbox=INBOX&_framed=1&_action=preview HTTP/1.1" 200 7930 "http://plemma.cc/roundcube/?_task=mail&_mbox=INBOX" "Mozilla/5.0 (X11; CrOS x86_64 13982.88.0) AppleWebKit/537.36 (KHTML, like Gecko) Chrome/92.0.4515.162 Safari/537.36"
73.107.144.246 - - [04/Sep/2021:01:22:55 +0000] "POST /roundcube/?_task=mail&_action=refresh HTTP/1.1" 200 781 "http://plemma.cc/roundcube/?_task=mail&_mbox=INBOX" "Mozilla/5.0 (X11; CrOS x86_64 13982.88.0) AppleWebKit/537.36 (KHTML, like Gecko) Chrome/92.0.4515.162 Safari/537.36"
73.107.144.246 - - [04/Sep/2021:01:23:54 +0000] "POST /roundcube/?_task=mail&_action=refresh HTTP/1.1" 200 780 "http://plemma.cc/roundcube/?_task=mail&_mbox=INBOX" "Mozilla/5.0 (X11; CrOS x86_64 13982.88.0) AppleWebKit/537.36 (KHTML, like Gecko) Chrome/92.0.4515.162 Safari/537.36"
73.107.144.246 - - [04/Sep/2021:01:24:54 +0000] "POST /roundcube/?_task=mail&_action=refresh HTTP/1.1" 200 780 "http://plemma.cc/roundcube/?_task=mail&_mbox=INBOX" "Mozilla/5.0 (X11; CrOS x86_64 13982.88.0) AppleWebKit/537.36 (KHTML, like Gecko) Chrome/92.0.4515.162 Safari/537.36"
73.107.144.246 - - [04/Sep/2021:01:25:55 +0000] "POST /roundcube/?_task=mail&_action=refresh HTTP/1.1" 200 868 "http://plemma.cc/roundcube/?_task=mail&_mbox=INBOX" "Mozilla/5.0 (X11; CrOS x86_64 13982.88.0) AppleWebKit/537.36 (KHTML, like Gecko) Chrome/92.0.4515.162 Safari/537.36"
73.107.144.246 - - [04/Sep/2021:01:26:54 +0000] "POST /roundcube/?_task=mail&_action=refresh HTTP/1.1" 200 780 "http://plemma.cc/roundcube/?_task=mail&_mbox=INBOX" "Mozilla/5.0 (X11; CrOS x86_64 13982.88.0) AppleWebKit/537.36 (KHTML, like Gecko) Chrome/92.0.4515.162 Safari/537.36"
