50.222.125.194 - - [01/Sep/2021:06:13:45 +0000] "POST /roundcube/?_task=mail&_action=refresh HTTP/1.1" 200 669 "http://plemma.cc/roundcube/?_task=mail&_mbox=INBOX" "Mozilla/5.0 (X11; CrOS x86_64 13982.82.0) AppleWebKit/537.36 (KHTML, like Gecko) Chrome/92.0.4515.157 Safari/537.36"
50.222.125.194 - - [01/Sep/2021:06:14:45 +0000] "POST /roundcube/?_task=mail&_action=refresh HTTP/1.1" 200 669 "http://plemma.cc/roundcube/?_task=mail&_mbox=INBOX" "Mozilla/5.0 (X11; CrOS x86_64 13982.82.0) AppleWebKit/537.36 (KHTML, like Gecko) Chrome/92.0.4515.157 Safari/537.36"
50.222.125.194 - - [01/Sep/2021:06:15:45 +0000] "POST /roundcube/?_task=mail&_action=refresh HTTP/1.1" 200 757 "http://plemma.cc/roundcube/?_task=mail&_mbox=INBOX" "Mozilla/5.0 (X11; CrOS x86_64 13982.82.0) AppleWebKit/537.36 (KHTML, like Gecko) Chrome/92.0.4515.157 Safari/537.36"
50.222.125.194 - - [01/Sep/2021:06:16:45 +0000] "POST /roundcube/?_task=mail&_action=refresh HTTP/1.1" 200 668 "http://plemma.cc/roundcube/?_task=mail&_mbox=INBOX" "Mozilla/5.0 (X11; CrOS x86_64 13982.82.0) AppleWebKit/537.36 (KHTML, like Gecko) Chrome/92.0.4515.157 Safari/537.36"
109.159.126.179 - - [01/Sep/2021:06:17:00 +0000] "GET /xcaliber.dao.jpg HTTP/1.1" 200 14202 "-" "Mozilla/5.0 (X11; Linux x86_64; rv:78.0) Gecko/20100101 Thunderbird/78.11.0"
109.159.126.179 - - [01/Sep/2021:06:17:00 +0000] "GET /usedjolie.png HTTP/1.1" 200 373195 "-" "Mozilla/5.0 (X11; Linux x86_64; rv:78.0) Gecko/20100101 Thunderbird/78.11.0"
50.222.125.194 - - [01/Sep/2021:06:17:45 +0000] "POST /roundcube/?_task=mail&_action=refresh HTTP/1.1" 200 669 "http://plemma.cc/roundcube/?_task=mail&_mbox=INBOX" "Mozilla/5.0 (X11; CrOS x86_64 13982.82.0) AppleWebKit/537.36 (KHTML, like Gecko) Chrome/92.0.4515.157 Safari/537.36"
85.208.98.25 - - [01/Sep/2021:06:18:45 +0000] "GET /robots.txt HTTP/1.1" 404 432 "-" "Mozilla/5.0 (compatible; SemrushBot; +http://www.semrush.com/bot.html)"
50.222.125.194 - - [01/Sep/2021:06:18:45 +0000] "POST /roundcube/?_task=mail&_action=refresh HTTP/1.1" 200 668 "http://plemma.cc/roundcube/?_task=mail&_mbox=INBOX" "Mozilla/5.0 (X11; CrOS x86_64 13982.82.0) AppleWebKit/537.36 (KHTML, like Gecko) Chrome/92.0.4515.157 Safari/537.36"
85.208.98.25 - - [01/Sep/2021:06:19:03 +0000] "HEAD / HTTP/1.1" 200 274 "-" "Mozilla/5.0 (compatible; SemrushBot; +http://www.semrush.com/bot.html)"
50.222.125.194 - - [01/Sep/2021:06:19:45 +0000] "POST /roundcube/?_task=mail&_action=refresh HTTP/1.1" 200 669 "http://plemma.cc/roundcube/?_task=mail&_mbox=INBOX" "Mozilla/5.0 (X11; CrOS x86_64 13982.82.0) AppleWebKit/537.36 (KHTML, like Gecko) Chrome/92.0.4515.157 Safari/537.36"
50.222.125.194 - - [01/Sep/2021:06:20:45 +0000] "POST /roundcube/?_task=mail&_action=refresh HTTP/1.1" 200 757 "http://plemma.cc/roundcube/?_task=mail&_mbox=INBOX" "Mozilla/5.0 (X11; CrOS x86_64 13982.82.0) AppleWebKit/537.36 (KHTML, like Gecko) Chrome/92.0.4515.157 Safari/537.36"
50.222.125.194 - - [01/Sep/2021:06:21:45 +0000] "POST /roundcube/?_task=mail&_action=refresh HTTP/1.1" 200 668 "http://plemma.cc/roundcube/?_task=mail&_mbox=INBOX" "Mozilla/5.0 (X11; CrOS x86_64 13982.82.0) AppleWebKit/537.36 (KHTML, like Gecko) Chrome/92.0.4515.157 Safari/537.36"
50.222.125.194 - - [01/Sep/2021:06:22:49 +0000] "POST /roundcube/?_task=mail&_action=refresh HTTP/1.1" 200 668 "http://plemma.cc/roundcube/?_task=mail&_mbox=INBOX" "Mozilla/5.0 (X11; CrOS x86_64 13982.82.0) AppleWebKit/537.36 (KHTML, like Gecko) Chrome/92.0.4515.157 Safari/537.36"
50.222.125.194 - - [01/Sep/2021:06:23:45 +0000] "POST /roundcube/?_task=mail&_action=refresh HTTP/1.1" 200 668 "http://plemma.cc/roundcube/?_task=mail&_mbox=INBOX" "Mozilla/5.0 (X11; CrOS x86_64 13982.82.0) AppleWebKit/537.36 (KHTML, like Gecko) Chrome/92.0.4515.157 Safari/537.36"
50.222.125.194 - - [01/Sep/2021:06:24:45 +0000] "POST /roundcube/?_task=mail&_action=refresh HTTP/1.1" 200 669 "http://plemma.cc/roundcube/?_task=mail&_mbox=INBOX" "Mozilla/5.0 (X11; CrOS x86_64 13982.82.0) AppleWebKit/537.36 (KHTML, like Gecko) Chrome/92.0.4515.157 Safari/537.36"
128.14.133.58 - - [01/Sep/2021:06:25:30 +0000] "GET / HTTP/1.1" 200 13748 "-" "Mozilla/5.0 (Windows NT 10.0; Win64; x64) AppleWebKit/537.36 (KHTML, like Gecko) Chrome/60.0.3112.113 Safari/537.36"
50.222.125.194 - - [01/Sep/2021:06:25:45 +0000] "POST /roundcube/?_task=mail&_action=refresh HTTP/1.1" 200 756 "http://plemma.cc/roundcube/?_task=mail&_mbox=INBOX" "Mozilla/5.0 (X11; CrOS x86_64 13982.82.0) AppleWebKit/537.36 (KHTML, like Gecko) Chrome/92.0.4515.157 Safari/537.36"
50.222.125.194 - - [01/Sep/2021:06:26:45 +0000] "POST /roundcube/?_task=mail&_action=refresh HTTP/1.1" 200 668 "http://plemma.cc/roundcube/?_task=mail&_mbox=INBOX" "Mozilla/5.0 (X11; CrOS x86_64 13982.82.0) AppleWebKit/537.36 (KHTML, like Gecko) Chrome/92.0.4515.157 Safari/537.36"
50.222.125.194 - - [01/Sep/2021:06:27:45 +0000] "POST /roundcube/?_task=mail&_action=refresh HTTP/1.1" 200 668 "http://plemma.cc/roundcube/?_task=mail&_mbox=INBOX" "Mozilla/5.0 (X11; CrOS x86_64 13982.82.0) AppleWebKit/537.36 (KHTML, like Gecko) Chrome/92.0.4515.157 Safari/537.36"
185.45.22.131 - - [01/Sep/2021:06:28:05 +0000] "GET /xcaliber.dao.jpg HTTP/1.1" 200 14202 "-" "Mozilla/5.0 (Macintosh; Intel Mac OS X 10_15_7) AppleWebKit/605.1.15 (KHTML, like Gecko) Version/14.1.2 Safari/605.1.15"
185.45.22.131 - - [01/Sep/2021:06:28:05 +0000] "GET /usedjolie.png HTTP/1.1" 200 373195 "-" "Mozilla/5.0 (Macintosh; Intel Mac OS X 10_15_7) AppleWebKit/605.1.15 (KHTML, like Gecko) Version/14.1.2 Safari/605.1.15"
50.222.125.194 - - [01/Sep/2021:06:28:45 +0000] "POST /roundcube/?_task=mail&_action=refresh HTTP/1.1" 200 669 "http://plemma.cc/roundcube/?_task=mail&_mbox=INBOX" "Mozilla/5.0 (X11; CrOS x86_64 13982.82.0) AppleWebKit/537.36 (KHTML, like Gecko) Chrome/92.0.4515.157 Safari/537.36"
50.222.125.194 - - [01/Sep/2021:06:29:45 +0000] "POST /roundcube/?_task=mail&_action=refresh HTTP/1.1" 200 669 "http://plemma.cc/roundcube/?_task=mail&_mbox=INBOX" "Mozilla/5.0 (X11; CrOS x86_64 13982.82.0) AppleWebKit/537.36 (KHTML, like Gecko) Chrome/92.0.4515.157 Safari/537.36"
50.222.125.194 - - [01/Sep/2021:06:30:45 +0000] "POST /roundcube/?_task=mail&_action=refresh HTTP/1.1" 200 757 "http://plemma.cc/roundcube/?_task=mail&_mbox=INBOX" "Mozilla/5.0 (X11; CrOS x86_64 13982.82.0) AppleWebKit/537.36 (KHTML, like Gecko) Chrome/92.0.4515.157 Safari/537.36"
50.222.125.194 - - [01/Sep/2021:06:31:45 +0000] "POST /roundcube/?_task=mail&_action=refresh HTTP/1.1" 200 668 "http://plemma.cc/roundcube/?_task=mail&_mbox=INBOX" "Mozilla/5.0 (X11; CrOS x86_64 13982.82.0) AppleWebKit/537.36 (KHTML, like Gecko) Chrome/92.0.4515.157 Safari/537.36"
50.222.125.194 - - [01/Sep/2021:06:32:45 +0000] "POST /roundcube/?_task=mail&_action=refresh HTTP/1.1" 200 668 "http://plemma.cc/roundcube/?_task=mail&_mbox=INBOX" "Mozilla/5.0 (X11; CrOS x86_64 13982.82.0) AppleWebKit/537.36 (KHTML, like Gecko) Chrome/92.0.4515.157 Safari/537.36"
50.222.125.194 - - [01/Sep/2021:06:33:45 +0000] "POST /roundcube/?_task=mail&_action=refresh HTTP/1.1" 200 669 "http://plemma.cc/roundcube/?_task=mail&_mbox=INBOX" "Mozilla/5.0 (X11; CrOS x86_64 13982.82.0) AppleWebKit/537.36 (KHTML, like Gecko) Chrome/92.0.4515.157 Safari/537.36"
50.222.125.194 - - [01/Sep/2021:06:34:45 +0000] "POST /roundcube/?_task=mail&_action=refresh HTTP/1.1" 200 669 "http://plemma.cc/roundcube/?_task=mail&_mbox=INBOX" "Mozilla/5.0 (X11; CrOS x86_64 13982.82.0) AppleWebKit/537.36 (KHTML, like Gecko) Chrome/92.0.4515.157 Safari/537.36"
50.222.125.194 - - [01/Sep/2021:06:35:45 +0000] "POST /roundcube/?_task=mail&_action=refresh HTTP/1.1" 200 757 "http://plemma.cc/roundcube/?_task=mail&_mbox=INBOX" "Mozilla/5.0 (X11; CrOS x86_64 13982.82.0) AppleWebKit/537.36 (KHTML, like Gecko) Chrome/92.0.4515.157 Safari/537.36"
50.222.125.194 - - [01/Sep/2021:06:36:45 +0000] "POST /roundcube/?_task=mail&_action=refresh HTTP/1.1" 200 669 "http://plemma.cc/roundcube/?_task=mail&_mbox=INBOX" "Mozilla/5.0 (X11; CrOS x86_64 13982.82.0) AppleWebKit/537.36 (KHTML, like Gecko) Chrome/92.0.4515.157 Safari/537.36"
50.222.125.194 - - [01/Sep/2021:06:37:45 +0000] "POST /roundcube/?_task=mail&_action=refresh HTTP/1.1" 200 668 "http://plemma.cc/roundcube/?_task=mail&_mbox=INBOX" "Mozilla/5.0 (X11; CrOS x86_64 13982.82.0) AppleWebKit/537.36 (KHTML, like Gecko) Chrome/92.0.4515.157 Safari/537.36"
50.222.125.194 - - [01/Sep/2021:06:38:45 +0000] "POST /roundcube/?_task=mail&_action=refresh HTTP/1.1" 200 669 "http://plemma.cc/roundcube/?_task=mail&_mbox=INBOX" "Mozilla/5.0 (X11; CrOS x86_64 13982.82.0) AppleWebKit/537.36 (KHTML, like Gecko) Chrome/92.0.4515.157 Safari/537.36"
50.222.125.194 - - [01/Sep/2021:06:39:45 +0000] "POST /roundcube/?_task=mail&_action=refresh HTTP/1.1" 200 669 "http://plemma.cc/roundcube/?_task=mail&_mbox=INBOX" "Mozilla/5.0 (X11; CrOS x86_64 13982.82.0) AppleWebKit/537.36 (KHTML, like Gecko) Chrome/92.0.4515.157 Safari/537.36"
35.178.169.29 - - [01/Sep/2021:06:40:18 +0000] "GET / HTTP/1.0" 200 54807 "-" "masscan/1.3 (https://github.com/robertdavidgraham/masscan)"
50.222.125.194 - - [01/Sep/2021:06:40:45 +0000] "POST /roundcube/?_task=mail&_action=refresh HTTP/1.1" 200 756 "http://plemma.cc/roundcube/?_task=mail&_mbox=INBOX" "Mozilla/5.0 (X11; CrOS x86_64 13982.82.0) AppleWebKit/537.36 (KHTML, like Gecko) Chrome/92.0.4515.157 Safari/537.36"
50.222.125.194 - - [01/Sep/2021:06:41:45 +0000] "POST /roundcube/?_task=mail&_action=refresh HTTP/1.1" 200 669 "http://plemma.cc/roundcube/?_task=mail&_mbox=INBOX" "Mozilla/5.0 (X11; CrOS x86_64 13982.82.0) AppleWebKit/537.36 (KHTML, like Gecko) Chrome/92.0.4515.157 Safari/537.36"
50.222.125.194 - - [01/Sep/2021:06:42:45 +0000] "POST /roundcube/?_task=mail&_action=refresh HTTP/1.1" 200 669 "http://plemma.cc/roundcube/?_task=mail&_mbox=INBOX" "Mozilla/5.0 (X11; CrOS x86_64 13982.82.0) AppleWebKit/537.36 (KHTML, like Gecko) Chrome/92.0.4515.157 Safari/537.36"
50.222.125.194 - - [01/Sep/2021:06:43:45 +0000] "POST /roundcube/?_task=mail&_action=refresh HTTP/1.1" 200 668 "http://plemma.cc/roundcube/?_task=mail&_mbox=INBOX" "Mozilla/5.0 (X11; CrOS x86_64 13982.82.0) AppleWebKit/537.36 (KHTML, like Gecko) Chrome/92.0.4515.157 Safari/537.36"
50.222.125.194 - - [01/Sep/2021:06:44:45 +0000] "POST /roundcube/?_task=mail&_action=refresh HTTP/1.1" 200 669 "http://plemma.cc/roundcube/?_task=mail&_mbox=INBOX" "Mozilla/5.0 (X11; CrOS x86_64 13982.82.0) AppleWebKit/537.36 (KHTML, like Gecko) Chrome/92.0.4515.157 Safari/537.36"
50.222.125.194 - - [01/Sep/2021:06:45:45 +0000] "POST /roundcube/?_task=mail&_action=refresh HTTP/1.1" 200 757 "http://plemma.cc/roundcube/?_task=mail&_mbox=INBOX" "Mozilla/5.0 (X11; CrOS x86_64 13982.82.0) AppleWebKit/537.36 (KHTML, like Gecko) Chrome/92.0.4515.157 Safari/537.36"
205.185.126.200 - - [01/Sep/2021:06:46:18 +0000] "POST /boaform/admin/formLogin HTTP/1.1" 404 493 "http://158.247.223.84:80/admin/login.asp" "Mozilla/5.0 (X11; Ubuntu; Linux x86_64; rv:71.0) Gecko/20100101 Firefox/71.0"
50.222.125.194 - - [01/Sep/2021:06:46:45 +0000] "POST /roundcube/?_task=mail&_action=refresh HTTP/1.1" 200 669 "http://plemma.cc/roundcube/?_task=mail&_mbox=INBOX" "Mozilla/5.0 (X11; CrOS x86_64 13982.82.0) AppleWebKit/537.36 (KHTML, like Gecko) Chrome/92.0.4515.157 Safari/537.36"
50.222.125.194 - - [01/Sep/2021:06:47:45 +0000] "POST /roundcube/?_task=mail&_action=refresh HTTP/1.1" 200 669 "http://plemma.cc/roundcube/?_task=mail&_mbox=INBOX" "Mozilla/5.0 (X11; CrOS x86_64 13982.82.0) AppleWebKit/537.36 (KHTML, like Gecko) Chrome/92.0.4515.157 Safari/537.36"
50.222.125.194 - - [01/Sep/2021:06:48:45 +0000] "POST /roundcube/?_task=mail&_action=refresh HTTP/1.1" 200 669 "http://plemma.cc/roundcube/?_task=mail&_mbox=INBOX" "Mozilla/5.0 (X11; CrOS x86_64 13982.82.0) AppleWebKit/537.36 (KHTML, like Gecko) Chrome/92.0.4515.157 Safari/537.36"
50.222.125.194 - - [01/Sep/2021:06:49:45 +0000] "POST /roundcube/?_task=mail&_action=refresh HTTP/1.1" 200 669 "http://plemma.cc/roundcube/?_task=mail&_mbox=INBOX" "Mozilla/5.0 (X11; CrOS x86_64 13982.82.0) AppleWebKit/537.36 (KHTML, like Gecko) Chrome/92.0.4515.157 Safari/537.36"
50.222.125.194 - - [01/Sep/2021:06:50:45 +0000] "POST /roundcube/?_task=mail&_action=refresh HTTP/1.1" 200 757 "http://plemma.cc/roundcube/?_task=mail&_mbox=INBOX" "Mozilla/5.0 (X11; CrOS x86_64 13982.82.0) AppleWebKit/537.36 (KHTML, like Gecko) Chrome/92.0.4515.157 Safari/537.36"
50.222.125.194 - - [01/Sep/2021:06:51:45 +0000] "POST /roundcube/?_task=mail&_action=refresh HTTP/1.1" 200 668 "http://plemma.cc/roundcube/?_task=mail&_mbox=INBOX" "Mozilla/5.0 (X11; CrOS x86_64 13982.82.0) AppleWebKit/537.36 (KHTML, like Gecko) Chrome/92.0.4515.157 Safari/537.36"
50.222.125.194 - - [01/Sep/2021:06:52:46 +0000] "POST /roundcube/?_task=mail&_action=refresh HTTP/1.1" 200 667 "http://plemma.cc/roundcube/?_task=mail&_mbox=INBOX" "Mozilla/5.0 (X11; CrOS x86_64 13982.82.0) AppleWebKit/537.36 (KHTML, like Gecko) Chrome/92.0.4515.157 Safari/537.36"
50.222.125.194 - - [01/Sep/2021:06:53:45 +0000] "POST /roundcube/?_task=mail&_action=refresh HTTP/1.1" 200 669 "http://plemma.cc/roundcube/?_task=mail&_mbox=INBOX" "Mozilla/5.0 (X11; CrOS x86_64 13982.82.0) AppleWebKit/537.36 (KHTML, like Gecko) Chrome/92.0.4515.157 Safari/537.36"
79.221.51.50 - - [01/Sep/2021:06:53:57 +0000] "GET /xcaliber.dao.jpg HTTP/1.1" 200 14202 "-" "Mozilla/5.0 (Macintosh; Intel Mac OS X 10_12_6) AppleWebKit/603.3.8 (KHTML, like Gecko)"
79.221.51.50 - - [01/Sep/2021:06:53:57 +0000] "GET /usedjolie.png HTTP/1.1" 200 144000 "-" "Mozilla/5.0 (Macintosh; Intel Mac OS X 10_12_6) AppleWebKit/603.3.8 (KHTML, like Gecko)"
50.222.125.194 - - [01/Sep/2021:06:54:45 +0000] "POST /roundcube/?_task=mail&_action=refresh HTTP/1.1" 200 669 "http://plemma.cc/roundcube/?_task=mail&_mbox=INBOX" "Mozilla/5.0 (X11; CrOS x86_64 13982.82.0) AppleWebKit/537.36 (KHTML, like Gecko) Chrome/92.0.4515.157 Safari/537.36"
50.222.125.194 - - [01/Sep/2021:06:55:45 +0000] "POST /roundcube/?_task=mail&_action=refresh HTTP/1.1" 200 756 "http://plemma.cc/roundcube/?_task=mail&_mbox=INBOX" "Mozilla/5.0 (X11; CrOS x86_64 13982.82.0) AppleWebKit/537.36 (KHTML, like Gecko) Chrome/92.0.4515.157 Safari/537.36"
50.222.125.194 - - [01/Sep/2021:06:56:45 +0000] "POST /roundcube/?_task=mail&_action=refresh HTTP/1.1" 200 668 "http://plemma.cc/roundcube/?_task=mail&_mbox=INBOX" "Mozilla/5.0 (X11; CrOS x86_64 13982.82.0) AppleWebKit/537.36 (KHTML, like Gecko) Chrome/92.0.4515.157 Safari/537.36"
50.222.125.194 - - [01/Sep/2021:06:57:45 +0000] "POST /roundcube/?_task=mail&_action=refresh HTTP/1.1" 200 668 "http://plemma.cc/roundcube/?_task=mail&_mbox=INBOX" "Mozilla/5.0 (X11; CrOS x86_64 13982.82.0) AppleWebKit/537.36 (KHTML, like Gecko) Chrome/92.0.4515.157 Safari/537.36"
50.222.125.194 - - [01/Sep/2021:06:58:45 +0000] "POST /roundcube/?_task=mail&_action=refresh HTTP/1.1" 200 669 "http://plemma.cc/roundcube/?_task=mail&_mbox=INBOX" "Mozilla/5.0 (X11; CrOS x86_64 13982.82.0) AppleWebKit/537.36 (KHTML, like Gecko) Chrome/92.0.4515.157 Safari/537.36"
50.222.125.194 - - [01/Sep/2021:06:59:45 +0000] "POST /roundcube/?_task=mail&_action=refresh HTTP/1.1" 200 669 "http://plemma.cc/roundcube/?_task=mail&_mbox=INBOX" "Mozilla/5.0 (X11; CrOS x86_64 13982.82.0) AppleWebKit/537.36 (KHTML, like Gecko) Chrome/92.0.4515.157 Safari/537.36"
124.17.34.64 - - [01/Sep/2021:07:00:08 +0000] "GET /xcaliber.dao.jpg HTTP/1.1" 200 14202 "-" "Mozilla/5.0 (Windows NT 6.1; WOW64) AppleWebKit/537.36 (KHTML, like Gecko) Chrome/75.0.3770.100 Safari/537.36 Foxmail/7.2.22.188"
124.17.34.64 - - [01/Sep/2021:07:00:08 +0000] "GET /usedjolie.png HTTP/1.1" 200 373195 "-" "Mozilla/5.0 (Windows NT 6.1; WOW64) AppleWebKit/537.36 (KHTML, like Gecko) Chrome/75.0.3770.100 Safari/537.36 Foxmail/7.2.22.188"
50.222.125.194 - - [01/Sep/2021:07:00:45 +0000] "POST /roundcube/?_task=mail&_action=refresh HTTP/1.1" 200 756 "http://plemma.cc/roundcube/?_task=mail&_mbox=INBOX" "Mozilla/5.0 (X11; CrOS x86_64 13982.82.0) AppleWebKit/537.36 (KHTML, like Gecko) Chrome/92.0.4515.157 Safari/537.36"
50.222.125.194 - - [01/Sep/2021:07:01:45 +0000] "POST /roundcube/?_task=mail&_action=refresh HTTP/1.1" 200 668 "http://plemma.cc/roundcube/?_task=mail&_mbox=INBOX" "Mozilla/5.0 (X11; CrOS x86_64 13982.82.0) AppleWebKit/537.36 (KHTML, like Gecko) Chrome/92.0.4515.157 Safari/537.36"
35.178.169.29 - - [01/Sep/2021:07:02:17 +0000] "GET / HTTP/1.0" 200 54807 "-" "masscan/1.3 (https://github.com/robertdavidgraham/masscan)"
50.222.125.194 - - [01/Sep/2021:07:02:45 +0000] "POST /roundcube/?_task=mail&_action=refresh HTTP/1.1" 200 669 "http://plemma.cc/roundcube/?_task=mail&_mbox=INBOX" "Mozilla/5.0 (X11; CrOS x86_64 13982.82.0) AppleWebKit/537.36 (KHTML, like Gecko) Chrome/92.0.4515.157 Safari/537.36"
50.222.125.194 - - [01/Sep/2021:07:03:45 +0000] "POST /roundcube/?_task=mail&_action=refresh HTTP/1.1" 200 669 "http://plemma.cc/roundcube/?_task=mail&_mbox=INBOX" "Mozilla/5.0 (X11; CrOS x86_64 13982.82.0) AppleWebKit/537.36 (KHTML, like Gecko) Chrome/92.0.4515.157 Safari/537.36"
50.222.125.194 - - [01/Sep/2021:07:04:45 +0000] "POST /roundcube/?_task=mail&_action=refresh HTTP/1.1" 200 669 "http://plemma.cc/roundcube/?_task=mail&_mbox=INBOX" "Mozilla/5.0 (X11; CrOS x86_64 13982.82.0) AppleWebKit/537.36 (KHTML, like Gecko) Chrome/92.0.4515.157 Safari/537.36"
185.163.170.60 - - [01/Sep/2021:07:05:42 +0000] "GET / HTTP/1.1" 200 54788 "-" "Anthill"
50.222.125.194 - - [01/Sep/2021:07:05:45 +0000] "POST /roundcube/?_task=mail&_action=refresh HTTP/1.1" 200 757 "http://plemma.cc/roundcube/?_task=mail&_mbox=INBOX" "Mozilla/5.0 (X11; CrOS x86_64 13982.82.0) AppleWebKit/537.36 (KHTML, like Gecko) Chrome/92.0.4515.157 Safari/537.36"
50.222.125.194 - - [01/Sep/2021:07:06:45 +0000] "POST /roundcube/?_task=mail&_action=refresh HTTP/1.1" 200 668 "http://plemma.cc/roundcube/?_task=mail&_mbox=INBOX" "Mozilla/5.0 (X11; CrOS x86_64 13982.82.0) AppleWebKit/537.36 (KHTML, like Gecko) Chrome/92.0.4515.157 Safari/537.36"
50.222.125.194 - - [01/Sep/2021:07:07:45 +0000] "POST /roundcube/?_task=mail&_action=refresh HTTP/1.1" 200 668 "http://plemma.cc/roundcube/?_task=mail&_mbox=INBOX" "Mozilla/5.0 (X11; CrOS x86_64 13982.82.0) AppleWebKit/537.36 (KHTML, like Gecko) Chrome/92.0.4515.157 Safari/537.36"
50.222.125.194 - - [01/Sep/2021:07:08:45 +0000] "POST /roundcube/?_task=mail&_action=refresh HTTP/1.1" 200 668 "http://plemma.cc/roundcube/?_task=mail&_mbox=INBOX" "Mozilla/5.0 (X11; CrOS x86_64 13982.82.0) AppleWebKit/537.36 (KHTML, like Gecko) Chrome/92.0.4515.157 Safari/537.36"
50.222.125.194 - - [01/Sep/2021:07:09:45 +0000] "POST /roundcube/?_task=mail&_action=refresh HTTP/1.1" 200 669 "http://plemma.cc/roundcube/?_task=mail&_mbox=INBOX" "Mozilla/5.0 (X11; CrOS x86_64 13982.82.0) AppleWebKit/537.36 (KHTML, like Gecko) Chrome/92.0.4515.157 Safari/537.36"
50.222.125.194 - - [01/Sep/2021:07:10:45 +0000] "POST /roundcube/?_task=mail&_action=refresh HTTP/1.1" 200 756 "http://plemma.cc/roundcube/?_task=mail&_mbox=INBOX" "Mozilla/5.0 (X11; CrOS x86_64 13982.82.0) AppleWebKit/537.36 (KHTML, like Gecko) Chrome/92.0.4515.157 Safari/537.36"
50.222.125.194 - - [01/Sep/2021:07:11:45 +0000] "POST /roundcube/?_task=mail&_action=refresh HTTP/1.1" 200 668 "http://plemma.cc/roundcube/?_task=mail&_mbox=INBOX" "Mozilla/5.0 (X11; CrOS x86_64 13982.82.0) AppleWebKit/537.36 (KHTML, like Gecko) Chrome/92.0.4515.157 Safari/537.36"
50.222.125.194 - - [01/Sep/2021:07:12:45 +0000] "POST /roundcube/?_task=mail&_action=refresh HTTP/1.1" 200 668 "http://plemma.cc/roundcube/?_task=mail&_mbox=INBOX" "Mozilla/5.0 (X11; CrOS x86_64 13982.82.0) AppleWebKit/537.36 (KHTML, like Gecko) Chrome/92.0.4515.157 Safari/537.36"
50.222.125.194 - - [01/Sep/2021:07:13:45 +0000] "POST /roundcube/?_task=mail&_action=refresh HTTP/1.1" 200 669 "http://plemma.cc/roundcube/?_task=mail&_mbox=INBOX" "Mozilla/5.0 (X11; CrOS x86_64 13982.82.0) AppleWebKit/537.36 (KHTML, like Gecko) Chrome/92.0.4515.157 Safari/537.36"
50.222.125.194 - - [01/Sep/2021:07:14:45 +0000] "POST /roundcube/?_task=mail&_action=refresh HTTP/1.1" 200 667 "http://plemma.cc/roundcube/?_task=mail&_mbox=INBOX" "Mozilla/5.0 (X11; CrOS x86_64 13982.82.0) AppleWebKit/537.36 (KHTML, like Gecko) Chrome/92.0.4515.157 Safari/537.36"
50.222.125.194 - - [01/Sep/2021:07:15:45 +0000] "POST /roundcube/?_task=mail&_action=refresh HTTP/1.1" 200 756 "http://plemma.cc/roundcube/?_task=mail&_mbox=INBOX" "Mozilla/5.0 (X11; CrOS x86_64 13982.82.0) AppleWebKit/537.36 (KHTML, like Gecko) Chrome/92.0.4515.157 Safari/537.36"
50.222.125.194 - - [01/Sep/2021:07:16:45 +0000] "POST /roundcube/?_task=mail&_action=refresh HTTP/1.1" 200 668 "http://plemma.cc/roundcube/?_task=mail&_mbox=INBOX" "Mozilla/5.0 (X11; CrOS x86_64 13982.82.0) AppleWebKit/537.36 (KHTML, like Gecko) Chrome/92.0.4515.157 Safari/537.36"
50.222.125.194 - - [01/Sep/2021:07:17:45 +0000] "POST /roundcube/?_task=mail&_action=refresh HTTP/1.1" 200 668 "http://plemma.cc/roundcube/?_task=mail&_mbox=INBOX" "Mozilla/5.0 (X11; CrOS x86_64 13982.82.0) AppleWebKit/537.36 (KHTML, like Gecko) Chrome/92.0.4515.157 Safari/537.36"
50.222.125.194 - - [01/Sep/2021:07:18:45 +0000] "POST /roundcube/?_task=mail&_action=refresh HTTP/1.1" 200 669 "http://plemma.cc/roundcube/?_task=mail&_mbox=INBOX" "Mozilla/5.0 (X11; CrOS x86_64 13982.82.0) AppleWebKit/537.36 (KHTML, like Gecko) Chrome/92.0.4515.157 Safari/537.36"
50.222.125.194 - - [01/Sep/2021:07:19:45 +0000] "POST /roundcube/?_task=mail&_action=refresh HTTP/1.1" 200 669 "http://plemma.cc/roundcube/?_task=mail&_mbox=INBOX" "Mozilla/5.0 (X11; CrOS x86_64 13982.82.0) AppleWebKit/537.36 (KHTML, like Gecko) Chrome/92.0.4515.157 Safari/537.36"
50.222.125.194 - - [01/Sep/2021:07:20:45 +0000] "POST /roundcube/?_task=mail&_action=refresh HTTP/1.1" 200 756 "http://plemma.cc/roundcube/?_task=mail&_mbox=INBOX" "Mozilla/5.0 (X11; CrOS x86_64 13982.82.0) AppleWebKit/537.36 (KHTML, like Gecko) Chrome/92.0.4515.157 Safari/537.36"
50.222.125.194 - - [01/Sep/2021:07:21:45 +0000] "POST /roundcube/?_task=mail&_action=refresh HTTP/1.1" 200 669 "http://plemma.cc/roundcube/?_task=mail&_mbox=INBOX" "Mozilla/5.0 (X11; CrOS x86_64 13982.82.0) AppleWebKit/537.36 (KHTML, like Gecko) Chrome/92.0.4515.157 Safari/537.36"
50.222.125.194 - - [01/Sep/2021:07:22:45 +0000] "POST /roundcube/?_task=mail&_action=refresh HTTP/1.1" 200 668 "http://plemma.cc/roundcube/?_task=mail&_mbox=INBOX" "Mozilla/5.0 (X11; CrOS x86_64 13982.82.0) AppleWebKit/537.36 (KHTML, like Gecko) Chrome/92.0.4515.157 Safari/537.36"
50.222.125.194 - - [01/Sep/2021:07:23:45 +0000] "POST /roundcube/?_task=mail&_action=refresh HTTP/1.1" 200 668 "http://plemma.cc/roundcube/?_task=mail&_mbox=INBOX" "Mozilla/5.0 (X11; CrOS x86_64 13982.82.0) AppleWebKit/537.36 (KHTML, like Gecko) Chrome/92.0.4515.157 Safari/537.36"
35.178.169.29 - - [01/Sep/2021:07:24:13 +0000] "GET / HTTP/1.0" 200 54807 "-" "masscan/1.3 (https://github.com/robertdavidgraham/masscan)"
123.138.35.2 - - [01/Sep/2021:07:24:29 +0000] "GET / HTTP/1.1" 200 13804 "-" "Mozilla/5.0 (Windows NT 10.0; Win64; x64) AppleWebKit/537.36 (KHTML, like Gecko) Chrome/88.0.4324.182 Safari/537.36"
123.138.35.2 - - [01/Sep/2021:07:24:29 +0000] "GET /css/variables.css HTTP/1.1" 200 1498 "http://www.plemma.cc/" "Mozilla/5.0 (Windows NT 10.0; Win64; x64) AppleWebKit/537.36 (KHTML, like Gecko) Chrome/88.0.4324.182 Safari/537.36"
123.138.35.2 - - [01/Sep/2021:07:24:29 +0000] "GET /css/general.css HTTP/1.1" 200 1860 "http://www.plemma.cc/" "Mozilla/5.0 (Windows NT 10.0; Win64; x64) AppleWebKit/537.36 (KHTML, like Gecko) Chrome/88.0.4324.182 Safari/537.36"
123.138.35.2 - - [01/Sep/2021:07:24:29 +0000] "GET /css/chrome.css HTTP/1.1" 200 2692 "http://www.plemma.cc/" "Mozilla/5.0 (Windows NT 10.0; Win64; x64) AppleWebKit/537.36 (KHTML, like Gecko) Chrome/88.0.4324.182 Safari/537.36"
123.138.35.2 - - [01/Sep/2021:07:24:29 +0000] "GET /FontAwesome/css/font-awesome.css HTTP/1.1" 404 491 "http://www.plemma.cc/" "Mozilla/5.0 (Windows NT 10.0; Win64; x64) AppleWebKit/537.36 (KHTML, like Gecko) Chrome/88.0.4324.182 Safari/537.36"
123.138.35.2 - - [01/Sep/2021:07:24:29 +0000] "GET /fonts/fonts.css HTTP/1.1" 404 491 "http://www.plemma.cc/" "Mozilla/5.0 (Windows NT 10.0; Win64; x64) AppleWebKit/537.36 (KHTML, like Gecko) Chrome/88.0.4324.182 Safari/537.36"
123.138.35.2 - - [01/Sep/2021:07:24:29 +0000] "GET /highlight.css HTTP/1.1" 404 491 "http://www.plemma.cc/" "Mozilla/5.0 (Windows NT 10.0; Win64; x64) AppleWebKit/537.36 (KHTML, like Gecko) Chrome/88.0.4324.182 Safari/537.36"
123.138.35.2 - - [01/Sep/2021:07:24:29 +0000] "GET /tomorrow-night.css HTTP/1.1" 404 491 "http://www.plemma.cc/" "Mozilla/5.0 (Windows NT 10.0; Win64; x64) AppleWebKit/537.36 (KHTML, like Gecko) Chrome/88.0.4324.182 Safari/537.36"
123.138.35.2 - - [01/Sep/2021:07:24:29 +0000] "GET /ayu-highlight.css HTTP/1.1" 404 491 "http://www.plemma.cc/" "Mozilla/5.0 (Windows NT 10.0; Win64; x64) AppleWebKit/537.36 (KHTML, like Gecko) Chrome/88.0.4324.182 Safari/537.36"
123.138.35.2 - - [01/Sep/2021:07:24:30 +0000] "GET /xcaliber.dao.jpg HTTP/1.1" 200 14201 "http://www.plemma.cc/" "Mozilla/5.0 (Windows NT 10.0; Win64; x64) AppleWebKit/537.36 (KHTML, like Gecko) Chrome/88.0.4324.182 Safari/537.36"
50.222.125.194 - - [01/Sep/2021:07:24:46 +0000] "POST /roundcube/?_task=mail&_action=refresh HTTP/1.1" 200 668 "http://plemma.cc/roundcube/?_task=mail&_mbox=INBOX" "Mozilla/5.0 (X11; CrOS x86_64 13982.82.0) AppleWebKit/537.36 (KHTML, like Gecko) Chrome/92.0.4515.157 Safari/537.36"
123.138.35.2 - - [01/Sep/2021:07:25:11 +0000] "GET /css/print.css HTTP/1.1" 200 735 "http://www.plemma.cc/" "Mozilla/5.0 (Windows NT 10.0; Win64; x64) AppleWebKit/537.36 (KHTML, like Gecko) Chrome/88.0.4324.182 Safari/537.36"
123.138.35.2 - - [01/Sep/2021:07:25:10 +0000] "GET /usedjolie.png HTTP/1.1" 200 373195 "http://www.plemma.cc/" "Mozilla/5.0 (Windows NT 10.0; Win64; x64) AppleWebKit/537.36 (KHTML, like Gecko) Chrome/88.0.4324.182 Safari/537.36"
50.222.125.194 - - [01/Sep/2021:07:25:45 +0000] "POST /roundcube/?_task=mail&_action=refresh HTTP/1.1" 200 757 "http://plemma.cc/roundcube/?_task=mail&_mbox=INBOX" "Mozilla/5.0 (X11; CrOS x86_64 13982.82.0) AppleWebKit/537.36 (KHTML, like Gecko) Chrome/92.0.4515.157 Safari/537.36"
50.222.125.194 - - [01/Sep/2021:07:26:45 +0000] "POST /roundcube/?_task=mail&_action=refresh HTTP/1.1" 200 668 "http://plemma.cc/roundcube/?_task=mail&_mbox=INBOX" "Mozilla/5.0 (X11; CrOS x86_64 13982.82.0) AppleWebKit/537.36 (KHTML, like Gecko) Chrome/92.0.4515.157 Safari/537.36"
50.222.125.194 - - [01/Sep/2021:07:27:45 +0000] "POST /roundcube/?_task=mail&_action=refresh HTTP/1.1" 200 668 "http://plemma.cc/roundcube/?_task=mail&_mbox=INBOX" "Mozilla/5.0 (X11; CrOS x86_64 13982.82.0) AppleWebKit/537.36 (KHTML, like Gecko) Chrome/92.0.4515.157 Safari/537.36"
35.178.169.29 - - [01/Sep/2021:07:28:00 +0000] "GET / HTTP/1.1" 200 13748 "-" "'Cloud mapping experiment. Contact research@pdrlabs.net'"
50.222.125.194 - - [01/Sep/2021:07:28:45 +0000] "POST /roundcube/?_task=mail&_action=refresh HTTP/1.1" 200 668 "http://plemma.cc/roundcube/?_task=mail&_mbox=INBOX" "Mozilla/5.0 (X11; CrOS x86_64 13982.82.0) AppleWebKit/537.36 (KHTML, like Gecko) Chrome/92.0.4515.157 Safari/537.36"
50.222.125.194 - - [01/Sep/2021:07:29:45 +0000] "POST /roundcube/?_task=mail&_action=refresh HTTP/1.1" 200 668 "http://plemma.cc/roundcube/?_task=mail&_mbox=INBOX" "Mozilla/5.0 (X11; CrOS x86_64 13982.82.0) AppleWebKit/537.36 (KHTML, like Gecko) Chrome/92.0.4515.157 Safari/537.36"
50.222.125.194 - - [01/Sep/2021:07:30:45 +0000] "POST /roundcube/?_task=mail&_action=refresh HTTP/1.1" 200 756 "http://plemma.cc/roundcube/?_task=mail&_mbox=INBOX" "Mozilla/5.0 (X11; CrOS x86_64 13982.82.0) AppleWebKit/537.36 (KHTML, like Gecko) Chrome/92.0.4515.157 Safari/537.36"
147.99.159.203 - - [01/Sep/2021:07:31:03 +0000] "GET /xcaliber.dao.jpg HTTP/1.1" 200 14165 "-" "Mozilla/5.0 (Macintosh; Intel Mac OS X 10_15_7) AppleWebKit/605.1.15 (KHTML, like Gecko)"
147.99.159.203 - - [01/Sep/2021:07:31:03 +0000] "GET /usedjolie.png HTTP/1.1" 200 373158 "-" "Mozilla/5.0 (Macintosh; Intel Mac OS X 10_15_7) AppleWebKit/605.1.15 (KHTML, like Gecko)"
50.222.125.194 - - [01/Sep/2021:07:31:45 +0000] "POST /roundcube/?_task=mail&_action=refresh HTTP/1.1" 200 669 "http://plemma.cc/roundcube/?_task=mail&_mbox=INBOX" "Mozilla/5.0 (X11; CrOS x86_64 13982.82.0) AppleWebKit/537.36 (KHTML, like Gecko) Chrome/92.0.4515.157 Safari/537.36"
50.222.125.194 - - [01/Sep/2021:07:32:45 +0000] "POST /roundcube/?_task=mail&_action=refresh HTTP/1.1" 200 668 "http://plemma.cc/roundcube/?_task=mail&_mbox=INBOX" "Mozilla/5.0 (X11; CrOS x86_64 13982.82.0) AppleWebKit/537.36 (KHTML, like Gecko) Chrome/92.0.4515.157 Safari/537.36"
50.222.125.194 - - [01/Sep/2021:07:33:45 +0000] "POST /roundcube/?_task=mail&_action=refresh HTTP/1.1" 200 668 "http://plemma.cc/roundcube/?_task=mail&_mbox=INBOX" "Mozilla/5.0 (X11; CrOS x86_64 13982.82.0) AppleWebKit/537.36 (KHTML, like Gecko) Chrome/92.0.4515.157 Safari/537.36"
50.222.125.194 - - [01/Sep/2021:07:34:45 +0000] "POST /roundcube/?_task=mail&_action=refresh HTTP/1.1" 200 668 "http://plemma.cc/roundcube/?_task=mail&_mbox=INBOX" "Mozilla/5.0 (X11; CrOS x86_64 13982.82.0) AppleWebKit/537.36 (KHTML, like Gecko) Chrome/92.0.4515.157 Safari/537.36"
50.222.125.194 - - [01/Sep/2021:07:35:45 +0000] "POST /roundcube/?_task=mail&_action=refresh HTTP/1.1" 200 757 "http://plemma.cc/roundcube/?_task=mail&_mbox=INBOX" "Mozilla/5.0 (X11; CrOS x86_64 13982.82.0) AppleWebKit/537.36 (KHTML, like Gecko) Chrome/92.0.4515.157 Safari/537.36"
50.222.125.194 - - [01/Sep/2021:07:36:45 +0000] "POST /roundcube/?_task=mail&_action=refresh HTTP/1.1" 200 668 "http://plemma.cc/roundcube/?_task=mail&_mbox=INBOX" "Mozilla/5.0 (X11; CrOS x86_64 13982.82.0) AppleWebKit/537.36 (KHTML, like Gecko) Chrome/92.0.4515.157 Safari/537.36"
50.222.125.194 - - [01/Sep/2021:07:37:46 +0000] "POST /roundcube/?_task=mail&_action=refresh HTTP/1.1" 200 668 "http://plemma.cc/roundcube/?_task=mail&_mbox=INBOX" "Mozilla/5.0 (X11; CrOS x86_64 13982.82.0) AppleWebKit/537.36 (KHTML, like Gecko) Chrome/92.0.4515.157 Safari/537.36"
50.222.125.194 - - [01/Sep/2021:07:38:45 +0000] "POST /roundcube/?_task=mail&_action=refresh HTTP/1.1" 200 669 "http://plemma.cc/roundcube/?_task=mail&_mbox=INBOX" "Mozilla/5.0 (X11; CrOS x86_64 13982.82.0) AppleWebKit/537.36 (KHTML, like Gecko) Chrome/92.0.4515.157 Safari/537.36"
50.222.125.194 - - [01/Sep/2021:07:39:45 +0000] "POST /roundcube/?_task=mail&_action=refresh HTTP/1.1" 200 668 "http://plemma.cc/roundcube/?_task=mail&_mbox=INBOX" "Mozilla/5.0 (X11; CrOS x86_64 13982.82.0) AppleWebKit/537.36 (KHTML, like Gecko) Chrome/92.0.4515.157 Safari/537.36"
50.222.125.194 - - [01/Sep/2021:07:40:47 +0000] "POST /roundcube/?_task=mail&_action=refresh HTTP/1.1" 200 756 "http://plemma.cc/roundcube/?_task=mail&_mbox=INBOX" "Mozilla/5.0 (X11; CrOS x86_64 13982.82.0) AppleWebKit/537.36 (KHTML, like Gecko) Chrome/92.0.4515.157 Safari/537.36"
50.222.125.194 - - [01/Sep/2021:07:41:45 +0000] "POST /roundcube/?_task=mail&_action=refresh HTTP/1.1" 200 668 "http://plemma.cc/roundcube/?_task=mail&_mbox=INBOX" "Mozilla/5.0 (X11; CrOS x86_64 13982.82.0) AppleWebKit/537.36 (KHTML, like Gecko) Chrome/92.0.4515.157 Safari/537.36"
50.222.125.194 - - [01/Sep/2021:07:42:45 +0000] "POST /roundcube/?_task=mail&_action=refresh HTTP/1.1" 200 667 "http://plemma.cc/roundcube/?_task=mail&_mbox=INBOX" "Mozilla/5.0 (X11; CrOS x86_64 13982.82.0) AppleWebKit/537.36 (KHTML, like Gecko) Chrome/92.0.4515.157 Safari/537.36"
50.222.125.194 - - [01/Sep/2021:07:43:45 +0000] "POST /roundcube/?_task=mail&_action=refresh HTTP/1.1" 200 668 "http://plemma.cc/roundcube/?_task=mail&_mbox=INBOX" "Mozilla/5.0 (X11; CrOS x86_64 13982.82.0) AppleWebKit/537.36 (KHTML, like Gecko) Chrome/92.0.4515.157 Safari/537.36"
50.222.125.194 - - [01/Sep/2021:07:44:45 +0000] "POST /roundcube/?_task=mail&_action=refresh HTTP/1.1" 200 668 "http://plemma.cc/roundcube/?_task=mail&_mbox=INBOX" "Mozilla/5.0 (X11; CrOS x86_64 13982.82.0) AppleWebKit/537.36 (KHTML, like Gecko) Chrome/92.0.4515.157 Safari/537.36"
50.222.125.194 - - [01/Sep/2021:07:45:45 +0000] "POST /roundcube/?_task=mail&_action=refresh HTTP/1.1" 200 756 "http://plemma.cc/roundcube/?_task=mail&_mbox=INBOX" "Mozilla/5.0 (X11; CrOS x86_64 13982.82.0) AppleWebKit/537.36 (KHTML, like Gecko) Chrome/92.0.4515.157 Safari/537.36"
50.222.125.194 - - [01/Sep/2021:07:46:46 +0000] "POST /roundcube/?_task=mail&_action=refresh HTTP/1.1" 200 668 "http://plemma.cc/roundcube/?_task=mail&_mbox=INBOX" "Mozilla/5.0 (X11; CrOS x86_64 13982.82.0) AppleWebKit/537.36 (KHTML, like Gecko) Chrome/92.0.4515.157 Safari/537.36"
50.222.125.194 - - [01/Sep/2021:07:47:45 +0000] "POST /roundcube/?_task=mail&_action=refresh HTTP/1.1" 200 668 "http://plemma.cc/roundcube/?_task=mail&_mbox=INBOX" "Mozilla/5.0 (X11; CrOS x86_64 13982.82.0) AppleWebKit/537.36 (KHTML, like Gecko) Chrome/92.0.4515.157 Safari/537.36"
50.222.125.194 - - [01/Sep/2021:07:48:46 +0000] "POST /roundcube/?_task=mail&_action=refresh HTTP/1.1" 200 1214 "http://plemma.cc/roundcube/?_task=mail&_mbox=INBOX" "Mozilla/5.0 (X11; CrOS x86_64 13982.82.0) AppleWebKit/537.36 (KHTML, like Gecko) Chrome/92.0.4515.157 Safari/537.36"
50.222.125.194 - - [01/Sep/2021:07:49:45 +0000] "POST /roundcube/?_task=mail&_action=refresh HTTP/1.1" 200 672 "http://plemma.cc/roundcube/?_task=mail&_mbox=INBOX" "Mozilla/5.0 (X11; CrOS x86_64 13982.82.0) AppleWebKit/537.36 (KHTML, like Gecko) Chrome/92.0.4515.157 Safari/537.36"
50.222.125.194 - - [01/Sep/2021:07:50:46 +0000] "POST /roundcube/?_task=mail&_action=refresh HTTP/1.1" 200 759 "http://plemma.cc/roundcube/?_task=mail&_mbox=INBOX" "Mozilla/5.0 (X11; CrOS x86_64 13982.82.0) AppleWebKit/537.36 (KHTML, like Gecko) Chrome/92.0.4515.157 Safari/537.36"
50.222.125.194 - - [01/Sep/2021:07:51:45 +0000] "POST /roundcube/?_task=mail&_action=refresh HTTP/1.1" 200 671 "http://plemma.cc/roundcube/?_task=mail&_mbox=INBOX" "Mozilla/5.0 (X11; CrOS x86_64 13982.82.0) AppleWebKit/537.36 (KHTML, like Gecko) Chrome/92.0.4515.157 Safari/537.36"
50.222.125.194 - - [01/Sep/2021:07:52:45 +0000] "POST /roundcube/?_task=mail&_action=refresh HTTP/1.1" 200 672 "http://plemma.cc/roundcube/?_task=mail&_mbox=INBOX" "Mozilla/5.0 (X11; CrOS x86_64 13982.82.0) AppleWebKit/537.36 (KHTML, like Gecko) Chrome/92.0.4515.157 Safari/537.36"
78.247.62.22 - - [01/Sep/2021:07:53:15 +0000] "GET / HTTP/1.1" 200 54788 "-" "Mozilla/5.0 (Windows NT 10.0; WOW64) AppleWebKit/537.36 (KHTML, like Gecko) Chrome/51.0.2704.103 Safari/537.36"
36.99.136.136 - - [01/Sep/2021:07:53:19 +0000] "GET / HTTP/1.1" 200 13767 "-" "Mozilla/5.0 (Windows NT 10.0; Win64; x64) AppleWebKit/537.36 (KHTML, like Gecko) Chrome/72.0.3626.119 Safari/537.36"
36.99.136.137 - - [01/Sep/2021:07:53:20 +0000] "GET / HTTP/1.1" 200 13804 "-" "Mozilla/5.0 (Windows NT 10.0; Win64; x64) AppleWebKit/537.36 (KHTML, like Gecko) Chrome/72.0.3626.119 Safari/537.36"
36.99.136.136 - - [01/Sep/2021:07:53:20 +0000] "GET /css/variables.css HTTP/1.1" 200 1499 "http://www.plemma.cc/" "Mozilla/5.0 (Windows NT 10.0; Win64; x64) AppleWebKit/537.36 (KHTML, like Gecko) Chrome/72.0.3626.119 Safari/537.36"
36.99.136.137 - - [01/Sep/2021:07:53:21 +0000] "GET /css/general.css HTTP/1.1" 200 1860 "http://www.plemma.cc/" "Mozilla/5.0 (Windows NT 10.0; Win64; x64) AppleWebKit/537.36 (KHTML, like Gecko) Chrome/72.0.3626.119 Safari/537.36"
36.99.136.136 - - [01/Sep/2021:07:53:21 +0000] "GET /FontAwesome/css/font-awesome.css HTTP/1.1" 404 492 "http://www.plemma.cc/" "Mozilla/5.0 (Windows NT 10.0; Win64; x64) AppleWebKit/537.36 (KHTML, like Gecko) Chrome/72.0.3626.119 Safari/537.36"
36.99.136.137 - - [01/Sep/2021:07:53:21 +0000] "GET /css/chrome.css HTTP/1.1" 200 2692 "http://www.plemma.cc/" "Mozilla/5.0 (Windows NT 10.0; Win64; x64) AppleWebKit/537.36 (KHTML, like Gecko) Chrome/72.0.3626.119 Safari/537.36"
36.99.136.136 - - [01/Sep/2021:07:53:21 +0000] "GET /fonts/fonts.css HTTP/1.1" 404 491 "http://www.plemma.cc/" "Mozilla/5.0 (Windows NT 10.0; Win64; x64) AppleWebKit/537.36 (KHTML, like Gecko) Chrome/72.0.3626.119 Safari/537.36"
36.99.136.136 - - [01/Sep/2021:07:53:21 +0000] "GET /highlight.css HTTP/1.1" 404 491 "http://www.plemma.cc/" "Mozilla/5.0 (Windows NT 10.0; Win64; x64) AppleWebKit/537.36 (KHTML, like Gecko) Chrome/72.0.3626.119 Safari/537.36"
36.99.136.136 - - [01/Sep/2021:07:53:21 +0000] "GET /tomorrow-night.css HTTP/1.1" 404 491 "http://www.plemma.cc/" "Mozilla/5.0 (Windows NT 10.0; Win64; x64) AppleWebKit/537.36 (KHTML, like Gecko) Chrome/72.0.3626.119 Safari/537.36"
36.99.136.136 - - [01/Sep/2021:07:53:21 +0000] "GET /ayu-highlight.css HTTP/1.1" 404 491 "http://www.plemma.cc/" "Mozilla/5.0 (Windows NT 10.0; Win64; x64) AppleWebKit/537.36 (KHTML, like Gecko) Chrome/72.0.3626.119 Safari/537.36"
36.99.136.137 - - [01/Sep/2021:07:53:21 +0000] "GET /xcaliber.dao.jpg HTTP/1.1" 200 14201 "http://www.plemma.cc/" "Mozilla/5.0 (Windows NT 10.0; Win64; x64) AppleWebKit/537.36 (KHTML, like Gecko) Chrome/72.0.3626.119 Safari/537.36"
36.99.136.137 - - [01/Sep/2021:07:53:21 +0000] "GET /css/print.css HTTP/1.1" 200 734 "http://www.plemma.cc/" "Mozilla/5.0 (Windows NT 10.0; Win64; x64) AppleWebKit/537.36 (KHTML, like Gecko) Chrome/72.0.3626.119 Safari/537.36"
36.99.136.136 - - [01/Sep/2021:07:53:21 +0000] "GET /usedjolie.png HTTP/1.1" 200 373194 "http://www.plemma.cc/" "Mozilla/5.0 (Windows NT 10.0; Win64; x64) AppleWebKit/537.36 (KHTML, like Gecko) Chrome/72.0.3626.119 Safari/537.36"
36.99.136.136 - - [01/Sep/2021:07:53:26 +0000] "GET / HTTP/1.1" 200 13803 "-" "Mozilla/5.0 (Windows NT 10.0; Win64; x64) AppleWebKit/537.36 (KHTML, like Gecko) Chrome/72.0.3626.119 Safari/537.36"
36.99.136.136 - - [01/Sep/2021:07:53:26 +0000] "GET /FontAwesome/css/font-awesome.css HTTP/1.1" 404 491 "http://www.plemma.cc/" "Mozilla/5.0 (Windows NT 10.0; Win64; x64) AppleWebKit/537.36 (KHTML, like Gecko) Chrome/72.0.3626.119 Safari/537.36"
36.99.136.137 - - [01/Sep/2021:07:53:26 +0000] "GET /fonts/fonts.css HTTP/1.1" 404 492 "http://www.plemma.cc/" "Mozilla/5.0 (Windows NT 10.0; Win64; x64) AppleWebKit/537.36 (KHTML, like Gecko) Chrome/72.0.3626.119 Safari/537.36"
36.99.136.137 - - [01/Sep/2021:07:53:26 +0000] "GET /highlight.css HTTP/1.1" 404 492 "http://www.plemma.cc/" "Mozilla/5.0 (Windows NT 10.0; Win64; x64) AppleWebKit/537.36 (KHTML, like Gecko) Chrome/72.0.3626.119 Safari/537.36"
36.99.136.136 - - [01/Sep/2021:07:53:27 +0000] "GET /tomorrow-night.css HTTP/1.1" 404 491 "http://www.plemma.cc/" "Mozilla/5.0 (Windows NT 10.0; Win64; x64) AppleWebKit/537.36 (KHTML, like Gecko) Chrome/72.0.3626.119 Safari/537.36"
36.99.136.137 - - [01/Sep/2021:07:53:27 +0000] "GET /ayu-highlight.css HTTP/1.1" 404 491 "http://www.plemma.cc/" "Mozilla/5.0 (Windows NT 10.0; Win64; x64) AppleWebKit/537.36 (KHTML, like Gecko) Chrome/72.0.3626.119 Safari/537.36"
50.222.125.194 - - [01/Sep/2021:07:53:46 +0000] "POST /roundcube/?_task=mail&_action=refresh HTTP/1.1" 200 671 "http://plemma.cc/roundcube/?_task=mail&_mbox=INBOX" "Mozilla/5.0 (X11; CrOS x86_64 13982.82.0) AppleWebKit/537.36 (KHTML, like Gecko) Chrome/92.0.4515.157 Safari/537.36"
50.222.125.194 - - [01/Sep/2021:07:54:45 +0000] "POST /roundcube/?_task=mail&_action=refresh HTTP/1.1" 200 1314 "http://plemma.cc/roundcube/?_task=mail&_mbox=INBOX" "Mozilla/5.0 (X11; CrOS x86_64 13982.82.0) AppleWebKit/537.36 (KHTML, like Gecko) Chrome/92.0.4515.157 Safari/537.36"
50.222.125.194 - - [01/Sep/2021:07:55:46 +0000] "POST /roundcube/?_task=mail&_action=refresh HTTP/1.1" 200 763 "http://plemma.cc/roundcube/?_task=mail&_mbox=INBOX" "Mozilla/5.0 (X11; CrOS x86_64 13982.82.0) AppleWebKit/537.36 (KHTML, like Gecko) Chrome/92.0.4515.157 Safari/537.36"
50.222.125.194 - - [01/Sep/2021:07:56:46 +0000] "POST /roundcube/?_task=mail&_action=refresh HTTP/1.1" 200 675 "http://plemma.cc/roundcube/?_task=mail&_mbox=INBOX" "Mozilla/5.0 (X11; CrOS x86_64 13982.82.0) AppleWebKit/537.36 (KHTML, like Gecko) Chrome/92.0.4515.157 Safari/537.36"
50.222.125.194 - - [01/Sep/2021:07:57:45 +0000] "POST /roundcube/?_task=mail&_action=refresh HTTP/1.1" 200 675 "http://plemma.cc/roundcube/?_task=mail&_mbox=INBOX" "Mozilla/5.0 (X11; CrOS x86_64 13982.82.0) AppleWebKit/537.36 (KHTML, like Gecko) Chrome/92.0.4515.157 Safari/537.36"
50.222.125.194 - - [01/Sep/2021:07:58:46 +0000] "POST /roundcube/?_task=mail&_action=refresh HTTP/1.1" 200 675 "http://plemma.cc/roundcube/?_task=mail&_mbox=INBOX" "Mozilla/5.0 (X11; CrOS x86_64 13982.82.0) AppleWebKit/537.36 (KHTML, like Gecko) Chrome/92.0.4515.157 Safari/537.36"
50.222.125.194 - - [01/Sep/2021:07:59:45 +0000] "POST /roundcube/?_task=mail&_action=refresh HTTP/1.1" 200 675 "http://plemma.cc/roundcube/?_task=mail&_mbox=INBOX" "Mozilla/5.0 (X11; CrOS x86_64 13982.82.0) AppleWebKit/537.36 (KHTML, like Gecko) Chrome/92.0.4515.157 Safari/537.36"
50.222.125.194 - - [01/Sep/2021:08:00:46 +0000] "POST /roundcube/?_task=mail&_action=refresh HTTP/1.1" 200 762 "http://plemma.cc/roundcube/?_task=mail&_mbox=INBOX" "Mozilla/5.0 (X11; CrOS x86_64 13982.82.0) AppleWebKit/537.36 (KHTML, like Gecko) Chrome/92.0.4515.157 Safari/537.36"
13.212.164.173 - - [01/Sep/2021:08:01:05 +0000] "HEAD / HTTP/1.1" 200 311 "-" "CheckMarkNetwork/1.0 (+http://www.checkmarknetwork.com/spider.html)"
13.212.164.173 - - [01/Sep/2021:08:01:05 +0000] "GET /robots.txt HTTP/1.1" 404 487 "-" "CheckMarkNetwork/1.0 (+http://www.checkmarknetwork.com/spider.html)"
13.212.164.173 - - [01/Sep/2021:08:01:05 +0000] "GET / HTTP/1.1" 200 13804 "-" "CheckMarkNetwork/1.0 (+http://www.checkmarknetwork.com/spider.html)"
13.212.164.173 - - [01/Sep/2021:08:01:06 +0000] "GET /css/chrome.css HTTP/1.1" 200 2691 "-" "CheckMarkNetwork/1.0 (+http://www.checkmarknetwork.com/spider.html)"
13.212.164.173 - - [01/Sep/2021:08:01:06 +0000] "GET /fonts/fonts.css HTTP/1.1" 404 488 "-" "CheckMarkNetwork/1.0 (+http://www.checkmarknetwork.com/spider.html)"
13.212.164.173 - - [01/Sep/2021:08:01:06 +0000] "GET /FontAwesome/css/font-awesome.css HTTP/1.1" 404 488 "-" "CheckMarkNetwork/1.0 (+http://www.checkmarknetwork.com/spider.html)"
13.212.164.173 - - [01/Sep/2021:08:01:06 +0000] "GET /ayu-highlight.css HTTP/1.1" 404 488 "-" "CheckMarkNetwork/1.0 (+http://www.checkmarknetwork.com/spider.html)"
13.212.164.173 - - [01/Sep/2021:08:01:06 +0000] "GET /css/general.css HTTP/1.1" 200 1860 "-" "CheckMarkNetwork/1.0 (+http://www.checkmarknetwork.com/spider.html)"
13.212.164.173 - - [01/Sep/2021:08:01:06 +0000] "GET /css/variables.css HTTP/1.1" 200 1498 "-" "CheckMarkNetwork/1.0 (+http://www.checkmarknetwork.com/spider.html)"
13.212.164.173 - - [01/Sep/2021:08:01:06 +0000] "GET /css/print.css HTTP/1.1" 200 734 "-" "CheckMarkNetwork/1.0 (+http://www.checkmarknetwork.com/spider.html)"
13.212.164.173 - - [01/Sep/2021:08:01:06 +0000] "GET /tomorrow-night.css HTTP/1.1" 404 487 "-" "CheckMarkNetwork/1.0 (+http://www.checkmarknetwork.com/spider.html)"
13.212.164.173 - - [01/Sep/2021:08:01:06 +0000] "GET /highlight.css HTTP/1.1" 404 487 "-" "CheckMarkNetwork/1.0 (+http://www.checkmarknetwork.com/spider.html)"
::1 - - [01/Sep/2021:08:01:13 +0000] "OPTIONS * HTTP/1.0" 200 126 "-" "Apache/2.4.38 (Debian) (internal dummy connection)"
210.137.139.130 - - [01/Sep/2021:08:01:32 +0000] "GET /xcaliber.dao.jpg HTTP/1.1" 200 14202 "-" "Mozilla/5.0 (Macintosh; Intel Mac OS X 10_15_7) AppleWebKit/605.1.15 (KHTML, like Gecko)"
210.137.139.130 - - [01/Sep/2021:08:01:32 +0000] "GET /usedjolie.png HTTP/1.1" 200 373195 "-" "Mozilla/5.0 (Macintosh; Intel Mac OS X 10_15_7) AppleWebKit/605.1.15 (KHTML, like Gecko)"
50.222.125.194 - - [01/Sep/2021:08:01:45 +0000] "POST /roundcube/?_task=mail&_action=refresh HTTP/1.1" 200 673 "http://plemma.cc/roundcube/?_task=mail&_mbox=INBOX" "Mozilla/5.0 (X11; CrOS x86_64 13982.82.0) AppleWebKit/537.36 (KHTML, like Gecko) Chrome/92.0.4515.157 Safari/537.36"
50.222.125.194 - - [01/Sep/2021:08:02:45 +0000] "POST /roundcube/?_task=mail&_action=refresh HTTP/1.1" 200 675 "http://plemma.cc/roundcube/?_task=mail&_mbox=INBOX" "Mozilla/5.0 (X11; CrOS x86_64 13982.82.0) AppleWebKit/537.36 (KHTML, like Gecko) Chrome/92.0.4515.157 Safari/537.36"
50.222.125.194 - - [01/Sep/2021:08:03:45 +0000] "POST /roundcube/?_task=mail&_action=refresh HTTP/1.1" 200 675 "http://plemma.cc/roundcube/?_task=mail&_mbox=INBOX" "Mozilla/5.0 (X11; CrOS x86_64 13982.82.0) AppleWebKit/537.36 (KHTML, like Gecko) Chrome/92.0.4515.157 Safari/537.36"
50.222.125.194 - - [01/Sep/2021:08:04:46 +0000] "POST /roundcube/?_task=mail&_action=refresh HTTP/1.1" 200 675 "http://plemma.cc/roundcube/?_task=mail&_mbox=INBOX" "Mozilla/5.0 (X11; CrOS x86_64 13982.82.0) AppleWebKit/537.36 (KHTML, like Gecko) Chrome/92.0.4515.157 Safari/537.36"
50.222.125.194 - - [01/Sep/2021:08:05:46 +0000] "POST /roundcube/?_task=mail&_action=refresh HTTP/1.1" 200 761 "http://plemma.cc/roundcube/?_task=mail&_mbox=INBOX" "Mozilla/5.0 (X11; CrOS x86_64 13982.82.0) AppleWebKit/537.36 (KHTML, like Gecko) Chrome/92.0.4515.157 Safari/537.36"
50.222.125.194 - - [01/Sep/2021:08:06:45 +0000] "POST /roundcube/?_task=mail&_action=refresh HTTP/1.1" 200 675 "http://plemma.cc/roundcube/?_task=mail&_mbox=INBOX" "Mozilla/5.0 (X11; CrOS x86_64 13982.82.0) AppleWebKit/537.36 (KHTML, like Gecko) Chrome/92.0.4515.157 Safari/537.36"
50.222.125.194 - - [01/Sep/2021:08:07:45 +0000] "POST /roundcube/?_task=mail&_action=refresh HTTP/1.1" 200 675 "http://plemma.cc/roundcube/?_task=mail&_mbox=INBOX" "Mozilla/5.0 (X11; CrOS x86_64 13982.82.0) AppleWebKit/537.36 (KHTML, like Gecko) Chrome/92.0.4515.157 Safari/537.36"
50.222.125.194 - - [01/Sep/2021:08:08:45 +0000] "POST /roundcube/?_task=mail&_action=refresh HTTP/1.1" 200 675 "http://plemma.cc/roundcube/?_task=mail&_mbox=INBOX" "Mozilla/5.0 (X11; CrOS x86_64 13982.82.0) AppleWebKit/537.36 (KHTML, like Gecko) Chrome/92.0.4515.157 Safari/537.36"
50.222.125.194 - - [01/Sep/2021:08:09:45 +0000] "POST /roundcube/?_task=mail&_action=refresh HTTP/1.1" 200 675 "http://plemma.cc/roundcube/?_task=mail&_mbox=INBOX" "Mozilla/5.0 (X11; CrOS x86_64 13982.82.0) AppleWebKit/537.36 (KHTML, like Gecko) Chrome/92.0.4515.157 Safari/537.36"
50.222.125.194 - - [01/Sep/2021:08:10:45 +0000] "POST /roundcube/?_task=mail&_action=refresh HTTP/1.1" 200 762 "http://plemma.cc/roundcube/?_task=mail&_mbox=INBOX" "Mozilla/5.0 (X11; CrOS x86_64 13982.82.0) AppleWebKit/537.36 (KHTML, like Gecko) Chrome/92.0.4515.157 Safari/537.36"
50.222.125.194 - - [01/Sep/2021:08:11:45 +0000] "POST /roundcube/?_task=mail&_action=refresh HTTP/1.1" 200 674 "http://plemma.cc/roundcube/?_task=mail&_mbox=INBOX" "Mozilla/5.0 (X11; CrOS x86_64 13982.82.0) AppleWebKit/537.36 (KHTML, like Gecko) Chrome/92.0.4515.157 Safari/537.36"
50.222.125.194 - - [01/Sep/2021:08:12:45 +0000] "POST /roundcube/?_task=mail&_action=refresh HTTP/1.1" 200 675 "http://plemma.cc/roundcube/?_task=mail&_mbox=INBOX" "Mozilla/5.0 (X11; CrOS x86_64 13982.82.0) AppleWebKit/537.36 (KHTML, like Gecko) Chrome/92.0.4515.157 Safari/537.36"
50.222.125.194 - - [01/Sep/2021:08:13:47 +0000] "POST /roundcube/?_task=mail&_action=refresh HTTP/1.1" 200 675 "http://plemma.cc/roundcube/?_task=mail&_mbox=INBOX" "Mozilla/5.0 (X11; CrOS x86_64 13982.82.0) AppleWebKit/537.36 (KHTML, like Gecko) Chrome/92.0.4515.157 Safari/537.36"
52.148.190.54 - - [01/Sep/2021:08:13:50 +0000] "GET / HTTP/1.1" 200 54844 "-" "-"
50.222.125.194 - - [01/Sep/2021:08:14:45 +0000] "POST /roundcube/?_task=mail&_action=refresh HTTP/1.1" 200 675 "http://plemma.cc/roundcube/?_task=mail&_mbox=INBOX" "Mozilla/5.0 (X11; CrOS x86_64 13982.82.0) AppleWebKit/537.36 (KHTML, like Gecko) Chrome/92.0.4515.157 Safari/537.36"
50.222.125.194 - - [01/Sep/2021:08:15:45 +0000] "POST /roundcube/?_task=mail&_action=refresh HTTP/1.1" 200 763 "http://plemma.cc/roundcube/?_task=mail&_mbox=INBOX" "Mozilla/5.0 (X11; CrOS x86_64 13982.82.0) AppleWebKit/537.36 (KHTML, like Gecko) Chrome/92.0.4515.157 Safari/537.36"
199.19.224.165 - - [01/Sep/2021:08:16:18 +0000] "GET /config/getuser?index=0 HTTP/1.1" 404 456 "-" "Mozilla/5.0 (X11; Ubuntu; Linux x86_64; rv:76.0) Gecko/20100101 Firefox/76.0"
50.222.125.194 - - [01/Sep/2021:08:16:45 +0000] "POST /roundcube/?_task=mail&_action=refresh HTTP/1.1" 200 674 "http://plemma.cc/roundcube/?_task=mail&_mbox=INBOX" "Mozilla/5.0 (X11; CrOS x86_64 13982.82.0) AppleWebKit/537.36 (KHTML, like Gecko) Chrome/92.0.4515.157 Safari/537.36"
50.222.125.194 - - [01/Sep/2021:08:17:45 +0000] "POST /roundcube/?_task=mail&_action=refresh HTTP/1.1" 200 675 "http://plemma.cc/roundcube/?_task=mail&_mbox=INBOX" "Mozilla/5.0 (X11; CrOS x86_64 13982.82.0) AppleWebKit/537.36 (KHTML, like Gecko) Chrome/92.0.4515.157 Safari/537.36"
50.222.125.194 - - [01/Sep/2021:08:18:45 +0000] "POST /roundcube/?_task=mail&_action=refresh HTTP/1.1" 200 675 "http://plemma.cc/roundcube/?_task=mail&_mbox=INBOX" "Mozilla/5.0 (X11; CrOS x86_64 13982.82.0) AppleWebKit/537.36 (KHTML, like Gecko) Chrome/92.0.4515.157 Safari/537.36"
50.222.125.194 - - [01/Sep/2021:08:19:47 +0000] "POST /roundcube/?_task=mail&_action=refresh HTTP/1.1" 200 675 "http://plemma.cc/roundcube/?_task=mail&_mbox=INBOX" "Mozilla/5.0 (X11; CrOS x86_64 13982.82.0) AppleWebKit/537.36 (KHTML, like Gecko) Chrome/92.0.4515.157 Safari/537.36"
50.222.125.194 - - [01/Sep/2021:08:20:45 +0000] "POST /roundcube/?_task=mail&_action=refresh HTTP/1.1" 200 763 "http://plemma.cc/roundcube/?_task=mail&_mbox=INBOX" "Mozilla/5.0 (X11; CrOS x86_64 13982.82.0) AppleWebKit/537.36 (KHTML, like Gecko) Chrome/92.0.4515.157 Safari/537.36"
50.222.125.194 - - [01/Sep/2021:08:21:45 +0000] "POST /roundcube/?_task=mail&_action=refresh HTTP/1.1" 200 674 "http://plemma.cc/roundcube/?_task=mail&_mbox=INBOX" "Mozilla/5.0 (X11; CrOS x86_64 13982.82.0) AppleWebKit/537.36 (KHTML, like Gecko) Chrome/92.0.4515.157 Safari/537.36"
50.222.125.194 - - [01/Sep/2021:08:22:45 +0000] "POST /roundcube/?_task=mail&_action=refresh HTTP/1.1" 200 675 "http://plemma.cc/roundcube/?_task=mail&_mbox=INBOX" "Mozilla/5.0 (X11; CrOS x86_64 13982.82.0) AppleWebKit/537.36 (KHTML, like Gecko) Chrome/92.0.4515.157 Safari/537.36"
