73.107.144.246 - - [04/Sep/2021:02:02:18 +0000] "GET /roundcube/?_task=mail&_action=list&_refresh=1&_mbox=INBOX&_remote=1&_unlock=loading1630720937962&_=1630720937306 HTTP/1.1" 200 3799 "http://plemma.cc/roundcube/?_task=mail&_mbox=INBOX" "Mozilla/5.0 (X11; CrOS x86_64 13982.88.0) AppleWebKit/537.36 (KHTML, like Gecko) Chrome/92.0.4515.162 Safari/537.36"
73.107.144.246 - - [04/Sep/2021:02:02:18 +0000] "GET /roundcube/?_task=mail&_action=getunread&_page=1&_remote=1&_unlock=0&_=1630720937307 HTTP/1.1" 200 592 "http://plemma.cc/roundcube/?_task=mail&_mbox=INBOX" "Mozilla/5.0 (X11; CrOS x86_64 13982.88.0) AppleWebKit/537.36 (KHTML, like Gecko) Chrome/92.0.4515.162 Safari/537.36"
188.126.90.4 - - [04/Sep/2021:02:02:53 +0000] "GET /.env HTTP/1.1" 404 493 "-" "Mozilla/5.0 (Macintosh;                 Intel Mac OS X 10_10_1) AppleWebKit/537.36 (KHTML,                 like Gecko) Chrome/39.0.2171.95 Safari/537.36"
188.126.90.4 - - [04/Sep/2021:02:02:55 +0000] "GET /vendor/.env HTTP/1.1" 404 493 "-" "Mozilla/5.0 (Macintosh;                 Intel Mac OS X 10_10_1) AppleWebKit/537.36 (KHTML,                 like Gecko) Chrome/39.0.2171.95 Safari/537.36"
188.126.90.4 - - [04/Sep/2021:02:02:57 +0000] "GET /admin/.env HTTP/1.1" 404 493 "-" "Mozilla/5.0 (Macintosh;                 Intel Mac OS X 10_10_1) AppleWebKit/537.36 (KHTML,                 like Gecko) Chrome/39.0.2171.95 Safari/537.36"
188.126.90.4 - - [04/Sep/2021:02:02:59 +0000] "POST / HTTP/1.1" 200 43063 "-" "Mozilla/5.0 (Macintosh;                 Intel Mac OS X 10_10_1) AppleWebKit/537.36 (KHTML,                 like Gecko) Chrome/39.0.2171.95 Safari/537.36"
188.126.90.4 - - [04/Sep/2021:02:03:01 +0000] "GET /vendor/phpunit/phpunit/src/Util/PHP/eval-stdin.php HTTP/1.1" 404 493 "-" "Mozilla/5.0 (Macintosh;                 Intel Mac OS X 10_10_1) AppleWebKit/537.36 (KHTML,                 like Gecko) Chrome/39.0.2171.95 Safari/537.36"
73.107.144.246 - - [04/Sep/2021:02:03:18 +0000] "POST /roundcube/?_task=mail&_action=refresh HTTP/1.1" 200 777 "http://plemma.cc/roundcube/?_task=mail&_mbox=INBOX" "Mozilla/5.0 (X11; CrOS x86_64 13982.88.0) AppleWebKit/537.36 (KHTML, like Gecko) Chrome/92.0.4515.162 Safari/537.36"
73.107.144.246 - - [04/Sep/2021:02:04:18 +0000] "POST /roundcube/?_task=mail&_action=refresh HTTP/1.1" 200 778 "http://plemma.cc/roundcube/?_task=mail&_mbox=INBOX" "Mozilla/5.0 (X11; CrOS x86_64 13982.88.0) AppleWebKit/537.36 (KHTML, like Gecko) Chrome/92.0.4515.162 Safari/537.36"
73.107.144.246 - - [04/Sep/2021:02:05:18 +0000] "POST /roundcube/?_task=mail&_action=refresh HTTP/1.1" 200 866 "http://plemma.cc/roundcube/?_task=mail&_mbox=INBOX" "Mozilla/5.0 (X11; CrOS x86_64 13982.88.0) AppleWebKit/537.36 (KHTML, like Gecko) Chrome/92.0.4515.162 Safari/537.36"
73.107.144.246 - - [04/Sep/2021:02:06:18 +0000] "POST /roundcube/?_task=mail&_action=refresh HTTP/1.1" 200 778 "http://plemma.cc/roundcube/?_task=mail&_mbox=INBOX" "Mozilla/5.0 (X11; CrOS x86_64 13982.88.0) AppleWebKit/537.36 (KHTML, like Gecko) Chrome/92.0.4515.162 Safari/537.36"
73.107.144.246 - - [04/Sep/2021:02:07:18 +0000] "POST /roundcube/?_task=mail&_action=refresh HTTP/1.1" 200 778 "http://plemma.cc/roundcube/?_task=mail&_mbox=INBOX" "Mozilla/5.0 (X11; CrOS x86_64 13982.88.0) AppleWebKit/537.36 (KHTML, like Gecko) Chrome/92.0.4515.162 Safari/537.36"
73.107.144.246 - - [04/Sep/2021:02:07:44 +0000] "GET /FontAwesome/css/font-awesome.css HTTP/1.1" 404 488 "http://plemma.cc/" "Mozilla/5.0 (X11; CrOS x86_64 13982.88.0) AppleWebKit/537.36 (KHTML, like Gecko) Chrome/92.0.4515.162 Safari/537.36"
73.107.144.246 - - [04/Sep/2021:02:07:44 +0000] "GET /fonts/fonts.css HTTP/1.1" 404 488 "http://plemma.cc/" "Mozilla/5.0 (X11; CrOS x86_64 13982.88.0) AppleWebKit/537.36 (KHTML, like Gecko) Chrome/92.0.4515.162 Safari/537.36"
73.107.144.246 - - [04/Sep/2021:02:07:44 +0000] "GET /highlight.css HTTP/1.1" 404 488 "http://plemma.cc/" "Mozilla/5.0 (X11; CrOS x86_64 13982.88.0) AppleWebKit/537.36 (KHTML, like Gecko) Chrome/92.0.4515.162 Safari/537.36"
73.107.144.246 - - [04/Sep/2021:02:07:44 +0000] "GET /tomorrow-night.css HTTP/1.1" 404 488 "http://plemma.cc/" "Mozilla/5.0 (X11; CrOS x86_64 13982.88.0) AppleWebKit/537.36 (KHTML, like Gecko) Chrome/92.0.4515.162 Safari/537.36"
73.107.144.246 - - [04/Sep/2021:02:07:44 +0000] "GET /ayu-highlight.css HTTP/1.1" 404 488 "http://plemma.cc/" "Mozilla/5.0 (X11; CrOS x86_64 13982.88.0) AppleWebKit/537.36 (KHTML, like Gecko) Chrome/92.0.4515.162 Safari/537.36"
73.107.144.246 - - [04/Sep/2021:02:07:44 +0000] "GET /usedjolie.png HTTP/1.1" 200 373194 "http://plemma.cc/" "Mozilla/5.0 (X11; CrOS x86_64 13982.88.0) AppleWebKit/537.36 (KHTML, like Gecko) Chrome/92.0.4515.162 Safari/537.36"
73.107.144.246 - - [04/Sep/2021:02:07:47 +0000] "GET /favicon.svg HTTP/1.1" 404 487 "http://plemma.cc/" "Mozilla/5.0 (X11; CrOS x86_64 13982.88.0) AppleWebKit/537.36 (KHTML, like Gecko) Chrome/92.0.4515.162 Safari/537.36"
73.107.144.246 - - [04/Sep/2021:02:08:08 +0000] "GET /favicon.png HTTP/1.1" 404 488 "http://plemma.cc/" "Mozilla/5.0 (X11; CrOS x86_64 13982.88.0) AppleWebKit/537.36 (KHTML, like Gecko) Chrome/92.0.4515.162 Safari/537.36"
73.107.144.246 - - [04/Sep/2021:02:08:18 +0000] "POST /roundcube/?_task=mail&_action=refresh HTTP/1.1" 200 3627 "http://plemma.cc/roundcube/?_task=mail&_mbox=INBOX" "Mozilla/5.0 (X11; CrOS x86_64 13982.88.0) AppleWebKit/537.36 (KHTML, like Gecko) Chrome/92.0.4515.162 Safari/537.36"
73.107.144.246 - - [04/Sep/2021:02:09:20 +0000] "POST /roundcube/?_task=mail&_action=refresh HTTP/1.1" 200 780 "http://plemma.cc/roundcube/?_task=mail&_mbox=INBOX" "Mozilla/5.0 (X11; CrOS x86_64 13982.88.0) AppleWebKit/537.36 (KHTML, like Gecko) Chrome/92.0.4515.162 Safari/537.36"
73.107.144.246 - - [04/Sep/2021:02:09:52 +0000] "GET / HTTP/1.1" 200 43061 "-" "Mozilla/5.0 (X11; CrOS x86_64 13982.88.0) AppleWebKit/537.36 (KHTML, like Gecko) Chrome/92.0.4515.162 Safari/537.36"
73.107.144.246 - - [04/Sep/2021:02:09:53 +0000] "GET /FontAwesome/css/font-awesome.css HTTP/1.1" 404 488 "http://plemma.cc/" "Mozilla/5.0 (X11; CrOS x86_64 13982.88.0) AppleWebKit/537.36 (KHTML, like Gecko) Chrome/92.0.4515.162 Safari/537.36"
73.107.144.246 - - [04/Sep/2021:02:09:53 +0000] "GET /fonts/fonts.css HTTP/1.1" 404 487 "http://plemma.cc/" "Mozilla/5.0 (X11; CrOS x86_64 13982.88.0) AppleWebKit/537.36 (KHTML, like Gecko) Chrome/92.0.4515.162 Safari/537.36"
73.107.144.246 - - [04/Sep/2021:02:09:53 +0000] "GET /highlight.css HTTP/1.1" 404 487 "http://plemma.cc/" "Mozilla/5.0 (X11; CrOS x86_64 13982.88.0) AppleWebKit/537.36 (KHTML, like Gecko) Chrome/92.0.4515.162 Safari/537.36"
73.107.144.246 - - [04/Sep/2021:02:09:53 +0000] "GET /tomorrow-night.css HTTP/1.1" 404 488 "http://plemma.cc/" "Mozilla/5.0 (X11; CrOS x86_64 13982.88.0) AppleWebKit/537.36 (KHTML, like Gecko) Chrome/92.0.4515.162 Safari/537.36"
73.107.144.246 - - [04/Sep/2021:02:09:53 +0000] "GET /ayu-highlight.css HTTP/1.1" 404 488 "http://plemma.cc/" "Mozilla/5.0 (X11; CrOS x86_64 13982.88.0) AppleWebKit/537.36 (KHTML, like Gecko) Chrome/92.0.4515.162 Safari/537.36"
73.107.144.246 - - [04/Sep/2021:02:09:54 +0000] "GET /favicon.svg HTTP/1.1" 404 488 "http://plemma.cc/" "Mozilla/5.0 (X11; CrOS x86_64 13982.88.0) AppleWebKit/537.36 (KHTML, like Gecko) Chrome/92.0.4515.162 Safari/537.36"
73.107.144.246 - - [04/Sep/2021:02:09:57 +0000] "GET /favicon.png HTTP/1.1" 404 487 "http://plemma.cc/" "Mozilla/5.0 (X11; CrOS x86_64 13982.88.0) AppleWebKit/537.36 (KHTML, like Gecko) Chrome/92.0.4515.162 Safari/537.36"
73.107.144.246 - - [04/Sep/2021:02:10:21 +0000] "POST /roundcube/?_task=mail&_action=refresh HTTP/1.1" 200 870 "http://plemma.cc/roundcube/?_task=mail&_mbox=INBOX" "Mozilla/5.0 (X11; CrOS x86_64 13982.88.0) AppleWebKit/537.36 (KHTML, like Gecko) Chrome/92.0.4515.162 Safari/537.36"
73.107.144.246 - - [04/Sep/2021:02:10:58 +0000] "GET / HTTP/1.1" 200 43046 "-" "Mozilla/5.0 (X11; CrOS x86_64 13982.88.0) AppleWebKit/537.36 (KHTML, like Gecko) Chrome/92.0.4515.162 Safari/537.36"
73.107.144.246 - - [04/Sep/2021:02:10:58 +0000] "GET /FontAwesome/css/font-awesome.css HTTP/1.1" 404 487 "http://plemma.cc/" "Mozilla/5.0 (X11; CrOS x86_64 13982.88.0) AppleWebKit/537.36 (KHTML, like Gecko) Chrome/92.0.4515.162 Safari/537.36"
73.107.144.246 - - [04/Sep/2021:02:10:58 +0000] "GET /fonts/fonts.css HTTP/1.1" 404 488 "http://plemma.cc/" "Mozilla/5.0 (X11; CrOS x86_64 13982.88.0) AppleWebKit/537.36 (KHTML, like Gecko) Chrome/92.0.4515.162 Safari/537.36"
73.107.144.246 - - [04/Sep/2021:02:10:58 +0000] "GET /highlight.css HTTP/1.1" 404 488 "http://plemma.cc/" "Mozilla/5.0 (X11; CrOS x86_64 13982.88.0) AppleWebKit/537.36 (KHTML, like Gecko) Chrome/92.0.4515.162 Safari/537.36"
73.107.144.246 - - [04/Sep/2021:02:10:58 +0000] "GET /tomorrow-night.css HTTP/1.1" 404 488 "http://plemma.cc/" "Mozilla/5.0 (X11; CrOS x86_64 13982.88.0) AppleWebKit/537.36 (KHTML, like Gecko) Chrome/92.0.4515.162 Safari/537.36"
73.107.144.246 - - [04/Sep/2021:02:10:58 +0000] "GET /ayu-highlight.css HTTP/1.1" 404 488 "http://plemma.cc/" "Mozilla/5.0 (X11; CrOS x86_64 13982.88.0) AppleWebKit/537.36 (KHTML, like Gecko) Chrome/92.0.4515.162 Safari/537.36"
73.107.144.246 - - [04/Sep/2021:02:10:59 +0000] "GET /favicon.svg HTTP/1.1" 404 487 "http://plemma.cc/" "Mozilla/5.0 (X11; CrOS x86_64 13982.88.0) AppleWebKit/537.36 (KHTML, like Gecko) Chrome/92.0.4515.162 Safari/537.36"
73.107.144.246 - - [04/Sep/2021:02:11:00 +0000] "GET /favicon.png HTTP/1.1" 404 487 "http://plemma.cc/" "Mozilla/5.0 (X11; CrOS x86_64 13982.88.0) AppleWebKit/537.36 (KHTML, like Gecko) Chrome/92.0.4515.162 Safari/537.36"
73.107.144.246 - - [04/Sep/2021:02:11:22 +0000] "POST /roundcube/?_task=mail&_action=refresh HTTP/1.1" 200 780 "http://plemma.cc/roundcube/?_task=mail&_mbox=INBOX" "Mozilla/5.0 (X11; CrOS x86_64 13982.88.0) AppleWebKit/537.36 (KHTML, like Gecko) Chrome/92.0.4515.162 Safari/537.36"
73.107.144.246 - - [04/Sep/2021:02:12:21 +0000] "POST /roundcube/?_task=mail&_action=refresh HTTP/1.1" 200 780 "http://plemma.cc/roundcube/?_task=mail&_mbox=INBOX" "Mozilla/5.0 (X11; CrOS x86_64 13982.88.0) AppleWebKit/537.36 (KHTML, like Gecko) Chrome/92.0.4515.162 Safari/537.36"
73.107.144.246 - - [04/Sep/2021:02:12:23 +0000] "GET /roundcube/?_task=mail&_caps=pdf%3D1%2Cflash%3D0%2Ctiff%3D0%2Cwebp%3D1&_uid=99&_mbox=INBOX&_framed=1&_action=preview HTTP/1.1" 200 5097 "http://plemma.cc/roundcube/?_task=mail&_mbox=INBOX" "Mozilla/5.0 (X11; CrOS x86_64 13982.88.0) AppleWebKit/537.36 (KHTML, like Gecko) Chrome/92.0.4515.162 Safari/537.36"
73.107.144.246 - - [04/Sep/2021:02:13:18 +0000] "POST /roundcube/?_task=mail&_action=refresh HTTP/1.1" 200 779 "http://plemma.cc/roundcube/?_task=mail&_mbox=INBOX" "Mozilla/5.0 (X11; CrOS x86_64 13982.88.0) AppleWebKit/537.36 (KHTML, like Gecko) Chrome/92.0.4515.162 Safari/537.36"
209.141.54.8 - - [04/Sep/2021:02:13:50 +0000] "GET / HTTP/1.1" 200 43009 "-" "Mozilla/5.0 (X11; Ubuntu; Linux x86_64; rv:76.0) Gecko/20100101 Firefox/76.0"
73.107.144.246 - - [04/Sep/2021:02:14:18 +0000] "GET /roundcube/?_task=mail&_mbox=INBOX HTTP/1.1" 200 7611 "http://plemma.cc/roundcube/?_task=mail&_mbox=INBOX" "Mozilla/5.0 (X11; CrOS x86_64 13982.88.0) AppleWebKit/537.36 (KHTML, like Gecko) Chrome/92.0.4515.162 Safari/537.36"
73.107.144.246 - - [04/Sep/2021:02:14:18 +0000] "GET /roundcube/?_task=mail&_action=list&_refresh=1&_mbox=INBOX&_remote=1&_unlock=loading1630721658421&_=1630721658235 HTTP/1.1" 200 3755 "http://plemma.cc/roundcube/?_task=mail&_mbox=INBOX" "Mozilla/5.0 (X11; CrOS x86_64 13982.88.0) AppleWebKit/537.36 (KHTML, like Gecko) Chrome/92.0.4515.162 Safari/537.36"
73.107.144.246 - - [04/Sep/2021:02:14:19 +0000] "GET /roundcube/?_task=mail&_action=getunread&_page=1&_remote=1&_unlock=0&_=1630721658236 HTTP/1.1" 200 592 "http://plemma.cc/roundcube/?_task=mail&_mbox=INBOX" "Mozilla/5.0 (X11; CrOS x86_64 13982.88.0) AppleWebKit/537.36 (KHTML, like Gecko) Chrome/92.0.4515.162 Safari/537.36"
73.107.144.246 - - [04/Sep/2021:02:14:19 +0000] "GET /roundcube/skins/classic/images/favicon.ico HTTP/1.1" 200 13338 "http://plemma.cc/roundcube/?_task=mail&_mbox=INBOX" "Mozilla/5.0 (X11; CrOS x86_64 13982.88.0) AppleWebKit/537.36 (KHTML, like Gecko) Chrome/92.0.4515.162 Safari/537.36"
73.107.144.246 - - [04/Sep/2021:02:14:20 +0000] "GET /roundcube/?_task=mail&_caps=pdf%3D1%2Cflash%3D0%2Ctiff%3D0%2Cwebp%3D1&_uid=100&_mbox=INBOX&_framed=1&_action=preview HTTP/1.1" 200 4979 "http://plemma.cc/roundcube/?_task=mail&_mbox=INBOX" "Mozilla/5.0 (X11; CrOS x86_64 13982.88.0) AppleWebKit/537.36 (KHTML, like Gecko) Chrome/92.0.4515.162 Safari/537.36"
73.107.144.246 - - [04/Sep/2021:02:15:20 +0000] "POST /roundcube/?_task=mail&_action=refresh HTTP/1.1" 200 3631 "http://plemma.cc/roundcube/?_task=mail&_mbox=INBOX" "Mozilla/5.0 (X11; CrOS x86_64 13982.88.0) AppleWebKit/537.36 (KHTML, like Gecko) Chrome/92.0.4515.162 Safari/537.36"
2.56.59.42 - - [04/Sep/2021:02:15:43 +0000] "GET / HTTP/1.1" 200 43009 "-" "Linux Gnu (cow)"
73.107.144.246 - - [04/Sep/2021:02:16:19 +0000] "POST /roundcube/?_task=mail&_action=refresh HTTP/1.1" 200 782 "http://plemma.cc/roundcube/?_task=mail&_mbox=INBOX" "Mozilla/5.0 (X11; CrOS x86_64 13982.88.0) AppleWebKit/537.36 (KHTML, like Gecko) Chrome/92.0.4515.162 Safari/537.36"
73.107.144.246 - - [04/Sep/2021:02:17:20 +0000] "POST /roundcube/?_task=mail&_action=refresh HTTP/1.1" 200 782 "http://plemma.cc/roundcube/?_task=mail&_mbox=INBOX" "Mozilla/5.0 (X11; CrOS x86_64 13982.88.0) AppleWebKit/537.36 (KHTML, like Gecko) Chrome/92.0.4515.162 Safari/537.36"
73.107.144.246 - - [04/Sep/2021:02:18:19 +0000] "POST /roundcube/?_task=mail&_action=refresh HTTP/1.1" 200 784 "http://plemma.cc/roundcube/?_task=mail&_mbox=INBOX" "Mozilla/5.0 (X11; CrOS x86_64 13982.88.0) AppleWebKit/537.36 (KHTML, like Gecko) Chrome/92.0.4515.162 Safari/537.36"
73.107.144.246 - - [04/Sep/2021:02:19:19 +0000] "POST /roundcube/?_task=mail&_action=refresh HTTP/1.1" 200 782 "http://plemma.cc/roundcube/?_task=mail&_mbox=INBOX" "Mozilla/5.0 (X11; CrOS x86_64 13982.88.0) AppleWebKit/537.36 (KHTML, like Gecko) Chrome/92.0.4515.162 Safari/537.36"
73.107.144.246 - - [04/Sep/2021:02:20:19 +0000] "POST /roundcube/?_task=mail&_action=refresh HTTP/1.1" 200 871 "http://plemma.cc/roundcube/?_task=mail&_mbox=INBOX" "Mozilla/5.0 (X11; CrOS x86_64 13982.88.0) AppleWebKit/537.36 (KHTML, like Gecko) Chrome/92.0.4515.162 Safari/537.36"
73.107.144.246 - - [04/Sep/2021:02:21:37 +0000] "POST /roundcube/?_task=mail&_action=refresh HTTP/1.1" 200 784 "http://plemma.cc/roundcube/?_task=mail&_mbox=INBOX" "Mozilla/5.0 (X11; CrOS x86_64 13982.88.0) AppleWebKit/537.36 (KHTML, like Gecko) Chrome/92.0.4515.162 Safari/537.36"
73.107.144.246 - - [04/Sep/2021:02:22:37 +0000] "POST /roundcube/?_task=mail&_action=refresh HTTP/1.1" 200 783 "http://plemma.cc/roundcube/?_task=mail&_mbox=INBOX" "Mozilla/5.0 (X11; CrOS x86_64 13982.88.0) AppleWebKit/537.36 (KHTML, like Gecko) Chrome/92.0.4515.162 Safari/537.36"
73.107.144.246 - - [04/Sep/2021:02:23:37 +0000] "POST /roundcube/?_task=mail&_action=refresh HTTP/1.1" 200 783 "http://plemma.cc/roundcube/?_task=mail&_mbox=INBOX" "Mozilla/5.0 (X11; CrOS x86_64 13982.88.0) AppleWebKit/537.36 (KHTML, like Gecko) Chrome/92.0.4515.162 Safari/537.36"
73.107.144.246 - - [04/Sep/2021:02:24:37 +0000] "POST /roundcube/?_task=mail&_action=refresh HTTP/1.1" 200 784 "http://plemma.cc/roundcube/?_task=mail&_mbox=INBOX" "Mozilla/5.0 (X11; CrOS x86_64 13982.88.0) AppleWebKit/537.36 (KHTML, like Gecko) Chrome/92.0.4515.162 Safari/537.36"
73.107.144.246 - - [04/Sep/2021:02:25:17 +0000] "GET /roundcube/?_task=mail&_caps=pdf%3D1%2Cflash%3D0%2Ctiff%3D0%2Cwebp%3D1&_uid=101&_mbox=INBOX&_framed=1&_action=preview HTTP/1.1" 200 5915 "http://plemma.cc/roundcube/?_task=mail&_mbox=INBOX" "Mozilla/5.0 (X11; CrOS x86_64 13982.88.0) AppleWebKit/537.36 (KHTML, like Gecko) Chrome/92.0.4515.162 Safari/537.36"
73.107.144.246 - - [04/Sep/2021:02:25:19 +0000] "POST /roundcube/?_task=mail&_action=refresh HTTP/1.1" 200 782 "http://plemma.cc/roundcube/?_task=mail&_mbox=INBOX" "Mozilla/5.0 (X11; CrOS x86_64 13982.88.0) AppleWebKit/537.36 (KHTML, like Gecko) Chrome/92.0.4515.162 Safari/537.36"
73.107.144.246 - - [04/Sep/2021:02:26:19 +0000] "POST /roundcube/?_task=mail&_action=refresh HTTP/1.1" 200 782 "http://plemma.cc/roundcube/?_task=mail&_mbox=INBOX" "Mozilla/5.0 (X11; CrOS x86_64 13982.88.0) AppleWebKit/537.36 (KHTML, like Gecko) Chrome/92.0.4515.162 Safari/537.36"
73.107.144.246 - - [04/Sep/2021:02:27:20 +0000] "POST /roundcube/?_task=mail&_action=refresh HTTP/1.1" 200 783 "http://plemma.cc/roundcube/?_task=mail&_mbox=INBOX" "Mozilla/5.0 (X11; CrOS x86_64 13982.88.0) AppleWebKit/537.36 (KHTML, like Gecko) Chrome/92.0.4515.162 Safari/537.36"
73.107.144.246 - - [04/Sep/2021:02:28:19 +0000] "POST /roundcube/?_task=mail&_action=refresh HTTP/1.1" 200 782 "http://plemma.cc/roundcube/?_task=mail&_mbox=INBOX" "Mozilla/5.0 (X11; CrOS x86_64 13982.88.0) AppleWebKit/537.36 (KHTML, like Gecko) Chrome/92.0.4515.162 Safari/537.36"
73.107.144.246 - - [04/Sep/2021:02:29:19 +0000] "POST /roundcube/?_task=mail&_action=refresh HTTP/1.1" 200 782 "http://plemma.cc/roundcube/?_task=mail&_mbox=INBOX" "Mozilla/5.0 (X11; CrOS x86_64 13982.88.0) AppleWebKit/537.36 (KHTML, like Gecko) Chrome/92.0.4515.162 Safari/537.36"
73.107.144.246 - - [04/Sep/2021:02:30:19 +0000] "POST /roundcube/?_task=mail&_action=refresh HTTP/1.1" 200 871 "http://plemma.cc/roundcube/?_task=mail&_mbox=INBOX" "Mozilla/5.0 (X11; CrOS x86_64 13982.88.0) AppleWebKit/537.36 (KHTML, like Gecko) Chrome/92.0.4515.162 Safari/537.36"
73.107.144.246 - - [04/Sep/2021:02:31:19 +0000] "POST /roundcube/?_task=mail&_action=refresh HTTP/1.1" 200 782 "http://plemma.cc/roundcube/?_task=mail&_mbox=INBOX" "Mozilla/5.0 (X11; CrOS x86_64 13982.88.0) AppleWebKit/537.36 (KHTML, like Gecko) Chrome/92.0.4515.162 Safari/537.36"
73.107.144.246 - - [04/Sep/2021:02:32:19 +0000] "POST /roundcube/?_task=mail&_action=refresh HTTP/1.1" 200 783 "http://plemma.cc/roundcube/?_task=mail&_mbox=INBOX" "Mozilla/5.0 (X11; CrOS x86_64 13982.88.0) AppleWebKit/537.36 (KHTML, like Gecko) Chrome/92.0.4515.162 Safari/537.36"
73.107.144.246 - - [04/Sep/2021:02:33:19 +0000] "POST /roundcube/?_task=mail&_action=refresh HTTP/1.1" 200 3383 "http://plemma.cc/roundcube/?_task=mail&_mbox=INBOX" "Mozilla/5.0 (X11; CrOS x86_64 13982.88.0) AppleWebKit/537.36 (KHTML, like Gecko) Chrome/92.0.4515.162 Safari/537.36"
73.107.144.246 - - [04/Sep/2021:02:34:19 +0000] "POST /roundcube/?_task=mail&_action=refresh HTTP/1.1" 200 783 "http://plemma.cc/roundcube/?_task=mail&_mbox=INBOX" "Mozilla/5.0 (X11; CrOS x86_64 13982.88.0) AppleWebKit/537.36 (KHTML, like Gecko) Chrome/92.0.4515.162 Safari/537.36"
107.172.183.237 - - [04/Sep/2021:02:34:25 +0000] "GET / HTTP/1.1" 200 140057 "-" "Mozilla/5.0 (Windows NT 10.0; Win64; x64; rv:64.0) Gecko/20100101 Firefox/64.0"
73.107.144.246 - - [04/Sep/2021:02:35:20 +0000] "POST /roundcube/?_task=mail&_action=refresh HTTP/1.1" 200 871 "http://plemma.cc/roundcube/?_task=mail&_mbox=INBOX" "Mozilla/5.0 (X11; CrOS x86_64 13982.88.0) AppleWebKit/537.36 (KHTML, like Gecko) Chrome/92.0.4515.162 Safari/537.36"
40.94.26.132 - - [04/Sep/2021:02:35:41 +0000] "GET /rsync HTTP/1.1" 404 488 "-" "Mozilla/5.0 (Windows NT 10.0; Win64; x64) AppleWebKit/537.36 (KHTML, like Gecko) Chrome/79.0.3945.136 Safari/537.36"
40.94.26.167 - - [04/Sep/2021:02:35:43 +0000] "GET / HTTP/1.1" 200 43046 "https://t.co/t42i5t8hJC?amp=1" "Mozilla/5.0 (Windows NT 10.0; Win64; x64) AppleWebKit/537.36 (KHTML, like Gecko) Chrome/79.0.3945.136 Safari/537.36"
40.94.26.167 - - [04/Sep/2021:02:35:43 +0000] "GET /highlight.css HTTP/1.1" 404 487 "http://plemma.cc/" "Mozilla/5.0 (Windows NT 10.0; Win64; x64) AppleWebKit/537.36 (KHTML, like Gecko) Chrome/79.0.3945.136 Safari/537.36"
40.94.26.197 - - [04/Sep/2021:02:35:44 +0000] "GET /FontAwesome/css/font-awesome.css HTTP/1.1" 404 488 "http://plemma.cc/" "Mozilla/5.0 (Windows NT 10.0; Win64; x64) AppleWebKit/537.36 (KHTML, like Gecko) Chrome/79.0.3945.136 Safari/537.36"
40.94.26.215 - - [04/Sep/2021:02:35:44 +0000] "GET /css/general.css HTTP/1.1" 200 1860 "http://plemma.cc/" "Mozilla/5.0 (Windows NT 10.0; Win64; x64) AppleWebKit/537.36 (KHTML, like Gecko) Chrome/79.0.3945.136 Safari/537.36"
40.94.26.217 - - [04/Sep/2021:02:35:44 +0000] "GET /fonts/fonts.css HTTP/1.1" 404 488 "http://plemma.cc/" "Mozilla/5.0 (Windows NT 10.0; Win64; x64) AppleWebKit/537.36 (KHTML, like Gecko) Chrome/79.0.3945.136 Safari/537.36"
40.94.26.179 - - [04/Sep/2021:02:35:44 +0000] "GET /css/chrome.css HTTP/1.1" 200 2692 "http://plemma.cc/" "Mozilla/5.0 (Windows NT 10.0; Win64; x64) AppleWebKit/537.36 (KHTML, like Gecko) Chrome/79.0.3945.136 Safari/537.36"
40.94.26.142 - - [04/Sep/2021:02:35:44 +0000] "GET /css/variables.css HTTP/1.1" 200 1499 "http://plemma.cc/" "Mozilla/5.0 (Windows NT 10.0; Win64; x64) AppleWebKit/537.36 (KHTML, like Gecko) Chrome/79.0.3945.136 Safari/537.36"
40.94.26.167 - - [04/Sep/2021:02:35:44 +0000] "GET /tomorrow-night.css HTTP/1.1" 404 487 "http://plemma.cc/" "Mozilla/5.0 (Windows NT 10.0; Win64; x64) AppleWebKit/537.36 (KHTML, like Gecko) Chrome/79.0.3945.136 Safari/537.36"
40.94.26.197 - - [04/Sep/2021:02:35:44 +0000] "GET /ayu-highlight.css HTTP/1.1" 404 487 "http://plemma.cc/" "Mozilla/5.0 (Windows NT 10.0; Win64; x64) AppleWebKit/537.36 (KHTML, like Gecko) Chrome/79.0.3945.136 Safari/537.36"
40.94.26.167 - - [04/Sep/2021:02:35:44 +0000] "GET /xcaliber.dao.jpg HTTP/1.1" 200 14201 "http://plemma.cc/" "Mozilla/5.0 (Windows NT 10.0; Win64; x64) AppleWebKit/537.36 (KHTML, like Gecko) Chrome/79.0.3945.136 Safari/537.36"
40.94.26.167 - - [04/Sep/2021:02:35:44 +0000] "GET /usedjolie.png HTTP/1.1" 200 373194 "http://plemma.cc/" "Mozilla/5.0 (Windows NT 10.0; Win64; x64) AppleWebKit/537.36 (KHTML, like Gecko) Chrome/79.0.3945.136 Safari/537.36"
40.94.26.197 - - [04/Sep/2021:02:35:45 +0000] "GET /css/print.css HTTP/1.1" 200 734 "http://plemma.cc/" "Mozilla/5.0 (Windows NT 10.0; Win64; x64) AppleWebKit/537.36 (KHTML, like Gecko) Chrome/79.0.3945.136 Safari/537.36"
::1 - - [04/Sep/2021:02:35:46 +0000] "OPTIONS * HTTP/1.0" 200 126 "-" "Apache/2.4.38 (Debian) (internal dummy connection)"
::1 - - [04/Sep/2021:02:35:47 +0000] "OPTIONS * HTTP/1.0" 200 126 "-" "Apache/2.4.38 (Debian) (internal dummy connection)"
::1 - - [04/Sep/2021:02:35:48 +0000] "OPTIONS * HTTP/1.0" 200 126 "-" "Apache/2.4.38 (Debian) (internal dummy connection)"
40.94.26.160 - - [04/Sep/2021:02:35:49 +0000] "GET /favicon.ico HTTP/1.1" 404 488 "http://plemma.co/rsync" "Mozilla/5.0 (Windows NT 10.0; Win64; x64) AppleWebKit/537.36 (KHTML, like Gecko) Chrome/79.0.3945.136 Safari/537.36"
73.107.144.246 - - [04/Sep/2021:02:36:23 +0000] "POST /roundcube/?_task=mail&_action=refresh HTTP/1.1" 200 783 "http://plemma.cc/roundcube/?_task=mail&_mbox=INBOX" "Mozilla/5.0 (X11; CrOS x86_64 13982.88.0) AppleWebKit/537.36 (KHTML, like Gecko) Chrome/92.0.4515.162 Safari/537.36"
73.107.144.246 - - [04/Sep/2021:02:37:22 +0000] "POST /roundcube/?_task=mail&_action=refresh HTTP/1.1" 200 783 "http://plemma.cc/roundcube/?_task=mail&_mbox=INBOX" "Mozilla/5.0 (X11; CrOS x86_64 13982.88.0) AppleWebKit/537.36 (KHTML, like Gecko) Chrome/92.0.4515.162 Safari/537.36"
73.107.144.246 - - [04/Sep/2021:02:38:23 +0000] "POST /roundcube/?_task=mail&_action=refresh HTTP/1.1" 200 783 "http://plemma.cc/roundcube/?_task=mail&_mbox=INBOX" "Mozilla/5.0 (X11; CrOS x86_64 13982.88.0) AppleWebKit/537.36 (KHTML, like Gecko) Chrome/92.0.4515.162 Safari/537.36"
73.107.144.246 - - [04/Sep/2021:02:39:24 +0000] "POST /roundcube/?_task=mail&_action=refresh HTTP/1.1" 200 783 "http://plemma.cc/roundcube/?_task=mail&_mbox=INBOX" "Mozilla/5.0 (X11; CrOS x86_64 13982.88.0) AppleWebKit/537.36 (KHTML, like Gecko) Chrome/92.0.4515.162 Safari/537.36"
73.107.144.246 - - [04/Sep/2021:02:40:25 +0000] "POST /roundcube/?_task=mail&_action=refresh HTTP/1.1" 200 871 "http://plemma.cc/roundcube/?_task=mail&_mbox=INBOX" "Mozilla/5.0 (X11; CrOS x86_64 13982.88.0) AppleWebKit/537.36 (KHTML, like Gecko) Chrome/92.0.4515.162 Safari/537.36"
73.107.144.246 - - [04/Sep/2021:02:41:26 +0000] "POST /roundcube/?_task=mail&_action=refresh HTTP/1.1" 200 783 "http://plemma.cc/roundcube/?_task=mail&_mbox=INBOX" "Mozilla/5.0 (X11; CrOS x86_64 13982.88.0) AppleWebKit/537.36 (KHTML, like Gecko) Chrome/92.0.4515.162 Safari/537.36"
116.198.162.217 - - [04/Sep/2021:02:41:51 +0000] "GET /rsync HTTP/1.1" 404 488 "-" "Mozilla/5.0 (Windows NT 10.0; Win64; x64) AppleWebKit/537.36 (KHTML, like Gecko) Chrome/66.0.3359.181 Safari/537.36"
73.107.144.246 - - [04/Sep/2021:02:42:27 +0000] "POST /roundcube/?_task=mail&_action=refresh HTTP/1.1" 200 783 "http://plemma.cc/roundcube/?_task=mail&_mbox=INBOX" "Mozilla/5.0 (X11; CrOS x86_64 13982.88.0) AppleWebKit/537.36 (KHTML, like Gecko) Chrome/92.0.4515.162 Safari/537.36"
73.107.144.246 - - [04/Sep/2021:02:43:28 +0000] "POST /roundcube/?_task=mail&_action=refresh HTTP/1.1" 200 784 "http://plemma.cc/roundcube/?_task=mail&_mbox=INBOX" "Mozilla/5.0 (X11; CrOS x86_64 13982.88.0) AppleWebKit/537.36 (KHTML, like Gecko) Chrome/92.0.4515.162 Safari/537.36"
116.198.162.217 - - [04/Sep/2021:02:43:46 +0000] "GET /rsync HTTP/1.1" 404 488 "-" "Mozilla/5.0 (Windows NT 10.0; Win64; x64) AppleWebKit/537.36 (KHTML, like Gecko) Chrome/66.0.3359.181 Safari/537.36"
73.107.144.246 - - [04/Sep/2021:02:44:29 +0000] "POST /roundcube/?_task=mail&_action=refresh HTTP/1.1" 200 783 "http://plemma.cc/roundcube/?_task=mail&_mbox=INBOX" "Mozilla/5.0 (X11; CrOS x86_64 13982.88.0) AppleWebKit/537.36 (KHTML, like Gecko) Chrome/92.0.4515.162 Safari/537.36"
143.198.136.88 - - [04/Sep/2021:02:44:34 +0000] "\x16\x03\x01" 400 0 "-" "-"
143.198.136.88 - - [04/Sep/2021:02:44:34 +0000] "GET / HTTP/1.1" 400 0 "-" "-"
143.198.136.88 - - [04/Sep/2021:02:44:35 +0000] "GET / HTTP/1.1" 200 140020 "-" "l9tcpid/v1.1.0"
73.107.144.246 - - [04/Sep/2021:02:45:31 +0000] "POST /roundcube/?_task=mail&_action=refresh HTTP/1.1" 200 871 "http://plemma.cc/roundcube/?_task=mail&_mbox=INBOX" "Mozilla/5.0 (X11; CrOS x86_64 13982.88.0) AppleWebKit/537.36 (KHTML, like Gecko) Chrome/92.0.4515.162 Safari/537.36"
73.107.144.246 - - [04/Sep/2021:02:46:31 +0000] "POST /roundcube/?_task=mail&_action=refresh HTTP/1.1" 200 784 "http://plemma.cc/roundcube/?_task=mail&_mbox=INBOX" "Mozilla/5.0 (X11; CrOS x86_64 13982.88.0) AppleWebKit/537.36 (KHTML, like Gecko) Chrome/92.0.4515.162 Safari/537.36"
73.107.144.246 - - [04/Sep/2021:02:47:33 +0000] "POST /roundcube/?_task=mail&_action=refresh HTTP/1.1" 200 783 "http://plemma.cc/roundcube/?_task=mail&_mbox=INBOX" "Mozilla/5.0 (X11; CrOS x86_64 13982.88.0) AppleWebKit/537.36 (KHTML, like Gecko) Chrome/92.0.4515.162 Safari/537.36"
73.107.144.246 - - [04/Sep/2021:02:48:34 +0000] "POST /roundcube/?_task=mail&_action=refresh HTTP/1.1" 200 783 "http://plemma.cc/roundcube/?_task=mail&_mbox=INBOX" "Mozilla/5.0 (X11; CrOS x86_64 13982.88.0) AppleWebKit/537.36 (KHTML, like Gecko) Chrome/92.0.4515.162 Safari/537.36"
73.107.144.246 - - [04/Sep/2021:02:49:35 +0000] "POST /roundcube/?_task=mail&_action=refresh HTTP/1.1" 200 783 "http://plemma.cc/roundcube/?_task=mail&_mbox=INBOX" "Mozilla/5.0 (X11; CrOS x86_64 13982.88.0) AppleWebKit/537.36 (KHTML, like Gecko) Chrome/92.0.4515.162 Safari/537.36"
116.198.162.217 - - [04/Sep/2021:02:50:19 +0000] "GET /rsync HTTP/1.1" 404 488 "-" "Mozilla/5.0 (Windows NT 10.0; Win64; x64) AppleWebKit/537.36 (KHTML, like Gecko) Chrome/66.0.3359.181 Safari/537.36"
116.198.162.217 - - [04/Sep/2021:02:50:29 +0000] "GET /rsync HTTP/1.1" 404 488 "-" "Mozilla/5.0 (Windows NT 10.0; Win64; x64) AppleWebKit/537.36 (KHTML, like Gecko) Chrome/66.0.3359.181 Safari/537.36"
73.107.144.246 - - [04/Sep/2021:02:50:36 +0000] "POST /roundcube/?_task=mail&_action=refresh HTTP/1.1" 200 871 "http://plemma.cc/roundcube/?_task=mail&_mbox=INBOX" "Mozilla/5.0 (X11; CrOS x86_64 13982.88.0) AppleWebKit/537.36 (KHTML, like Gecko) Chrome/92.0.4515.162 Safari/537.36"
73.107.144.246 - - [04/Sep/2021:02:51:37 +0000] "POST /roundcube/?_task=mail&_action=refresh HTTP/1.1" 200 783 "http://plemma.cc/roundcube/?_task=mail&_mbox=INBOX" "Mozilla/5.0 (X11; CrOS x86_64 13982.88.0) AppleWebKit/537.36 (KHTML, like Gecko) Chrome/92.0.4515.162 Safari/537.36"
73.107.144.246 - - [04/Sep/2021:02:52:37 +0000] "POST /roundcube/?_task=mail&_action=refresh HTTP/1.1" 200 783 "http://plemma.cc/roundcube/?_task=mail&_mbox=INBOX" "Mozilla/5.0 (X11; CrOS x86_64 13982.88.0) AppleWebKit/537.36 (KHTML, like Gecko) Chrome/92.0.4515.162 Safari/537.36"
73.107.144.246 - - [04/Sep/2021:02:53:38 +0000] "POST /roundcube/?_task=mail&_action=refresh HTTP/1.1" 200 784 "http://plemma.cc/roundcube/?_task=mail&_mbox=INBOX" "Mozilla/5.0 (X11; CrOS x86_64 13982.88.0) AppleWebKit/537.36 (KHTML, like Gecko) Chrome/92.0.4515.162 Safari/537.36"
73.107.144.246 - - [04/Sep/2021:02:54:37 +0000] "POST /roundcube/?_task=mail&_action=refresh HTTP/1.1" 200 783 "http://plemma.cc/roundcube/?_task=mail&_mbox=INBOX" "Mozilla/5.0 (X11; CrOS x86_64 13982.88.0) AppleWebKit/537.36 (KHTML, like Gecko) Chrome/92.0.4515.162 Safari/537.36"
73.107.144.246 - - [04/Sep/2021:02:55:37 +0000] "POST /roundcube/?_task=mail&_action=refresh HTTP/1.1" 200 871 "http://plemma.cc/roundcube/?_task=mail&_mbox=INBOX" "Mozilla/5.0 (X11; CrOS x86_64 13982.88.0) AppleWebKit/537.36 (KHTML, like Gecko) Chrome/92.0.4515.162 Safari/537.36"
73.107.144.246 - - [04/Sep/2021:02:56:37 +0000] "POST /roundcube/?_task=mail&_action=refresh HTTP/1.1" 200 783 "http://plemma.cc/roundcube/?_task=mail&_mbox=INBOX" "Mozilla/5.0 (X11; CrOS x86_64 13982.88.0) AppleWebKit/537.36 (KHTML, like Gecko) Chrome/92.0.4515.162 Safari/537.36"
73.107.144.246 - - [04/Sep/2021:02:57:38 +0000] "POST /roundcube/?_task=mail&_action=refresh HTTP/1.1" 200 783 "http://plemma.cc/roundcube/?_task=mail&_mbox=INBOX" "Mozilla/5.0 (X11; CrOS x86_64 13982.88.0) AppleWebKit/537.36 (KHTML, like Gecko) Chrome/92.0.4515.162 Safari/537.36"
162.239.8.240 - - [04/Sep/2021:02:57:46 +0000] "GET /xcaliber.dao.jpg HTTP/1.1" 200 14202 "-" "Mozilla/5.0 (Macintosh; Intel Mac OS X 10_15_6) AppleWebKit/605.1.15 (KHTML, like Gecko)"
162.239.8.240 - - [04/Sep/2021:02:57:46 +0000] "GET /usedjolie.png HTTP/1.1" 200 275120 "-" "Mozilla/5.0 (Macintosh; Intel Mac OS X 10_15_6) AppleWebKit/605.1.15 (KHTML, like Gecko)"
73.107.144.246 - - [04/Sep/2021:02:58:38 +0000] "POST /roundcube/?_task=mail&_action=refresh HTTP/1.1" 200 783 "http://plemma.cc/roundcube/?_task=mail&_mbox=INBOX" "Mozilla/5.0 (X11; CrOS x86_64 13982.88.0) AppleWebKit/537.36 (KHTML, like Gecko) Chrome/92.0.4515.162 Safari/537.36"
73.107.144.246 - - [04/Sep/2021:02:59:37 +0000] "POST /roundcube/?_task=mail&_action=refresh HTTP/1.1" 200 784 "http://plemma.cc/roundcube/?_task=mail&_mbox=INBOX" "Mozilla/5.0 (X11; CrOS x86_64 13982.88.0) AppleWebKit/537.36 (KHTML, like Gecko) Chrome/92.0.4515.162 Safari/537.36"
73.107.144.246 - - [04/Sep/2021:03:00:37 +0000] "POST /roundcube/?_task=mail&_action=refresh HTTP/1.1" 200 871 "http://plemma.cc/roundcube/?_task=mail&_mbox=INBOX" "Mozilla/5.0 (X11; CrOS x86_64 13982.88.0) AppleWebKit/537.36 (KHTML, like Gecko) Chrome/92.0.4515.162 Safari/537.36"
73.107.144.246 - - [04/Sep/2021:03:01:38 +0000] "POST /roundcube/?_task=mail&_action=refresh HTTP/1.1" 200 783 "http://plemma.cc/roundcube/?_task=mail&_mbox=INBOX" "Mozilla/5.0 (X11; CrOS x86_64 13982.88.0) AppleWebKit/537.36 (KHTML, like Gecko) Chrome/92.0.4515.162 Safari/537.36"
150.249.214.251 - - [04/Sep/2021:03:02:31 +0000] "GET / HTTP/1.1" 200 43046 "-" "Mozilla/5.0 (Windows NT 6.3; WOW64; Trident/7.0; rv:11.0) like Gecko"
73.107.144.246 - - [04/Sep/2021:03:02:37 +0000] "POST /roundcube/?_task=mail&_action=refresh HTTP/1.1" 200 784 "http://plemma.cc/roundcube/?_task=mail&_mbox=INBOX" "Mozilla/5.0 (X11; CrOS x86_64 13982.88.0) AppleWebKit/537.36 (KHTML, like Gecko) Chrome/92.0.4515.162 Safari/537.36"
150.249.214.252 - - [04/Sep/2021:03:03:34 +0000] "GET / HTTP/1.1" 200 42990 "https://search.yahoo.co.jp/" "Mozilla/5.0 (Windows NT 6.3; WOW64; Trident/7.0; rv:11.0) like Gecko"
73.107.144.246 - - [04/Sep/2021:03:03:38 +0000] "POST /roundcube/?_task=mail&_action=refresh HTTP/1.1" 200 784 "http://plemma.cc/roundcube/?_task=mail&_mbox=INBOX" "Mozilla/5.0 (X11; CrOS x86_64 13982.88.0) AppleWebKit/537.36 (KHTML, like Gecko) Chrome/92.0.4515.162 Safari/537.36"
150.249.214.251 - - [04/Sep/2021:03:03:39 +0000] "GET / HTTP/1.1" 200 43046 "-" "Mozilla/5.0 (Windows NT 6.2; WOW64) AppleWebKit/538.1 (KHTML, like Gecko) PhantomJS/2.0.0 Safari/538.1"
39.111.208.132 - - [04/Sep/2021:03:03:39 +0000] "GET /css/variables.css HTTP/1.1" 200 1499 "http://plemma.co/" "Mozilla/5.0 (Windows NT 6.2; WOW64) AppleWebKit/538.1 (KHTML, like Gecko) PhantomJS/2.0.0 Safari/538.1"
150.249.214.250 - - [04/Sep/2021:03:03:39 +0000] "GET /css/general.css HTTP/1.1" 200 1860 "http://plemma.co/" "Mozilla/5.0 (Windows NT 6.2; WOW64) AppleWebKit/538.1 (KHTML, like Gecko) PhantomJS/2.0.0 Safari/538.1"
150.249.214.254 - - [04/Sep/2021:03:03:39 +0000] "GET /css/chrome.css HTTP/1.1" 200 2692 "http://plemma.co/" "Mozilla/5.0 (Windows NT 6.2; WOW64) AppleWebKit/538.1 (KHTML, like Gecko) PhantomJS/2.0.0 Safari/538.1"
150.249.214.249 - - [04/Sep/2021:03:03:39 +0000] "GET /FontAwesome/css/font-awesome.css HTTP/1.1" 404 488 "http://plemma.co/" "Mozilla/5.0 (Windows NT 6.2; WOW64) AppleWebKit/538.1 (KHTML, like Gecko) PhantomJS/2.0.0 Safari/538.1"
150.249.214.251 - - [04/Sep/2021:03:03:39 +0000] "GET /highlight.css HTTP/1.1" 404 487 "http://plemma.co/" "Mozilla/5.0 (Windows NT 6.2; WOW64) AppleWebKit/538.1 (KHTML, like Gecko) PhantomJS/2.0.0 Safari/538.1"
150.249.214.251 - - [04/Sep/2021:03:03:39 +0000] "GET /fonts/fonts.css HTTP/1.1" 404 488 "http://plemma.co/" "Mozilla/5.0 (Windows NT 6.2; WOW64) AppleWebKit/538.1 (KHTML, like Gecko) PhantomJS/2.0.0 Safari/538.1"
150.249.214.251 - - [04/Sep/2021:03:03:39 +0000] "GET /tomorrow-night.css HTTP/1.1" 404 487 "http://plemma.co/" "Mozilla/5.0 (Windows NT 6.2; WOW64) AppleWebKit/538.1 (KHTML, like Gecko) PhantomJS/2.0.0 Safari/538.1"
150.249.214.254 - - [04/Sep/2021:03:03:39 +0000] "GET /ayu-highlight.css HTTP/1.1" 404 487 "http://plemma.co/" "Mozilla/5.0 (Windows NT 6.2; WOW64) AppleWebKit/538.1 (KHTML, like Gecko) PhantomJS/2.0.0 Safari/538.1"
150.249.214.251 - - [04/Sep/2021:03:03:40 +0000] "GET /xcaliber.dao.jpg HTTP/1.1" 200 14201 "http://plemma.co/" "Mozilla/5.0 (Windows NT 6.2; WOW64) AppleWebKit/538.1 (KHTML, like Gecko) PhantomJS/2.0.0 Safari/538.1"
150.249.214.254 - - [04/Sep/2021:03:03:40 +0000] "GET /usedjolie.png HTTP/1.1" 200 373194 "http://plemma.co/" "Mozilla/5.0 (Windows NT 6.2; WOW64) AppleWebKit/538.1 (KHTML, like Gecko) PhantomJS/2.0.0 Safari/538.1"
150.249.214.251 - - [04/Sep/2021:03:03:40 +0000] "GET /css/print.css HTTP/1.1" 200 734 "http://plemma.co/" "Mozilla/5.0 (Windows NT 6.2; WOW64) AppleWebKit/538.1 (KHTML, like Gecko) PhantomJS/2.0.0 Safari/538.1"
::1 - - [04/Sep/2021:03:03:45 +0000] "OPTIONS * HTTP/1.0" 200 126 "-" "Apache/2.4.38 (Debian) (internal dummy connection)"
::1 - - [04/Sep/2021:03:03:46 +0000] "OPTIONS * HTTP/1.0" 200 126 "-" "Apache/2.4.38 (Debian) (internal dummy connection)"
::1 - - [04/Sep/2021:03:03:47 +0000] "OPTIONS * HTTP/1.0" 200 126 "-" "Apache/2.4.38 (Debian) (internal dummy connection)"
73.107.144.246 - - [04/Sep/2021:03:04:37 +0000] "POST /roundcube/?_task=mail&_action=refresh HTTP/1.1" 200 784 "http://plemma.cc/roundcube/?_task=mail&_mbox=INBOX" "Mozilla/5.0 (X11; CrOS x86_64 13982.88.0) AppleWebKit/537.36 (KHTML, like Gecko) Chrome/92.0.4515.162 Safari/537.36"
104.47.49.254 - - [04/Sep/2021:03:05:07 +0000] "HEAD /rsync HTTP/1.1" 404 159 "-" "-"
219.100.18.102 - - [04/Sep/2021:03:05:08 +0000] "GET /rsync HTTP/1.1" 404 488 "-" "Mozilla/5.0 (iPhone; CPU iPhone OS 14_7_1 like Mac OS X) AppleWebKit/605.1.15 (KHTML, like Gecko) Mobile/15E148"
40.94.33.69 - - [04/Sep/2021:03:05:18 +0000] "GET /rsync HTTP/1.1" 404 488 "-" "Mozilla/5.0 (Windows NT 10.0; Win64; x64) AppleWebKit/537.36 (KHTML, like Gecko) Chrome/79.0.3945.130 Safari/537.36"
40.94.33.67 - - [04/Sep/2021:03:05:22 +0000] "GET /favicon.ico HTTP/1.1" 404 488 "http://plemma.co/rsync" "Mozilla/5.0 (Windows NT 10.0; Win64; x64) AppleWebKit/537.36 (KHTML, like Gecko) Chrome/79.0.3945.130 Safari/537.36"
73.107.144.246 - - [04/Sep/2021:03:05:37 +0000] "POST /roundcube/?_task=mail&_action=refresh HTTP/1.1" 200 871 "http://plemma.cc/roundcube/?_task=mail&_mbox=INBOX" "Mozilla/5.0 (X11; CrOS x86_64 13982.88.0) AppleWebKit/537.36 (KHTML, like Gecko) Chrome/92.0.4515.162 Safari/537.36"
73.107.144.246 - - [04/Sep/2021:03:06:37 +0000] "POST /roundcube/?_task=mail&_action=refresh HTTP/1.1" 200 783 "http://plemma.cc/roundcube/?_task=mail&_mbox=INBOX" "Mozilla/5.0 (X11; CrOS x86_64 13982.88.0) AppleWebKit/537.36 (KHTML, like Gecko) Chrome/92.0.4515.162 Safari/537.36"
73.107.144.246 - - [04/Sep/2021:03:07:37 +0000] "POST /roundcube/?_task=mail&_action=refresh HTTP/1.1" 200 783 "http://plemma.cc/roundcube/?_task=mail&_mbox=INBOX" "Mozilla/5.0 (X11; CrOS x86_64 13982.88.0) AppleWebKit/537.36 (KHTML, like Gecko) Chrome/92.0.4515.162 Safari/537.36"
73.107.144.246 - - [04/Sep/2021:03:08:37 +0000] "POST /roundcube/?_task=mail&_action=refresh HTTP/1.1" 200 784 "http://plemma.cc/roundcube/?_task=mail&_mbox=INBOX" "Mozilla/5.0 (X11; CrOS x86_64 13982.88.0) AppleWebKit/537.36 (KHTML, like Gecko) Chrome/92.0.4515.162 Safari/537.36"
73.107.144.246 - - [04/Sep/2021:03:09:37 +0000] "POST /roundcube/?_task=mail&_action=refresh HTTP/1.1" 200 783 "http://plemma.cc/roundcube/?_task=mail&_mbox=INBOX" "Mozilla/5.0 (X11; CrOS x86_64 13982.88.0) AppleWebKit/537.36 (KHTML, like Gecko) Chrome/92.0.4515.162 Safari/537.36"
73.107.144.246 - - [04/Sep/2021:03:10:37 +0000] "POST /roundcube/?_task=mail&_action=refresh HTTP/1.1" 200 873 "http://plemma.cc/roundcube/?_task=mail&_mbox=INBOX" "Mozilla/5.0 (X11; CrOS x86_64 13982.88.0) AppleWebKit/537.36 (KHTML, like Gecko) Chrome/92.0.4515.162 Safari/537.36"
73.107.144.246 - - [04/Sep/2021:03:11:37 +0000] "POST /roundcube/?_task=mail&_action=refresh HTTP/1.1" 200 783 "http://plemma.cc/roundcube/?_task=mail&_mbox=INBOX" "Mozilla/5.0 (X11; CrOS x86_64 13982.88.0) AppleWebKit/537.36 (KHTML, like Gecko) Chrome/92.0.4515.162 Safari/537.36"
73.107.144.246 - - [04/Sep/2021:03:12:38 +0000] "POST /roundcube/?_task=mail&_action=refresh HTTP/1.1" 200 783 "http://plemma.cc/roundcube/?_task=mail&_mbox=INBOX" "Mozilla/5.0 (X11; CrOS x86_64 13982.88.0) AppleWebKit/537.36 (KHTML, like Gecko) Chrome/92.0.4515.162 Safari/537.36"
73.107.144.246 - - [04/Sep/2021:03:13:38 +0000] "POST /roundcube/?_task=mail&_action=refresh HTTP/1.1" 200 783 "http://plemma.cc/roundcube/?_task=mail&_mbox=INBOX" "Mozilla/5.0 (X11; CrOS x86_64 13982.88.0) AppleWebKit/537.36 (KHTML, like Gecko) Chrome/92.0.4515.162 Safari/537.36"
73.107.144.246 - - [04/Sep/2021:03:14:37 +0000] "POST /roundcube/?_task=mail&_action=refresh HTTP/1.1" 200 784 "http://plemma.cc/roundcube/?_task=mail&_mbox=INBOX" "Mozilla/5.0 (X11; CrOS x86_64 13982.88.0) AppleWebKit/537.36 (KHTML, like Gecko) Chrome/92.0.4515.162 Safari/537.36"
73.107.144.246 - - [04/Sep/2021:03:15:38 +0000] "POST /roundcube/?_task=mail&_action=refresh HTTP/1.1" 200 871 "http://plemma.cc/roundcube/?_task=mail&_mbox=INBOX" "Mozilla/5.0 (X11; CrOS x86_64 13982.88.0) AppleWebKit/537.36 (KHTML, like Gecko) Chrome/92.0.4515.162 Safari/537.36"
73.107.144.246 - - [04/Sep/2021:03:16:37 +0000] "POST /roundcube/?_task=mail&_action=refresh HTTP/1.1" 200 784 "http://plemma.cc/roundcube/?_task=mail&_mbox=INBOX" "Mozilla/5.0 (X11; CrOS x86_64 13982.88.0) AppleWebKit/537.36 (KHTML, like Gecko) Chrome/92.0.4515.162 Safari/537.36"
73.107.144.246 - - [04/Sep/2021:03:17:37 +0000] "POST /roundcube/?_task=mail&_action=refresh HTTP/1.1" 200 784 "http://plemma.cc/roundcube/?_task=mail&_mbox=INBOX" "Mozilla/5.0 (X11; CrOS x86_64 13982.88.0) AppleWebKit/537.36 (KHTML, like Gecko) Chrome/92.0.4515.162 Safari/537.36"
73.107.144.246 - - [04/Sep/2021:03:18:38 +0000] "POST /roundcube/?_task=mail&_action=refresh HTTP/1.1" 200 784 "http://plemma.cc/roundcube/?_task=mail&_mbox=INBOX" "Mozilla/5.0 (X11; CrOS x86_64 13982.88.0) AppleWebKit/537.36 (KHTML, like Gecko) Chrome/92.0.4515.162 Safari/537.36"
73.107.144.246 - - [04/Sep/2021:03:19:37 +0000] "POST /roundcube/?_task=mail&_action=refresh HTTP/1.1" 200 783 "http://plemma.cc/roundcube/?_task=mail&_mbox=INBOX" "Mozilla/5.0 (X11; CrOS x86_64 13982.88.0) AppleWebKit/537.36 (KHTML, like Gecko) Chrome/92.0.4515.162 Safari/537.36"
73.107.144.246 - - [04/Sep/2021:03:20:37 +0000] "POST /roundcube/?_task=mail&_action=refresh HTTP/1.1" 200 871 "http://plemma.cc/roundcube/?_task=mail&_mbox=INBOX" "Mozilla/5.0 (X11; CrOS x86_64 13982.88.0) AppleWebKit/537.36 (KHTML, like Gecko) Chrome/92.0.4515.162 Safari/537.36"
73.107.144.246 - - [04/Sep/2021:03:21:37 +0000] "POST /roundcube/?_task=mail&_action=refresh HTTP/1.1" 200 784 "http://plemma.cc/roundcube/?_task=mail&_mbox=INBOX" "Mozilla/5.0 (X11; CrOS x86_64 13982.88.0) AppleWebKit/537.36 (KHTML, like Gecko) Chrome/92.0.4515.162 Safari/537.36"
73.107.144.246 - - [04/Sep/2021:03:22:37 +0000] "POST /roundcube/?_task=mail&_action=refresh HTTP/1.1" 200 783 "http://plemma.cc/roundcube/?_task=mail&_mbox=INBOX" "Mozilla/5.0 (X11; CrOS x86_64 13982.88.0) AppleWebKit/537.36 (KHTML, like Gecko) Chrome/92.0.4515.162 Safari/537.36"
40.94.36.47 - - [04/Sep/2021:03:23:30 +0000] "GET /rsync HTTP/1.1" 404 488 "-" "Mozilla/5.0 (Windows NT 10.0; Win64; x64) AppleWebKit/537.36 (KHTML, like Gecko) Chrome/64.0.3282.140 Safari/537.36"
40.94.36.40 - - [04/Sep/2021:03:23:33 +0000] "GET / HTTP/1.1" 200 43046 "https://t.co/t42i5t8hJC?amp=1" "Mozilla/5.0 (Windows NT 10.0; Win64; x64) AppleWebKit/537.36 (KHTML, like Gecko) Chrome/64.0.3282.140 Safari/537.36"
40.94.36.40 - - [04/Sep/2021:03:23:37 +0000] "GET /css/variables.css HTTP/1.1" 200 1498 "http://plemma.cc/" "Mozilla/5.0 (Windows NT 10.0; Win64; x64) AppleWebKit/537.36 (KHTML, like Gecko) Chrome/64.0.3282.140 Safari/537.36"
40.94.36.40 - - [04/Sep/2021:03:23:37 +0000] "GET /tomorrow-night.css HTTP/1.1" 404 487 "http://plemma.cc/" "Mozilla/5.0 (Windows NT 10.0; Win64; x64) AppleWebKit/537.36 (KHTML, like Gecko) Chrome/64.0.3282.140 Safari/537.36"
40.94.36.67 - - [04/Sep/2021:03:23:37 +0000] "GET /css/general.css HTTP/1.1" 200 1860 "http://plemma.cc/" "Mozilla/5.0 (Windows NT 10.0; Win64; x64) AppleWebKit/537.36 (KHTML, like Gecko) Chrome/64.0.3282.140 Safari/537.36"
40.94.36.76 - - [04/Sep/2021:03:23:37 +0000] "GET /css/chrome.css HTTP/1.1" 200 2692 "http://plemma.cc/" "Mozilla/5.0 (Windows NT 10.0; Win64; x64) AppleWebKit/537.36 (KHTML, like Gecko) Chrome/64.0.3282.140 Safari/537.36"
40.94.36.38 - - [04/Sep/2021:03:23:37 +0000] "GET /FontAwesome/css/font-awesome.css HTTP/1.1" 404 488 "http://plemma.cc/" "Mozilla/5.0 (Windows NT 10.0; Win64; x64) AppleWebKit/537.36 (KHTML, like Gecko) Chrome/64.0.3282.140 Safari/537.36"
40.94.36.48 - - [04/Sep/2021:03:23:37 +0000] "GET /fonts/fonts.css HTTP/1.1" 404 488 "http://plemma.cc/" "Mozilla/5.0 (Windows NT 10.0; Win64; x64) AppleWebKit/537.36 (KHTML, like Gecko) Chrome/64.0.3282.140 Safari/537.36"
40.94.36.46 - - [04/Sep/2021:03:23:37 +0000] "GET /highlight.css HTTP/1.1" 404 488 "http://plemma.cc/" "Mozilla/5.0 (Windows NT 10.0; Win64; x64) AppleWebKit/537.36 (KHTML, like Gecko) Chrome/64.0.3282.140 Safari/537.36"
73.107.144.246 - - [04/Sep/2021:03:23:37 +0000] "POST /roundcube/?_task=mail&_action=refresh HTTP/1.1" 200 783 "http://plemma.cc/roundcube/?_task=mail&_mbox=INBOX" "Mozilla/5.0 (X11; CrOS x86_64 13982.88.0) AppleWebKit/537.36 (KHTML, like Gecko) Chrome/92.0.4515.162 Safari/537.36"
40.94.36.40 - - [04/Sep/2021:03:23:38 +0000] "GET /ayu-highlight.css HTTP/1.1" 404 487 "http://plemma.cc/" "Mozilla/5.0 (Windows NT 10.0; Win64; x64) AppleWebKit/537.36 (KHTML, like Gecko) Chrome/64.0.3282.140 Safari/537.36"
::1 - - [04/Sep/2021:03:23:40 +0000] "OPTIONS * HTTP/1.0" 200 126 "-" "Apache/2.4.38 (Debian) (internal dummy connection)"
40.94.36.12 - - [04/Sep/2021:03:23:40 +0000] "GET /xcaliber.dao.jpg HTTP/1.1" 200 14202 "http://plemma.cc/" "Mozilla/5.0 (Windows NT 10.0; Win64; x64) AppleWebKit/537.36 (KHTML, like Gecko) Chrome/64.0.3282.140 Safari/537.36"
40.94.36.12 - - [04/Sep/2021:03:23:40 +0000] "GET /usedjolie.png HTTP/1.1" 200 373194 "http://plemma.cc/" "Mozilla/5.0 (Windows NT 10.0; Win64; x64) AppleWebKit/537.36 (KHTML, like Gecko) Chrome/64.0.3282.140 Safari/537.36"
::1 - - [04/Sep/2021:03:23:42 +0000] "OPTIONS * HTTP/1.0" 200 126 "-" "Apache/2.4.38 (Debian) (internal dummy connection)"
40.94.36.12 - - [04/Sep/2021:03:23:42 +0000] "GET /css/print.css HTTP/1.1" 200 734 "http://plemma.cc/" "Mozilla/5.0 (Windows NT 10.0; Win64; x64) AppleWebKit/537.36 (KHTML, like Gecko) Chrome/64.0.3282.140 Safari/537.36"
::1 - - [04/Sep/2021:03:23:47 +0000] "OPTIONS * HTTP/1.0" 200 126 "-" "Apache/2.4.38 (Debian) (internal dummy connection)"
40.94.36.2 - - [04/Sep/2021:03:23:49 +0000] "GET /favicon.ico HTTP/1.1" 404 488 "http://plemma.co/rsync" "Mozilla/5.0 (Windows NT 10.0; Win64; x64) AppleWebKit/537.36 (KHTML, like Gecko) Chrome/64.0.3282.140 Safari/537.36"
40.94.36.97 - - [04/Sep/2021:03:24:05 +0000] "GET /favicon.png HTTP/1.1" 404 488 "http://plemma.cc/" "Mozilla/5.0 (Windows NT 10.0; Win64; x64) AppleWebKit/537.36 (KHTML, like Gecko) Chrome/64.0.3282.140 Safari/537.36"
40.94.36.97 - - [04/Sep/2021:03:24:05 +0000] "GET /favicon.svg HTTP/1.1" 404 487 "http://plemma.cc/" "Mozilla/5.0 (Windows NT 10.0; Win64; x64) AppleWebKit/537.36 (KHTML, like Gecko) Chrome/64.0.3282.140 Safari/537.36"
73.107.144.246 - - [04/Sep/2021:03:24:37 +0000] "POST /roundcube/?_task=mail&_action=refresh HTTP/1.1" 200 784 "http://plemma.cc/roundcube/?_task=mail&_mbox=INBOX" "Mozilla/5.0 (X11; CrOS x86_64 13982.88.0) AppleWebKit/537.36 (KHTML, like Gecko) Chrome/92.0.4515.162 Safari/537.36"
73.107.144.246 - - [04/Sep/2021:03:25:37 +0000] "POST /roundcube/?_task=mail&_action=refresh HTTP/1.1" 200 872 "http://plemma.cc/roundcube/?_task=mail&_mbox=INBOX" "Mozilla/5.0 (X11; CrOS x86_64 13982.88.0) AppleWebKit/537.36 (KHTML, like Gecko) Chrome/92.0.4515.162 Safari/537.36"
73.107.144.246 - - [04/Sep/2021:03:26:38 +0000] "POST /roundcube/?_task=mail&_action=refresh HTTP/1.1" 200 784 "http://plemma.cc/roundcube/?_task=mail&_mbox=INBOX" "Mozilla/5.0 (X11; CrOS x86_64 13982.88.0) AppleWebKit/537.36 (KHTML, like Gecko) Chrome/92.0.4515.162 Safari/537.36"
54.212.216.60 - - [04/Sep/2021:03:26:42 +0000] "GET / HTTP/1.1" 200 140020 "-" "Mozilla/5.0 (Windows NT 6.1; Win64; x64) AppleWebKit/537.36 (KHTML, like Gecko) Chrome/72.0.3626.109 Safari/537.36"
73.107.144.246 - - [04/Sep/2021:03:27:37 +0000] "POST /roundcube/?_task=mail&_action=refresh HTTP/1.1" 200 783 "http://plemma.cc/roundcube/?_task=mail&_mbox=INBOX" "Mozilla/5.0 (X11; CrOS x86_64 13982.88.0) AppleWebKit/537.36 (KHTML, like Gecko) Chrome/92.0.4515.162 Safari/537.36"
73.107.144.246 - - [04/Sep/2021:03:28:37 +0000] "POST /roundcube/?_task=mail&_action=refresh HTTP/1.1" 200 783 "http://plemma.cc/roundcube/?_task=mail&_mbox=INBOX" "Mozilla/5.0 (X11; CrOS x86_64 13982.88.0) AppleWebKit/537.36 (KHTML, like Gecko) Chrome/92.0.4515.162 Safari/537.36"
73.107.144.246 - - [04/Sep/2021:03:29:37 +0000] "POST /roundcube/?_task=mail&_action=refresh HTTP/1.1" 200 783 "http://plemma.cc/roundcube/?_task=mail&_mbox=INBOX" "Mozilla/5.0 (X11; CrOS x86_64 13982.88.0) AppleWebKit/537.36 (KHTML, like Gecko) Chrome/92.0.4515.162 Safari/537.36"
73.107.144.246 - - [04/Sep/2021:03:30:37 +0000] "POST /roundcube/?_task=mail&_action=refresh HTTP/1.1" 200 873 "http://plemma.cc/roundcube/?_task=mail&_mbox=INBOX" "Mozilla/5.0 (X11; CrOS x86_64 13982.88.0) AppleWebKit/537.36 (KHTML, like Gecko) Chrome/92.0.4515.162 Safari/537.36"
73.107.144.246 - - [04/Sep/2021:03:31:37 +0000] "POST /roundcube/?_task=mail&_action=refresh HTTP/1.1" 200 783 "http://plemma.cc/roundcube/?_task=mail&_mbox=INBOX" "Mozilla/5.0 (X11; CrOS x86_64 13982.88.0) AppleWebKit/537.36 (KHTML, like Gecko) Chrome/92.0.4515.162 Safari/537.36"
73.107.144.246 - - [04/Sep/2021:03:32:37 +0000] "POST /roundcube/?_task=mail&_action=refresh HTTP/1.1" 200 785 "http://plemma.cc/roundcube/?_task=mail&_mbox=INBOX" "Mozilla/5.0 (X11; CrOS x86_64 13982.88.0) AppleWebKit/537.36 (KHTML, like Gecko) Chrome/92.0.4515.162 Safari/537.36"
73.107.144.246 - - [04/Sep/2021:03:33:37 +0000] "POST /roundcube/?_task=mail&_action=refresh HTTP/1.1" 200 784 "http://plemma.cc/roundcube/?_task=mail&_mbox=INBOX" "Mozilla/5.0 (X11; CrOS x86_64 13982.88.0) AppleWebKit/537.36 (KHTML, like Gecko) Chrome/92.0.4515.162 Safari/537.36"
73.107.144.246 - - [04/Sep/2021:03:34:37 +0000] "POST /roundcube/?_task=mail&_action=refresh HTTP/1.1" 200 783 "http://plemma.cc/roundcube/?_task=mail&_mbox=INBOX" "Mozilla/5.0 (X11; CrOS x86_64 13982.88.0) AppleWebKit/537.36 (KHTML, like Gecko) Chrome/92.0.4515.162 Safari/537.36"
73.107.144.246 - - [04/Sep/2021:03:35:37 +0000] "POST /roundcube/?_task=mail&_action=refresh HTTP/1.1" 200 871 "http://plemma.cc/roundcube/?_task=mail&_mbox=INBOX" "Mozilla/5.0 (X11; CrOS x86_64 13982.88.0) AppleWebKit/537.36 (KHTML, like Gecko) Chrome/92.0.4515.162 Safari/537.36"
73.107.144.246 - - [04/Sep/2021:03:36:37 +0000] "POST /roundcube/?_task=mail&_action=refresh HTTP/1.1" 200 784 "http://plemma.cc/roundcube/?_task=mail&_mbox=INBOX" "Mozilla/5.0 (X11; CrOS x86_64 13982.88.0) AppleWebKit/537.36 (KHTML, like Gecko) Chrome/92.0.4515.162 Safari/537.36"
73.107.144.246 - - [04/Sep/2021:03:37:38 +0000] "POST /roundcube/?_task=mail&_action=refresh HTTP/1.1" 200 783 "http://plemma.cc/roundcube/?_task=mail&_mbox=INBOX" "Mozilla/5.0 (X11; CrOS x86_64 13982.88.0) AppleWebKit/537.36 (KHTML, like Gecko) Chrome/92.0.4515.162 Safari/537.36"
73.107.144.246 - - [04/Sep/2021:03:38:37 +0000] "POST /roundcube/?_task=mail&_action=refresh HTTP/1.1" 200 784 "http://plemma.cc/roundcube/?_task=mail&_mbox=INBOX" "Mozilla/5.0 (X11; CrOS x86_64 13982.88.0) AppleWebKit/537.36 (KHTML, like Gecko) Chrome/92.0.4515.162 Safari/537.36"
