73.107.144.246 - - [04/Sep/2021:00:00:43 +0000] "POST /roundcube/?_task=mail&_action=refresh HTTP/1.1" 200 864 "http://plemma.cc/roundcube/?_task=mail&_mbox=INBOX" "Mozilla/5.0 (X11; CrOS x86_64 13982.88.0) AppleWebKit/537.36 (KHTML, like Gecko) Chrome/92.0.4515.162 Safari/537.36"
113.198.254.21 - - [04/Sep/2021:00:00:53 +0000] "GET /rsync HTTP/1.1" 404 488 "http://mail.DEU.AC.KR/read" "Mozilla/5.0 (compatible; MSIE 10.0; Windows NT 6.1; WOW64; Trident/6.0)"
113.198.254.21 - - [04/Sep/2021:00:00:53 +0000] "GET /rsync HTTP/1.1" 404 488 "http://mail.DEU.AC.KR/read" "Mozilla/5.0 (compatible; MSIE 10.0; Windows NT 6.1; WOW64; Trident/6.0)"
73.107.144.246 - - [04/Sep/2021:00:01:43 +0000] "POST /roundcube/?_task=mail&_action=refresh HTTP/1.1" 200 776 "http://plemma.cc/roundcube/?_task=mail&_mbox=INBOX" "Mozilla/5.0 (X11; CrOS x86_64 13982.88.0) AppleWebKit/537.36 (KHTML, like Gecko) Chrome/92.0.4515.162 Safari/537.36"
73.107.144.246 - - [04/Sep/2021:00:02:43 +0000] "POST /roundcube/?_task=mail&_action=refresh HTTP/1.1" 200 776 "http://plemma.cc/roundcube/?_task=mail&_mbox=INBOX" "Mozilla/5.0 (X11; CrOS x86_64 13982.88.0) AppleWebKit/537.36 (KHTML, like Gecko) Chrome/92.0.4515.162 Safari/537.36"
73.107.144.246 - - [04/Sep/2021:00:03:43 +0000] "POST /roundcube/?_task=mail&_action=refresh HTTP/1.1" 200 778 "http://plemma.cc/roundcube/?_task=mail&_mbox=INBOX" "Mozilla/5.0 (X11; CrOS x86_64 13982.88.0) AppleWebKit/537.36 (KHTML, like Gecko) Chrome/92.0.4515.162 Safari/537.36"
34.222.214.79 - - [04/Sep/2021:00:03:49 +0000] "GET /rsync HTTP/1.1" 404 432 "-" "Mozilla/5.0 (Windows NT 6.1; Win64; x64) AppleWebKit/537.36 (KHTML, like Gecko) Chrome/72.0.3626.109 Safari/537.36"
34.220.175.176 - - [04/Sep/2021:00:04:21 +0000] "GET /rsync HTTP/1.1" 404 432 "-" "Mozilla/5.0 (Windows NT 6.1; Win64; x64) AppleWebKit/537.36 (KHTML, like Gecko) Chrome/72.0.3626.109 Safari/537.36"
18.179.9.202 - - [04/Sep/2021:00:04:41 +0000] "GET /rsync HTTP/1.1" 404 488 "http://plemma.co/rsync" "Mozilla/5.0 (Windows NT 6.1; WOW64) AppleWebKit/537.21 (KHTML, like Gecko) Chrome/41.0.2228.0 Safari/537.21"
146.199.19.175 - - [04/Sep/2021:00:04:41 +0000] "GET /rsync HTTP/1.1" 404 488 "http://plemma.co/rsync" "Mozilla/5.0 (Linux; Android 4.2.1; en-us; Nexus 5 Build/JOP40D) AppleWebKit/535.19 (KHTML, like Gecko; googleweblight) Chrome/38.0.1025.166 Mobile Safari/535.19"
109.201.130.6 - - [04/Sep/2021:00:04:42 +0000] "GET /rsync HTTP/1.1" 404 451 "http://plemma.co/rsync" "Mozilla/5.0 (Windows NT 10.0; Win64; x64; rv:90.0) Gecko/20100101 Firefox/90.0"
185.220.102.247 - - [04/Sep/2021:00:04:42 +0000] "GET /rsync HTTP/1.1" 404 451 "http://plemma.co/rsync" "Mozilla/5.0 (iPhone; CPU iPhone OS 14_6 like Mac OS X) AppleWebKit/605.1.15 (KHTML, like Gecko) Version/14.1.1 Mobile/15E148 Safari/604.1"
193.36.118.229 - - [04/Sep/2021:00:04:42 +0000] "GET /rsync HTTP/1.1" 404 451 "http://plemma.co/rsync" "Mozilla/5.0 (iPhone; CPU iPhone OS 14_7_1 like Mac OS X) AppleWebKit/605.1.15 (KHTML, like Gecko) Mobile/15E148"
109.201.130.6 - - [04/Sep/2021:00:04:43 +0000] "GET /rsync HTTP/1.1" 404 451 "http://plemma.co/rsync" "Mozilla/5.0 (iPhone; CPU iPhone OS 15_0 like Mac OS X) AppleWebKit/605.1.15 (KHTML, like Gecko) Version/15.0 Mobile/15E148 Safari/604.1"
185.220.100.254 - - [04/Sep/2021:00:04:43 +0000] "OPTIONS /rsync HTTP/1.1" 200 156 "http://plemma.co/rsync" "Mozilla/5.0 (Windows NT 10.0; Win64; x64) AppleWebKit/537.36 (KHTML, like Gecko) Chrome/92.0.4515.131 Safari/537.36"
185.220.100.254 - - [04/Sep/2021:00:04:43 +0000] "GET /UjJyLNDgboLsGI HTTP/1.1" 404 451 "http://plemma.co/UjJyLNDgboLsGI" "Mozilla/5.0 (Windows NT 10.0; Win64; x64) AppleWebKit/537.36 (KHTML, like Gecko) Chrome/76.0.3809.71 Safari/537.36"
73.107.144.246 - - [04/Sep/2021:00:04:43 +0000] "POST /roundcube/?_task=mail&_action=refresh HTTP/1.1" 200 776 "http://plemma.cc/roundcube/?_task=mail&_mbox=INBOX" "Mozilla/5.0 (X11; CrOS x86_64 13982.88.0) AppleWebKit/537.36 (KHTML, like Gecko) Chrome/92.0.4515.162 Safari/537.36"
34.213.5.161 - - [04/Sep/2021:00:04:45 +0000] "GET / HTTP/1.1" 200 54788 "-" "Mozilla/5.0 (Windows NT 6.1; Win64; x64) AppleWebKit/537.36 (KHTML, like Gecko) Chrome/72.0.3626.109 Safari/537.36"
18.236.242.85 - - [04/Sep/2021:00:04:47 +0000] "GET / HTTP/1.1" 200 54788 "-" "Mozilla/5.0 (Windows NT 6.1; Win64; x64) AppleWebKit/537.36 (KHTML, like Gecko) Chrome/72.0.3626.109 Safari/537.36"
54.187.118.102 - - [04/Sep/2021:00:04:57 +0000] "GET /rsync HTTP/1.1" 404 432 "-" "Mozilla/5.0 (Windows NT 6.1; Win64; x64) AppleWebKit/537.36 (KHTML, like Gecko) Chrome/72.0.3626.109 Safari/537.36"
34.208.169.27 - - [04/Sep/2021:00:04:57 +0000] "GET / HTTP/1.1" 200 54788 "-" "Mozilla/5.0 (Windows NT 6.1; Win64; x64) AppleWebKit/537.36 (KHTML, like Gecko) Chrome/72.0.3626.109 Safari/537.36"
73.107.144.246 - - [04/Sep/2021:00:05:43 +0000] "POST /roundcube/?_task=mail&_action=refresh HTTP/1.1" 200 864 "http://plemma.cc/roundcube/?_task=mail&_mbox=INBOX" "Mozilla/5.0 (X11; CrOS x86_64 13982.88.0) AppleWebKit/537.36 (KHTML, like Gecko) Chrome/92.0.4515.162 Safari/537.36"
73.107.144.246 - - [04/Sep/2021:00:06:43 +0000] "POST /roundcube/?_task=mail&_action=refresh HTTP/1.1" 200 776 "http://plemma.cc/roundcube/?_task=mail&_mbox=INBOX" "Mozilla/5.0 (X11; CrOS x86_64 13982.88.0) AppleWebKit/537.36 (KHTML, like Gecko) Chrome/92.0.4515.162 Safari/537.36"
73.107.144.246 - - [04/Sep/2021:00:06:58 +0000] "GET /roundcube/?_task=mail&_mbox=INBOX HTTP/1.1" 200 8964 "http://plemma.cc/roundcube/?_task=mail&_mbox=INBOX" "Mozilla/5.0 (X11; CrOS x86_64 13982.88.0) AppleWebKit/537.36 (KHTML, like Gecko) Chrome/92.0.4515.162 Safari/537.36"
73.107.144.246 - - [04/Sep/2021:00:07:00 +0000] "GET /roundcube/?_task=mail&_action=list&_refresh=1&_mbox=INBOX&_remote=1&_unlock=loading1630714020048&_=1630714019701 HTTP/1.1" 200 4012 "http://plemma.cc/roundcube/?_task=mail&_mbox=INBOX" "Mozilla/5.0 (X11; CrOS x86_64 13982.88.0) AppleWebKit/537.36 (KHTML, like Gecko) Chrome/92.0.4515.162 Safari/537.36"
73.107.144.246 - - [04/Sep/2021:00:07:00 +0000] "GET /roundcube/?_task=mail&_action=getunread&_page=1&_remote=1&_unlock=0&_=1630714019702 HTTP/1.1" 200 592 "http://plemma.cc/roundcube/?_task=mail&_mbox=INBOX" "Mozilla/5.0 (X11; CrOS x86_64 13982.88.0) AppleWebKit/537.36 (KHTML, like Gecko) Chrome/92.0.4515.162 Safari/537.36"
73.107.144.246 - - [04/Sep/2021:00:07:00 +0000] "GET /roundcube/skins/larry/images/favicon.ico HTTP/1.1" 200 13338 "http://plemma.cc/roundcube/?_task=mail&_mbox=INBOX" "Mozilla/5.0 (X11; CrOS x86_64 13982.88.0) AppleWebKit/537.36 (KHTML, like Gecko) Chrome/92.0.4515.162 Safari/537.36"
73.107.144.246 - - [04/Sep/2021:00:07:02 +0000] "GET /roundcube/?_task=mail&_action=list&_refresh=1&_mbox=Sent&_page=1&_remote=1&_unlock=loading1630714022405&_=1630714019703 HTTP/1.1" 200 949 "http://plemma.cc/roundcube/?_task=mail&_mbox=INBOX" "Mozilla/5.0 (X11; CrOS x86_64 13982.88.0) AppleWebKit/537.36 (KHTML, like Gecko) Chrome/92.0.4515.162 Safari/537.36"
73.107.144.246 - - [04/Sep/2021:00:07:05 +0000] "GET /roundcube/?_task=mail&_action=list&_refresh=1&_mbox=Drafts&_page=1&_remote=1&_unlock=loading1630714025154&_=1630714019704 HTTP/1.1" 200 1155 "http://plemma.cc/roundcube/?_task=mail&_mbox=Sent" "Mozilla/5.0 (X11; CrOS x86_64 13982.88.0) AppleWebKit/537.36 (KHTML, like Gecko) Chrome/92.0.4515.162 Safari/537.36"
73.107.144.246 - - [04/Sep/2021:00:07:07 +0000] "GET /roundcube/?_task=mail&_caps=pdf%3D1%2Cflash%3D0%2Ctiff%3D0%2Cwebp%3D1&_uid=2&_mbox=Drafts&_framed=1&_action=preview HTTP/1.1" 200 3753 "http://plemma.cc/roundcube/?_task=mail&_mbox=Drafts" "Mozilla/5.0 (X11; CrOS x86_64 13982.88.0) AppleWebKit/537.36 (KHTML, like Gecko) Chrome/92.0.4515.162 Safari/537.36"
73.107.144.246 - - [04/Sep/2021:00:07:07 +0000] "GET /roundcube/?_task=addressbook&_action=photo&_email=adam%40localhost HTTP/1.1" 200 426 "http://plemma.cc/roundcube/?_task=mail&_caps=pdf%3D1%2Cflash%3D0%2Ctiff%3D0%2Cwebp%3D1&_uid=2&_mbox=Drafts&_framed=1&_action=preview" "Mozilla/5.0 (X11; CrOS x86_64 13982.88.0) AppleWebKit/537.36 (KHTML, like Gecko) Chrome/92.0.4515.162 Safari/537.36"
73.107.144.246 - - [04/Sep/2021:00:07:09 +0000] "GET /roundcube/?_task=mail&_framed=1&_mbox=Drafts&_draft_uid=2&_action=compose HTTP/1.1" 302 524 "http://plemma.cc/roundcube/?_task=mail&_mbox=Drafts" "Mozilla/5.0 (X11; CrOS x86_64 13982.88.0) AppleWebKit/537.36 (KHTML, like Gecko) Chrome/92.0.4515.162 Safari/537.36"
73.107.144.246 - - [04/Sep/2021:00:07:10 +0000] "GET /roundcube/?_task=mail&_action=compose&_id=14856847416132b8adb8977 HTTP/1.1" 200 7815 "http://plemma.cc/roundcube/?_task=mail&_mbox=Drafts" "Mozilla/5.0 (X11; CrOS x86_64 13982.88.0) AppleWebKit/537.36 (KHTML, like Gecko) Chrome/92.0.4515.162 Safari/537.36"
73.107.144.246 - - [04/Sep/2021:00:07:14 +0000] "POST /roundcube/?_task=mail&_unlock=loading1630714033934&_lang=undefined&_framed=1 HTTP/1.1" 200 838 "http://plemma.cc/roundcube/?_task=mail&_action=compose&_id=14856847416132b8adb8977" "Mozilla/5.0 (X11; CrOS x86_64 13982.88.0) AppleWebKit/537.36 (KHTML, like Gecko) Chrome/92.0.4515.162 Safari/537.36"
73.107.144.246 - - [04/Sep/2021:00:08:11 +0000] "POST /roundcube/?_task=mail&_action=refresh HTTP/1.1" 200 517 "http://plemma.cc/roundcube/?_task=mail&_action=compose&_id=14856847416132b8adb8977" "Mozilla/5.0 (X11; CrOS x86_64 13982.88.0) AppleWebKit/537.36 (KHTML, like Gecko) Chrome/92.0.4515.162 Safari/537.36"
104.47.126.254 - - [04/Sep/2021:00:08:13 +0000] "HEAD /rsync HTTP/1.1" 404 159 "-" "-"
34.216.206.248 - - [04/Sep/2021:00:08:13 +0000] "GET /rsync HTTP/1.1" 404 432 "-" "Mozilla/5.0 (Windows NT 6.1; Win64; x64) AppleWebKit/537.36 (KHTML, like Gecko) Chrome/72.0.3626.109 Safari/537.36"
73.107.144.246 - - [04/Sep/2021:00:09:11 +0000] "POST /roundcube/?_task=mail&_action=refresh HTTP/1.1" 200 517 "http://plemma.cc/roundcube/?_task=mail&_action=compose&_id=14856847416132b8adb8977" "Mozilla/5.0 (X11; CrOS x86_64 13982.88.0) AppleWebKit/537.36 (KHTML, like Gecko) Chrome/92.0.4515.162 Safari/537.36"
73.107.144.246 - - [04/Sep/2021:00:10:07 +0000] "POST /roundcube/?_task=mail&_unlock=loading1630714205814&_lang=undefined&_framed=1 HTTP/1.1" 200 926 "http://plemma.cc/roundcube/?_task=mail&_action=compose&_id=14856847416132b8adb8977" "Mozilla/5.0 (X11; CrOS x86_64 13982.88.0) AppleWebKit/537.36 (KHTML, like Gecko) Chrome/92.0.4515.162 Safari/537.36"
73.107.144.246 - - [04/Sep/2021:00:10:11 +0000] "POST /roundcube/?_task=mail&_action=refresh HTTP/1.1" 200 516 "http://plemma.cc/roundcube/?_task=mail&_action=compose&_id=14856847416132b8adb8977" "Mozilla/5.0 (X11; CrOS x86_64 13982.88.0) AppleWebKit/537.36 (KHTML, like Gecko) Chrome/92.0.4515.162 Safari/537.36"
34.211.51.242 - - [04/Sep/2021:00:10:37 +0000] "GET / HTTP/1.1" 200 54788 "-" "Mozilla/5.0 (Windows NT 6.1; Win64; x64) AppleWebKit/537.36 (KHTML, like Gecko) Chrome/72.0.3626.109 Safari/537.36"
73.107.144.246 - - [04/Sep/2021:00:11:12 +0000] "POST /roundcube/?_task=mail&_action=refresh HTTP/1.1" 200 517 "http://plemma.cc/roundcube/?_task=mail&_action=compose&_id=14856847416132b8adb8977" "Mozilla/5.0 (X11; CrOS x86_64 13982.88.0) AppleWebKit/537.36 (KHTML, like Gecko) Chrome/92.0.4515.162 Safari/537.36"
54.184.249.224 - - [04/Sep/2021:00:11:15 +0000] "GET / HTTP/1.1" 200 54788 "-" "Mozilla/5.0 (Windows NT 6.1; Win64; x64) AppleWebKit/537.36 (KHTML, like Gecko) Chrome/72.0.3626.109 Safari/537.36"
54.149.184.240 - - [04/Sep/2021:00:11:22 +0000] "GET / HTTP/1.1" 200 54788 "-" "Mozilla/5.0 (Windows NT 6.1; Win64; x64) AppleWebKit/537.36 (KHTML, like Gecko) Chrome/72.0.3626.109 Safari/537.36"
73.107.144.246 - - [04/Sep/2021:00:12:12 +0000] "POST /roundcube/?_task=mail&_action=refresh HTTP/1.1" 200 517 "http://plemma.cc/roundcube/?_task=mail&_action=compose&_id=14856847416132b8adb8977" "Mozilla/5.0 (X11; CrOS x86_64 13982.88.0) AppleWebKit/537.36 (KHTML, like Gecko) Chrome/92.0.4515.162 Safari/537.36"
73.107.144.246 - - [04/Sep/2021:00:12:41 +0000] "POST /roundcube/?_task=mail&_unlock=loading1630714360692&_lang=undefined&_framed=1 HTTP/1.1" 200 839 "http://plemma.cc/roundcube/?_task=mail&_action=compose&_id=14856847416132b8adb8977" "Mozilla/5.0 (X11; CrOS x86_64 13982.88.0) AppleWebKit/537.36 (KHTML, like Gecko) Chrome/92.0.4515.162 Safari/537.36"
73.107.144.246 - - [04/Sep/2021:00:12:45 +0000] "POST /roundcube/?_task=mail&_unlock=loading1630714365646&_lang=undefined&_framed=1 HTTP/1.1" 200 837 "http://plemma.cc/roundcube/?_task=mail&_action=compose&_id=14856847416132b8adb8977" "Mozilla/5.0 (X11; CrOS x86_64 13982.88.0) AppleWebKit/537.36 (KHTML, like Gecko) Chrome/92.0.4515.162 Safari/537.36"
73.107.144.246 - - [04/Sep/2021:00:13:11 +0000] "POST /roundcube/?_task=mail&_action=refresh HTTP/1.1" 200 517 "http://plemma.cc/roundcube/?_task=mail&_action=compose&_id=14856847416132b8adb8977" "Mozilla/5.0 (X11; CrOS x86_64 13982.88.0) AppleWebKit/537.36 (KHTML, like Gecko) Chrome/92.0.4515.162 Safari/537.36"
104.47.125.254 - - [04/Sep/2021:00:13:13 +0000] "HEAD /rsync HTTP/1.1" 404 159 "-" "-"
18.236.226.5 - - [04/Sep/2021:00:13:13 +0000] "GET /rsync HTTP/1.1" 404 432 "-" "Mozilla/5.0 (Windows NT 6.1; Win64; x64) AppleWebKit/537.36 (KHTML, like Gecko) Chrome/72.0.3626.109 Safari/537.36"
34.222.37.243 - - [04/Sep/2021:00:13:20 +0000] "GET / HTTP/1.1" 200 54807 "-" "Mozilla/5.0 (Windows NT 6.1; Win64; x64) AppleWebKit/537.36 (KHTML, like Gecko) Chrome/72.0.3626.109 Safari/537.36"
73.107.144.246 - - [04/Sep/2021:00:13:59 +0000] "POST /roundcube/?_task=mail&_unlock=loading1630714437652&_lang=undefined&_framed=1 HTTP/1.1" 200 838 "http://plemma.cc/roundcube/?_task=mail&_action=compose&_id=14856847416132b8adb8977" "Mozilla/5.0 (X11; CrOS x86_64 13982.88.0) AppleWebKit/537.36 (KHTML, like Gecko) Chrome/92.0.4515.162 Safari/537.36"
34.219.178.239 - - [04/Sep/2021:00:14:11 +0000] "GET / HTTP/1.1" 200 54788 "-" "Mozilla/5.0 (Windows NT 6.1; Win64; x64) AppleWebKit/537.36 (KHTML, like Gecko) Chrome/72.0.3626.109 Safari/537.36"
73.107.144.246 - - [04/Sep/2021:00:14:11 +0000] "POST /roundcube/?_task=mail&_action=refresh HTTP/1.1" 200 517 "http://plemma.cc/roundcube/?_task=mail&_action=compose&_id=14856847416132b8adb8977" "Mozilla/5.0 (X11; CrOS x86_64 13982.88.0) AppleWebKit/537.36 (KHTML, like Gecko) Chrome/92.0.4515.162 Safari/537.36"
213.77.223.108 - - [04/Sep/2021:00:14:54 +0000] "GET / HTTP/1.1" 200 13804 "-" "Mozilla/5.0 (Macintosh; Intel Mac OS X 10.14; rv:91.0) Gecko/20100101 Firefox/91.0"
213.77.223.108 - - [04/Sep/2021:00:14:55 +0000] "GET /css/general.css HTTP/1.1" 200 1859 "http://plemma.cc/" "Mozilla/5.0 (Macintosh; Intel Mac OS X 10.14; rv:91.0) Gecko/20100101 Firefox/91.0"
213.77.223.108 - - [04/Sep/2021:00:14:55 +0000] "GET /css/variables.css HTTP/1.1" 200 1499 "http://plemma.cc/" "Mozilla/5.0 (Macintosh; Intel Mac OS X 10.14; rv:91.0) Gecko/20100101 Firefox/91.0"
213.77.223.108 - - [04/Sep/2021:00:14:55 +0000] "GET /css/chrome.css HTTP/1.1" 200 2692 "http://plemma.cc/" "Mozilla/5.0 (Macintosh; Intel Mac OS X 10.14; rv:91.0) Gecko/20100101 Firefox/91.0"
213.77.223.108 - - [04/Sep/2021:00:14:55 +0000] "GET /ayu-highlight.css HTTP/1.1" 404 488 "http://plemma.cc/" "Mozilla/5.0 (Macintosh; Intel Mac OS X 10.14; rv:91.0) Gecko/20100101 Firefox/91.0"
213.77.223.108 - - [04/Sep/2021:00:14:55 +0000] "GET /tomorrow-night.css HTTP/1.1" 404 488 "http://plemma.cc/" "Mozilla/5.0 (Macintosh; Intel Mac OS X 10.14; rv:91.0) Gecko/20100101 Firefox/91.0"
213.77.223.108 - - [04/Sep/2021:00:14:55 +0000] "GET /FontAwesome/css/font-awesome.css HTTP/1.1" 404 488 "http://plemma.cc/" "Mozilla/5.0 (Macintosh; Intel Mac OS X 10.14; rv:91.0) Gecko/20100101 Firefox/91.0"
213.77.223.108 - - [04/Sep/2021:00:14:55 +0000] "GET /highlight.css HTTP/1.1" 404 487 "http://plemma.cc/" "Mozilla/5.0 (Macintosh; Intel Mac OS X 10.14; rv:91.0) Gecko/20100101 Firefox/91.0"
213.77.223.108 - - [04/Sep/2021:00:14:55 +0000] "GET /fonts/fonts.css HTTP/1.1" 404 488 "http://plemma.cc/" "Mozilla/5.0 (Macintosh; Intel Mac OS X 10.14; rv:91.0) Gecko/20100101 Firefox/91.0"
213.77.223.108 - - [04/Sep/2021:00:14:55 +0000] "GET /xcaliber.dao.jpg HTTP/1.1" 200 14201 "http://plemma.cc/" "Mozilla/5.0 (Macintosh; Intel Mac OS X 10.14; rv:91.0) Gecko/20100101 Firefox/91.0"
213.77.223.108 - - [04/Sep/2021:00:14:55 +0000] "GET /css/print.css HTTP/1.1" 200 734 "http://plemma.cc/" "Mozilla/5.0 (Macintosh; Intel Mac OS X 10.14; rv:91.0) Gecko/20100101 Firefox/91.0"
213.77.223.108 - - [04/Sep/2021:00:14:56 +0000] "GET /favicon.svg HTTP/1.1" 404 487 "http://plemma.cc/" "Mozilla/5.0 (Macintosh; Intel Mac OS X 10.14; rv:91.0) Gecko/20100101 Firefox/91.0"
213.77.223.108 - - [04/Sep/2021:00:14:55 +0000] "GET /usedjolie.png HTTP/1.1" 200 373194 "http://plemma.cc/" "Mozilla/5.0 (Macintosh; Intel Mac OS X 10.14; rv:91.0) Gecko/20100101 Firefox/91.0"
::1 - - [04/Sep/2021:00:15:01 +0000] "OPTIONS * HTTP/1.0" 200 126 "-" "Apache/2.4.38 (Debian) (internal dummy connection)"
::1 - - [04/Sep/2021:00:15:02 +0000] "OPTIONS * HTTP/1.0" 200 126 "-" "Apache/2.4.38 (Debian) (internal dummy connection)"
73.107.144.246 - - [04/Sep/2021:00:15:11 +0000] "POST /roundcube/?_task=mail&_action=refresh HTTP/1.1" 200 605 "http://plemma.cc/roundcube/?_task=mail&_action=compose&_id=14856847416132b8adb8977" "Mozilla/5.0 (X11; CrOS x86_64 13982.88.0) AppleWebKit/537.36 (KHTML, like Gecko) Chrome/92.0.4515.162 Safari/537.36"
73.107.144.246 - - [04/Sep/2021:00:16:11 +0000] "POST /roundcube/?_task=mail&_action=refresh HTTP/1.1" 200 517 "http://plemma.cc/roundcube/?_task=mail&_action=compose&_id=14856847416132b8adb8977" "Mozilla/5.0 (X11; CrOS x86_64 13982.88.0) AppleWebKit/537.36 (KHTML, like Gecko) Chrome/92.0.4515.162 Safari/537.36"
73.107.144.246 - - [04/Sep/2021:00:17:11 +0000] "POST /roundcube/?_task=mail&_action=refresh HTTP/1.1" 200 517 "http://plemma.cc/roundcube/?_task=mail&_action=compose&_id=14856847416132b8adb8977" "Mozilla/5.0 (X11; CrOS x86_64 13982.88.0) AppleWebKit/537.36 (KHTML, like Gecko) Chrome/92.0.4515.162 Safari/537.36"
73.107.144.246 - - [04/Sep/2021:00:18:11 +0000] "POST /roundcube/?_task=mail&_action=refresh HTTP/1.1" 200 517 "http://plemma.cc/roundcube/?_task=mail&_action=compose&_id=14856847416132b8adb8977" "Mozilla/5.0 (X11; CrOS x86_64 13982.88.0) AppleWebKit/537.36 (KHTML, like Gecko) Chrome/92.0.4515.162 Safari/537.36"
78.143.201.217 - - [04/Sep/2021:00:18:19 +0000] "GET /xcaliber.dao.jpg HTTP/1.1" 200 14202 "-" "Mozilla/5.0 (Macintosh; Intel Mac OS X 10_15_7) AppleWebKit/605.1.15 (KHTML, like Gecko)"
78.143.201.217 - - [04/Sep/2021:00:18:19 +0000] "GET /usedjolie.png HTTP/1.1" 200 373195 "-" "Mozilla/5.0 (Macintosh; Intel Mac OS X 10_15_7) AppleWebKit/605.1.15 (KHTML, like Gecko)"
211.249.40.29 - - [04/Sep/2021:00:18:49 +0000] "GET /rsync HTTP/1.1" 404 432 "-" "Carbon"
220.230.168.3 - - [04/Sep/2021:00:18:49 +0000] "GET /rsync HTTP/1.1" 404 488 "-" "Mozilla/5.0 (Macintosh; Intel Mac OS X 10_15_7) AppleWebKit/537.36 (KHTML, like Gecko) Chrome/90.0.4430.85 Safari/537.36"
220.230.168.1 - - [04/Sep/2021:00:19:03 +0000] "GET / HTTP/1.1" 200 13804 "https://t.co/t42i5t8hJC?amp=1" "Mozilla/5.0 (Macintosh; Intel Mac OS X 10_15_7) AppleWebKit/537.36 (KHTML, like Gecko) Chrome/90.0.4430.85 Safari/537.36"
220.230.168.1 - - [04/Sep/2021:00:19:03 +0000] "GET /css/variables.css HTTP/1.1" 200 1498 "http://plemma.cc/" "Mozilla/5.0 (Macintosh; Intel Mac OS X 10_15_7) AppleWebKit/537.36 (KHTML, like Gecko) Chrome/90.0.4430.85 Safari/537.36"
220.230.168.1 - - [04/Sep/2021:00:19:03 +0000] "GET /css/general.css HTTP/1.1" 200 1860 "http://plemma.cc/" "Mozilla/5.0 (Macintosh; Intel Mac OS X 10_15_7) AppleWebKit/537.36 (KHTML, like Gecko) Chrome/90.0.4430.85 Safari/537.36"
220.230.168.1 - - [04/Sep/2021:00:19:03 +0000] "GET /css/chrome.css HTTP/1.1" 200 2692 "http://plemma.cc/" "Mozilla/5.0 (Macintosh; Intel Mac OS X 10_15_7) AppleWebKit/537.36 (KHTML, like Gecko) Chrome/90.0.4430.85 Safari/537.36"
220.230.168.1 - - [04/Sep/2021:00:19:03 +0000] "GET /FontAwesome/css/font-awesome.css HTTP/1.1" 404 488 "http://plemma.cc/" "Mozilla/5.0 (Macintosh; Intel Mac OS X 10_15_7) AppleWebKit/537.36 (KHTML, like Gecko) Chrome/90.0.4430.85 Safari/537.36"
220.230.168.1 - - [04/Sep/2021:00:19:03 +0000] "GET /fonts/fonts.css HTTP/1.1" 404 488 "http://plemma.cc/" "Mozilla/5.0 (Macintosh; Intel Mac OS X 10_15_7) AppleWebKit/537.36 (KHTML, like Gecko) Chrome/90.0.4430.85 Safari/537.36"
220.230.168.1 - - [04/Sep/2021:00:19:03 +0000] "GET /tomorrow-night.css HTTP/1.1" 404 488 "http://plemma.cc/" "Mozilla/5.0 (Macintosh; Intel Mac OS X 10_15_7) AppleWebKit/537.36 (KHTML, like Gecko) Chrome/90.0.4430.85 Safari/537.36"
220.230.168.1 - - [04/Sep/2021:00:19:03 +0000] "GET /highlight.css HTTP/1.1" 404 487 "http://plemma.cc/" "Mozilla/5.0 (Macintosh; Intel Mac OS X 10_15_7) AppleWebKit/537.36 (KHTML, like Gecko) Chrome/90.0.4430.85 Safari/537.36"
220.230.168.1 - - [04/Sep/2021:00:19:03 +0000] "GET /ayu-highlight.css HTTP/1.1" 404 487 "http://plemma.cc/" "Mozilla/5.0 (Macintosh; Intel Mac OS X 10_15_7) AppleWebKit/537.36 (KHTML, like Gecko) Chrome/90.0.4430.85 Safari/537.36"
220.230.168.1 - - [04/Sep/2021:00:19:03 +0000] "GET /xcaliber.dao.jpg HTTP/1.1" 200 14201 "http://plemma.cc/" "Mozilla/5.0 (Macintosh; Intel Mac OS X 10_15_7) AppleWebKit/537.36 (KHTML, like Gecko) Chrome/90.0.4430.85 Safari/537.36"
220.230.168.1 - - [04/Sep/2021:00:19:03 +0000] "GET /css/print.css HTTP/1.1" 200 734 "http://plemma.cc/" "Mozilla/5.0 (Macintosh; Intel Mac OS X 10_15_7) AppleWebKit/537.36 (KHTML, like Gecko) Chrome/90.0.4430.85 Safari/537.36"
220.230.168.1 - - [04/Sep/2021:00:19:03 +0000] "GET /usedjolie.png HTTP/1.1" 200 373194 "http://plemma.cc/" "Mozilla/5.0 (Macintosh; Intel Mac OS X 10_15_7) AppleWebKit/537.36 (KHTML, like Gecko) Chrome/90.0.4430.85 Safari/537.36"
::1 - - [04/Sep/2021:00:19:11 +0000] "OPTIONS * HTTP/1.0" 200 126 "-" "Apache/2.4.38 (Debian) (internal dummy connection)"
78.143.201.217 - - [04/Sep/2021:00:19:15 +0000] "GET /xcaliber.dao.jpg HTTP/1.1" 200 14202 "-" "Mozilla/5.0 (Macintosh; Intel Mac OS X 10_15_7) AppleWebKit/605.1.15 (KHTML, like Gecko)"
78.143.201.217 - - [04/Sep/2021:00:19:15 +0000] "GET /usedjolie.png HTTP/1.1" 200 373195 "-" "Mozilla/5.0 (Macintosh; Intel Mac OS X 10_15_7) AppleWebKit/605.1.15 (KHTML, like Gecko)"
73.107.144.246 - - [04/Sep/2021:00:19:37 +0000] "POST /roundcube/?_task=mail&_action=refresh HTTP/1.1" 200 517 "http://plemma.cc/roundcube/?_task=mail&_action=compose&_id=14856847416132b8adb8977" "Mozilla/5.0 (X11; CrOS x86_64 13982.88.0) AppleWebKit/537.36 (KHTML, like Gecko) Chrome/92.0.4515.162 Safari/537.36"
73.107.144.246 - - [04/Sep/2021:00:20:03 +0000] "POST /roundcube/?_task=mail&_unlock=loading1630714802490&_lang=undefined&_framed=1 HTTP/1.1" 200 926 "http://plemma.cc/roundcube/?_task=mail&_action=compose&_id=14856847416132b8adb8977" "Mozilla/5.0 (X11; CrOS x86_64 13982.88.0) AppleWebKit/537.36 (KHTML, like Gecko) Chrome/92.0.4515.162 Safari/537.36"
73.107.144.246 - - [04/Sep/2021:00:20:11 +0000] "POST /roundcube/?_task=mail&_action=refresh HTTP/1.1" 200 517 "http://plemma.cc/roundcube/?_task=mail&_action=compose&_id=14856847416132b8adb8977" "Mozilla/5.0 (X11; CrOS x86_64 13982.88.0) AppleWebKit/537.36 (KHTML, like Gecko) Chrome/92.0.4515.162 Safari/537.36"
73.107.144.246 - - [04/Sep/2021:00:20:13 +0000] "POST /roundcube/?_task=mail&_unlock=loading1630714813329&_lang=undefined&_framed=1 HTTP/1.1" 200 838 "http://plemma.cc/roundcube/?_task=mail&_action=compose&_id=14856847416132b8adb8977" "Mozilla/5.0 (X11; CrOS x86_64 13982.88.0) AppleWebKit/537.36 (KHTML, like Gecko) Chrome/92.0.4515.162 Safari/537.36"
73.107.144.246 - - [04/Sep/2021:00:21:12 +0000] "POST /roundcube/?_task=mail&_action=refresh HTTP/1.1" 200 517 "http://plemma.cc/roundcube/?_task=mail&_action=compose&_id=14856847416132b8adb8977" "Mozilla/5.0 (X11; CrOS x86_64 13982.88.0) AppleWebKit/537.36 (KHTML, like Gecko) Chrome/92.0.4515.162 Safari/537.36"
211.249.68.13 - - [04/Sep/2021:00:21:29 +0000] "GET /rsync HTTP/1.1" 404 488 "https://search.naver.com/search.naver?where=nexearch&query=http%3A%2F%2Fplemma.co%2Frsync&sm=top_hty&fbm=1&ie=utf8" "Mozilla/5.0 (Windows NT 6.1; WOW64; rv:36.0) Gecko/20100101 Firefox/36.0"
73.107.144.246 - - [04/Sep/2021:00:22:11 +0000] "POST /roundcube/?_task=mail&_action=refresh HTTP/1.1" 200 517 "http://plemma.cc/roundcube/?_task=mail&_action=compose&_id=14856847416132b8adb8977" "Mozilla/5.0 (X11; CrOS x86_64 13982.88.0) AppleWebKit/537.36 (KHTML, like Gecko) Chrome/92.0.4515.162 Safari/537.36"
73.107.144.246 - - [04/Sep/2021:00:23:11 +0000] "POST /roundcube/?_task=mail&_action=refresh HTTP/1.1" 200 517 "http://plemma.cc/roundcube/?_task=mail&_action=compose&_id=14856847416132b8adb8977" "Mozilla/5.0 (X11; CrOS x86_64 13982.88.0) AppleWebKit/537.36 (KHTML, like Gecko) Chrome/92.0.4515.162 Safari/537.36"
73.107.144.246 - - [04/Sep/2021:00:23:48 +0000] "POST /roundcube/?_task=mail&_unlock=loading1630715027855&_lang=undefined&_framed=1 HTTP/1.1" 200 838 "http://plemma.cc/roundcube/?_task=mail&_action=compose&_id=14856847416132b8adb8977" "Mozilla/5.0 (X11; CrOS x86_64 13982.88.0) AppleWebKit/537.36 (KHTML, like Gecko) Chrome/92.0.4515.162 Safari/537.36"
73.107.144.246 - - [04/Sep/2021:00:23:55 +0000] "POST /roundcube/?_task=mail&_unlock=loading1630715035193&_lang=undefined&_framed=1 HTTP/1.1" 200 838 "http://plemma.cc/roundcube/?_task=mail&_action=compose&_id=14856847416132b8adb8977" "Mozilla/5.0 (X11; CrOS x86_64 13982.88.0) AppleWebKit/537.36 (KHTML, like Gecko) Chrome/92.0.4515.162 Safari/537.36"
73.107.144.246 - - [04/Sep/2021:00:24:11 +0000] "POST /roundcube/?_task=mail&_action=refresh HTTP/1.1" 200 517 "http://plemma.cc/roundcube/?_task=mail&_action=compose&_id=14856847416132b8adb8977" "Mozilla/5.0 (X11; CrOS x86_64 13982.88.0) AppleWebKit/537.36 (KHTML, like Gecko) Chrome/92.0.4515.162 Safari/537.36"
73.107.144.246 - - [04/Sep/2021:00:25:11 +0000] "POST /roundcube/?_task=mail&_action=refresh HTTP/1.1" 200 605 "http://plemma.cc/roundcube/?_task=mail&_action=compose&_id=14856847416132b8adb8977" "Mozilla/5.0 (X11; CrOS x86_64 13982.88.0) AppleWebKit/537.36 (KHTML, like Gecko) Chrome/92.0.4515.162 Safari/537.36"
73.107.144.246 - - [04/Sep/2021:00:26:11 +0000] "POST /roundcube/?_task=mail&_action=refresh HTTP/1.1" 200 517 "http://plemma.cc/roundcube/?_task=mail&_action=compose&_id=14856847416132b8adb8977" "Mozilla/5.0 (X11; CrOS x86_64 13982.88.0) AppleWebKit/537.36 (KHTML, like Gecko) Chrome/92.0.4515.162 Safari/537.36"
34.139.248.80 - - [04/Sep/2021:00:26:29 +0000] "HEAD /rsync HTTP/1.1" 404 140 "-" "Mozilla/5.0 (Macintosh; Intel Mac OS X 10_13_6) AppleWebKit/537.36 (KHTML, like Gecko) Chrome/85.0.4183.102 Safari/537.3"
34.139.248.80 - - [04/Sep/2021:00:26:29 +0000] "GET /rsync HTTP/1.1" 404 432 "-" "Go-http-client/1.1"
13.80.183.173 - - [04/Sep/2021:00:26:35 +0000] "GET /rsync HTTP/1.1" 404 451 "-" "Mozilla/5.0 (Windows NT 10.0; WOW64) AppleWebKit/537.36 (KHTML, like Gecko) Chrome/63.0.3239.84 Safari/537.36"
73.107.144.246 - - [04/Sep/2021:00:27:12 +0000] "POST /roundcube/?_task=mail&_action=refresh HTTP/1.1" 200 517 "http://plemma.cc/roundcube/?_task=mail&_action=compose&_id=14856847416132b8adb8977" "Mozilla/5.0 (X11; CrOS x86_64 13982.88.0) AppleWebKit/537.36 (KHTML, like Gecko) Chrome/92.0.4515.162 Safari/537.36"
73.107.144.246 - - [04/Sep/2021:00:28:11 +0000] "POST /roundcube/?_task=mail&_action=refresh HTTP/1.1" 200 517 "http://plemma.cc/roundcube/?_task=mail&_action=compose&_id=14856847416132b8adb8977" "Mozilla/5.0 (X11; CrOS x86_64 13982.88.0) AppleWebKit/537.36 (KHTML, like Gecko) Chrome/92.0.4515.162 Safari/537.36"
73.107.144.246 - - [04/Sep/2021:00:30:11 +0000] "POST /roundcube/?_task=mail&_action=refresh HTTP/1.1" 200 605 "http://plemma.cc/roundcube/?_task=mail&_action=compose&_id=14856847416132b8adb8977" "Mozilla/5.0 (X11; CrOS x86_64 13982.88.0) AppleWebKit/537.36 (KHTML, like Gecko) Chrome/92.0.4515.162 Safari/537.36"
106.128.136.165 - - [04/Sep/2021:00:31:09 +0000] "GET / HTTP/1.1" 200 13804 "https://t.co/t42i5t8hJC?amp=1" "Mozilla/5.0 (iPhone; CPU iPhone OS 14_7_1 like Mac OS X) AppleWebKit/605.1.15 (KHTML, like Gecko) Mobile/15E148 YJApp-IOS jp.co.yahoo.ipn.appli/4.45.0"
106.128.136.165 - - [04/Sep/2021:00:31:09 +0000] "GET /css/variables.css HTTP/1.1" 200 1499 "http://plemma.cc/" "Mozilla/5.0 (iPhone; CPU iPhone OS 14_7_1 like Mac OS X) AppleWebKit/605.1.15 (KHTML, like Gecko) Mobile/15E148 YJApp-IOS jp.co.yahoo.ipn.appli/4.45.0"
106.128.136.165 - - [04/Sep/2021:00:31:09 +0000] "GET /css/general.css HTTP/1.1" 200 1859 "http://plemma.cc/" "Mozilla/5.0 (iPhone; CPU iPhone OS 14_7_1 like Mac OS X) AppleWebKit/605.1.15 (KHTML, like Gecko) Mobile/15E148 YJApp-IOS jp.co.yahoo.ipn.appli/4.45.0"
106.128.136.165 - - [04/Sep/2021:00:31:09 +0000] "GET /css/chrome.css HTTP/1.1" 200 2692 "http://plemma.cc/" "Mozilla/5.0 (iPhone; CPU iPhone OS 14_7_1 like Mac OS X) AppleWebKit/605.1.15 (KHTML, like Gecko) Mobile/15E148 YJApp-IOS jp.co.yahoo.ipn.appli/4.45.0"
106.128.136.165 - - [04/Sep/2021:00:31:09 +0000] "GET /css/print.css HTTP/1.1" 200 735 "http://plemma.cc/" "Mozilla/5.0 (iPhone; CPU iPhone OS 14_7_1 like Mac OS X) AppleWebKit/605.1.15 (KHTML, like Gecko) Mobile/15E148 YJApp-IOS jp.co.yahoo.ipn.appli/4.45.0"
106.128.136.165 - - [04/Sep/2021:00:31:09 +0000] "GET /FontAwesome/css/font-awesome.css HTTP/1.1" 404 487 "http://plemma.cc/" "Mozilla/5.0 (iPhone; CPU iPhone OS 14_7_1 like Mac OS X) AppleWebKit/605.1.15 (KHTML, like Gecko) Mobile/15E148 YJApp-IOS jp.co.yahoo.ipn.appli/4.45.0"
106.128.136.165 - - [04/Sep/2021:00:31:09 +0000] "GET /fonts/fonts.css HTTP/1.1" 404 487 "http://plemma.cc/" "Mozilla/5.0 (iPhone; CPU iPhone OS 14_7_1 like Mac OS X) AppleWebKit/605.1.15 (KHTML, like Gecko) Mobile/15E148 YJApp-IOS jp.co.yahoo.ipn.appli/4.45.0"
106.128.136.165 - - [04/Sep/2021:00:31:09 +0000] "GET /highlight.css HTTP/1.1" 404 487 "http://plemma.cc/" "Mozilla/5.0 (iPhone; CPU iPhone OS 14_7_1 like Mac OS X) AppleWebKit/605.1.15 (KHTML, like Gecko) Mobile/15E148 YJApp-IOS jp.co.yahoo.ipn.appli/4.45.0"
106.128.136.165 - - [04/Sep/2021:00:31:09 +0000] "GET /tomorrow-night.css HTTP/1.1" 404 487 "http://plemma.cc/" "Mozilla/5.0 (iPhone; CPU iPhone OS 14_7_1 like Mac OS X) AppleWebKit/605.1.15 (KHTML, like Gecko) Mobile/15E148 YJApp-IOS jp.co.yahoo.ipn.appli/4.45.0"
106.128.136.165 - - [04/Sep/2021:00:31:09 +0000] "GET /ayu-highlight.css HTTP/1.1" 404 487 "http://plemma.cc/" "Mozilla/5.0 (iPhone; CPU iPhone OS 14_7_1 like Mac OS X) AppleWebKit/605.1.15 (KHTML, like Gecko) Mobile/15E148 YJApp-IOS jp.co.yahoo.ipn.appli/4.45.0"
106.128.136.165 - - [04/Sep/2021:00:31:09 +0000] "GET /xcaliber.dao.jpg HTTP/1.1" 200 14201 "http://plemma.cc/" "Mozilla/5.0 (iPhone; CPU iPhone OS 14_7_1 like Mac OS X) AppleWebKit/605.1.15 (KHTML, like Gecko) Mobile/15E148 YJApp-IOS jp.co.yahoo.ipn.appli/4.45.0"
106.128.136.165 - - [04/Sep/2021:00:31:09 +0000] "GET /usedjolie.png HTTP/1.1" 200 373194 "http://plemma.cc/" "Mozilla/5.0 (iPhone; CPU iPhone OS 14_7_1 like Mac OS X) AppleWebKit/605.1.15 (KHTML, like Gecko) Mobile/15E148 YJApp-IOS jp.co.yahoo.ipn.appli/4.45.0"
73.107.144.246 - - [04/Sep/2021:00:31:11 +0000] "POST /roundcube/?_task=mail&_action=refresh HTTP/1.1" 200 517 "http://plemma.cc/roundcube/?_task=mail&_action=compose&_id=14856847416132b8adb8977" "Mozilla/5.0 (X11; CrOS x86_64 13982.88.0) AppleWebKit/537.36 (KHTML, like Gecko) Chrome/92.0.4515.162 Safari/537.36"
103.5.140.167 - - [04/Sep/2021:00:31:14 +0000] "GET /xcaliber.dao.jpg HTTP/1.1" 200 14202 "-" "Mozilla/5.0 (Macintosh; Intel Mac OS X 10_15_6) AppleWebKit/605.1.15 (KHTML, like Gecko)"
103.5.140.167 - - [04/Sep/2021:00:31:14 +0000] "GET /xcaliber.dao.jpg HTTP/1.1" 200 14202 "-" "Mozilla/5.0 (Macintosh; Intel Mac OS X 10_15_6) AppleWebKit/605.1.15 (KHTML, like Gecko)"
103.5.140.167 - - [04/Sep/2021:00:31:14 +0000] "GET /usedjolie.png HTTP/1.1" 200 373195 "-" "Mozilla/5.0 (Macintosh; Intel Mac OS X 10_15_6) AppleWebKit/605.1.15 (KHTML, like Gecko)"
103.5.140.167 - - [04/Sep/2021:00:31:14 +0000] "GET /usedjolie.png HTTP/1.1" 200 373195 "-" "Mozilla/5.0 (Macintosh; Intel Mac OS X 10_15_6) AppleWebKit/605.1.15 (KHTML, like Gecko)"
73.107.144.246 - - [04/Sep/2021:00:32:11 +0000] "POST /roundcube/?_task=mail&_action=refresh HTTP/1.1" 200 517 "http://plemma.cc/roundcube/?_task=mail&_action=compose&_id=14856847416132b8adb8977" "Mozilla/5.0 (X11; CrOS x86_64 13982.88.0) AppleWebKit/537.36 (KHTML, like Gecko) Chrome/92.0.4515.162 Safari/537.36"
73.107.144.246 - - [04/Sep/2021:00:33:11 +0000] "POST /roundcube/?_task=mail&_action=refresh HTTP/1.1" 200 517 "http://plemma.cc/roundcube/?_task=mail&_action=compose&_id=14856847416132b8adb8977" "Mozilla/5.0 (X11; CrOS x86_64 13982.88.0) AppleWebKit/537.36 (KHTML, like Gecko) Chrome/92.0.4515.162 Safari/537.36"
73.107.144.246 - - [04/Sep/2021:00:34:11 +0000] "POST /roundcube/?_task=mail&_action=refresh HTTP/1.1" 200 517 "http://plemma.cc/roundcube/?_task=mail&_action=compose&_id=14856847416132b8adb8977" "Mozilla/5.0 (X11; CrOS x86_64 13982.88.0) AppleWebKit/537.36 (KHTML, like Gecko) Chrome/92.0.4515.162 Safari/537.36"
65.154.226.109 - - [04/Sep/2021:00:34:29 +0000] "GET / HTTP/1.1" 200 13804 "https://t.co/t42i5t8hJC?amp=3D1" "Mozilla/5.0 (Windows NT 10.0; Win64; x64) AppleWebKit/537.36 (KHTML, like Gecko) Chrome/76.0.3809.71 Safari/537.36"
73.107.144.246 - - [04/Sep/2021:00:34:29 +0000] "POST /roundcube/?_task=mail&_unlock=loading1630715669219&_lang=undefined&_framed=1 HTTP/1.1" 200 838 "http://plemma.cc/roundcube/?_task=mail&_action=compose&_id=14856847416132b8adb8977" "Mozilla/5.0 (X11; CrOS x86_64 13982.88.0) AppleWebKit/537.36 (KHTML, like Gecko) Chrome/92.0.4515.162 Safari/537.36"
65.154.226.109 - - [04/Sep/2021:00:34:30 +0000] "GET /css/variables.css HTTP/1.1" 200 1498 "http://plemma.cc/" "Mozilla/5.0 (Windows NT 10.0; Win64; x64) AppleWebKit/537.36 (KHTML, like Gecko) Chrome/76.0.3809.71 Safari/537.36"
65.154.226.109 - - [04/Sep/2021:00:34:30 +0000] "GET /css/general.css HTTP/1.1" 200 1859 "http://plemma.cc/" "Mozilla/5.0 (Windows NT 10.0; Win64; x64) AppleWebKit/537.36 (KHTML, like Gecko) Chrome/76.0.3809.71 Safari/537.36"
65.154.226.109 - - [04/Sep/2021:00:34:30 +0000] "GET /css/chrome.css HTTP/1.1" 200 2692 "http://plemma.cc/" "Mozilla/5.0 (Windows NT 10.0; Win64; x64) AppleWebKit/537.36 (KHTML, like Gecko) Chrome/76.0.3809.71 Safari/537.36"
65.154.226.109 - - [04/Sep/2021:00:34:30 +0000] "GET /FontAwesome/css/font-awesome.css HTTP/1.1" 404 488 "http://plemma.cc/" "Mozilla/5.0 (Windows NT 10.0; Win64; x64) AppleWebKit/537.36 (KHTML, like Gecko) Chrome/76.0.3809.71 Safari/537.36"
65.154.226.109 - - [04/Sep/2021:00:34:30 +0000] "GET /fonts/fonts.css HTTP/1.1" 404 488 "http://plemma.cc/" "Mozilla/5.0 (Windows NT 10.0; Win64; x64) AppleWebKit/537.36 (KHTML, like Gecko) Chrome/76.0.3809.71 Safari/537.36"
65.154.226.109 - - [04/Sep/2021:00:34:30 +0000] "GET /highlight.css HTTP/1.1" 404 488 "http://plemma.cc/" "Mozilla/5.0 (Windows NT 10.0; Win64; x64) AppleWebKit/537.36 (KHTML, like Gecko) Chrome/76.0.3809.71 Safari/537.36"
65.154.226.109 - - [04/Sep/2021:00:34:30 +0000] "GET /tomorrow-night.css HTTP/1.1" 404 488 "http://plemma.cc/" "Mozilla/5.0 (Windows NT 10.0; Win64; x64) AppleWebKit/537.36 (KHTML, like Gecko) Chrome/76.0.3809.71 Safari/537.36"
65.154.226.109 - - [04/Sep/2021:00:34:30 +0000] "GET /ayu-highlight.css HTTP/1.1" 404 487 "http://plemma.cc/" "Mozilla/5.0 (Windows NT 10.0; Win64; x64) AppleWebKit/537.36 (KHTML, like Gecko) Chrome/76.0.3809.71 Safari/537.36"
65.154.226.109 - - [04/Sep/2021:00:34:30 +0000] "GET /xcaliber.dao.jpg HTTP/1.1" 200 14201 "http://plemma.cc/" "Mozilla/5.0 (Windows NT 10.0; Win64; x64) AppleWebKit/537.36 (KHTML, like Gecko) Chrome/76.0.3809.71 Safari/537.36"
65.154.226.109 - - [04/Sep/2021:00:34:30 +0000] "GET /css/print.css HTTP/1.1" 200 734 "http://plemma.cc/" "Mozilla/5.0 (Windows NT 10.0; Win64; x64) AppleWebKit/537.36 (KHTML, like Gecko) Chrome/76.0.3809.71 Safari/537.36"
65.154.226.109 - - [04/Sep/2021:00:34:30 +0000] "GET /usedjolie.png HTTP/1.1" 200 373194 "http://plemma.cc/" "Mozilla/5.0 (Windows NT 10.0; Win64; x64) AppleWebKit/537.36 (KHTML, like Gecko) Chrome/76.0.3809.71 Safari/537.36"
73.107.144.246 - - [04/Sep/2021:00:34:34 +0000] "GET /roundcube/?_task=settings&_action=identities HTTP/1.1" 200 3457 "http://plemma.cc/roundcube/?_task=mail&_action=compose&_id=14856847416132b8adb8977" "Mozilla/5.0 (X11; CrOS x86_64 13982.88.0) AppleWebKit/537.36 (KHTML, like Gecko) Chrome/92.0.4515.162 Safari/537.36"
73.107.144.246 - - [04/Sep/2021:00:34:34 +0000] "GET /roundcube/skins/larry/settings.min.css?s=1609117988 HTTP/1.1" 200 1659 "http://plemma.cc/roundcube/?_task=settings&_action=identities" "Mozilla/5.0 (X11; CrOS x86_64 13982.88.0) AppleWebKit/537.36 (KHTML, like Gecko) Chrome/92.0.4515.162 Safari/537.36"
73.107.144.246 - - [04/Sep/2021:00:34:37 +0000] "GET /roundcube/?_task=settings&_action=edit-identity&_iid=1&_framed=1 HTTP/1.1" 200 3198 "http://plemma.cc/roundcube/?_task=settings&_action=identities" "Mozilla/5.0 (X11; CrOS x86_64 13982.88.0) AppleWebKit/537.36 (KHTML, like Gecko) Chrome/92.0.4515.162 Safari/537.36"
::1 - - [04/Sep/2021:00:34:37 +0000] "OPTIONS * HTTP/1.0" 200 126 "-" "Apache/2.4.38 (Debian) (internal dummy connection)"
::1 - - [04/Sep/2021:00:34:44 +0000] "OPTIONS * HTTP/1.0" 200 126 "-" "Apache/2.4.38 (Debian) (internal dummy connection)"
73.107.144.246 - - [04/Sep/2021:00:35:02 +0000] "POST /roundcube/?_task=utils&_action=text2html HTTP/1.1" 200 584 "http://plemma.cc/roundcube/?_task=settings&_action=edit-identity&_iid=1&_framed=1" "Mozilla/5.0 (X11; CrOS x86_64 13982.88.0) AppleWebKit/537.36 (KHTML, like Gecko) Chrome/92.0.4515.162 Safari/537.36"
73.107.144.246 - - [04/Sep/2021:00:35:02 +0000] "GET /roundcube/program/js/tinymce/themes/modern/theme.min.js?s=4050800 HTTP/1.1" 200 5290 "http://plemma.cc/roundcube/?_task=settings&_action=edit-identity&_iid=1&_framed=1" "Mozilla/5.0 (X11; CrOS x86_64 13982.88.0) AppleWebKit/537.36 (KHTML, like Gecko) Chrome/92.0.4515.162 Safari/537.36"
73.107.144.246 - - [04/Sep/2021:00:35:02 +0000] "GET /roundcube/program/js/tinymce/plugins/colorpicker/plugin.min.js?s=4050800 HTTP/1.1" 200 962 "http://plemma.cc/roundcube/?_task=settings&_action=edit-identity&_iid=1&_framed=1" "Mozilla/5.0 (X11; CrOS x86_64 13982.88.0) AppleWebKit/537.36 (KHTML, like Gecko) Chrome/92.0.4515.162 Safari/537.36"
73.107.144.246 - - [04/Sep/2021:00:35:02 +0000] "GET /roundcube/program/js/tinymce/plugins/code/plugin.min.js?s=4050800 HTTP/1.1" 200 786 "http://plemma.cc/roundcube/?_task=settings&_action=edit-identity&_iid=1&_framed=1" "Mozilla/5.0 (X11; CrOS x86_64 13982.88.0) AppleWebKit/537.36 (KHTML, like Gecko) Chrome/92.0.4515.162 Safari/537.36"
73.107.144.246 - - [04/Sep/2021:00:35:02 +0000] "GET /roundcube/program/js/tinymce/plugins/charmap/plugin.min.js?s=4050800 HTTP/1.1" 200 3439 "http://plemma.cc/roundcube/?_task=settings&_action=edit-identity&_iid=1&_framed=1" "Mozilla/5.0 (X11; CrOS x86_64 13982.88.0) AppleWebKit/537.36 (KHTML, like Gecko) Chrome/92.0.4515.162 Safari/537.36"
73.107.144.246 - - [04/Sep/2021:00:35:02 +0000] "GET /roundcube/program/js/tinymce/plugins/autolink/plugin.min.js?s=4050800 HTTP/1.1" 200 1309 "http://plemma.cc/roundcube/?_task=settings&_action=edit-identity&_iid=1&_framed=1" "Mozilla/5.0 (X11; CrOS x86_64 13982.88.0) AppleWebKit/537.36 (KHTML, like Gecko) Chrome/92.0.4515.162 Safari/537.36"
73.107.144.246 - - [04/Sep/2021:00:35:02 +0000] "GET /roundcube/program/js/tinymce/plugins/hr/plugin.min.js?s=4050800 HTTP/1.1" 200 541 "http://plemma.cc/roundcube/?_task=settings&_action=edit-identity&_iid=1&_framed=1" "Mozilla/5.0 (X11; CrOS x86_64 13982.88.0) AppleWebKit/537.36 (KHTML, like Gecko) Chrome/92.0.4515.162 Safari/537.36"
73.107.144.246 - - [04/Sep/2021:00:35:02 +0000] "GET /roundcube/program/js/tinymce/plugins/image/plugin.min.js?s=4050800 HTTP/1.1" 200 3368 "http://plemma.cc/roundcube/?_task=settings&_action=edit-identity&_iid=1&_framed=1" "Mozilla/5.0 (X11; CrOS x86_64 13982.88.0) AppleWebKit/537.36 (KHTML, like Gecko) Chrome/92.0.4515.162 Safari/537.36"
73.107.144.246 - - [04/Sep/2021:00:35:03 +0000] "GET /roundcube/program/js/tinymce/plugins/link/plugin.min.js?s=4050800 HTTP/1.1" 200 3221 "http://plemma.cc/roundcube/?_task=settings&_action=edit-identity&_iid=1&_framed=1" "Mozilla/5.0 (X11; CrOS x86_64 13982.88.0) AppleWebKit/537.36 (KHTML, like Gecko) Chrome/92.0.4515.162 Safari/537.36"
73.107.144.246 - - [04/Sep/2021:00:35:03 +0000] "GET /roundcube/program/js/tinymce/plugins/tabfocus/plugin.min.js?s=4050800 HTTP/1.1" 200 1045 "http://plemma.cc/roundcube/?_task=settings&_action=edit-identity&_iid=1&_framed=1" "Mozilla/5.0 (X11; CrOS x86_64 13982.88.0) AppleWebKit/537.36 (KHTML, like Gecko) Chrome/92.0.4515.162 Safari/537.36"
73.107.144.246 - - [04/Sep/2021:00:35:03 +0000] "GET /roundcube/program/js/tinymce/plugins/textcolor/plugin.min.js?s=4050800 HTTP/1.1" 200 2080 "http://plemma.cc/roundcube/?_task=settings&_action=edit-identity&_iid=1&_framed=1" "Mozilla/5.0 (X11; CrOS x86_64 13982.88.0) AppleWebKit/537.36 (KHTML, like Gecko) Chrome/92.0.4515.162 Safari/537.36"
73.107.144.246 - - [04/Sep/2021:00:35:03 +0000] "GET /roundcube/program/js/tinymce/plugins/paste/plugin.min.js?s=4050800 HTTP/1.1" 200 7659 "http://plemma.cc/roundcube/?_task=settings&_action=edit-identity&_iid=1&_framed=1" "Mozilla/5.0 (X11; CrOS x86_64 13982.88.0) AppleWebKit/537.36 (KHTML, like Gecko) Chrome/92.0.4515.162 Safari/537.36"
73.107.144.246 - - [04/Sep/2021:00:35:03 +0000] "GET /roundcube/program/js/tinymce/skins/lightgray/skin.min.css?s=4050800 HTTP/1.1" 200 7931 "http://plemma.cc/roundcube/?_task=settings&_action=edit-identity&_iid=1&_framed=1" "Mozilla/5.0 (X11; CrOS x86_64 13982.88.0) AppleWebKit/537.36 (KHTML, like Gecko) Chrome/92.0.4515.162 Safari/537.36"
73.107.144.246 - - [04/Sep/2021:00:35:03 +0000] "GET /roundcube/program/resources/tinymce/content.css?s=4050800 HTTP/1.1" 200 607 "http://plemma.cc/roundcube/?_task=settings&_action=edit-identity&_iid=1&_framed=1" "Mozilla/5.0 (X11; CrOS x86_64 13982.88.0) AppleWebKit/537.36 (KHTML, like Gecko) Chrome/92.0.4515.162 Safari/537.36"
73.107.144.246 - - [04/Sep/2021:00:35:03 +0000] "GET /roundcube/program/js/tinymce/skins/lightgray/content.min.css?s=4050800 HTTP/1.1" 200 1524 "http://plemma.cc/roundcube/?_task=settings&_action=edit-identity&_iid=1&_framed=1" "Mozilla/5.0 (X11; CrOS x86_64 13982.88.0) AppleWebKit/537.36 (KHTML, like Gecko) Chrome/92.0.4515.162 Safari/537.36"
73.107.144.246 - - [04/Sep/2021:00:35:03 +0000] "GET /roundcube/program/js/tinymce/skins/lightgray/fonts/tinymce-small.woff HTTP/1.1" 200 5265 "http://plemma.cc/roundcube/program/js/tinymce/skins/lightgray/skin.min.css?s=4050800" "Mozilla/5.0 (X11; CrOS x86_64 13982.88.0) AppleWebKit/537.36 (KHTML, like Gecko) Chrome/92.0.4515.162 Safari/537.36"
::1 - - [04/Sep/2021:00:35:06 +0000] "OPTIONS * HTTP/1.0" 200 126 "-" "Apache/2.4.38 (Debian) (internal dummy connection)"
73.107.144.246 - - [04/Sep/2021:00:35:12 +0000] "GET /roundcube/program/js/tinymce/skins/lightgray/fonts/tinymce.woff HTTP/1.1" 200 9305 "http://plemma.cc/roundcube/program/js/tinymce/skins/lightgray/skin.min.css?s=4050800" "Mozilla/5.0 (X11; CrOS x86_64 13982.88.0) AppleWebKit/537.36 (KHTML, like Gecko) Chrome/92.0.4515.162 Safari/537.36"
73.107.144.246 - - [04/Sep/2021:00:35:25 +0000] "POST /roundcube/ HTTP/1.1" 200 3379 "http://plemma.cc/roundcube/?_task=settings&_action=edit-identity&_iid=1&_framed=1" "Mozilla/5.0 (X11; CrOS x86_64 13982.88.0) AppleWebKit/537.36 (KHTML, like Gecko) Chrome/92.0.4515.162 Safari/537.36"
73.107.144.246 - - [04/Sep/2021:00:35:28 +0000] "POST /roundcube/ HTTP/1.1" 200 3379 "http://plemma.cc/roundcube/" "Mozilla/5.0 (X11; CrOS x86_64 13982.88.0) AppleWebKit/537.36 (KHTML, like Gecko) Chrome/92.0.4515.162 Safari/537.36"
73.107.144.246 - - [04/Sep/2021:00:35:30 +0000] "GET /roundcube/?_task=settings&_action=folders HTTP/1.1" 200 4289 "http://plemma.cc/roundcube/?_task=settings&_action=identities" "Mozilla/5.0 (X11; CrOS x86_64 13982.88.0) AppleWebKit/537.36 (KHTML, like Gecko) Chrome/92.0.4515.162 Safari/537.36"
73.107.144.246 - - [04/Sep/2021:00:35:31 +0000] "GET /roundcube/?_task=settings&_action=preferences HTTP/1.1" 200 3389 "http://plemma.cc/roundcube/?_task=settings&_action=folders" "Mozilla/5.0 (X11; CrOS x86_64 13982.88.0) AppleWebKit/537.36 (KHTML, like Gecko) Chrome/92.0.4515.162 Safari/537.36"
73.107.144.246 - - [04/Sep/2021:00:35:35 +0000] "GET /roundcube/?_task=settings&_action=edit-prefs&_section=general&_framed=1 HTTP/1.1" 200 10226 "http://plemma.cc/roundcube/?_task=settings&_action=preferences" "Mozilla/5.0 (X11; CrOS x86_64 13982.88.0) AppleWebKit/537.36 (KHTML, like Gecko) Chrome/92.0.4515.162 Safari/537.36"
73.107.144.246 - - [04/Sep/2021:00:35:36 +0000] "GET /roundcube/skins/classic/thumbnail.png HTTP/1.1" 200 2465 "http://plemma.cc/roundcube/?_task=settings&_action=edit-prefs&_section=general&_framed=1" "Mozilla/5.0 (X11; CrOS x86_64 13982.88.0) AppleWebKit/537.36 (KHTML, like Gecko) Chrome/92.0.4515.162 Safari/537.36"
73.107.144.246 - - [04/Sep/2021:00:35:36 +0000] "GET /roundcube/skins/larry/thumbnail.png HTTP/1.1" 200 2356 "http://plemma.cc/roundcube/?_task=settings&_action=edit-prefs&_section=general&_framed=1" "Mozilla/5.0 (X11; CrOS x86_64 13982.88.0) AppleWebKit/537.36 (KHTML, like Gecko) Chrome/92.0.4515.162 Safari/537.36"
73.107.144.246 - - [04/Sep/2021:00:35:36 +0000] "GET /roundcube/skins/larry/images/overflowshadow.png?v=ac21.201 HTTP/1.1" 200 559 "http://plemma.cc/roundcube/skins/larry/styles.min.css?s=1609117988" "Mozilla/5.0 (X11; CrOS x86_64 13982.88.0) AppleWebKit/537.36 (KHTML, like Gecko) Chrome/92.0.4515.162 Safari/537.36"
73.107.144.246 - - [04/Sep/2021:00:35:43 +0000] "POST /roundcube/ HTTP/1.1" 200 10351 "http://plemma.cc/roundcube/?_task=settings&_action=edit-prefs&_section=general&_framed=1" "Mozilla/5.0 (X11; CrOS x86_64 13982.88.0) AppleWebKit/537.36 (KHTML, like Gecko) Chrome/92.0.4515.162 Safari/537.36"
73.107.144.246 - - [04/Sep/2021:00:35:44 +0000] "GET /roundcube/skins/classic/settings.min.css?s=1609117988 HTTP/1.1" 200 1401 "http://plemma.cc/roundcube/" "Mozilla/5.0 (X11; CrOS x86_64 13982.88.0) AppleWebKit/537.36 (KHTML, like Gecko) Chrome/92.0.4515.162 Safari/537.36"
73.107.144.246 - - [04/Sep/2021:00:35:44 +0000] "GET /roundcube/skins/classic/common.min.css?s=1609117988 HTTP/1.1" 200 5100 "http://plemma.cc/roundcube/" "Mozilla/5.0 (X11; CrOS x86_64 13982.88.0) AppleWebKit/537.36 (KHTML, like Gecko) Chrome/92.0.4515.162 Safari/537.36"
73.107.144.246 - - [04/Sep/2021:00:35:44 +0000] "GET /roundcube/skins/classic/functions.min.js?s=1609120189 HTTP/1.1" 200 6974 "http://plemma.cc/roundcube/" "Mozilla/5.0 (X11; CrOS x86_64 13982.88.0) AppleWebKit/537.36 (KHTML, like Gecko) Chrome/92.0.4515.162 Safari/537.36"
73.107.144.246 - - [04/Sep/2021:00:35:45 +0000] "GET /roundcube/skins/classic/images/buttons/bg.gif?v=0200.203 HTTP/1.1" 200 522 "http://plemma.cc/roundcube/skins/classic/common.min.css?s=1609117988" "Mozilla/5.0 (X11; CrOS x86_64 13982.88.0) AppleWebKit/537.36 (KHTML, like Gecko) Chrome/92.0.4515.162 Safari/537.36"
73.107.144.246 - - [04/Sep/2021:00:35:45 +0000] "GET /roundcube/skins/classic/images/listheader.gif?v=ab42.314 HTTP/1.1" 200 673 "http://plemma.cc/roundcube/skins/classic/common.min.css?s=1609117988" "Mozilla/5.0 (X11; CrOS x86_64 13982.88.0) AppleWebKit/537.36 (KHTML, like Gecko) Chrome/92.0.4515.162 Safari/537.36"
73.107.144.246 - - [04/Sep/2021:00:35:45 +0000] "GET /roundcube/skins/classic/images/favicon.ico HTTP/1.1" 200 13339 "http://plemma.cc/roundcube/" "Mozilla/5.0 (X11; CrOS x86_64 13982.88.0) AppleWebKit/537.36 (KHTML, like Gecko) Chrome/92.0.4515.162 Safari/537.36"
73.107.144.246 - - [04/Sep/2021:00:35:45 +0000] "GET /roundcube/?_task=settings&_action=preferences HTTP/1.1" 200 3016 "http://plemma.cc/roundcube/?_task=settings&_action=preferences" "Mozilla/5.0 (X11; CrOS x86_64 13982.88.0) AppleWebKit/537.36 (KHTML, like Gecko) Chrome/92.0.4515.162 Safari/537.36"
73.107.144.246 - - [04/Sep/2021:00:35:46 +0000] "GET /roundcube/skins/classic/splitter.min.js?s=1609120189 HTTP/1.1" 200 1709 "http://plemma.cc/roundcube/?_task=settings&_action=preferences" "Mozilla/5.0 (X11; CrOS x86_64 13982.88.0) AppleWebKit/537.36 (KHTML, like Gecko) Chrome/92.0.4515.162 Safari/537.36"
73.107.144.246 - - [04/Sep/2021:00:35:46 +0000] "GET /roundcube/plugins/jqueryui/themes/classic/jquery-ui.css?s=1609117988 HTTP/1.1" 200 8943 "http://plemma.cc/roundcube/?_task=settings&_action=preferences" "Mozilla/5.0 (X11; CrOS x86_64 13982.88.0) AppleWebKit/537.36 (KHTML, like Gecko) Chrome/92.0.4515.162 Safari/537.36"
73.107.144.246 - - [04/Sep/2021:00:35:46 +0000] "GET /roundcube/skins/classic/images/roundcube_logo.png HTTP/1.1" 200 3997 "http://plemma.cc/roundcube/?_task=settings&_action=preferences" "Mozilla/5.0 (X11; CrOS x86_64 13982.88.0) AppleWebKit/537.36 (KHTML, like Gecko) Chrome/92.0.4515.162 Safari/537.36"
73.107.144.246 - - [04/Sep/2021:00:35:46 +0000] "GET /roundcube/skins/classic/images/taskbar.png?v=11a3.1640 HTTP/1.1" 200 2000 "http://plemma.cc/roundcube/skins/classic/common.min.css?s=1609117988" "Mozilla/5.0 (X11; CrOS x86_64 13982.88.0) AppleWebKit/537.36 (KHTML, like Gecko) Chrome/92.0.4515.162 Safari/537.36"
73.107.144.246 - - [04/Sep/2021:00:35:46 +0000] "GET /roundcube/skins/classic/images/taskicons.gif?v=9719.2207 HTTP/1.1" 200 2271 "http://plemma.cc/roundcube/skins/classic/common.min.css?s=1609117988" "Mozilla/5.0 (X11; CrOS x86_64 13982.88.0) AppleWebKit/537.36 (KHTML, like Gecko) Chrome/92.0.4515.162 Safari/537.36"
73.107.144.246 - - [04/Sep/2021:00:35:46 +0000] "GET /roundcube/skins/classic/images/tabs-right.gif?v=5c83.1417 HTTP/1.1" 200 1778 "http://plemma.cc/roundcube/skins/classic/common.min.css?s=1609117988" "Mozilla/5.0 (X11; CrOS x86_64 13982.88.0) AppleWebKit/537.36 (KHTML, like Gecko) Chrome/92.0.4515.162 Safari/537.36"
